2025-10-21 11:33:03.879091: Błąd FTP: 
Traceback (most recent call last):
  File "/home/runner/work/FS25LogsNew/FS25LogsNew/logs_analyzer.py", line 116, in download_logs
    ftp.retrlines("MLSD", entries.append)
  File "/opt/hostedtoolcache/Python/3.9.13/x64/lib/python3.9/ftplib.py", line 462, in retrlines
    with self.transfercmd(cmd) as conn, \
  File "/opt/hostedtoolcache/Python/3.9.13/x64/lib/python3.9/ftplib.py", line 393, in transfercmd
    return self.ntransfercmd(cmd, rest)[0]
  File "/opt/hostedtoolcache/Python/3.9.13/x64/lib/python3.9/ftplib.py", line 353, in ntransfercmd
    host, port = self.makepasv()
  File "/opt/hostedtoolcache/Python/3.9.13/x64/lib/python3.9/ftplib.py", line 327, in makepasv
    untrusted_host, port = parse227(self.sendcmd('PASV'))
  File "/opt/hostedtoolcache/Python/3.9.13/x64/lib/python3.9/ftplib.py", line 281, in sendcmd
    return self.getresp()
  File "/opt/hostedtoolcache/Python/3.9.13/x64/lib/python3.9/ftplib.py", line 244, in getresp
    resp = self.getmultiline()
  File "/opt/hostedtoolcache/Python/3.9.13/x64/lib/python3.9/ftplib.py", line 230, in getmultiline
    line = self.getline()
  File "/opt/hostedtoolcache/Python/3.9.13/x64/lib/python3.9/ftplib.py", line 218, in getline
    raise EOFError
EOFError

2025-10-28 13:47:50.438941: Błąd FTP: [Errno 110] Connection timed out
Traceback (most recent call last):
  File "/home/runner/work/FS25LogsNew/FS25LogsNew/logs_analyzer.py", line 112, in download_logs
    ftp.connect(FTP_HOST, FTP_PORT)
  File "/opt/hostedtoolcache/Python/3.9.13/x64/lib/python3.9/ftplib.py", line 158, in connect
    self.sock = socket.create_connection((self.host, self.port), self.timeout,
  File "/opt/hostedtoolcache/Python/3.9.13/x64/lib/python3.9/socket.py", line 844, in create_connection
    raise err
  File "/opt/hostedtoolcache/Python/3.9.13/x64/lib/python3.9/socket.py", line 832, in create_connection
    sock.connect(sa)
TimeoutError: [Errno 110] Connection timed out

2025-10-28 13:50:05.606912: Błąd FTP: [Errno 110] Connection timed out
Traceback (most recent call last):
  File "/home/runner/work/FS25LogsNew/FS25LogsNew/logs_analyzer.py", line 112, in download_logs
    ftp.connect(FTP_HOST, FTP_PORT)
  File "/opt/hostedtoolcache/Python/3.9.13/x64/lib/python3.9/ftplib.py", line 158, in connect
    self.sock = socket.create_connection((self.host, self.port), self.timeout,
  File "/opt/hostedtoolcache/Python/3.9.13/x64/lib/python3.9/socket.py", line 844, in create_connection
    raise err
  File "/opt/hostedtoolcache/Python/3.9.13/x64/lib/python3.9/socket.py", line 832, in create_connection
    sock.connect(sa)
TimeoutError: [Errno 110] Connection timed out

2025-11-05 17:41:20.070827: Błąd FTP: [Errno 110] Connection timed out
Traceback (most recent call last):
  File "/home/runner/work/FS25LogsNew/FS25LogsNew/logs_analyzer.py", line 112, in download_logs
    ftp.connect(FTP_HOST, FTP_PORT)
  File "/opt/hostedtoolcache/Python/3.9.13/x64/lib/python3.9/ftplib.py", line 158, in connect
    self.sock = socket.create_connection((self.host, self.port), self.timeout,
  File "/opt/hostedtoolcache/Python/3.9.13/x64/lib/python3.9/socket.py", line 844, in create_connection
    raise err
  File "/opt/hostedtoolcache/Python/3.9.13/x64/lib/python3.9/socket.py", line 832, in create_connection
    sock.connect(sa)
TimeoutError: [Errno 110] Connection timed out

2025-11-05 17:43:35.238907: Błąd FTP: [Errno 110] Connection timed out
Traceback (most recent call last):
  File "/home/runner/work/FS25LogsNew/FS25LogsNew/logs_analyzer.py", line 112, in download_logs
    ftp.connect(FTP_HOST, FTP_PORT)
  File "/opt/hostedtoolcache/Python/3.9.13/x64/lib/python3.9/ftplib.py", line 158, in connect
    self.sock = socket.create_connection((self.host, self.port), self.timeout,
  File "/opt/hostedtoolcache/Python/3.9.13/x64/lib/python3.9/socket.py", line 844, in create_connection
    raise err
  File "/opt/hostedtoolcache/Python/3.9.13/x64/lib/python3.9/socket.py", line 832, in create_connection
    sock.connect(sa)
TimeoutError: [Errno 110] Connection timed out

2025-11-09 03:30:38.725930: Błąd FTP: 
Traceback (most recent call last):
  File "/home/runner/work/FS25LogsNew/FS25LogsNew/logs_analyzer.py", line 116, in download_logs
    ftp.retrlines("MLSD", entries.append)
  File "/opt/hostedtoolcache/Python/3.9.13/x64/lib/python3.9/ftplib.py", line 462, in retrlines
    with self.transfercmd(cmd) as conn, \
  File "/opt/hostedtoolcache/Python/3.9.13/x64/lib/python3.9/ftplib.py", line 393, in transfercmd
    return self.ntransfercmd(cmd, rest)[0]
  File "/opt/hostedtoolcache/Python/3.9.13/x64/lib/python3.9/ftplib.py", line 353, in ntransfercmd
    host, port = self.makepasv()
  File "/opt/hostedtoolcache/Python/3.9.13/x64/lib/python3.9/ftplib.py", line 327, in makepasv
    untrusted_host, port = parse227(self.sendcmd('PASV'))
  File "/opt/hostedtoolcache/Python/3.9.13/x64/lib/python3.9/ftplib.py", line 281, in sendcmd
    return self.getresp()
  File "/opt/hostedtoolcache/Python/3.9.13/x64/lib/python3.9/ftplib.py", line 244, in getresp
    resp = self.getmultiline()
  File "/opt/hostedtoolcache/Python/3.9.13/x64/lib/python3.9/ftplib.py", line 230, in getmultiline
    line = self.getline()
  File "/opt/hostedtoolcache/Python/3.9.13/x64/lib/python3.9/ftplib.py", line 218, in getline
    raise EOFError
EOFError

2025-11-14 18:50:24.452850: Błąd FTP: can only concatenate str (not "NoneType") to str
Traceback (most recent call last):
  File "/home/runner/work/FS25LogsNew/FS25LogsNew/logs_analyzer.py", line 155, in download_logs
    ftp.cwd(DIR)
  File "/opt/hostedtoolcache/Python/3.9.13/x64/lib/python3.9/ftplib.py", line 624, in cwd
    cmd = 'CWD ' + dirname
TypeError: can only concatenate str (not "NoneType") to str

2025-11-14 19:18:39.354485: Błąd FTP: can only concatenate str (not "NoneType") to str
Traceback (most recent call last):
  File "/home/runner/work/FS25LogsNew/FS25LogsNew/logs_analyzer.py", line 155, in download_logs
    ftp.cwd(DIR)
  File "/opt/hostedtoolcache/Python/3.9.13/x64/lib/python3.9/ftplib.py", line 624, in cwd
    cmd = 'CWD ' + dirname
TypeError: can only concatenate str (not "NoneType") to str

2025-11-14 19:32:20.922832: Błąd FTP: can only concatenate str (not "NoneType") to str
Traceback (most recent call last):
  File "/home/runner/work/FS25LogsNew/FS25LogsNew/logs_analyzer.py", line 155, in download_logs
    ftp.cwd(DIR)
  File "/opt/hostedtoolcache/Python/3.9.13/x64/lib/python3.9/ftplib.py", line 624, in cwd
    cmd = 'CWD ' + dirname
TypeError: can only concatenate str (not "NoneType") to str

2025-11-14 20:26:14.689182: Błąd FTP: can only concatenate str (not "NoneType") to str
Traceback (most recent call last):
  File "/home/runner/work/FS25LogsNew/FS25LogsNew/logs_analyzer.py", line 155, in download_logs
    ftp.cwd(DIR)
  File "/opt/hostedtoolcache/Python/3.9.13/x64/lib/python3.9/ftplib.py", line 624, in cwd
    cmd = 'CWD ' + dirname
TypeError: can only concatenate str (not "NoneType") to str

2025-11-14 20:39:35.539163: Błąd FTP: can only concatenate str (not "NoneType") to str
Traceback (most recent call last):
  File "/home/runner/work/FS25LogsNew/FS25LogsNew/logs_analyzer.py", line 155, in download_logs
    ftp.cwd(DIR)
  File "/opt/hostedtoolcache/Python/3.9.13/x64/lib/python3.9/ftplib.py", line 624, in cwd
    cmd = 'CWD ' + dirname
TypeError: can only concatenate str (not "NoneType") to str

2025-11-14 21:21:01.575225: Błąd FTP: can only concatenate str (not "NoneType") to str
Traceback (most recent call last):
  File "/home/runner/work/FS25LogsNew/FS25LogsNew/logs_analyzer.py", line 155, in download_logs
    ftp.cwd(DIR)
  File "/opt/hostedtoolcache/Python/3.9.13/x64/lib/python3.9/ftplib.py", line 624, in cwd
    cmd = 'CWD ' + dirname
TypeError: can only concatenate str (not "NoneType") to str

2025-11-14 21:35:26.315212: Błąd FTP: can only concatenate str (not "NoneType") to str
Traceback (most recent call last):
  File "/home/runner/work/FS25LogsNew/FS25LogsNew/logs_analyzer.py", line 155, in download_logs
    ftp.cwd(DIR)
  File "/opt/hostedtoolcache/Python/3.9.13/x64/lib/python3.9/ftplib.py", line 624, in cwd
    cmd = 'CWD ' + dirname
TypeError: can only concatenate str (not "NoneType") to str

2025-11-14 22:21:55.340423: Błąd FTP: can only concatenate str (not "NoneType") to str
Traceback (most recent call last):
  File "/home/runner/work/FS25LogsNew/FS25LogsNew/logs_analyzer.py", line 155, in download_logs
    ftp.cwd(DIR)
  File "/opt/hostedtoolcache/Python/3.9.13/x64/lib/python3.9/ftplib.py", line 624, in cwd
    cmd = 'CWD ' + dirname
TypeError: can only concatenate str (not "NoneType") to str

2025-11-14 22:39:09.292768: Błąd FTP: can only concatenate str (not "NoneType") to str
Traceback (most recent call last):
  File "/home/runner/work/FS25LogsNew/FS25LogsNew/logs_analyzer.py", line 155, in download_logs
    ftp.cwd(DIR)
  File "/opt/hostedtoolcache/Python/3.9.13/x64/lib/python3.9/ftplib.py", line 624, in cwd
    cmd = 'CWD ' + dirname
TypeError: can only concatenate str (not "NoneType") to str

2025-11-14 23:20:58.025097: Błąd FTP: can only concatenate str (not "NoneType") to str
Traceback (most recent call last):
  File "/home/runner/work/FS25LogsNew/FS25LogsNew/logs_analyzer.py", line 155, in download_logs
    ftp.cwd(DIR)
  File "/opt/hostedtoolcache/Python/3.9.13/x64/lib/python3.9/ftplib.py", line 624, in cwd
    cmd = 'CWD ' + dirname
TypeError: can only concatenate str (not "NoneType") to str

2025-11-14 23:34:40.764296: Błąd FTP: can only concatenate str (not "NoneType") to str
Traceback (most recent call last):
  File "/home/runner/work/FS25LogsNew/FS25LogsNew/logs_analyzer.py", line 155, in download_logs
    ftp.cwd(DIR)
  File "/opt/hostedtoolcache/Python/3.9.13/x64/lib/python3.9/ftplib.py", line 624, in cwd
    cmd = 'CWD ' + dirname
TypeError: can only concatenate str (not "NoneType") to str

2025-11-15 01:45:25.148937: Błąd FTP: can only concatenate str (not "NoneType") to str
Traceback (most recent call last):
  File "/home/runner/work/FS25LogsNew/FS25LogsNew/logs_analyzer.py", line 155, in download_logs
    ftp.cwd(DIR)
  File "/opt/hostedtoolcache/Python/3.9.13/x64/lib/python3.9/ftplib.py", line 624, in cwd
    cmd = 'CWD ' + dirname
TypeError: can only concatenate str (not "NoneType") to str

2025-11-15 02:14:31.556978: Błąd FTP: can only concatenate str (not "NoneType") to str
Traceback (most recent call last):
  File "/home/runner/work/FS25LogsNew/FS25LogsNew/logs_analyzer.py", line 155, in download_logs
    ftp.cwd(DIR)
  File "/opt/hostedtoolcache/Python/3.9.13/x64/lib/python3.9/ftplib.py", line 624, in cwd
    cmd = 'CWD ' + dirname
TypeError: can only concatenate str (not "NoneType") to str

2025-11-15 03:09:41.093502: Błąd FTP: can only concatenate str (not "NoneType") to str
Traceback (most recent call last):
  File "/home/runner/work/FS25LogsNew/FS25LogsNew/logs_analyzer.py", line 155, in download_logs
    ftp.cwd(DIR)
  File "/opt/hostedtoolcache/Python/3.9.13/x64/lib/python3.9/ftplib.py", line 624, in cwd
    cmd = 'CWD ' + dirname
TypeError: can only concatenate str (not "NoneType") to str

2025-11-15 03:26:46.194742: Błąd FTP: timed out
Traceback (most recent call last):
  File "/home/runner/work/FS25LogsNew/FS25LogsNew/logs_analyzer.py", line 153, in download_logs
    ftp.connect(FTP_HOST, FTP_PORT, timeout=10)
  File "/opt/hostedtoolcache/Python/3.9.13/x64/lib/python3.9/ftplib.py", line 158, in connect
    self.sock = socket.create_connection((self.host, self.port), self.timeout,
  File "/opt/hostedtoolcache/Python/3.9.13/x64/lib/python3.9/socket.py", line 844, in create_connection
    raise err
  File "/opt/hostedtoolcache/Python/3.9.13/x64/lib/python3.9/socket.py", line 832, in create_connection
    sock.connect(sa)
socket.timeout: timed out

2025-11-15 03:26:53.140207: Błąd FTP: can only concatenate str (not "NoneType") to str
Traceback (most recent call last):
  File "/home/runner/work/FS25LogsNew/FS25LogsNew/logs_analyzer.py", line 155, in download_logs
    ftp.cwd(DIR)
  File "/opt/hostedtoolcache/Python/3.9.13/x64/lib/python3.9/ftplib.py", line 624, in cwd
    cmd = 'CWD ' + dirname
TypeError: can only concatenate str (not "NoneType") to str

2025-11-15 03:50:11.823188: Błąd FTP: can only concatenate str (not "NoneType") to str
Traceback (most recent call last):
  File "/home/runner/work/FS25LogsNew/FS25LogsNew/logs_analyzer.py", line 155, in download_logs
    ftp.cwd(DIR)
  File "/opt/hostedtoolcache/Python/3.9.13/x64/lib/python3.9/ftplib.py", line 624, in cwd
    cmd = 'CWD ' + dirname
TypeError: can only concatenate str (not "NoneType") to str

2025-11-15 04:26:18.305984: Błąd FTP: can only concatenate str (not "NoneType") to str
Traceback (most recent call last):
  File "/home/runner/work/FS25LogsNew/FS25LogsNew/logs_analyzer.py", line 155, in download_logs
    ftp.cwd(DIR)
  File "/opt/hostedtoolcache/Python/3.9.13/x64/lib/python3.9/ftplib.py", line 624, in cwd
    cmd = 'CWD ' + dirname
TypeError: can only concatenate str (not "NoneType") to str

2025-11-15 04:40:40.766042: Błąd FTP: can only concatenate str (not "NoneType") to str
Traceback (most recent call last):
  File "/home/runner/work/FS25LogsNew/FS25LogsNew/logs_analyzer.py", line 155, in download_logs
    ftp.cwd(DIR)
  File "/opt/hostedtoolcache/Python/3.9.13/x64/lib/python3.9/ftplib.py", line 624, in cwd
    cmd = 'CWD ' + dirname
TypeError: can only concatenate str (not "NoneType") to str

2025-11-15 05:21:36.974292: Błąd FTP: can only concatenate str (not "NoneType") to str
Traceback (most recent call last):
  File "/home/runner/work/FS25LogsNew/FS25LogsNew/logs_analyzer.py", line 155, in download_logs
    ftp.cwd(DIR)
  File "/opt/hostedtoolcache/Python/3.9.13/x64/lib/python3.9/ftplib.py", line 624, in cwd
    cmd = 'CWD ' + dirname
TypeError: can only concatenate str (not "NoneType") to str

2025-11-15 05:39:06.687623: Błąd FTP: can only concatenate str (not "NoneType") to str
Traceback (most recent call last):
  File "/home/runner/work/FS25LogsNew/FS25LogsNew/logs_analyzer.py", line 155, in download_logs
    ftp.cwd(DIR)
  File "/opt/hostedtoolcache/Python/3.9.13/x64/lib/python3.9/ftplib.py", line 624, in cwd
    cmd = 'CWD ' + dirname
TypeError: can only concatenate str (not "NoneType") to str

2025-11-15 06:31:43.878419: Błąd FTP: can only concatenate str (not "NoneType") to str
Traceback (most recent call last):
  File "/home/runner/work/FS25LogsNew/FS25LogsNew/logs_analyzer.py", line 155, in download_logs
    ftp.cwd(DIR)
  File "/opt/hostedtoolcache/Python/3.9.13/x64/lib/python3.9/ftplib.py", line 624, in cwd
    cmd = 'CWD ' + dirname
TypeError: can only concatenate str (not "NoneType") to str

2025-11-15 06:45:08.014621: Błąd FTP: can only concatenate str (not "NoneType") to str
Traceback (most recent call last):
  File "/home/runner/work/FS25LogsNew/FS25LogsNew/logs_analyzer.py", line 155, in download_logs
    ftp.cwd(DIR)
  File "/opt/hostedtoolcache/Python/3.9.13/x64/lib/python3.9/ftplib.py", line 624, in cwd
    cmd = 'CWD ' + dirname
TypeError: can only concatenate str (not "NoneType") to str

2025-11-15 07:19:36.412707: Błąd FTP: can only concatenate str (not "NoneType") to str
Traceback (most recent call last):
  File "/home/runner/work/FS25LogsNew/FS25LogsNew/logs_analyzer.py", line 155, in download_logs
    ftp.cwd(DIR)
  File "/opt/hostedtoolcache/Python/3.9.13/x64/lib/python3.9/ftplib.py", line 624, in cwd
    cmd = 'CWD ' + dirname
TypeError: can only concatenate str (not "NoneType") to str

2025-11-15 07:32:40.165529: Błąd FTP: can only concatenate str (not "NoneType") to str
Traceback (most recent call last):
  File "/home/runner/work/FS25LogsNew/FS25LogsNew/logs_analyzer.py", line 155, in download_logs
    ftp.cwd(DIR)
  File "/opt/hostedtoolcache/Python/3.9.13/x64/lib/python3.9/ftplib.py", line 624, in cwd
    cmd = 'CWD ' + dirname
TypeError: can only concatenate str (not "NoneType") to str

2025-11-15 08:27:04.747679: Błąd FTP: can only concatenate str (not "NoneType") to str
Traceback (most recent call last):
  File "/home/runner/work/FS25LogsNew/FS25LogsNew/logs_analyzer.py", line 155, in download_logs
    ftp.cwd(DIR)
  File "/opt/hostedtoolcache/Python/3.9.13/x64/lib/python3.9/ftplib.py", line 624, in cwd
    cmd = 'CWD ' + dirname
TypeError: can only concatenate str (not "NoneType") to str

2025-11-15 08:41:11.362332: Błąd FTP: can only concatenate str (not "NoneType") to str
Traceback (most recent call last):
  File "/home/runner/work/FS25LogsNew/FS25LogsNew/logs_analyzer.py", line 155, in download_logs
    ftp.cwd(DIR)
  File "/opt/hostedtoolcache/Python/3.9.13/x64/lib/python3.9/ftplib.py", line 624, in cwd
    cmd = 'CWD ' + dirname
TypeError: can only concatenate str (not "NoneType") to str

2025-11-15 09:20:52.040270: Błąd FTP: can only concatenate str (not "NoneType") to str
Traceback (most recent call last):
  File "/home/runner/work/FS25LogsNew/FS25LogsNew/logs_analyzer.py", line 155, in download_logs
    ftp.cwd(DIR)
  File "/opt/hostedtoolcache/Python/3.9.13/x64/lib/python3.9/ftplib.py", line 624, in cwd
    cmd = 'CWD ' + dirname
TypeError: can only concatenate str (not "NoneType") to str

2025-11-15 09:34:23.739336: Błąd FTP: can only concatenate str (not "NoneType") to str
Traceback (most recent call last):
  File "/home/runner/work/FS25LogsNew/FS25LogsNew/logs_analyzer.py", line 155, in download_logs
    ftp.cwd(DIR)
  File "/opt/hostedtoolcache/Python/3.9.13/x64/lib/python3.9/ftplib.py", line 624, in cwd
    cmd = 'CWD ' + dirname
TypeError: can only concatenate str (not "NoneType") to str

2025-11-15 10:21:59.907863: Błąd FTP: can only concatenate str (not "NoneType") to str
Traceback (most recent call last):
  File "/home/runner/work/FS25LogsNew/FS25LogsNew/logs_analyzer.py", line 155, in download_logs
    ftp.cwd(DIR)
  File "/opt/hostedtoolcache/Python/3.9.13/x64/lib/python3.9/ftplib.py", line 624, in cwd
    cmd = 'CWD ' + dirname
TypeError: can only concatenate str (not "NoneType") to str

2025-11-15 10:38:47.391205: Błąd FTP: can only concatenate str (not "NoneType") to str
Traceback (most recent call last):
  File "/home/runner/work/FS25LogsNew/FS25LogsNew/logs_analyzer.py", line 155, in download_logs
    ftp.cwd(DIR)
  File "/opt/hostedtoolcache/Python/3.9.13/x64/lib/python3.9/ftplib.py", line 624, in cwd
    cmd = 'CWD ' + dirname
TypeError: can only concatenate str (not "NoneType") to str

2025-11-15 11:17:13.403716: Błąd FTP: can only concatenate str (not "NoneType") to str
Traceback (most recent call last):
  File "/home/runner/work/FS25LogsNew/FS25LogsNew/logs_analyzer.py", line 155, in download_logs
    ftp.cwd(DIR)
  File "/opt/hostedtoolcache/Python/3.9.13/x64/lib/python3.9/ftplib.py", line 624, in cwd
    cmd = 'CWD ' + dirname
TypeError: can only concatenate str (not "NoneType") to str

2025-11-15 11:32:52.835155: Błąd FTP: can only concatenate str (not "NoneType") to str
Traceback (most recent call last):
  File "/home/runner/work/FS25LogsNew/FS25LogsNew/logs_analyzer.py", line 155, in download_logs
    ftp.cwd(DIR)
  File "/opt/hostedtoolcache/Python/3.9.13/x64/lib/python3.9/ftplib.py", line 624, in cwd
    cmd = 'CWD ' + dirname
TypeError: can only concatenate str (not "NoneType") to str

2025-11-15 12:41:37.080710: Błąd FTP: can only concatenate str (not "NoneType") to str
Traceback (most recent call last):
  File "/home/runner/work/FS25LogsNew/FS25LogsNew/logs_analyzer.py", line 155, in download_logs
    ftp.cwd(DIR)
  File "/opt/hostedtoolcache/Python/3.9.13/x64/lib/python3.9/ftplib.py", line 624, in cwd
    cmd = 'CWD ' + dirname
TypeError: can only concatenate str (not "NoneType") to str

2025-11-15 12:58:41.241532: Błąd FTP: can only concatenate str (not "NoneType") to str
Traceback (most recent call last):
  File "/home/runner/work/FS25LogsNew/FS25LogsNew/logs_analyzer.py", line 155, in download_logs
    ftp.cwd(DIR)
  File "/opt/hostedtoolcache/Python/3.9.13/x64/lib/python3.9/ftplib.py", line 624, in cwd
    cmd = 'CWD ' + dirname
TypeError: can only concatenate str (not "NoneType") to str

2025-11-15 13:27:01.170545: Błąd FTP: can only concatenate str (not "NoneType") to str
Traceback (most recent call last):
  File "/home/runner/work/FS25LogsNew/FS25LogsNew/logs_analyzer.py", line 155, in download_logs
    ftp.cwd(DIR)
  File "/opt/hostedtoolcache/Python/3.9.13/x64/lib/python3.9/ftplib.py", line 624, in cwd
    cmd = 'CWD ' + dirname
TypeError: can only concatenate str (not "NoneType") to str

2025-11-15 13:38:48.272408: Błąd FTP: can only concatenate str (not "NoneType") to str
Traceback (most recent call last):
  File "/home/runner/work/FS25LogsNew/FS25LogsNew/logs_analyzer.py", line 155, in download_logs
    ftp.cwd(DIR)
  File "/opt/hostedtoolcache/Python/3.9.13/x64/lib/python3.9/ftplib.py", line 624, in cwd
    cmd = 'CWD ' + dirname
TypeError: can only concatenate str (not "NoneType") to str

2025-11-15 14:19:35.677066: Błąd FTP: can only concatenate str (not "NoneType") to str
Traceback (most recent call last):
  File "/home/runner/work/FS25LogsNew/FS25LogsNew/logs_analyzer.py", line 155, in download_logs
    ftp.cwd(DIR)
  File "/opt/hostedtoolcache/Python/3.9.13/x64/lib/python3.9/ftplib.py", line 624, in cwd
    cmd = 'CWD ' + dirname
TypeError: can only concatenate str (not "NoneType") to str

2025-11-15 14:36:43.213448: Błąd FTP: can only concatenate str (not "NoneType") to str
Traceback (most recent call last):
  File "/home/runner/work/FS25LogsNew/FS25LogsNew/logs_analyzer.py", line 155, in download_logs
    ftp.cwd(DIR)
  File "/opt/hostedtoolcache/Python/3.9.13/x64/lib/python3.9/ftplib.py", line 624, in cwd
    cmd = 'CWD ' + dirname
TypeError: can only concatenate str (not "NoneType") to str

2025-11-15 15:20:44.536915: Błąd FTP: can only concatenate str (not "NoneType") to str
Traceback (most recent call last):
  File "/home/runner/work/FS25LogsNew/FS25LogsNew/logs_analyzer.py", line 155, in download_logs
    ftp.cwd(DIR)
  File "/opt/hostedtoolcache/Python/3.9.13/x64/lib/python3.9/ftplib.py", line 624, in cwd
    cmd = 'CWD ' + dirname
TypeError: can only concatenate str (not "NoneType") to str

2025-11-15 15:35:03.623018: Błąd FTP: can only concatenate str (not "NoneType") to str
Traceback (most recent call last):
  File "/home/runner/work/FS25LogsNew/FS25LogsNew/logs_analyzer.py", line 155, in download_logs
    ftp.cwd(DIR)
  File "/opt/hostedtoolcache/Python/3.9.13/x64/lib/python3.9/ftplib.py", line 624, in cwd
    cmd = 'CWD ' + dirname
TypeError: can only concatenate str (not "NoneType") to str

2025-11-15 16:25:21.459917: Błąd FTP: can only concatenate str (not "NoneType") to str
Traceback (most recent call last):
  File "/home/runner/work/FS25LogsNew/FS25LogsNew/logs_analyzer.py", line 155, in download_logs
    ftp.cwd(DIR)
  File "/opt/hostedtoolcache/Python/3.9.13/x64/lib/python3.9/ftplib.py", line 624, in cwd
    cmd = 'CWD ' + dirname
TypeError: can only concatenate str (not "NoneType") to str

2025-11-15 16:40:34.412181: Błąd FTP: can only concatenate str (not "NoneType") to str
Traceback (most recent call last):
  File "/home/runner/work/FS25LogsNew/FS25LogsNew/logs_analyzer.py", line 155, in download_logs
    ftp.cwd(DIR)
  File "/opt/hostedtoolcache/Python/3.9.13/x64/lib/python3.9/ftplib.py", line 624, in cwd
    cmd = 'CWD ' + dirname
TypeError: can only concatenate str (not "NoneType") to str

2025-11-15 17:17:50.326999: Błąd FTP: can only concatenate str (not "NoneType") to str
Traceback (most recent call last):
  File "/home/runner/work/FS25LogsNew/FS25LogsNew/logs_analyzer.py", line 155, in download_logs
    ftp.cwd(DIR)
  File "/opt/hostedtoolcache/Python/3.9.13/x64/lib/python3.9/ftplib.py", line 624, in cwd
    cmd = 'CWD ' + dirname
TypeError: can only concatenate str (not "NoneType") to str

2025-11-15 17:33:40.856833: Błąd FTP: can only concatenate str (not "NoneType") to str
Traceback (most recent call last):
  File "/home/runner/work/FS25LogsNew/FS25LogsNew/logs_analyzer.py", line 155, in download_logs
    ftp.cwd(DIR)
  File "/opt/hostedtoolcache/Python/3.9.13/x64/lib/python3.9/ftplib.py", line 624, in cwd
    cmd = 'CWD ' + dirname
TypeError: can only concatenate str (not "NoneType") to str

2025-11-15 18:29:11.615004: Błąd FTP: can only concatenate str (not "NoneType") to str
Traceback (most recent call last):
  File "/home/runner/work/FS25LogsNew/FS25LogsNew/logs_analyzer.py", line 155, in download_logs
    ftp.cwd(DIR)
  File "/opt/hostedtoolcache/Python/3.9.13/x64/lib/python3.9/ftplib.py", line 624, in cwd
    cmd = 'CWD ' + dirname
TypeError: can only concatenate str (not "NoneType") to str

2025-11-15 18:43:08.851992: Błąd FTP: can only concatenate str (not "NoneType") to str
Traceback (most recent call last):
  File "/home/runner/work/FS25LogsNew/FS25LogsNew/logs_analyzer.py", line 155, in download_logs
    ftp.cwd(DIR)
  File "/opt/hostedtoolcache/Python/3.9.13/x64/lib/python3.9/ftplib.py", line 624, in cwd
    cmd = 'CWD ' + dirname
TypeError: can only concatenate str (not "NoneType") to str

2025-11-15 19:16:17.418309: Błąd FTP: can only concatenate str (not "NoneType") to str
Traceback (most recent call last):
  File "/home/runner/work/FS25LogsNew/FS25LogsNew/logs_analyzer.py", line 155, in download_logs
    ftp.cwd(DIR)
  File "/opt/hostedtoolcache/Python/3.9.13/x64/lib/python3.9/ftplib.py", line 624, in cwd
    cmd = 'CWD ' + dirname
TypeError: can only concatenate str (not "NoneType") to str

2025-11-15 19:32:34.476651: Błąd FTP: can only concatenate str (not "NoneType") to str
Traceback (most recent call last):
  File "/home/runner/work/FS25LogsNew/FS25LogsNew/logs_analyzer.py", line 155, in download_logs
    ftp.cwd(DIR)
  File "/opt/hostedtoolcache/Python/3.9.13/x64/lib/python3.9/ftplib.py", line 624, in cwd
    cmd = 'CWD ' + dirname
TypeError: can only concatenate str (not "NoneType") to str

2025-11-15 20:22:54.298073: Błąd FTP: can only concatenate str (not "NoneType") to str
Traceback (most recent call last):
  File "/home/runner/work/FS25LogsNew/FS25LogsNew/logs_analyzer.py", line 155, in download_logs
    ftp.cwd(DIR)
  File "/opt/hostedtoolcache/Python/3.9.13/x64/lib/python3.9/ftplib.py", line 624, in cwd
    cmd = 'CWD ' + dirname
TypeError: can only concatenate str (not "NoneType") to str

2025-11-15 20:36:08.939682: Błąd FTP: can only concatenate str (not "NoneType") to str
Traceback (most recent call last):
  File "/home/runner/work/FS25LogsNew/FS25LogsNew/logs_analyzer.py", line 155, in download_logs
    ftp.cwd(DIR)
  File "/opt/hostedtoolcache/Python/3.9.13/x64/lib/python3.9/ftplib.py", line 624, in cwd
    cmd = 'CWD ' + dirname
TypeError: can only concatenate str (not "NoneType") to str

2025-11-15 21:18:37.802181: Błąd FTP: can only concatenate str (not "NoneType") to str
Traceback (most recent call last):
  File "/home/runner/work/FS25LogsNew/FS25LogsNew/logs_analyzer.py", line 155, in download_logs
    ftp.cwd(DIR)
  File "/opt/hostedtoolcache/Python/3.9.13/x64/lib/python3.9/ftplib.py", line 624, in cwd
    cmd = 'CWD ' + dirname
TypeError: can only concatenate str (not "NoneType") to str

2025-11-15 21:32:32.742674: Błąd FTP: can only concatenate str (not "NoneType") to str
Traceback (most recent call last):
  File "/home/runner/work/FS25LogsNew/FS25LogsNew/logs_analyzer.py", line 155, in download_logs
    ftp.cwd(DIR)
  File "/opt/hostedtoolcache/Python/3.9.13/x64/lib/python3.9/ftplib.py", line 624, in cwd
    cmd = 'CWD ' + dirname
TypeError: can only concatenate str (not "NoneType") to str

2025-11-15 22:17:56.705527: Błąd FTP: can only concatenate str (not "NoneType") to str
Traceback (most recent call last):
  File "/home/runner/work/FS25LogsNew/FS25LogsNew/logs_analyzer.py", line 155, in download_logs
    ftp.cwd(DIR)
  File "/opt/hostedtoolcache/Python/3.9.13/x64/lib/python3.9/ftplib.py", line 624, in cwd
    cmd = 'CWD ' + dirname
TypeError: can only concatenate str (not "NoneType") to str

2025-11-15 22:35:23.263131: Błąd FTP: can only concatenate str (not "NoneType") to str
Traceback (most recent call last):
  File "/home/runner/work/FS25LogsNew/FS25LogsNew/logs_analyzer.py", line 155, in download_logs
    ftp.cwd(DIR)
  File "/opt/hostedtoolcache/Python/3.9.13/x64/lib/python3.9/ftplib.py", line 624, in cwd
    cmd = 'CWD ' + dirname
TypeError: can only concatenate str (not "NoneType") to str

2025-11-15 23:20:08.712510: Błąd FTP: can only concatenate str (not "NoneType") to str
Traceback (most recent call last):
  File "/home/runner/work/FS25LogsNew/FS25LogsNew/logs_analyzer.py", line 155, in download_logs
    ftp.cwd(DIR)
  File "/opt/hostedtoolcache/Python/3.9.13/x64/lib/python3.9/ftplib.py", line 624, in cwd
    cmd = 'CWD ' + dirname
TypeError: can only concatenate str (not "NoneType") to str

2025-11-15 23:33:37.298774: Błąd FTP: can only concatenate str (not "NoneType") to str
Traceback (most recent call last):
  File "/home/runner/work/FS25LogsNew/FS25LogsNew/logs_analyzer.py", line 155, in download_logs
    ftp.cwd(DIR)
  File "/opt/hostedtoolcache/Python/3.9.13/x64/lib/python3.9/ftplib.py", line 624, in cwd
    cmd = 'CWD ' + dirname
TypeError: can only concatenate str (not "NoneType") to str

2025-11-16 01:54:40.573444: Błąd FTP: can only concatenate str (not "NoneType") to str
Traceback (most recent call last):
  File "/home/runner/work/FS25LogsNew/FS25LogsNew/logs_analyzer.py", line 155, in download_logs
    ftp.cwd(DIR)
  File "/opt/hostedtoolcache/Python/3.9.13/x64/lib/python3.9/ftplib.py", line 624, in cwd
    cmd = 'CWD ' + dirname
TypeError: can only concatenate str (not "NoneType") to str

2025-11-16 02:24:23.562324: Błąd FTP: can only concatenate str (not "NoneType") to str
Traceback (most recent call last):
  File "/home/runner/work/FS25LogsNew/FS25LogsNew/logs_analyzer.py", line 155, in download_logs
    ftp.cwd(DIR)
  File "/opt/hostedtoolcache/Python/3.9.13/x64/lib/python3.9/ftplib.py", line 624, in cwd
    cmd = 'CWD ' + dirname
TypeError: can only concatenate str (not "NoneType") to str

2025-11-16 03:21:03.802558: Błąd FTP: can only concatenate str (not "NoneType") to str
Traceback (most recent call last):
  File "/home/runner/work/FS25LogsNew/FS25LogsNew/logs_analyzer.py", line 155, in download_logs
    ftp.cwd(DIR)
  File "/opt/hostedtoolcache/Python/3.9.13/x64/lib/python3.9/ftplib.py", line 624, in cwd
    cmd = 'CWD ' + dirname
TypeError: can only concatenate str (not "NoneType") to str

2025-11-16 03:35:43.228942: Błąd FTP: can only concatenate str (not "NoneType") to str
Traceback (most recent call last):
  File "/home/runner/work/FS25LogsNew/FS25LogsNew/logs_analyzer.py", line 155, in download_logs
    ftp.cwd(DIR)
  File "/opt/hostedtoolcache/Python/3.9.13/x64/lib/python3.9/ftplib.py", line 624, in cwd
    cmd = 'CWD ' + dirname
TypeError: can only concatenate str (not "NoneType") to str

2025-11-16 04:28:34.125022: Błąd FTP: can only concatenate str (not "NoneType") to str
Traceback (most recent call last):
  File "/home/runner/work/FS25LogsNew/FS25LogsNew/logs_analyzer.py", line 155, in download_logs
    ftp.cwd(DIR)
  File "/opt/hostedtoolcache/Python/3.9.13/x64/lib/python3.9/ftplib.py", line 624, in cwd
    cmd = 'CWD ' + dirname
TypeError: can only concatenate str (not "NoneType") to str

2025-11-16 04:43:41.839197: Błąd FTP: can only concatenate str (not "NoneType") to str
Traceback (most recent call last):
  File "/home/runner/work/FS25LogsNew/FS25LogsNew/logs_analyzer.py", line 155, in download_logs
    ftp.cwd(DIR)
  File "/opt/hostedtoolcache/Python/3.9.13/x64/lib/python3.9/ftplib.py", line 624, in cwd
    cmd = 'CWD ' + dirname
TypeError: can only concatenate str (not "NoneType") to str

2025-11-16 05:22:01.959997: Błąd FTP: can only concatenate str (not "NoneType") to str
Traceback (most recent call last):
  File "/home/runner/work/FS25LogsNew/FS25LogsNew/logs_analyzer.py", line 155, in download_logs
    ftp.cwd(DIR)
  File "/opt/hostedtoolcache/Python/3.9.13/x64/lib/python3.9/ftplib.py", line 624, in cwd
    cmd = 'CWD ' + dirname
TypeError: can only concatenate str (not "NoneType") to str

2025-11-16 05:39:02.250222: Błąd FTP: can only concatenate str (not "NoneType") to str
Traceback (most recent call last):
  File "/home/runner/work/FS25LogsNew/FS25LogsNew/logs_analyzer.py", line 155, in download_logs
    ftp.cwd(DIR)
  File "/opt/hostedtoolcache/Python/3.9.13/x64/lib/python3.9/ftplib.py", line 624, in cwd
    cmd = 'CWD ' + dirname
TypeError: can only concatenate str (not "NoneType") to str

2025-11-16 06:32:40.920460: Błąd FTP: can only concatenate str (not "NoneType") to str
Traceback (most recent call last):
  File "/home/runner/work/FS25LogsNew/FS25LogsNew/logs_analyzer.py", line 155, in download_logs
    ftp.cwd(DIR)
  File "/opt/hostedtoolcache/Python/3.9.13/x64/lib/python3.9/ftplib.py", line 624, in cwd
    cmd = 'CWD ' + dirname
TypeError: can only concatenate str (not "NoneType") to str

2025-11-16 06:46:20.276457: Błąd FTP: can only concatenate str (not "NoneType") to str
Traceback (most recent call last):
  File "/home/runner/work/FS25LogsNew/FS25LogsNew/logs_analyzer.py", line 155, in download_logs
    ftp.cwd(DIR)
  File "/opt/hostedtoolcache/Python/3.9.13/x64/lib/python3.9/ftplib.py", line 624, in cwd
    cmd = 'CWD ' + dirname
TypeError: can only concatenate str (not "NoneType") to str

2025-11-16 07:20:48.934293: Błąd FTP: can only concatenate str (not "NoneType") to str
Traceback (most recent call last):
  File "/home/runner/work/FS25LogsNew/FS25LogsNew/logs_analyzer.py", line 155, in download_logs
    ftp.cwd(DIR)
  File "/opt/hostedtoolcache/Python/3.9.13/x64/lib/python3.9/ftplib.py", line 624, in cwd
    cmd = 'CWD ' + dirname
TypeError: can only concatenate str (not "NoneType") to str

2025-11-16 07:33:38.245988: Błąd FTP: can only concatenate str (not "NoneType") to str
Traceback (most recent call last):
  File "/home/runner/work/FS25LogsNew/FS25LogsNew/logs_analyzer.py", line 155, in download_logs
    ftp.cwd(DIR)
  File "/opt/hostedtoolcache/Python/3.9.13/x64/lib/python3.9/ftplib.py", line 624, in cwd
    cmd = 'CWD ' + dirname
TypeError: can only concatenate str (not "NoneType") to str

2025-11-16 08:28:00.672254: Błąd FTP: can only concatenate str (not "NoneType") to str
Traceback (most recent call last):
  File "/home/runner/work/FS25LogsNew/FS25LogsNew/logs_analyzer.py", line 155, in download_logs
    ftp.cwd(DIR)
  File "/opt/hostedtoolcache/Python/3.9.13/x64/lib/python3.9/ftplib.py", line 624, in cwd
    cmd = 'CWD ' + dirname
TypeError: can only concatenate str (not "NoneType") to str

2025-11-16 08:41:53.517437: Błąd FTP: can only concatenate str (not "NoneType") to str
Traceback (most recent call last):
  File "/home/runner/work/FS25LogsNew/FS25LogsNew/logs_analyzer.py", line 155, in download_logs
    ftp.cwd(DIR)
  File "/opt/hostedtoolcache/Python/3.9.13/x64/lib/python3.9/ftplib.py", line 624, in cwd
    cmd = 'CWD ' + dirname
TypeError: can only concatenate str (not "NoneType") to str

2025-11-16 09:21:50.234846: Błąd FTP: can only concatenate str (not "NoneType") to str
Traceback (most recent call last):
  File "/home/runner/work/FS25LogsNew/FS25LogsNew/logs_analyzer.py", line 155, in download_logs
    ftp.cwd(DIR)
  File "/opt/hostedtoolcache/Python/3.9.13/x64/lib/python3.9/ftplib.py", line 624, in cwd
    cmd = 'CWD ' + dirname
TypeError: can only concatenate str (not "NoneType") to str

2025-11-16 09:35:31.069494: Błąd FTP: can only concatenate str (not "NoneType") to str
Traceback (most recent call last):
  File "/home/runner/work/FS25LogsNew/FS25LogsNew/logs_analyzer.py", line 155, in download_logs
    ftp.cwd(DIR)
  File "/opt/hostedtoolcache/Python/3.9.13/x64/lib/python3.9/ftplib.py", line 624, in cwd
    cmd = 'CWD ' + dirname
TypeError: can only concatenate str (not "NoneType") to str

2025-11-16 10:22:43.505496: Błąd FTP: can only concatenate str (not "NoneType") to str
Traceback (most recent call last):
  File "/home/runner/work/FS25LogsNew/FS25LogsNew/logs_analyzer.py", line 155, in download_logs
    ftp.cwd(DIR)
  File "/opt/hostedtoolcache/Python/3.9.13/x64/lib/python3.9/ftplib.py", line 624, in cwd
    cmd = 'CWD ' + dirname
TypeError: can only concatenate str (not "NoneType") to str

2025-11-16 10:39:33.148006: Błąd FTP: can only concatenate str (not "NoneType") to str
Traceback (most recent call last):
  File "/home/runner/work/FS25LogsNew/FS25LogsNew/logs_analyzer.py", line 155, in download_logs
    ftp.cwd(DIR)
  File "/opt/hostedtoolcache/Python/3.9.13/x64/lib/python3.9/ftplib.py", line 624, in cwd
    cmd = 'CWD ' + dirname
TypeError: can only concatenate str (not "NoneType") to str

2025-11-16 11:17:11.991593: Błąd FTP: can only concatenate str (not "NoneType") to str
Traceback (most recent call last):
  File "/home/runner/work/FS25LogsNew/FS25LogsNew/logs_analyzer.py", line 155, in download_logs
    ftp.cwd(DIR)
  File "/opt/hostedtoolcache/Python/3.9.13/x64/lib/python3.9/ftplib.py", line 624, in cwd
    cmd = 'CWD ' + dirname
TypeError: can only concatenate str (not "NoneType") to str

2025-11-16 11:32:31.173514: Błąd FTP: can only concatenate str (not "NoneType") to str
Traceback (most recent call last):
  File "/home/runner/work/FS25LogsNew/FS25LogsNew/logs_analyzer.py", line 155, in download_logs
    ftp.cwd(DIR)
  File "/opt/hostedtoolcache/Python/3.9.13/x64/lib/python3.9/ftplib.py", line 624, in cwd
    cmd = 'CWD ' + dirname
TypeError: can only concatenate str (not "NoneType") to str

2025-11-16 12:41:18.789148: Błąd FTP: can only concatenate str (not "NoneType") to str
Traceback (most recent call last):
  File "/home/runner/work/FS25LogsNew/FS25LogsNew/logs_analyzer.py", line 155, in download_logs
    ftp.cwd(DIR)
  File "/opt/hostedtoolcache/Python/3.9.13/x64/lib/python3.9/ftplib.py", line 624, in cwd
    cmd = 'CWD ' + dirname
TypeError: can only concatenate str (not "NoneType") to str

2025-11-16 12:57:59.548954: Błąd FTP: can only concatenate str (not "NoneType") to str
Traceback (most recent call last):
  File "/home/runner/work/FS25LogsNew/FS25LogsNew/logs_analyzer.py", line 155, in download_logs
    ftp.cwd(DIR)
  File "/opt/hostedtoolcache/Python/3.9.13/x64/lib/python3.9/ftplib.py", line 624, in cwd
    cmd = 'CWD ' + dirname
TypeError: can only concatenate str (not "NoneType") to str

2025-11-16 13:26:37.999697: Błąd FTP: can only concatenate str (not "NoneType") to str
Traceback (most recent call last):
  File "/home/runner/work/FS25LogsNew/FS25LogsNew/logs_analyzer.py", line 155, in download_logs
    ftp.cwd(DIR)
  File "/opt/hostedtoolcache/Python/3.9.13/x64/lib/python3.9/ftplib.py", line 624, in cwd
    cmd = 'CWD ' + dirname
TypeError: can only concatenate str (not "NoneType") to str

2025-11-16 13:38:26.569051: Błąd FTP: can only concatenate str (not "NoneType") to str
Traceback (most recent call last):
  File "/home/runner/work/FS25LogsNew/FS25LogsNew/logs_analyzer.py", line 155, in download_logs
    ftp.cwd(DIR)
  File "/opt/hostedtoolcache/Python/3.9.13/x64/lib/python3.9/ftplib.py", line 624, in cwd
    cmd = 'CWD ' + dirname
TypeError: can only concatenate str (not "NoneType") to str

2025-11-16 14:19:23.990857: Błąd FTP: can only concatenate str (not "NoneType") to str
Traceback (most recent call last):
  File "/home/runner/work/FS25LogsNew/FS25LogsNew/logs_analyzer.py", line 155, in download_logs
    ftp.cwd(DIR)
  File "/opt/hostedtoolcache/Python/3.9.13/x64/lib/python3.9/ftplib.py", line 624, in cwd
    cmd = 'CWD ' + dirname
TypeError: can only concatenate str (not "NoneType") to str

2025-11-16 14:36:54.498306: Błąd FTP: can only concatenate str (not "NoneType") to str
Traceback (most recent call last):
  File "/home/runner/work/FS25LogsNew/FS25LogsNew/logs_analyzer.py", line 155, in download_logs
    ftp.cwd(DIR)
  File "/opt/hostedtoolcache/Python/3.9.13/x64/lib/python3.9/ftplib.py", line 624, in cwd
    cmd = 'CWD ' + dirname
TypeError: can only concatenate str (not "NoneType") to str

2025-11-16 15:20:30.781077: Błąd FTP: can only concatenate str (not "NoneType") to str
Traceback (most recent call last):
  File "/home/runner/work/FS25LogsNew/FS25LogsNew/logs_analyzer.py", line 155, in download_logs
    ftp.cwd(DIR)
  File "/opt/hostedtoolcache/Python/3.9.13/x64/lib/python3.9/ftplib.py", line 624, in cwd
    cmd = 'CWD ' + dirname
TypeError: can only concatenate str (not "NoneType") to str

2025-11-16 15:34:32.003148: Błąd FTP: can only concatenate str (not "NoneType") to str
Traceback (most recent call last):
  File "/home/runner/work/FS25LogsNew/FS25LogsNew/logs_analyzer.py", line 155, in download_logs
    ftp.cwd(DIR)
  File "/opt/hostedtoolcache/Python/3.9.13/x64/lib/python3.9/ftplib.py", line 624, in cwd
    cmd = 'CWD ' + dirname
TypeError: can only concatenate str (not "NoneType") to str

2025-11-16 16:25:46.965899: Błąd FTP: can only concatenate str (not "NoneType") to str
Traceback (most recent call last):
  File "/home/runner/work/FS25LogsNew/FS25LogsNew/logs_analyzer.py", line 155, in download_logs
    ftp.cwd(DIR)
  File "/opt/hostedtoolcache/Python/3.9.13/x64/lib/python3.9/ftplib.py", line 624, in cwd
    cmd = 'CWD ' + dirname
TypeError: can only concatenate str (not "NoneType") to str

2025-11-16 16:41:56.242886: Błąd FTP: can only concatenate str (not "NoneType") to str
Traceback (most recent call last):
  File "/home/runner/work/FS25LogsNew/FS25LogsNew/logs_analyzer.py", line 155, in download_logs
    ftp.cwd(DIR)
  File "/opt/hostedtoolcache/Python/3.9.13/x64/lib/python3.9/ftplib.py", line 624, in cwd
    cmd = 'CWD ' + dirname
TypeError: can only concatenate str (not "NoneType") to str

2025-11-16 17:18:38.417099: Błąd FTP: can only concatenate str (not "NoneType") to str
Traceback (most recent call last):
  File "/home/runner/work/FS25LogsNew/FS25LogsNew/logs_analyzer.py", line 155, in download_logs
    ftp.cwd(DIR)
  File "/opt/hostedtoolcache/Python/3.9.13/x64/lib/python3.9/ftplib.py", line 624, in cwd
    cmd = 'CWD ' + dirname
TypeError: can only concatenate str (not "NoneType") to str

2025-11-16 17:35:20.494123: Błąd FTP: can only concatenate str (not "NoneType") to str
Traceback (most recent call last):
  File "/home/runner/work/FS25LogsNew/FS25LogsNew/logs_analyzer.py", line 155, in download_logs
    ftp.cwd(DIR)
  File "/opt/hostedtoolcache/Python/3.9.13/x64/lib/python3.9/ftplib.py", line 624, in cwd
    cmd = 'CWD ' + dirname
TypeError: can only concatenate str (not "NoneType") to str

2025-11-16 19:03:31.035975: Błąd FTP: can only concatenate str (not "NoneType") to str
Traceback (most recent call last):
  File "/home/runner/work/FS25LogsNew/FS25LogsNew/logs_analyzer.py", line 155, in download_logs
    ftp.cwd(DIR)
  File "/opt/hostedtoolcache/Python/3.9.13/x64/lib/python3.9/ftplib.py", line 624, in cwd
    cmd = 'CWD ' + dirname
TypeError: can only concatenate str (not "NoneType") to str

2025-11-16 19:17:05.702451: Błąd FTP: can only concatenate str (not "NoneType") to str
Traceback (most recent call last):
  File "/home/runner/work/FS25LogsNew/FS25LogsNew/logs_analyzer.py", line 155, in download_logs
    ftp.cwd(DIR)
  File "/opt/hostedtoolcache/Python/3.9.13/x64/lib/python3.9/ftplib.py", line 624, in cwd
    cmd = 'CWD ' + dirname
TypeError: can only concatenate str (not "NoneType") to str

2025-11-16 19:32:40.402724: Błąd FTP: can only concatenate str (not "NoneType") to str
Traceback (most recent call last):
  File "/home/runner/work/FS25LogsNew/FS25LogsNew/logs_analyzer.py", line 155, in download_logs
    ftp.cwd(DIR)
  File "/opt/hostedtoolcache/Python/3.9.13/x64/lib/python3.9/ftplib.py", line 624, in cwd
    cmd = 'CWD ' + dirname
TypeError: can only concatenate str (not "NoneType") to str

2025-11-16 20:26:32.066238: Błąd FTP: can only concatenate str (not "NoneType") to str
Traceback (most recent call last):
  File "/home/runner/work/FS25LogsNew/FS25LogsNew/logs_analyzer.py", line 176, in download_logs
    ftp.cwd(DIR)
  File "/opt/hostedtoolcache/Python/3.9.13/x64/lib/python3.9/ftplib.py", line 624, in cwd
    cmd = 'CWD ' + dirname
TypeError: can only concatenate str (not "NoneType") to str

2025-11-16 20:28:52.261294: Błąd FTP: can only concatenate str (not "NoneType") to str
Traceback (most recent call last):
  File "/home/runner/work/FS25LogsNew/FS25LogsNew/logs_analyzer.py", line 176, in download_logs
    ftp.cwd(DIR)
  File "/opt/hostedtoolcache/Python/3.9.13/x64/lib/python3.9/ftplib.py", line 624, in cwd
    cmd = 'CWD ' + dirname
TypeError: can only concatenate str (not "NoneType") to str

2025-11-16 20:40:06.156895: Błąd FTP: can only concatenate str (not "NoneType") to str
Traceback (most recent call last):
  File "/home/runner/work/FS25LogsNew/FS25LogsNew/logs_analyzer.py", line 183, in download_logs
    ftp.cwd(DIR)
  File "/opt/hostedtoolcache/Python/3.9.13/x64/lib/python3.9/ftplib.py", line 624, in cwd
    cmd = 'CWD ' + dirname
TypeError: can only concatenate str (not "NoneType") to str

2025-11-16 21:19:34.782547: Błąd FTP: can only concatenate str (not "NoneType") to str
Traceback (most recent call last):
  File "/home/runner/work/FS25LogsNew/FS25LogsNew/logs_analyzer.py", line 183, in download_logs
    ftp.cwd(DIR)
  File "/opt/hostedtoolcache/Python/3.9.13/x64/lib/python3.9/ftplib.py", line 624, in cwd
    cmd = 'CWD ' + dirname
TypeError: can only concatenate str (not "NoneType") to str

2025-11-16 21:32:50.003129: Błąd FTP: can only concatenate str (not "NoneType") to str
Traceback (most recent call last):
  File "/home/runner/work/FS25LogsNew/FS25LogsNew/logs_analyzer.py", line 183, in download_logs
    ftp.cwd(DIR)
  File "/opt/hostedtoolcache/Python/3.9.13/x64/lib/python3.9/ftplib.py", line 624, in cwd
    cmd = 'CWD ' + dirname
TypeError: can only concatenate str (not "NoneType") to str

2025-11-16 21:35:31.340838: Błąd FTP: can only concatenate str (not "NoneType") to str
Traceback (most recent call last):
  File "/home/runner/work/FS25LogsNew/FS25LogsNew/logs_analyzer.py", line 183, in download_logs
    ftp.cwd(DIR)
  File "/opt/hostedtoolcache/Python/3.9.13/x64/lib/python3.9/ftplib.py", line 624, in cwd
    cmd = 'CWD ' + dirname
TypeError: can only concatenate str (not "NoneType") to str

2025-11-16 21:40:24.895318: Błąd FTP: can only concatenate str (not "NoneType") to str
Traceback (most recent call last):
  File "/home/runner/work/FS25LogsNew/FS25LogsNew/logs_analyzer.py", line 176, in download_logs
    ftp.cwd(DIR)
  File "/opt/hostedtoolcache/Python/3.9.13/x64/lib/python3.9/ftplib.py", line 624, in cwd
    cmd = 'CWD ' + dirname
TypeError: can only concatenate str (not "NoneType") to str

2025-11-16 21:47:08.550206: Błąd FTP: can only concatenate str (not "NoneType") to str
Traceback (most recent call last):
  File "/home/runner/work/FS25LogsNew/FS25LogsNew/logs_analyzer.py", line 176, in download_logs
    ftp.cwd(DIR)
  File "/opt/hostedtoolcache/Python/3.9.13/x64/lib/python3.9/ftplib.py", line 624, in cwd
    cmd = 'CWD ' + dirname
TypeError: can only concatenate str (not "NoneType") to str

2025-11-22 08:42:06.697061: Błąd FTP: 425 Can't open data connection
Traceback (most recent call last):
  File "/home/runner/work/FS25LogsNew/FS25LogsNew/logs_analyzer.py", line 178, in download_logs
    ftp.retrlines("MLSD", entries.append)
  File "/opt/hostedtoolcache/Python/3.9.13/x64/lib/python3.9/ftplib.py", line 465, in retrlines
    line = fp.readline(self.maxline + 1)
  File "/opt/hostedtoolcache/Python/3.9.13/x64/lib/python3.9/socket.py", line 704, in readinto
    return self._sock.recv_into(b)
socket.timeout: timed out

During handling of the above exception, another exception occurred:

Traceback (most recent call last):
  File "/home/runner/work/FS25LogsNew/FS25LogsNew/logs_analyzer.py", line 224, in download_logs
    pass
  File "/opt/hostedtoolcache/Python/3.9.13/x64/lib/python3.9/ftplib.py", line 132, in __exit__
    self.quit()
  File "/opt/hostedtoolcache/Python/3.9.13/x64/lib/python3.9/ftplib.py", line 659, in quit
    resp = self.voidcmd('QUIT')
  File "/opt/hostedtoolcache/Python/3.9.13/x64/lib/python3.9/ftplib.py", line 286, in voidcmd
    return self.voidresp()
  File "/opt/hostedtoolcache/Python/3.9.13/x64/lib/python3.9/ftplib.py", line 259, in voidresp
    resp = self.getresp()
  File "/opt/hostedtoolcache/Python/3.9.13/x64/lib/python3.9/ftplib.py", line 252, in getresp
    raise error_temp(resp)
ftplib.error_temp: 425 Can't open data connection

2025-11-25 13:36:07.617730: Błąd FTP: 
Traceback (most recent call last):
  File "/home/runner/work/FS25LogsNew/FS25LogsNew/logs_analyzer.py", line 178, in download_logs
    ftp.retrlines("MLSD", entries.append)
  File "/opt/hostedtoolcache/Python/3.9.13/x64/lib/python3.9/ftplib.py", line 462, in retrlines
    with self.transfercmd(cmd) as conn, \
  File "/opt/hostedtoolcache/Python/3.9.13/x64/lib/python3.9/ftplib.py", line 393, in transfercmd
    return self.ntransfercmd(cmd, rest)[0]
  File "/opt/hostedtoolcache/Python/3.9.13/x64/lib/python3.9/ftplib.py", line 353, in ntransfercmd
    host, port = self.makepasv()
  File "/opt/hostedtoolcache/Python/3.9.13/x64/lib/python3.9/ftplib.py", line 327, in makepasv
    untrusted_host, port = parse227(self.sendcmd('PASV'))
  File "/opt/hostedtoolcache/Python/3.9.13/x64/lib/python3.9/ftplib.py", line 281, in sendcmd
    return self.getresp()
  File "/opt/hostedtoolcache/Python/3.9.13/x64/lib/python3.9/ftplib.py", line 244, in getresp
    resp = self.getmultiline()
  File "/opt/hostedtoolcache/Python/3.9.13/x64/lib/python3.9/ftplib.py", line 230, in getmultiline
    line = self.getline()
  File "/opt/hostedtoolcache/Python/3.9.13/x64/lib/python3.9/ftplib.py", line 218, in getline
    raise EOFError
EOFError

2025-11-29 23:21:07.420125: Błąd FTP: 530 no such username
Traceback (most recent call last):
  File "/home/runner/work/FS25LogsNew/FS25LogsNew/logs_analyzer.py", line 175, in download_logs
    ftp.login(FTP_USER, FTP_PASS)
  File "/opt/hostedtoolcache/Python/3.9.13/x64/lib/python3.9/ftplib.py", line 412, in login
    resp = self.sendcmd('USER ' + user)
  File "/opt/hostedtoolcache/Python/3.9.13/x64/lib/python3.9/ftplib.py", line 281, in sendcmd
    return self.getresp()
  File "/opt/hostedtoolcache/Python/3.9.13/x64/lib/python3.9/ftplib.py", line 254, in getresp
    raise error_perm(resp)
ftplib.error_perm: 530 no such username

2025-11-29 23:21:07.864538: Błąd FTP: 530 no such username
Traceback (most recent call last):
  File "/home/runner/work/FS25LogsNew/FS25LogsNew/logs_analyzer.py", line 175, in download_logs
    ftp.login(FTP_USER, FTP_PASS)
  File "/opt/hostedtoolcache/Python/3.9.13/x64/lib/python3.9/ftplib.py", line 412, in login
    resp = self.sendcmd('USER ' + user)
  File "/opt/hostedtoolcache/Python/3.9.13/x64/lib/python3.9/ftplib.py", line 281, in sendcmd
    return self.getresp()
  File "/opt/hostedtoolcache/Python/3.9.13/x64/lib/python3.9/ftplib.py", line 254, in getresp
    raise error_perm(resp)
ftplib.error_perm: 530 no such username

2025-11-29 23:21:08.282526: Błąd FTP: 530 no such username
Traceback (most recent call last):
  File "/home/runner/work/FS25LogsNew/FS25LogsNew/logs_analyzer.py", line 175, in download_logs
    ftp.login(FTP_USER, FTP_PASS)
  File "/opt/hostedtoolcache/Python/3.9.13/x64/lib/python3.9/ftplib.py", line 412, in login
    resp = self.sendcmd('USER ' + user)
  File "/opt/hostedtoolcache/Python/3.9.13/x64/lib/python3.9/ftplib.py", line 281, in sendcmd
    return self.getresp()
  File "/opt/hostedtoolcache/Python/3.9.13/x64/lib/python3.9/ftplib.py", line 254, in getresp
    raise error_perm(resp)
ftplib.error_perm: 530 no such username

2025-11-29 23:35:20.494569: Błąd FTP: 530 no such username
Traceback (most recent call last):
  File "/home/runner/work/FS25LogsNew/FS25LogsNew/logs_analyzer.py", line 175, in download_logs
    ftp.login(FTP_USER, FTP_PASS)
  File "/opt/hostedtoolcache/Python/3.9.13/x64/lib/python3.9/ftplib.py", line 412, in login
    resp = self.sendcmd('USER ' + user)
  File "/opt/hostedtoolcache/Python/3.9.13/x64/lib/python3.9/ftplib.py", line 281, in sendcmd
    return self.getresp()
  File "/opt/hostedtoolcache/Python/3.9.13/x64/lib/python3.9/ftplib.py", line 254, in getresp
    raise error_perm(resp)
ftplib.error_perm: 530 no such username

2025-11-29 23:35:21.109469: Błąd FTP: 530 no such username
Traceback (most recent call last):
  File "/home/runner/work/FS25LogsNew/FS25LogsNew/logs_analyzer.py", line 175, in download_logs
    ftp.login(FTP_USER, FTP_PASS)
  File "/opt/hostedtoolcache/Python/3.9.13/x64/lib/python3.9/ftplib.py", line 412, in login
    resp = self.sendcmd('USER ' + user)
  File "/opt/hostedtoolcache/Python/3.9.13/x64/lib/python3.9/ftplib.py", line 281, in sendcmd
    return self.getresp()
  File "/opt/hostedtoolcache/Python/3.9.13/x64/lib/python3.9/ftplib.py", line 254, in getresp
    raise error_perm(resp)
ftplib.error_perm: 530 no such username

2025-11-29 23:35:21.747333: Błąd FTP: 530 no such username
Traceback (most recent call last):
  File "/home/runner/work/FS25LogsNew/FS25LogsNew/logs_analyzer.py", line 175, in download_logs
    ftp.login(FTP_USER, FTP_PASS)
  File "/opt/hostedtoolcache/Python/3.9.13/x64/lib/python3.9/ftplib.py", line 412, in login
    resp = self.sendcmd('USER ' + user)
  File "/opt/hostedtoolcache/Python/3.9.13/x64/lib/python3.9/ftplib.py", line 281, in sendcmd
    return self.getresp()
  File "/opt/hostedtoolcache/Python/3.9.13/x64/lib/python3.9/ftplib.py", line 254, in getresp
    raise error_perm(resp)
ftplib.error_perm: 530 no such username

2025-11-30 02:01:02.896873: Błąd FTP: 530 no such username
Traceback (most recent call last):
  File "/home/runner/work/FS25LogsNew/FS25LogsNew/logs_analyzer.py", line 175, in download_logs
    ftp.login(FTP_USER, FTP_PASS)
  File "/opt/hostedtoolcache/Python/3.9.13/x64/lib/python3.9/ftplib.py", line 412, in login
    resp = self.sendcmd('USER ' + user)
  File "/opt/hostedtoolcache/Python/3.9.13/x64/lib/python3.9/ftplib.py", line 281, in sendcmd
    return self.getresp()
  File "/opt/hostedtoolcache/Python/3.9.13/x64/lib/python3.9/ftplib.py", line 254, in getresp
    raise error_perm(resp)
ftplib.error_perm: 530 no such username

2025-11-30 02:01:03.317266: Błąd FTP: 530 no such username
Traceback (most recent call last):
  File "/home/runner/work/FS25LogsNew/FS25LogsNew/logs_analyzer.py", line 175, in download_logs
    ftp.login(FTP_USER, FTP_PASS)
  File "/opt/hostedtoolcache/Python/3.9.13/x64/lib/python3.9/ftplib.py", line 412, in login
    resp = self.sendcmd('USER ' + user)
  File "/opt/hostedtoolcache/Python/3.9.13/x64/lib/python3.9/ftplib.py", line 281, in sendcmd
    return self.getresp()
  File "/opt/hostedtoolcache/Python/3.9.13/x64/lib/python3.9/ftplib.py", line 254, in getresp
    raise error_perm(resp)
ftplib.error_perm: 530 no such username

2025-11-30 02:01:03.734838: Błąd FTP: 530 no such username
Traceback (most recent call last):
  File "/home/runner/work/FS25LogsNew/FS25LogsNew/logs_analyzer.py", line 175, in download_logs
    ftp.login(FTP_USER, FTP_PASS)
  File "/opt/hostedtoolcache/Python/3.9.13/x64/lib/python3.9/ftplib.py", line 412, in login
    resp = self.sendcmd('USER ' + user)
  File "/opt/hostedtoolcache/Python/3.9.13/x64/lib/python3.9/ftplib.py", line 281, in sendcmd
    return self.getresp()
  File "/opt/hostedtoolcache/Python/3.9.13/x64/lib/python3.9/ftplib.py", line 254, in getresp
    raise error_perm(resp)
ftplib.error_perm: 530 no such username

2025-11-30 02:31:41.754375: Błąd FTP: 530 no such username
Traceback (most recent call last):
  File "/home/runner/work/FS25LogsNew/FS25LogsNew/logs_analyzer.py", line 175, in download_logs
    ftp.login(FTP_USER, FTP_PASS)
  File "/opt/hostedtoolcache/Python/3.9.13/x64/lib/python3.9/ftplib.py", line 412, in login
    resp = self.sendcmd('USER ' + user)
  File "/opt/hostedtoolcache/Python/3.9.13/x64/lib/python3.9/ftplib.py", line 281, in sendcmd
    return self.getresp()
  File "/opt/hostedtoolcache/Python/3.9.13/x64/lib/python3.9/ftplib.py", line 254, in getresp
    raise error_perm(resp)
ftplib.error_perm: 530 no such username

2025-11-30 02:31:42.156520: Błąd FTP: 530 no such username
Traceback (most recent call last):
  File "/home/runner/work/FS25LogsNew/FS25LogsNew/logs_analyzer.py", line 175, in download_logs
    ftp.login(FTP_USER, FTP_PASS)
  File "/opt/hostedtoolcache/Python/3.9.13/x64/lib/python3.9/ftplib.py", line 412, in login
    resp = self.sendcmd('USER ' + user)
  File "/opt/hostedtoolcache/Python/3.9.13/x64/lib/python3.9/ftplib.py", line 281, in sendcmd
    return self.getresp()
  File "/opt/hostedtoolcache/Python/3.9.13/x64/lib/python3.9/ftplib.py", line 254, in getresp
    raise error_perm(resp)
ftplib.error_perm: 530 no such username

2025-11-30 02:31:42.540850: Błąd FTP: 530 no such username
Traceback (most recent call last):
  File "/home/runner/work/FS25LogsNew/FS25LogsNew/logs_analyzer.py", line 175, in download_logs
    ftp.login(FTP_USER, FTP_PASS)
  File "/opt/hostedtoolcache/Python/3.9.13/x64/lib/python3.9/ftplib.py", line 412, in login
    resp = self.sendcmd('USER ' + user)
  File "/opt/hostedtoolcache/Python/3.9.13/x64/lib/python3.9/ftplib.py", line 281, in sendcmd
    return self.getresp()
  File "/opt/hostedtoolcache/Python/3.9.13/x64/lib/python3.9/ftplib.py", line 254, in getresp
    raise error_perm(resp)
ftplib.error_perm: 530 no such username

2025-11-30 03:57:51.939572: Błąd FTP: 530 no such username
Traceback (most recent call last):
  File "/home/runner/work/FS25LogsNew/FS25LogsNew/logs_analyzer.py", line 175, in download_logs
    ftp.login(FTP_USER, FTP_PASS)
  File "/opt/hostedtoolcache/Python/3.9.13/x64/lib/python3.9/ftplib.py", line 412, in login
    resp = self.sendcmd('USER ' + user)
  File "/opt/hostedtoolcache/Python/3.9.13/x64/lib/python3.9/ftplib.py", line 281, in sendcmd
    return self.getresp()
  File "/opt/hostedtoolcache/Python/3.9.13/x64/lib/python3.9/ftplib.py", line 254, in getresp
    raise error_perm(resp)
ftplib.error_perm: 530 no such username

2025-11-30 03:57:52.300972: Błąd FTP: 530 no such username
Traceback (most recent call last):
  File "/home/runner/work/FS25LogsNew/FS25LogsNew/logs_analyzer.py", line 175, in download_logs
    ftp.login(FTP_USER, FTP_PASS)
  File "/opt/hostedtoolcache/Python/3.9.13/x64/lib/python3.9/ftplib.py", line 412, in login
    resp = self.sendcmd('USER ' + user)
  File "/opt/hostedtoolcache/Python/3.9.13/x64/lib/python3.9/ftplib.py", line 281, in sendcmd
    return self.getresp()
  File "/opt/hostedtoolcache/Python/3.9.13/x64/lib/python3.9/ftplib.py", line 254, in getresp
    raise error_perm(resp)
ftplib.error_perm: 530 no such username

2025-11-30 03:57:52.660989: Błąd FTP: 530 no such username
Traceback (most recent call last):
  File "/home/runner/work/FS25LogsNew/FS25LogsNew/logs_analyzer.py", line 175, in download_logs
    ftp.login(FTP_USER, FTP_PASS)
  File "/opt/hostedtoolcache/Python/3.9.13/x64/lib/python3.9/ftplib.py", line 412, in login
    resp = self.sendcmd('USER ' + user)
  File "/opt/hostedtoolcache/Python/3.9.13/x64/lib/python3.9/ftplib.py", line 281, in sendcmd
    return self.getresp()
  File "/opt/hostedtoolcache/Python/3.9.13/x64/lib/python3.9/ftplib.py", line 254, in getresp
    raise error_perm(resp)
ftplib.error_perm: 530 no such username

2025-11-30 04:07:40.090600: Błąd FTP: 530 no such username
Traceback (most recent call last):
  File "/home/runner/work/FS25LogsNew/FS25LogsNew/logs_analyzer.py", line 175, in download_logs
    ftp.login(FTP_USER, FTP_PASS)
  File "/opt/hostedtoolcache/Python/3.9.13/x64/lib/python3.9/ftplib.py", line 412, in login
    resp = self.sendcmd('USER ' + user)
  File "/opt/hostedtoolcache/Python/3.9.13/x64/lib/python3.9/ftplib.py", line 281, in sendcmd
    return self.getresp()
  File "/opt/hostedtoolcache/Python/3.9.13/x64/lib/python3.9/ftplib.py", line 254, in getresp
    raise error_perm(resp)
ftplib.error_perm: 530 no such username

2025-11-30 04:07:40.639343: Błąd FTP: 530 no such username
Traceback (most recent call last):
  File "/home/runner/work/FS25LogsNew/FS25LogsNew/logs_analyzer.py", line 175, in download_logs
    ftp.login(FTP_USER, FTP_PASS)
  File "/opt/hostedtoolcache/Python/3.9.13/x64/lib/python3.9/ftplib.py", line 412, in login
    resp = self.sendcmd('USER ' + user)
  File "/opt/hostedtoolcache/Python/3.9.13/x64/lib/python3.9/ftplib.py", line 281, in sendcmd
    return self.getresp()
  File "/opt/hostedtoolcache/Python/3.9.13/x64/lib/python3.9/ftplib.py", line 254, in getresp
    raise error_perm(resp)
ftplib.error_perm: 530 no such username

2025-11-30 04:07:41.169863: Błąd FTP: 530 no such username
Traceback (most recent call last):
  File "/home/runner/work/FS25LogsNew/FS25LogsNew/logs_analyzer.py", line 175, in download_logs
    ftp.login(FTP_USER, FTP_PASS)
  File "/opt/hostedtoolcache/Python/3.9.13/x64/lib/python3.9/ftplib.py", line 412, in login
    resp = self.sendcmd('USER ' + user)
  File "/opt/hostedtoolcache/Python/3.9.13/x64/lib/python3.9/ftplib.py", line 281, in sendcmd
    return self.getresp()
  File "/opt/hostedtoolcache/Python/3.9.13/x64/lib/python3.9/ftplib.py", line 254, in getresp
    raise error_perm(resp)
ftplib.error_perm: 530 no such username

2025-11-30 04:39:14.256313: Błąd FTP: 530 no such username
Traceback (most recent call last):
  File "/home/runner/work/FS25LogsNew/FS25LogsNew/logs_analyzer.py", line 175, in download_logs
    ftp.login(FTP_USER, FTP_PASS)
  File "/opt/hostedtoolcache/Python/3.9.13/x64/lib/python3.9/ftplib.py", line 412, in login
    resp = self.sendcmd('USER ' + user)
  File "/opt/hostedtoolcache/Python/3.9.13/x64/lib/python3.9/ftplib.py", line 281, in sendcmd
    return self.getresp()
  File "/opt/hostedtoolcache/Python/3.9.13/x64/lib/python3.9/ftplib.py", line 254, in getresp
    raise error_perm(resp)
ftplib.error_perm: 530 no such username

2025-11-30 04:39:14.874096: Błąd FTP: 530 no such username
Traceback (most recent call last):
  File "/home/runner/work/FS25LogsNew/FS25LogsNew/logs_analyzer.py", line 175, in download_logs
    ftp.login(FTP_USER, FTP_PASS)
  File "/opt/hostedtoolcache/Python/3.9.13/x64/lib/python3.9/ftplib.py", line 412, in login
    resp = self.sendcmd('USER ' + user)
  File "/opt/hostedtoolcache/Python/3.9.13/x64/lib/python3.9/ftplib.py", line 281, in sendcmd
    return self.getresp()
  File "/opt/hostedtoolcache/Python/3.9.13/x64/lib/python3.9/ftplib.py", line 254, in getresp
    raise error_perm(resp)
ftplib.error_perm: 530 no such username

2025-11-30 04:39:15.491021: Błąd FTP: 530 no such username
Traceback (most recent call last):
  File "/home/runner/work/FS25LogsNew/FS25LogsNew/logs_analyzer.py", line 175, in download_logs
    ftp.login(FTP_USER, FTP_PASS)
  File "/opt/hostedtoolcache/Python/3.9.13/x64/lib/python3.9/ftplib.py", line 412, in login
    resp = self.sendcmd('USER ' + user)
  File "/opt/hostedtoolcache/Python/3.9.13/x64/lib/python3.9/ftplib.py", line 281, in sendcmd
    return self.getresp()
  File "/opt/hostedtoolcache/Python/3.9.13/x64/lib/python3.9/ftplib.py", line 254, in getresp
    raise error_perm(resp)
ftplib.error_perm: 530 no such username

2025-11-30 04:50:25.890403: Błąd FTP: 530 no such username
Traceback (most recent call last):
  File "/home/runner/work/FS25LogsNew/FS25LogsNew/logs_analyzer.py", line 175, in download_logs
    ftp.login(FTP_USER, FTP_PASS)
  File "/opt/hostedtoolcache/Python/3.9.13/x64/lib/python3.9/ftplib.py", line 412, in login
    resp = self.sendcmd('USER ' + user)
  File "/opt/hostedtoolcache/Python/3.9.13/x64/lib/python3.9/ftplib.py", line 281, in sendcmd
    return self.getresp()
  File "/opt/hostedtoolcache/Python/3.9.13/x64/lib/python3.9/ftplib.py", line 254, in getresp
    raise error_perm(resp)
ftplib.error_perm: 530 no such username

2025-11-30 04:50:26.252905: Błąd FTP: 530 no such username
Traceback (most recent call last):
  File "/home/runner/work/FS25LogsNew/FS25LogsNew/logs_analyzer.py", line 175, in download_logs
    ftp.login(FTP_USER, FTP_PASS)
  File "/opt/hostedtoolcache/Python/3.9.13/x64/lib/python3.9/ftplib.py", line 412, in login
    resp = self.sendcmd('USER ' + user)
  File "/opt/hostedtoolcache/Python/3.9.13/x64/lib/python3.9/ftplib.py", line 281, in sendcmd
    return self.getresp()
  File "/opt/hostedtoolcache/Python/3.9.13/x64/lib/python3.9/ftplib.py", line 254, in getresp
    raise error_perm(resp)
ftplib.error_perm: 530 no such username

2025-11-30 04:50:26.615739: Błąd FTP: 530 no such username
Traceback (most recent call last):
  File "/home/runner/work/FS25LogsNew/FS25LogsNew/logs_analyzer.py", line 175, in download_logs
    ftp.login(FTP_USER, FTP_PASS)
  File "/opt/hostedtoolcache/Python/3.9.13/x64/lib/python3.9/ftplib.py", line 412, in login
    resp = self.sendcmd('USER ' + user)
  File "/opt/hostedtoolcache/Python/3.9.13/x64/lib/python3.9/ftplib.py", line 281, in sendcmd
    return self.getresp()
  File "/opt/hostedtoolcache/Python/3.9.13/x64/lib/python3.9/ftplib.py", line 254, in getresp
    raise error_perm(resp)
ftplib.error_perm: 530 no such username

2025-11-30 05:23:15.479626: Błąd FTP: 530 no such username
Traceback (most recent call last):
  File "/home/runner/work/FS25LogsNew/FS25LogsNew/logs_analyzer.py", line 175, in download_logs
    ftp.login(FTP_USER, FTP_PASS)
  File "/opt/hostedtoolcache/Python/3.9.13/x64/lib/python3.9/ftplib.py", line 412, in login
    resp = self.sendcmd('USER ' + user)
  File "/opt/hostedtoolcache/Python/3.9.13/x64/lib/python3.9/ftplib.py", line 281, in sendcmd
    return self.getresp()
  File "/opt/hostedtoolcache/Python/3.9.13/x64/lib/python3.9/ftplib.py", line 254, in getresp
    raise error_perm(resp)
ftplib.error_perm: 530 no such username

2025-11-30 05:23:15.862530: Błąd FTP: 530 no such username
Traceback (most recent call last):
  File "/home/runner/work/FS25LogsNew/FS25LogsNew/logs_analyzer.py", line 175, in download_logs
    ftp.login(FTP_USER, FTP_PASS)
  File "/opt/hostedtoolcache/Python/3.9.13/x64/lib/python3.9/ftplib.py", line 412, in login
    resp = self.sendcmd('USER ' + user)
  File "/opt/hostedtoolcache/Python/3.9.13/x64/lib/python3.9/ftplib.py", line 281, in sendcmd
    return self.getresp()
  File "/opt/hostedtoolcache/Python/3.9.13/x64/lib/python3.9/ftplib.py", line 254, in getresp
    raise error_perm(resp)
ftplib.error_perm: 530 no such username

2025-11-30 05:23:16.221139: Błąd FTP: 530 no such username
Traceback (most recent call last):
  File "/home/runner/work/FS25LogsNew/FS25LogsNew/logs_analyzer.py", line 175, in download_logs
    ftp.login(FTP_USER, FTP_PASS)
  File "/opt/hostedtoolcache/Python/3.9.13/x64/lib/python3.9/ftplib.py", line 412, in login
    resp = self.sendcmd('USER ' + user)
  File "/opt/hostedtoolcache/Python/3.9.13/x64/lib/python3.9/ftplib.py", line 281, in sendcmd
    return self.getresp()
  File "/opt/hostedtoolcache/Python/3.9.13/x64/lib/python3.9/ftplib.py", line 254, in getresp
    raise error_perm(resp)
ftplib.error_perm: 530 no such username

2025-11-30 05:40:30.192918: Błąd FTP: 530 no such username
Traceback (most recent call last):
  File "/home/runner/work/FS25LogsNew/FS25LogsNew/logs_analyzer.py", line 175, in download_logs
    ftp.login(FTP_USER, FTP_PASS)
  File "/opt/hostedtoolcache/Python/3.9.13/x64/lib/python3.9/ftplib.py", line 412, in login
    resp = self.sendcmd('USER ' + user)
  File "/opt/hostedtoolcache/Python/3.9.13/x64/lib/python3.9/ftplib.py", line 281, in sendcmd
    return self.getresp()
  File "/opt/hostedtoolcache/Python/3.9.13/x64/lib/python3.9/ftplib.py", line 254, in getresp
    raise error_perm(resp)
ftplib.error_perm: 530 no such username

2025-11-30 05:40:30.810883: Błąd FTP: 530 no such username
Traceback (most recent call last):
  File "/home/runner/work/FS25LogsNew/FS25LogsNew/logs_analyzer.py", line 175, in download_logs
    ftp.login(FTP_USER, FTP_PASS)
  File "/opt/hostedtoolcache/Python/3.9.13/x64/lib/python3.9/ftplib.py", line 412, in login
    resp = self.sendcmd('USER ' + user)
  File "/opt/hostedtoolcache/Python/3.9.13/x64/lib/python3.9/ftplib.py", line 281, in sendcmd
    return self.getresp()
  File "/opt/hostedtoolcache/Python/3.9.13/x64/lib/python3.9/ftplib.py", line 254, in getresp
    raise error_perm(resp)
ftplib.error_perm: 530 no such username

2025-11-30 05:40:31.460308: Błąd FTP: 530 no such username
Traceback (most recent call last):
  File "/home/runner/work/FS25LogsNew/FS25LogsNew/logs_analyzer.py", line 175, in download_logs
    ftp.login(FTP_USER, FTP_PASS)
  File "/opt/hostedtoolcache/Python/3.9.13/x64/lib/python3.9/ftplib.py", line 412, in login
    resp = self.sendcmd('USER ' + user)
  File "/opt/hostedtoolcache/Python/3.9.13/x64/lib/python3.9/ftplib.py", line 281, in sendcmd
    return self.getresp()
  File "/opt/hostedtoolcache/Python/3.9.13/x64/lib/python3.9/ftplib.py", line 254, in getresp
    raise error_perm(resp)
ftplib.error_perm: 530 no such username

2025-11-30 06:34:50.108148: Błąd FTP: 530 no such username
Traceback (most recent call last):
  File "/home/runner/work/FS25LogsNew/FS25LogsNew/logs_analyzer.py", line 175, in download_logs
    ftp.login(FTP_USER, FTP_PASS)
  File "/opt/hostedtoolcache/Python/3.9.13/x64/lib/python3.9/ftplib.py", line 412, in login
    resp = self.sendcmd('USER ' + user)
  File "/opt/hostedtoolcache/Python/3.9.13/x64/lib/python3.9/ftplib.py", line 281, in sendcmd
    return self.getresp()
  File "/opt/hostedtoolcache/Python/3.9.13/x64/lib/python3.9/ftplib.py", line 254, in getresp
    raise error_perm(resp)
ftplib.error_perm: 530 no such username

2025-11-30 06:34:50.724221: Błąd FTP: 530 no such username
Traceback (most recent call last):
  File "/home/runner/work/FS25LogsNew/FS25LogsNew/logs_analyzer.py", line 175, in download_logs
    ftp.login(FTP_USER, FTP_PASS)
  File "/opt/hostedtoolcache/Python/3.9.13/x64/lib/python3.9/ftplib.py", line 412, in login
    resp = self.sendcmd('USER ' + user)
  File "/opt/hostedtoolcache/Python/3.9.13/x64/lib/python3.9/ftplib.py", line 281, in sendcmd
    return self.getresp()
  File "/opt/hostedtoolcache/Python/3.9.13/x64/lib/python3.9/ftplib.py", line 254, in getresp
    raise error_perm(resp)
ftplib.error_perm: 530 no such username

2025-11-30 06:34:51.339479: Błąd FTP: 530 no such username
Traceback (most recent call last):
  File "/home/runner/work/FS25LogsNew/FS25LogsNew/logs_analyzer.py", line 175, in download_logs
    ftp.login(FTP_USER, FTP_PASS)
  File "/opt/hostedtoolcache/Python/3.9.13/x64/lib/python3.9/ftplib.py", line 412, in login
    resp = self.sendcmd('USER ' + user)
  File "/opt/hostedtoolcache/Python/3.9.13/x64/lib/python3.9/ftplib.py", line 281, in sendcmd
    return self.getresp()
  File "/opt/hostedtoolcache/Python/3.9.13/x64/lib/python3.9/ftplib.py", line 254, in getresp
    raise error_perm(resp)
ftplib.error_perm: 530 no such username

2025-11-30 06:48:39.453009: Błąd FTP: 530 no such username
Traceback (most recent call last):
  File "/home/runner/work/FS25LogsNew/FS25LogsNew/logs_analyzer.py", line 175, in download_logs
    ftp.login(FTP_USER, FTP_PASS)
  File "/opt/hostedtoolcache/Python/3.9.13/x64/lib/python3.9/ftplib.py", line 412, in login
    resp = self.sendcmd('USER ' + user)
  File "/opt/hostedtoolcache/Python/3.9.13/x64/lib/python3.9/ftplib.py", line 281, in sendcmd
    return self.getresp()
  File "/opt/hostedtoolcache/Python/3.9.13/x64/lib/python3.9/ftplib.py", line 254, in getresp
    raise error_perm(resp)
ftplib.error_perm: 530 no such username

2025-11-30 06:48:39.873100: Błąd FTP: 530 no such username
Traceback (most recent call last):
  File "/home/runner/work/FS25LogsNew/FS25LogsNew/logs_analyzer.py", line 175, in download_logs
    ftp.login(FTP_USER, FTP_PASS)
  File "/opt/hostedtoolcache/Python/3.9.13/x64/lib/python3.9/ftplib.py", line 412, in login
    resp = self.sendcmd('USER ' + user)
  File "/opt/hostedtoolcache/Python/3.9.13/x64/lib/python3.9/ftplib.py", line 281, in sendcmd
    return self.getresp()
  File "/opt/hostedtoolcache/Python/3.9.13/x64/lib/python3.9/ftplib.py", line 254, in getresp
    raise error_perm(resp)
ftplib.error_perm: 530 no such username

2025-11-30 06:48:40.291154: Błąd FTP: 530 no such username
Traceback (most recent call last):
  File "/home/runner/work/FS25LogsNew/FS25LogsNew/logs_analyzer.py", line 175, in download_logs
    ftp.login(FTP_USER, FTP_PASS)
  File "/opt/hostedtoolcache/Python/3.9.13/x64/lib/python3.9/ftplib.py", line 412, in login
    resp = self.sendcmd('USER ' + user)
  File "/opt/hostedtoolcache/Python/3.9.13/x64/lib/python3.9/ftplib.py", line 281, in sendcmd
    return self.getresp()
  File "/opt/hostedtoolcache/Python/3.9.13/x64/lib/python3.9/ftplib.py", line 254, in getresp
    raise error_perm(resp)
ftplib.error_perm: 530 no such username

2025-11-30 07:20:20.683364: Błąd FTP: 530 no such username
Traceback (most recent call last):
  File "/home/runner/work/FS25LogsNew/FS25LogsNew/logs_analyzer.py", line 175, in download_logs
    ftp.login(FTP_USER, FTP_PASS)
  File "/opt/hostedtoolcache/Python/3.9.13/x64/lib/python3.9/ftplib.py", line 412, in login
    resp = self.sendcmd('USER ' + user)
  File "/opt/hostedtoolcache/Python/3.9.13/x64/lib/python3.9/ftplib.py", line 281, in sendcmd
    return self.getresp()
  File "/opt/hostedtoolcache/Python/3.9.13/x64/lib/python3.9/ftplib.py", line 254, in getresp
    raise error_perm(resp)
ftplib.error_perm: 530 no such username

2025-11-30 07:20:21.102369: Błąd FTP: 530 no such username
Traceback (most recent call last):
  File "/home/runner/work/FS25LogsNew/FS25LogsNew/logs_analyzer.py", line 175, in download_logs
    ftp.login(FTP_USER, FTP_PASS)
  File "/opt/hostedtoolcache/Python/3.9.13/x64/lib/python3.9/ftplib.py", line 412, in login
    resp = self.sendcmd('USER ' + user)
  File "/opt/hostedtoolcache/Python/3.9.13/x64/lib/python3.9/ftplib.py", line 281, in sendcmd
    return self.getresp()
  File "/opt/hostedtoolcache/Python/3.9.13/x64/lib/python3.9/ftplib.py", line 254, in getresp
    raise error_perm(resp)
ftplib.error_perm: 530 no such username

2025-11-30 07:20:21.521527: Błąd FTP: 530 no such username
Traceback (most recent call last):
  File "/home/runner/work/FS25LogsNew/FS25LogsNew/logs_analyzer.py", line 175, in download_logs
    ftp.login(FTP_USER, FTP_PASS)
  File "/opt/hostedtoolcache/Python/3.9.13/x64/lib/python3.9/ftplib.py", line 412, in login
    resp = self.sendcmd('USER ' + user)
  File "/opt/hostedtoolcache/Python/3.9.13/x64/lib/python3.9/ftplib.py", line 281, in sendcmd
    return self.getresp()
  File "/opt/hostedtoolcache/Python/3.9.13/x64/lib/python3.9/ftplib.py", line 254, in getresp
    raise error_perm(resp)
ftplib.error_perm: 530 no such username

2025-11-30 07:32:35.836738: Błąd FTP: 530 no such username
Traceback (most recent call last):
  File "/home/runner/work/FS25LogsNew/FS25LogsNew/logs_analyzer.py", line 175, in download_logs
    ftp.login(FTP_USER, FTP_PASS)
  File "/opt/hostedtoolcache/Python/3.9.13/x64/lib/python3.9/ftplib.py", line 412, in login
    resp = self.sendcmd('USER ' + user)
  File "/opt/hostedtoolcache/Python/3.9.13/x64/lib/python3.9/ftplib.py", line 281, in sendcmd
    return self.getresp()
  File "/opt/hostedtoolcache/Python/3.9.13/x64/lib/python3.9/ftplib.py", line 254, in getresp
    raise error_perm(resp)
ftplib.error_perm: 530 no such username

2025-11-30 07:32:36.469315: Błąd FTP: 530 no such username
Traceback (most recent call last):
  File "/home/runner/work/FS25LogsNew/FS25LogsNew/logs_analyzer.py", line 175, in download_logs
    ftp.login(FTP_USER, FTP_PASS)
  File "/opt/hostedtoolcache/Python/3.9.13/x64/lib/python3.9/ftplib.py", line 412, in login
    resp = self.sendcmd('USER ' + user)
  File "/opt/hostedtoolcache/Python/3.9.13/x64/lib/python3.9/ftplib.py", line 281, in sendcmd
    return self.getresp()
  File "/opt/hostedtoolcache/Python/3.9.13/x64/lib/python3.9/ftplib.py", line 254, in getresp
    raise error_perm(resp)
ftplib.error_perm: 530 no such username

2025-11-30 07:32:37.137651: Błąd FTP: 530 no such username
Traceback (most recent call last):
  File "/home/runner/work/FS25LogsNew/FS25LogsNew/logs_analyzer.py", line 175, in download_logs
    ftp.login(FTP_USER, FTP_PASS)
  File "/opt/hostedtoolcache/Python/3.9.13/x64/lib/python3.9/ftplib.py", line 412, in login
    resp = self.sendcmd('USER ' + user)
  File "/opt/hostedtoolcache/Python/3.9.13/x64/lib/python3.9/ftplib.py", line 281, in sendcmd
    return self.getresp()
  File "/opt/hostedtoolcache/Python/3.9.13/x64/lib/python3.9/ftplib.py", line 254, in getresp
    raise error_perm(resp)
ftplib.error_perm: 530 no such username

2025-11-30 08:27:49.453149: Błąd FTP: 530 no such username
Traceback (most recent call last):
  File "/home/runner/work/FS25LogsNew/FS25LogsNew/logs_analyzer.py", line 175, in download_logs
    ftp.login(FTP_USER, FTP_PASS)
  File "/opt/hostedtoolcache/Python/3.9.13/x64/lib/python3.9/ftplib.py", line 412, in login
    resp = self.sendcmd('USER ' + user)
  File "/opt/hostedtoolcache/Python/3.9.13/x64/lib/python3.9/ftplib.py", line 281, in sendcmd
    return self.getresp()
  File "/opt/hostedtoolcache/Python/3.9.13/x64/lib/python3.9/ftplib.py", line 254, in getresp
    raise error_perm(resp)
ftplib.error_perm: 530 no such username

2025-11-30 08:27:50.085499: Błąd FTP: 530 no such username
Traceback (most recent call last):
  File "/home/runner/work/FS25LogsNew/FS25LogsNew/logs_analyzer.py", line 175, in download_logs
    ftp.login(FTP_USER, FTP_PASS)
  File "/opt/hostedtoolcache/Python/3.9.13/x64/lib/python3.9/ftplib.py", line 412, in login
    resp = self.sendcmd('USER ' + user)
  File "/opt/hostedtoolcache/Python/3.9.13/x64/lib/python3.9/ftplib.py", line 281, in sendcmd
    return self.getresp()
  File "/opt/hostedtoolcache/Python/3.9.13/x64/lib/python3.9/ftplib.py", line 254, in getresp
    raise error_perm(resp)
ftplib.error_perm: 530 no such username

2025-11-30 08:27:50.704043: Błąd FTP: 530 no such username
Traceback (most recent call last):
  File "/home/runner/work/FS25LogsNew/FS25LogsNew/logs_analyzer.py", line 175, in download_logs
    ftp.login(FTP_USER, FTP_PASS)
  File "/opt/hostedtoolcache/Python/3.9.13/x64/lib/python3.9/ftplib.py", line 412, in login
    resp = self.sendcmd('USER ' + user)
  File "/opt/hostedtoolcache/Python/3.9.13/x64/lib/python3.9/ftplib.py", line 281, in sendcmd
    return self.getresp()
  File "/opt/hostedtoolcache/Python/3.9.13/x64/lib/python3.9/ftplib.py", line 254, in getresp
    raise error_perm(resp)
ftplib.error_perm: 530 no such username

2025-11-30 08:41:31.017156: Błąd FTP: 530 no such username
Traceback (most recent call last):
  File "/home/runner/work/FS25LogsNew/FS25LogsNew/logs_analyzer.py", line 175, in download_logs
    ftp.login(FTP_USER, FTP_PASS)
  File "/opt/hostedtoolcache/Python/3.9.13/x64/lib/python3.9/ftplib.py", line 412, in login
    resp = self.sendcmd('USER ' + user)
  File "/opt/hostedtoolcache/Python/3.9.13/x64/lib/python3.9/ftplib.py", line 281, in sendcmd
    return self.getresp()
  File "/opt/hostedtoolcache/Python/3.9.13/x64/lib/python3.9/ftplib.py", line 254, in getresp
    raise error_perm(resp)
ftplib.error_perm: 530 no such username

2025-11-30 08:41:31.437992: Błąd FTP: 530 no such username
Traceback (most recent call last):
  File "/home/runner/work/FS25LogsNew/FS25LogsNew/logs_analyzer.py", line 175, in download_logs
    ftp.login(FTP_USER, FTP_PASS)
  File "/opt/hostedtoolcache/Python/3.9.13/x64/lib/python3.9/ftplib.py", line 412, in login
    resp = self.sendcmd('USER ' + user)
  File "/opt/hostedtoolcache/Python/3.9.13/x64/lib/python3.9/ftplib.py", line 281, in sendcmd
    return self.getresp()
  File "/opt/hostedtoolcache/Python/3.9.13/x64/lib/python3.9/ftplib.py", line 254, in getresp
    raise error_perm(resp)
ftplib.error_perm: 530 no such username

2025-11-30 08:41:31.863187: Błąd FTP: 530 no such username
Traceback (most recent call last):
  File "/home/runner/work/FS25LogsNew/FS25LogsNew/logs_analyzer.py", line 175, in download_logs
    ftp.login(FTP_USER, FTP_PASS)
  File "/opt/hostedtoolcache/Python/3.9.13/x64/lib/python3.9/ftplib.py", line 412, in login
    resp = self.sendcmd('USER ' + user)
  File "/opt/hostedtoolcache/Python/3.9.13/x64/lib/python3.9/ftplib.py", line 281, in sendcmd
    return self.getresp()
  File "/opt/hostedtoolcache/Python/3.9.13/x64/lib/python3.9/ftplib.py", line 254, in getresp
    raise error_perm(resp)
ftplib.error_perm: 530 no such username

2025-11-30 09:21:37.665249: Błąd FTP: 530 no such username
Traceback (most recent call last):
  File "/home/runner/work/FS25LogsNew/FS25LogsNew/logs_analyzer.py", line 175, in download_logs
    ftp.login(FTP_USER, FTP_PASS)
  File "/opt/hostedtoolcache/Python/3.9.13/x64/lib/python3.9/ftplib.py", line 412, in login
    resp = self.sendcmd('USER ' + user)
  File "/opt/hostedtoolcache/Python/3.9.13/x64/lib/python3.9/ftplib.py", line 281, in sendcmd
    return self.getresp()
  File "/opt/hostedtoolcache/Python/3.9.13/x64/lib/python3.9/ftplib.py", line 254, in getresp
    raise error_perm(resp)
ftplib.error_perm: 530 no such username

2025-11-30 09:21:38.281928: Błąd FTP: 530 no such username
Traceback (most recent call last):
  File "/home/runner/work/FS25LogsNew/FS25LogsNew/logs_analyzer.py", line 175, in download_logs
    ftp.login(FTP_USER, FTP_PASS)
  File "/opt/hostedtoolcache/Python/3.9.13/x64/lib/python3.9/ftplib.py", line 412, in login
    resp = self.sendcmd('USER ' + user)
  File "/opt/hostedtoolcache/Python/3.9.13/x64/lib/python3.9/ftplib.py", line 281, in sendcmd
    return self.getresp()
  File "/opt/hostedtoolcache/Python/3.9.13/x64/lib/python3.9/ftplib.py", line 254, in getresp
    raise error_perm(resp)
ftplib.error_perm: 530 no such username

2025-11-30 09:21:38.899192: Błąd FTP: 530 no such username
Traceback (most recent call last):
  File "/home/runner/work/FS25LogsNew/FS25LogsNew/logs_analyzer.py", line 175, in download_logs
    ftp.login(FTP_USER, FTP_PASS)
  File "/opt/hostedtoolcache/Python/3.9.13/x64/lib/python3.9/ftplib.py", line 412, in login
    resp = self.sendcmd('USER ' + user)
  File "/opt/hostedtoolcache/Python/3.9.13/x64/lib/python3.9/ftplib.py", line 281, in sendcmd
    return self.getresp()
  File "/opt/hostedtoolcache/Python/3.9.13/x64/lib/python3.9/ftplib.py", line 254, in getresp
    raise error_perm(resp)
ftplib.error_perm: 530 no such username

2025-11-30 09:35:23.537689: Błąd FTP: 530 no such username
Traceback (most recent call last):
  File "/home/runner/work/FS25LogsNew/FS25LogsNew/logs_analyzer.py", line 175, in download_logs
    ftp.login(FTP_USER, FTP_PASS)
  File "/opt/hostedtoolcache/Python/3.9.13/x64/lib/python3.9/ftplib.py", line 412, in login
    resp = self.sendcmd('USER ' + user)
  File "/opt/hostedtoolcache/Python/3.9.13/x64/lib/python3.9/ftplib.py", line 281, in sendcmd
    return self.getresp()
  File "/opt/hostedtoolcache/Python/3.9.13/x64/lib/python3.9/ftplib.py", line 254, in getresp
    raise error_perm(resp)
ftplib.error_perm: 530 no such username

2025-11-30 09:35:23.897172: Błąd FTP: 530 no such username
Traceback (most recent call last):
  File "/home/runner/work/FS25LogsNew/FS25LogsNew/logs_analyzer.py", line 175, in download_logs
    ftp.login(FTP_USER, FTP_PASS)
  File "/opt/hostedtoolcache/Python/3.9.13/x64/lib/python3.9/ftplib.py", line 412, in login
    resp = self.sendcmd('USER ' + user)
  File "/opt/hostedtoolcache/Python/3.9.13/x64/lib/python3.9/ftplib.py", line 281, in sendcmd
    return self.getresp()
  File "/opt/hostedtoolcache/Python/3.9.13/x64/lib/python3.9/ftplib.py", line 254, in getresp
    raise error_perm(resp)
ftplib.error_perm: 530 no such username

2025-11-30 09:35:24.254440: Błąd FTP: 530 no such username
Traceback (most recent call last):
  File "/home/runner/work/FS25LogsNew/FS25LogsNew/logs_analyzer.py", line 175, in download_logs
    ftp.login(FTP_USER, FTP_PASS)
  File "/opt/hostedtoolcache/Python/3.9.13/x64/lib/python3.9/ftplib.py", line 412, in login
    resp = self.sendcmd('USER ' + user)
  File "/opt/hostedtoolcache/Python/3.9.13/x64/lib/python3.9/ftplib.py", line 281, in sendcmd
    return self.getresp()
  File "/opt/hostedtoolcache/Python/3.9.13/x64/lib/python3.9/ftplib.py", line 254, in getresp
    raise error_perm(resp)
ftplib.error_perm: 530 no such username

2025-11-30 10:22:33.606835: Błąd FTP: 530 no such username
Traceback (most recent call last):
  File "/home/runner/work/FS25LogsNew/FS25LogsNew/logs_analyzer.py", line 175, in download_logs
    ftp.login(FTP_USER, FTP_PASS)
  File "/opt/hostedtoolcache/Python/3.9.13/x64/lib/python3.9/ftplib.py", line 412, in login
    resp = self.sendcmd('USER ' + user)
  File "/opt/hostedtoolcache/Python/3.9.13/x64/lib/python3.9/ftplib.py", line 281, in sendcmd
    return self.getresp()
  File "/opt/hostedtoolcache/Python/3.9.13/x64/lib/python3.9/ftplib.py", line 254, in getresp
    raise error_perm(resp)
ftplib.error_perm: 530 no such username

2025-11-30 10:22:33.970068: Błąd FTP: 530 no such username
Traceback (most recent call last):
  File "/home/runner/work/FS25LogsNew/FS25LogsNew/logs_analyzer.py", line 175, in download_logs
    ftp.login(FTP_USER, FTP_PASS)
  File "/opt/hostedtoolcache/Python/3.9.13/x64/lib/python3.9/ftplib.py", line 412, in login
    resp = self.sendcmd('USER ' + user)
  File "/opt/hostedtoolcache/Python/3.9.13/x64/lib/python3.9/ftplib.py", line 281, in sendcmd
    return self.getresp()
  File "/opt/hostedtoolcache/Python/3.9.13/x64/lib/python3.9/ftplib.py", line 254, in getresp
    raise error_perm(resp)
ftplib.error_perm: 530 no such username

2025-11-30 10:22:34.329826: Błąd FTP: 530 no such username
Traceback (most recent call last):
  File "/home/runner/work/FS25LogsNew/FS25LogsNew/logs_analyzer.py", line 175, in download_logs
    ftp.login(FTP_USER, FTP_PASS)
  File "/opt/hostedtoolcache/Python/3.9.13/x64/lib/python3.9/ftplib.py", line 412, in login
    resp = self.sendcmd('USER ' + user)
  File "/opt/hostedtoolcache/Python/3.9.13/x64/lib/python3.9/ftplib.py", line 281, in sendcmd
    return self.getresp()
  File "/opt/hostedtoolcache/Python/3.9.13/x64/lib/python3.9/ftplib.py", line 254, in getresp
    raise error_perm(resp)
ftplib.error_perm: 530 no such username

2025-11-30 10:39:22.120199: Błąd FTP: 530 no such username
Traceback (most recent call last):
  File "/home/runner/work/FS25LogsNew/FS25LogsNew/logs_analyzer.py", line 175, in download_logs
    ftp.login(FTP_USER, FTP_PASS)
  File "/opt/hostedtoolcache/Python/3.9.13/x64/lib/python3.9/ftplib.py", line 412, in login
    resp = self.sendcmd('USER ' + user)
  File "/opt/hostedtoolcache/Python/3.9.13/x64/lib/python3.9/ftplib.py", line 281, in sendcmd
    return self.getresp()
  File "/opt/hostedtoolcache/Python/3.9.13/x64/lib/python3.9/ftplib.py", line 254, in getresp
    raise error_perm(resp)
ftplib.error_perm: 530 no such username

2025-11-30 10:39:22.540351: Błąd FTP: 530 no such username
Traceback (most recent call last):
  File "/home/runner/work/FS25LogsNew/FS25LogsNew/logs_analyzer.py", line 175, in download_logs
    ftp.login(FTP_USER, FTP_PASS)
  File "/opt/hostedtoolcache/Python/3.9.13/x64/lib/python3.9/ftplib.py", line 412, in login
    resp = self.sendcmd('USER ' + user)
  File "/opt/hostedtoolcache/Python/3.9.13/x64/lib/python3.9/ftplib.py", line 281, in sendcmd
    return self.getresp()
  File "/opt/hostedtoolcache/Python/3.9.13/x64/lib/python3.9/ftplib.py", line 254, in getresp
    raise error_perm(resp)
ftplib.error_perm: 530 no such username

2025-11-30 10:39:22.959948: Błąd FTP: 530 no such username
Traceback (most recent call last):
  File "/home/runner/work/FS25LogsNew/FS25LogsNew/logs_analyzer.py", line 175, in download_logs
    ftp.login(FTP_USER, FTP_PASS)
  File "/opt/hostedtoolcache/Python/3.9.13/x64/lib/python3.9/ftplib.py", line 412, in login
    resp = self.sendcmd('USER ' + user)
  File "/opt/hostedtoolcache/Python/3.9.13/x64/lib/python3.9/ftplib.py", line 281, in sendcmd
    return self.getresp()
  File "/opt/hostedtoolcache/Python/3.9.13/x64/lib/python3.9/ftplib.py", line 254, in getresp
    raise error_perm(resp)
ftplib.error_perm: 530 no such username

2025-11-30 11:18:12.554850: Błąd FTP: 530 no such username
Traceback (most recent call last):
  File "/home/runner/work/FS25LogsNew/FS25LogsNew/logs_analyzer.py", line 175, in download_logs
    ftp.login(FTP_USER, FTP_PASS)
  File "/opt/hostedtoolcache/Python/3.9.13/x64/lib/python3.9/ftplib.py", line 412, in login
    resp = self.sendcmd('USER ' + user)
  File "/opt/hostedtoolcache/Python/3.9.13/x64/lib/python3.9/ftplib.py", line 281, in sendcmd
    return self.getresp()
  File "/opt/hostedtoolcache/Python/3.9.13/x64/lib/python3.9/ftplib.py", line 254, in getresp
    raise error_perm(resp)
ftplib.error_perm: 530 no such username

2025-11-30 11:18:12.974761: Błąd FTP: 530 no such username
Traceback (most recent call last):
  File "/home/runner/work/FS25LogsNew/FS25LogsNew/logs_analyzer.py", line 175, in download_logs
    ftp.login(FTP_USER, FTP_PASS)
  File "/opt/hostedtoolcache/Python/3.9.13/x64/lib/python3.9/ftplib.py", line 412, in login
    resp = self.sendcmd('USER ' + user)
  File "/opt/hostedtoolcache/Python/3.9.13/x64/lib/python3.9/ftplib.py", line 281, in sendcmd
    return self.getresp()
  File "/opt/hostedtoolcache/Python/3.9.13/x64/lib/python3.9/ftplib.py", line 254, in getresp
    raise error_perm(resp)
ftplib.error_perm: 530 no such username

2025-11-30 11:18:13.396474: Błąd FTP: 530 no such username
Traceback (most recent call last):
  File "/home/runner/work/FS25LogsNew/FS25LogsNew/logs_analyzer.py", line 175, in download_logs
    ftp.login(FTP_USER, FTP_PASS)
  File "/opt/hostedtoolcache/Python/3.9.13/x64/lib/python3.9/ftplib.py", line 412, in login
    resp = self.sendcmd('USER ' + user)
  File "/opt/hostedtoolcache/Python/3.9.13/x64/lib/python3.9/ftplib.py", line 281, in sendcmd
    return self.getresp()
  File "/opt/hostedtoolcache/Python/3.9.13/x64/lib/python3.9/ftplib.py", line 254, in getresp
    raise error_perm(resp)
ftplib.error_perm: 530 no such username

2025-11-30 11:32:45.182843: Błąd FTP: 530 no such username
Traceback (most recent call last):
  File "/home/runner/work/FS25LogsNew/FS25LogsNew/logs_analyzer.py", line 175, in download_logs
    ftp.login(FTP_USER, FTP_PASS)
  File "/opt/hostedtoolcache/Python/3.9.13/x64/lib/python3.9/ftplib.py", line 412, in login
    resp = self.sendcmd('USER ' + user)
  File "/opt/hostedtoolcache/Python/3.9.13/x64/lib/python3.9/ftplib.py", line 281, in sendcmd
    return self.getresp()
  File "/opt/hostedtoolcache/Python/3.9.13/x64/lib/python3.9/ftplib.py", line 254, in getresp
    raise error_perm(resp)
ftplib.error_perm: 530 no such username

2025-11-30 11:32:45.800565: Błąd FTP: 530 no such username
Traceback (most recent call last):
  File "/home/runner/work/FS25LogsNew/FS25LogsNew/logs_analyzer.py", line 175, in download_logs
    ftp.login(FTP_USER, FTP_PASS)
  File "/opt/hostedtoolcache/Python/3.9.13/x64/lib/python3.9/ftplib.py", line 412, in login
    resp = self.sendcmd('USER ' + user)
  File "/opt/hostedtoolcache/Python/3.9.13/x64/lib/python3.9/ftplib.py", line 281, in sendcmd
    return self.getresp()
  File "/opt/hostedtoolcache/Python/3.9.13/x64/lib/python3.9/ftplib.py", line 254, in getresp
    raise error_perm(resp)
ftplib.error_perm: 530 no such username

2025-11-30 11:32:46.412765: Błąd FTP: 530 no such username
Traceback (most recent call last):
  File "/home/runner/work/FS25LogsNew/FS25LogsNew/logs_analyzer.py", line 175, in download_logs
    ftp.login(FTP_USER, FTP_PASS)
  File "/opt/hostedtoolcache/Python/3.9.13/x64/lib/python3.9/ftplib.py", line 412, in login
    resp = self.sendcmd('USER ' + user)
  File "/opt/hostedtoolcache/Python/3.9.13/x64/lib/python3.9/ftplib.py", line 281, in sendcmd
    return self.getresp()
  File "/opt/hostedtoolcache/Python/3.9.13/x64/lib/python3.9/ftplib.py", line 254, in getresp
    raise error_perm(resp)
ftplib.error_perm: 530 no such username

2025-11-30 12:42:48.364115: Błąd FTP: 530 no such username
Traceback (most recent call last):
  File "/home/runner/work/FS25LogsNew/FS25LogsNew/logs_analyzer.py", line 175, in download_logs
    ftp.login(FTP_USER, FTP_PASS)
  File "/opt/hostedtoolcache/Python/3.9.13/x64/lib/python3.9/ftplib.py", line 412, in login
    resp = self.sendcmd('USER ' + user)
  File "/opt/hostedtoolcache/Python/3.9.13/x64/lib/python3.9/ftplib.py", line 281, in sendcmd
    return self.getresp()
  File "/opt/hostedtoolcache/Python/3.9.13/x64/lib/python3.9/ftplib.py", line 254, in getresp
    raise error_perm(resp)
ftplib.error_perm: 530 no such username

2025-11-30 12:42:48.932818: Błąd FTP: 530 no such username
Traceback (most recent call last):
  File "/home/runner/work/FS25LogsNew/FS25LogsNew/logs_analyzer.py", line 175, in download_logs
    ftp.login(FTP_USER, FTP_PASS)
  File "/opt/hostedtoolcache/Python/3.9.13/x64/lib/python3.9/ftplib.py", line 412, in login
    resp = self.sendcmd('USER ' + user)
  File "/opt/hostedtoolcache/Python/3.9.13/x64/lib/python3.9/ftplib.py", line 281, in sendcmd
    return self.getresp()
  File "/opt/hostedtoolcache/Python/3.9.13/x64/lib/python3.9/ftplib.py", line 254, in getresp
    raise error_perm(resp)
ftplib.error_perm: 530 no such username

2025-11-30 12:42:49.501669: Błąd FTP: 530 no such username
Traceback (most recent call last):
  File "/home/runner/work/FS25LogsNew/FS25LogsNew/logs_analyzer.py", line 175, in download_logs
    ftp.login(FTP_USER, FTP_PASS)
  File "/opt/hostedtoolcache/Python/3.9.13/x64/lib/python3.9/ftplib.py", line 412, in login
    resp = self.sendcmd('USER ' + user)
  File "/opt/hostedtoolcache/Python/3.9.13/x64/lib/python3.9/ftplib.py", line 281, in sendcmd
    return self.getresp()
  File "/opt/hostedtoolcache/Python/3.9.13/x64/lib/python3.9/ftplib.py", line 254, in getresp
    raise error_perm(resp)
ftplib.error_perm: 530 no such username

2025-11-30 13:00:14.226365: Błąd FTP: 530 no such username
Traceback (most recent call last):
  File "/home/runner/work/FS25LogsNew/FS25LogsNew/logs_analyzer.py", line 175, in download_logs
    ftp.login(FTP_USER, FTP_PASS)
  File "/opt/hostedtoolcache/Python/3.9.13/x64/lib/python3.9/ftplib.py", line 412, in login
    resp = self.sendcmd('USER ' + user)
  File "/opt/hostedtoolcache/Python/3.9.13/x64/lib/python3.9/ftplib.py", line 281, in sendcmd
    return self.getresp()
  File "/opt/hostedtoolcache/Python/3.9.13/x64/lib/python3.9/ftplib.py", line 254, in getresp
    raise error_perm(resp)
ftplib.error_perm: 530 no such username

2025-11-30 13:00:14.767762: Błąd FTP: 530 no such username
Traceback (most recent call last):
  File "/home/runner/work/FS25LogsNew/FS25LogsNew/logs_analyzer.py", line 175, in download_logs
    ftp.login(FTP_USER, FTP_PASS)
  File "/opt/hostedtoolcache/Python/3.9.13/x64/lib/python3.9/ftplib.py", line 412, in login
    resp = self.sendcmd('USER ' + user)
  File "/opt/hostedtoolcache/Python/3.9.13/x64/lib/python3.9/ftplib.py", line 281, in sendcmd
    return self.getresp()
  File "/opt/hostedtoolcache/Python/3.9.13/x64/lib/python3.9/ftplib.py", line 254, in getresp
    raise error_perm(resp)
ftplib.error_perm: 530 no such username

2025-11-30 13:00:15.307775: Błąd FTP: 530 no such username
Traceback (most recent call last):
  File "/home/runner/work/FS25LogsNew/FS25LogsNew/logs_analyzer.py", line 175, in download_logs
    ftp.login(FTP_USER, FTP_PASS)
  File "/opt/hostedtoolcache/Python/3.9.13/x64/lib/python3.9/ftplib.py", line 412, in login
    resp = self.sendcmd('USER ' + user)
  File "/opt/hostedtoolcache/Python/3.9.13/x64/lib/python3.9/ftplib.py", line 281, in sendcmd
    return self.getresp()
  File "/opt/hostedtoolcache/Python/3.9.13/x64/lib/python3.9/ftplib.py", line 254, in getresp
    raise error_perm(resp)
ftplib.error_perm: 530 no such username

2025-11-30 13:28:49.389272: Błąd FTP: 530 no such username
Traceback (most recent call last):
  File "/home/runner/work/FS25LogsNew/FS25LogsNew/logs_analyzer.py", line 175, in download_logs
    ftp.login(FTP_USER, FTP_PASS)
  File "/opt/hostedtoolcache/Python/3.9.13/x64/lib/python3.9/ftplib.py", line 412, in login
    resp = self.sendcmd('USER ' + user)
  File "/opt/hostedtoolcache/Python/3.9.13/x64/lib/python3.9/ftplib.py", line 281, in sendcmd
    return self.getresp()
  File "/opt/hostedtoolcache/Python/3.9.13/x64/lib/python3.9/ftplib.py", line 254, in getresp
    raise error_perm(resp)
ftplib.error_perm: 530 no such username

2025-11-30 13:28:49.918485: Błąd FTP: 530 no such username
Traceback (most recent call last):
  File "/home/runner/work/FS25LogsNew/FS25LogsNew/logs_analyzer.py", line 175, in download_logs
    ftp.login(FTP_USER, FTP_PASS)
  File "/opt/hostedtoolcache/Python/3.9.13/x64/lib/python3.9/ftplib.py", line 412, in login
    resp = self.sendcmd('USER ' + user)
  File "/opt/hostedtoolcache/Python/3.9.13/x64/lib/python3.9/ftplib.py", line 281, in sendcmd
    return self.getresp()
  File "/opt/hostedtoolcache/Python/3.9.13/x64/lib/python3.9/ftplib.py", line 254, in getresp
    raise error_perm(resp)
ftplib.error_perm: 530 no such username

2025-11-30 13:28:50.459754: Błąd FTP: 530 no such username
Traceback (most recent call last):
  File "/home/runner/work/FS25LogsNew/FS25LogsNew/logs_analyzer.py", line 175, in download_logs
    ftp.login(FTP_USER, FTP_PASS)
  File "/opt/hostedtoolcache/Python/3.9.13/x64/lib/python3.9/ftplib.py", line 412, in login
    resp = self.sendcmd('USER ' + user)
  File "/opt/hostedtoolcache/Python/3.9.13/x64/lib/python3.9/ftplib.py", line 281, in sendcmd
    return self.getresp()
  File "/opt/hostedtoolcache/Python/3.9.13/x64/lib/python3.9/ftplib.py", line 254, in getresp
    raise error_perm(resp)
ftplib.error_perm: 530 no such username

2025-11-30 13:40:30.150714: Błąd FTP: 530 no such username
Traceback (most recent call last):
  File "/home/runner/work/FS25LogsNew/FS25LogsNew/logs_analyzer.py", line 175, in download_logs
    ftp.login(FTP_USER, FTP_PASS)
  File "/opt/hostedtoolcache/Python/3.9.13/x64/lib/python3.9/ftplib.py", line 412, in login
    resp = self.sendcmd('USER ' + user)
  File "/opt/hostedtoolcache/Python/3.9.13/x64/lib/python3.9/ftplib.py", line 281, in sendcmd
    return self.getresp()
  File "/opt/hostedtoolcache/Python/3.9.13/x64/lib/python3.9/ftplib.py", line 254, in getresp
    raise error_perm(resp)
ftplib.error_perm: 530 no such username

2025-11-30 13:40:30.574094: Błąd FTP: 530 no such username
Traceback (most recent call last):
  File "/home/runner/work/FS25LogsNew/FS25LogsNew/logs_analyzer.py", line 175, in download_logs
    ftp.login(FTP_USER, FTP_PASS)
  File "/opt/hostedtoolcache/Python/3.9.13/x64/lib/python3.9/ftplib.py", line 412, in login
    resp = self.sendcmd('USER ' + user)
  File "/opt/hostedtoolcache/Python/3.9.13/x64/lib/python3.9/ftplib.py", line 281, in sendcmd
    return self.getresp()
  File "/opt/hostedtoolcache/Python/3.9.13/x64/lib/python3.9/ftplib.py", line 254, in getresp
    raise error_perm(resp)
ftplib.error_perm: 530 no such username

2025-11-30 13:40:30.998413: Błąd FTP: 530 no such username
Traceback (most recent call last):
  File "/home/runner/work/FS25LogsNew/FS25LogsNew/logs_analyzer.py", line 175, in download_logs
    ftp.login(FTP_USER, FTP_PASS)
  File "/opt/hostedtoolcache/Python/3.9.13/x64/lib/python3.9/ftplib.py", line 412, in login
    resp = self.sendcmd('USER ' + user)
  File "/opt/hostedtoolcache/Python/3.9.13/x64/lib/python3.9/ftplib.py", line 281, in sendcmd
    return self.getresp()
  File "/opt/hostedtoolcache/Python/3.9.13/x64/lib/python3.9/ftplib.py", line 254, in getresp
    raise error_perm(resp)
ftplib.error_perm: 530 no such username

2025-11-30 14:20:27.096087: Błąd FTP: 530 no such username
Traceback (most recent call last):
  File "/home/runner/work/FS25LogsNew/FS25LogsNew/logs_analyzer.py", line 175, in download_logs
    ftp.login(FTP_USER, FTP_PASS)
  File "/opt/hostedtoolcache/Python/3.9.13/x64/lib/python3.9/ftplib.py", line 412, in login
    resp = self.sendcmd('USER ' + user)
  File "/opt/hostedtoolcache/Python/3.9.13/x64/lib/python3.9/ftplib.py", line 281, in sendcmd
    return self.getresp()
  File "/opt/hostedtoolcache/Python/3.9.13/x64/lib/python3.9/ftplib.py", line 254, in getresp
    raise error_perm(resp)
ftplib.error_perm: 530 no such username

2025-11-30 14:20:27.727544: Błąd FTP: 530 no such username
Traceback (most recent call last):
  File "/home/runner/work/FS25LogsNew/FS25LogsNew/logs_analyzer.py", line 175, in download_logs
    ftp.login(FTP_USER, FTP_PASS)
  File "/opt/hostedtoolcache/Python/3.9.13/x64/lib/python3.9/ftplib.py", line 412, in login
    resp = self.sendcmd('USER ' + user)
  File "/opt/hostedtoolcache/Python/3.9.13/x64/lib/python3.9/ftplib.py", line 281, in sendcmd
    return self.getresp()
  File "/opt/hostedtoolcache/Python/3.9.13/x64/lib/python3.9/ftplib.py", line 254, in getresp
    raise error_perm(resp)
ftplib.error_perm: 530 no such username

2025-11-30 14:20:28.342737: Błąd FTP: 530 no such username
Traceback (most recent call last):
  File "/home/runner/work/FS25LogsNew/FS25LogsNew/logs_analyzer.py", line 175, in download_logs
    ftp.login(FTP_USER, FTP_PASS)
  File "/opt/hostedtoolcache/Python/3.9.13/x64/lib/python3.9/ftplib.py", line 412, in login
    resp = self.sendcmd('USER ' + user)
  File "/opt/hostedtoolcache/Python/3.9.13/x64/lib/python3.9/ftplib.py", line 281, in sendcmd
    return self.getresp()
  File "/opt/hostedtoolcache/Python/3.9.13/x64/lib/python3.9/ftplib.py", line 254, in getresp
    raise error_perm(resp)
ftplib.error_perm: 530 no such username

2025-11-30 14:37:59.000829: Błąd FTP: 530 no such username
Traceback (most recent call last):
  File "/home/runner/work/FS25LogsNew/FS25LogsNew/logs_analyzer.py", line 175, in download_logs
    ftp.login(FTP_USER, FTP_PASS)
  File "/opt/hostedtoolcache/Python/3.9.13/x64/lib/python3.9/ftplib.py", line 412, in login
    resp = self.sendcmd('USER ' + user)
  File "/opt/hostedtoolcache/Python/3.9.13/x64/lib/python3.9/ftplib.py", line 281, in sendcmd
    return self.getresp()
  File "/opt/hostedtoolcache/Python/3.9.13/x64/lib/python3.9/ftplib.py", line 254, in getresp
    raise error_perm(resp)
ftplib.error_perm: 530 no such username

2025-11-30 14:37:59.619781: Błąd FTP: 530 no such username
Traceback (most recent call last):
  File "/home/runner/work/FS25LogsNew/FS25LogsNew/logs_analyzer.py", line 175, in download_logs
    ftp.login(FTP_USER, FTP_PASS)
  File "/opt/hostedtoolcache/Python/3.9.13/x64/lib/python3.9/ftplib.py", line 412, in login
    resp = self.sendcmd('USER ' + user)
  File "/opt/hostedtoolcache/Python/3.9.13/x64/lib/python3.9/ftplib.py", line 281, in sendcmd
    return self.getresp()
  File "/opt/hostedtoolcache/Python/3.9.13/x64/lib/python3.9/ftplib.py", line 254, in getresp
    raise error_perm(resp)
ftplib.error_perm: 530 no such username

2025-11-30 14:38:00.237076: Błąd FTP: 530 no such username
Traceback (most recent call last):
  File "/home/runner/work/FS25LogsNew/FS25LogsNew/logs_analyzer.py", line 175, in download_logs
    ftp.login(FTP_USER, FTP_PASS)
  File "/opt/hostedtoolcache/Python/3.9.13/x64/lib/python3.9/ftplib.py", line 412, in login
    resp = self.sendcmd('USER ' + user)
  File "/opt/hostedtoolcache/Python/3.9.13/x64/lib/python3.9/ftplib.py", line 281, in sendcmd
    return self.getresp()
  File "/opt/hostedtoolcache/Python/3.9.13/x64/lib/python3.9/ftplib.py", line 254, in getresp
    raise error_perm(resp)
ftplib.error_perm: 530 no such username

2025-11-30 15:21:02.374109: Błąd FTP: 530 no such username
Traceback (most recent call last):
  File "/home/runner/work/FS25LogsNew/FS25LogsNew/logs_analyzer.py", line 175, in download_logs
    ftp.login(FTP_USER, FTP_PASS)
  File "/opt/hostedtoolcache/Python/3.9.13/x64/lib/python3.9/ftplib.py", line 412, in login
    resp = self.sendcmd('USER ' + user)
  File "/opt/hostedtoolcache/Python/3.9.13/x64/lib/python3.9/ftplib.py", line 281, in sendcmd
    return self.getresp()
  File "/opt/hostedtoolcache/Python/3.9.13/x64/lib/python3.9/ftplib.py", line 254, in getresp
    raise error_perm(resp)
ftplib.error_perm: 530 no such username

2025-11-30 15:21:02.758206: Błąd FTP: 530 no such username
Traceback (most recent call last):
  File "/home/runner/work/FS25LogsNew/FS25LogsNew/logs_analyzer.py", line 175, in download_logs
    ftp.login(FTP_USER, FTP_PASS)
  File "/opt/hostedtoolcache/Python/3.9.13/x64/lib/python3.9/ftplib.py", line 412, in login
    resp = self.sendcmd('USER ' + user)
  File "/opt/hostedtoolcache/Python/3.9.13/x64/lib/python3.9/ftplib.py", line 281, in sendcmd
    return self.getresp()
  File "/opt/hostedtoolcache/Python/3.9.13/x64/lib/python3.9/ftplib.py", line 254, in getresp
    raise error_perm(resp)
ftplib.error_perm: 530 no such username

2025-11-30 15:21:03.159022: Błąd FTP: 530 no such username
Traceback (most recent call last):
  File "/home/runner/work/FS25LogsNew/FS25LogsNew/logs_analyzer.py", line 175, in download_logs
    ftp.login(FTP_USER, FTP_PASS)
  File "/opt/hostedtoolcache/Python/3.9.13/x64/lib/python3.9/ftplib.py", line 412, in login
    resp = self.sendcmd('USER ' + user)
  File "/opt/hostedtoolcache/Python/3.9.13/x64/lib/python3.9/ftplib.py", line 281, in sendcmd
    return self.getresp()
  File "/opt/hostedtoolcache/Python/3.9.13/x64/lib/python3.9/ftplib.py", line 254, in getresp
    raise error_perm(resp)
ftplib.error_perm: 530 no such username

2025-11-30 15:35:09.233586: Błąd FTP: 530 no such username
Traceback (most recent call last):
  File "/home/runner/work/FS25LogsNew/FS25LogsNew/logs_analyzer.py", line 175, in download_logs
    ftp.login(FTP_USER, FTP_PASS)
  File "/opt/hostedtoolcache/Python/3.9.13/x64/lib/python3.9/ftplib.py", line 412, in login
    resp = self.sendcmd('USER ' + user)
  File "/opt/hostedtoolcache/Python/3.9.13/x64/lib/python3.9/ftplib.py", line 281, in sendcmd
    return self.getresp()
  File "/opt/hostedtoolcache/Python/3.9.13/x64/lib/python3.9/ftplib.py", line 254, in getresp
    raise error_perm(resp)
ftplib.error_perm: 530 no such username

2025-11-30 15:35:09.594422: Błąd FTP: 530 no such username
Traceback (most recent call last):
  File "/home/runner/work/FS25LogsNew/FS25LogsNew/logs_analyzer.py", line 175, in download_logs
    ftp.login(FTP_USER, FTP_PASS)
  File "/opt/hostedtoolcache/Python/3.9.13/x64/lib/python3.9/ftplib.py", line 412, in login
    resp = self.sendcmd('USER ' + user)
  File "/opt/hostedtoolcache/Python/3.9.13/x64/lib/python3.9/ftplib.py", line 281, in sendcmd
    return self.getresp()
  File "/opt/hostedtoolcache/Python/3.9.13/x64/lib/python3.9/ftplib.py", line 254, in getresp
    raise error_perm(resp)
ftplib.error_perm: 530 no such username

2025-11-30 15:35:09.977810: Błąd FTP: 530 no such username
Traceback (most recent call last):
  File "/home/runner/work/FS25LogsNew/FS25LogsNew/logs_analyzer.py", line 175, in download_logs
    ftp.login(FTP_USER, FTP_PASS)
  File "/opt/hostedtoolcache/Python/3.9.13/x64/lib/python3.9/ftplib.py", line 412, in login
    resp = self.sendcmd('USER ' + user)
  File "/opt/hostedtoolcache/Python/3.9.13/x64/lib/python3.9/ftplib.py", line 281, in sendcmd
    return self.getresp()
  File "/opt/hostedtoolcache/Python/3.9.13/x64/lib/python3.9/ftplib.py", line 254, in getresp
    raise error_perm(resp)
ftplib.error_perm: 530 no such username

2025-11-30 16:27:21.883813: Błąd FTP: 530 no such username
Traceback (most recent call last):
  File "/home/runner/work/FS25LogsNew/FS25LogsNew/logs_analyzer.py", line 175, in download_logs
    ftp.login(FTP_USER, FTP_PASS)
  File "/opt/hostedtoolcache/Python/3.9.13/x64/lib/python3.9/ftplib.py", line 412, in login
    resp = self.sendcmd('USER ' + user)
  File "/opt/hostedtoolcache/Python/3.9.13/x64/lib/python3.9/ftplib.py", line 281, in sendcmd
    return self.getresp()
  File "/opt/hostedtoolcache/Python/3.9.13/x64/lib/python3.9/ftplib.py", line 254, in getresp
    raise error_perm(resp)
ftplib.error_perm: 530 no such username

2025-11-30 16:27:22.320030: Błąd FTP: 530 no such username
Traceback (most recent call last):
  File "/home/runner/work/FS25LogsNew/FS25LogsNew/logs_analyzer.py", line 175, in download_logs
    ftp.login(FTP_USER, FTP_PASS)
  File "/opt/hostedtoolcache/Python/3.9.13/x64/lib/python3.9/ftplib.py", line 412, in login
    resp = self.sendcmd('USER ' + user)
  File "/opt/hostedtoolcache/Python/3.9.13/x64/lib/python3.9/ftplib.py", line 281, in sendcmd
    return self.getresp()
  File "/opt/hostedtoolcache/Python/3.9.13/x64/lib/python3.9/ftplib.py", line 254, in getresp
    raise error_perm(resp)
ftplib.error_perm: 530 no such username

2025-11-30 16:27:22.754312: Błąd FTP: 530 no such username
Traceback (most recent call last):
  File "/home/runner/work/FS25LogsNew/FS25LogsNew/logs_analyzer.py", line 175, in download_logs
    ftp.login(FTP_USER, FTP_PASS)
  File "/opt/hostedtoolcache/Python/3.9.13/x64/lib/python3.9/ftplib.py", line 412, in login
    resp = self.sendcmd('USER ' + user)
  File "/opt/hostedtoolcache/Python/3.9.13/x64/lib/python3.9/ftplib.py", line 281, in sendcmd
    return self.getresp()
  File "/opt/hostedtoolcache/Python/3.9.13/x64/lib/python3.9/ftplib.py", line 254, in getresp
    raise error_perm(resp)
ftplib.error_perm: 530 no such username

2025-11-30 16:42:56.664070: Błąd FTP: 530 no such username
Traceback (most recent call last):
  File "/home/runner/work/FS25LogsNew/FS25LogsNew/logs_analyzer.py", line 175, in download_logs
    ftp.login(FTP_USER, FTP_PASS)
  File "/opt/hostedtoolcache/Python/3.9.13/x64/lib/python3.9/ftplib.py", line 412, in login
    resp = self.sendcmd('USER ' + user)
  File "/opt/hostedtoolcache/Python/3.9.13/x64/lib/python3.9/ftplib.py", line 281, in sendcmd
    return self.getresp()
  File "/opt/hostedtoolcache/Python/3.9.13/x64/lib/python3.9/ftplib.py", line 254, in getresp
    raise error_perm(resp)
ftplib.error_perm: 530 no such username

2025-11-30 16:42:57.284896: Błąd FTP: 530 no such username
Traceback (most recent call last):
  File "/home/runner/work/FS25LogsNew/FS25LogsNew/logs_analyzer.py", line 175, in download_logs
    ftp.login(FTP_USER, FTP_PASS)
  File "/opt/hostedtoolcache/Python/3.9.13/x64/lib/python3.9/ftplib.py", line 412, in login
    resp = self.sendcmd('USER ' + user)
  File "/opt/hostedtoolcache/Python/3.9.13/x64/lib/python3.9/ftplib.py", line 281, in sendcmd
    return self.getresp()
  File "/opt/hostedtoolcache/Python/3.9.13/x64/lib/python3.9/ftplib.py", line 254, in getresp
    raise error_perm(resp)
ftplib.error_perm: 530 no such username

2025-11-30 16:42:57.901734: Błąd FTP: 530 no such username
Traceback (most recent call last):
  File "/home/runner/work/FS25LogsNew/FS25LogsNew/logs_analyzer.py", line 175, in download_logs
    ftp.login(FTP_USER, FTP_PASS)
  File "/opt/hostedtoolcache/Python/3.9.13/x64/lib/python3.9/ftplib.py", line 412, in login
    resp = self.sendcmd('USER ' + user)
  File "/opt/hostedtoolcache/Python/3.9.13/x64/lib/python3.9/ftplib.py", line 281, in sendcmd
    return self.getresp()
  File "/opt/hostedtoolcache/Python/3.9.13/x64/lib/python3.9/ftplib.py", line 254, in getresp
    raise error_perm(resp)
ftplib.error_perm: 530 no such username

2025-11-30 17:19:30.049900: Błąd FTP: 530 no such username
Traceback (most recent call last):
  File "/home/runner/work/FS25LogsNew/FS25LogsNew/logs_analyzer.py", line 175, in download_logs
    ftp.login(FTP_USER, FTP_PASS)
  File "/opt/hostedtoolcache/Python/3.9.13/x64/lib/python3.9/ftplib.py", line 412, in login
    resp = self.sendcmd('USER ' + user)
  File "/opt/hostedtoolcache/Python/3.9.13/x64/lib/python3.9/ftplib.py", line 281, in sendcmd
    return self.getresp()
  File "/opt/hostedtoolcache/Python/3.9.13/x64/lib/python3.9/ftplib.py", line 254, in getresp
    raise error_perm(resp)
ftplib.error_perm: 530 no such username

2025-11-30 17:19:30.667166: Błąd FTP: 530 no such username
Traceback (most recent call last):
  File "/home/runner/work/FS25LogsNew/FS25LogsNew/logs_analyzer.py", line 175, in download_logs
    ftp.login(FTP_USER, FTP_PASS)
  File "/opt/hostedtoolcache/Python/3.9.13/x64/lib/python3.9/ftplib.py", line 412, in login
    resp = self.sendcmd('USER ' + user)
  File "/opt/hostedtoolcache/Python/3.9.13/x64/lib/python3.9/ftplib.py", line 281, in sendcmd
    return self.getresp()
  File "/opt/hostedtoolcache/Python/3.9.13/x64/lib/python3.9/ftplib.py", line 254, in getresp
    raise error_perm(resp)
ftplib.error_perm: 530 no such username

2025-11-30 17:19:31.285118: Błąd FTP: 530 no such username
Traceback (most recent call last):
  File "/home/runner/work/FS25LogsNew/FS25LogsNew/logs_analyzer.py", line 175, in download_logs
    ftp.login(FTP_USER, FTP_PASS)
  File "/opt/hostedtoolcache/Python/3.9.13/x64/lib/python3.9/ftplib.py", line 412, in login
    resp = self.sendcmd('USER ' + user)
  File "/opt/hostedtoolcache/Python/3.9.13/x64/lib/python3.9/ftplib.py", line 281, in sendcmd
    return self.getresp()
  File "/opt/hostedtoolcache/Python/3.9.13/x64/lib/python3.9/ftplib.py", line 254, in getresp
    raise error_perm(resp)
ftplib.error_perm: 530 no such username

2025-11-30 17:36:52.565591: Błąd FTP: 530 no such username
Traceback (most recent call last):
  File "/home/runner/work/FS25LogsNew/FS25LogsNew/logs_analyzer.py", line 175, in download_logs
    ftp.login(FTP_USER, FTP_PASS)
  File "/opt/hostedtoolcache/Python/3.9.13/x64/lib/python3.9/ftplib.py", line 412, in login
    resp = self.sendcmd('USER ' + user)
  File "/opt/hostedtoolcache/Python/3.9.13/x64/lib/python3.9/ftplib.py", line 281, in sendcmd
    return self.getresp()
  File "/opt/hostedtoolcache/Python/3.9.13/x64/lib/python3.9/ftplib.py", line 254, in getresp
    raise error_perm(resp)
ftplib.error_perm: 530 no such username

2025-11-30 17:36:52.926065: Błąd FTP: 530 no such username
Traceback (most recent call last):
  File "/home/runner/work/FS25LogsNew/FS25LogsNew/logs_analyzer.py", line 175, in download_logs
    ftp.login(FTP_USER, FTP_PASS)
  File "/opt/hostedtoolcache/Python/3.9.13/x64/lib/python3.9/ftplib.py", line 412, in login
    resp = self.sendcmd('USER ' + user)
  File "/opt/hostedtoolcache/Python/3.9.13/x64/lib/python3.9/ftplib.py", line 281, in sendcmd
    return self.getresp()
  File "/opt/hostedtoolcache/Python/3.9.13/x64/lib/python3.9/ftplib.py", line 254, in getresp
    raise error_perm(resp)
ftplib.error_perm: 530 no such username

2025-11-30 17:36:53.327353: Błąd FTP: 530 no such username
Traceback (most recent call last):
  File "/home/runner/work/FS25LogsNew/FS25LogsNew/logs_analyzer.py", line 175, in download_logs
    ftp.login(FTP_USER, FTP_PASS)
  File "/opt/hostedtoolcache/Python/3.9.13/x64/lib/python3.9/ftplib.py", line 412, in login
    resp = self.sendcmd('USER ' + user)
  File "/opt/hostedtoolcache/Python/3.9.13/x64/lib/python3.9/ftplib.py", line 281, in sendcmd
    return self.getresp()
  File "/opt/hostedtoolcache/Python/3.9.13/x64/lib/python3.9/ftplib.py", line 254, in getresp
    raise error_perm(resp)
ftplib.error_perm: 530 no such username

2025-11-30 18:31:22.153458: Błąd FTP: 530 no such username
Traceback (most recent call last):
  File "/home/runner/work/FS25LogsNew/FS25LogsNew/logs_analyzer.py", line 175, in download_logs
    ftp.login(FTP_USER, FTP_PASS)
  File "/opt/hostedtoolcache/Python/3.9.13/x64/lib/python3.9/ftplib.py", line 412, in login
    resp = self.sendcmd('USER ' + user)
  File "/opt/hostedtoolcache/Python/3.9.13/x64/lib/python3.9/ftplib.py", line 281, in sendcmd
    return self.getresp()
  File "/opt/hostedtoolcache/Python/3.9.13/x64/lib/python3.9/ftplib.py", line 254, in getresp
    raise error_perm(resp)
ftplib.error_perm: 530 no such username

2025-11-30 18:31:22.772017: Błąd FTP: 530 no such username
Traceback (most recent call last):
  File "/home/runner/work/FS25LogsNew/FS25LogsNew/logs_analyzer.py", line 175, in download_logs
    ftp.login(FTP_USER, FTP_PASS)
  File "/opt/hostedtoolcache/Python/3.9.13/x64/lib/python3.9/ftplib.py", line 412, in login
    resp = self.sendcmd('USER ' + user)
  File "/opt/hostedtoolcache/Python/3.9.13/x64/lib/python3.9/ftplib.py", line 281, in sendcmd
    return self.getresp()
  File "/opt/hostedtoolcache/Python/3.9.13/x64/lib/python3.9/ftplib.py", line 254, in getresp
    raise error_perm(resp)
ftplib.error_perm: 530 no such username

2025-11-30 18:31:23.402920: Błąd FTP: 530 no such username
Traceback (most recent call last):
  File "/home/runner/work/FS25LogsNew/FS25LogsNew/logs_analyzer.py", line 175, in download_logs
    ftp.login(FTP_USER, FTP_PASS)
  File "/opt/hostedtoolcache/Python/3.9.13/x64/lib/python3.9/ftplib.py", line 412, in login
    resp = self.sendcmd('USER ' + user)
  File "/opt/hostedtoolcache/Python/3.9.13/x64/lib/python3.9/ftplib.py", line 281, in sendcmd
    return self.getresp()
  File "/opt/hostedtoolcache/Python/3.9.13/x64/lib/python3.9/ftplib.py", line 254, in getresp
    raise error_perm(resp)
ftplib.error_perm: 530 no such username

2025-11-30 18:45:34.178875: Błąd FTP: 530 no such username
Traceback (most recent call last):
  File "/home/runner/work/FS25LogsNew/FS25LogsNew/logs_analyzer.py", line 175, in download_logs
    ftp.login(FTP_USER, FTP_PASS)
  File "/opt/hostedtoolcache/Python/3.9.13/x64/lib/python3.9/ftplib.py", line 412, in login
    resp = self.sendcmd('USER ' + user)
  File "/opt/hostedtoolcache/Python/3.9.13/x64/lib/python3.9/ftplib.py", line 281, in sendcmd
    return self.getresp()
  File "/opt/hostedtoolcache/Python/3.9.13/x64/lib/python3.9/ftplib.py", line 254, in getresp
    raise error_perm(resp)
ftplib.error_perm: 530 no such username

2025-11-30 18:45:34.747236: Błąd FTP: 530 no such username
Traceback (most recent call last):
  File "/home/runner/work/FS25LogsNew/FS25LogsNew/logs_analyzer.py", line 175, in download_logs
    ftp.login(FTP_USER, FTP_PASS)
  File "/opt/hostedtoolcache/Python/3.9.13/x64/lib/python3.9/ftplib.py", line 412, in login
    resp = self.sendcmd('USER ' + user)
  File "/opt/hostedtoolcache/Python/3.9.13/x64/lib/python3.9/ftplib.py", line 281, in sendcmd
    return self.getresp()
  File "/opt/hostedtoolcache/Python/3.9.13/x64/lib/python3.9/ftplib.py", line 254, in getresp
    raise error_perm(resp)
ftplib.error_perm: 530 no such username

2025-11-30 18:45:35.316991: Błąd FTP: 530 no such username
Traceback (most recent call last):
  File "/home/runner/work/FS25LogsNew/FS25LogsNew/logs_analyzer.py", line 175, in download_logs
    ftp.login(FTP_USER, FTP_PASS)
  File "/opt/hostedtoolcache/Python/3.9.13/x64/lib/python3.9/ftplib.py", line 412, in login
    resp = self.sendcmd('USER ' + user)
  File "/opt/hostedtoolcache/Python/3.9.13/x64/lib/python3.9/ftplib.py", line 281, in sendcmd
    return self.getresp()
  File "/opt/hostedtoolcache/Python/3.9.13/x64/lib/python3.9/ftplib.py", line 254, in getresp
    raise error_perm(resp)
ftplib.error_perm: 530 no such username

2025-11-30 19:18:31.497325: Błąd FTP: 530 no such username
Traceback (most recent call last):
  File "/home/runner/work/FS25LogsNew/FS25LogsNew/logs_analyzer.py", line 175, in download_logs
    ftp.login(FTP_USER, FTP_PASS)
  File "/opt/hostedtoolcache/Python/3.9.13/x64/lib/python3.9/ftplib.py", line 412, in login
    resp = self.sendcmd('USER ' + user)
  File "/opt/hostedtoolcache/Python/3.9.13/x64/lib/python3.9/ftplib.py", line 281, in sendcmd
    return self.getresp()
  File "/opt/hostedtoolcache/Python/3.9.13/x64/lib/python3.9/ftplib.py", line 254, in getresp
    raise error_perm(resp)
ftplib.error_perm: 530 no such username

2025-11-30 19:18:31.857880: Błąd FTP: 530 no such username
Traceback (most recent call last):
  File "/home/runner/work/FS25LogsNew/FS25LogsNew/logs_analyzer.py", line 175, in download_logs
    ftp.login(FTP_USER, FTP_PASS)
  File "/opt/hostedtoolcache/Python/3.9.13/x64/lib/python3.9/ftplib.py", line 412, in login
    resp = self.sendcmd('USER ' + user)
  File "/opt/hostedtoolcache/Python/3.9.13/x64/lib/python3.9/ftplib.py", line 281, in sendcmd
    return self.getresp()
  File "/opt/hostedtoolcache/Python/3.9.13/x64/lib/python3.9/ftplib.py", line 254, in getresp
    raise error_perm(resp)
ftplib.error_perm: 530 no such username

2025-11-30 19:18:32.217738: Błąd FTP: 530 no such username
Traceback (most recent call last):
  File "/home/runner/work/FS25LogsNew/FS25LogsNew/logs_analyzer.py", line 175, in download_logs
    ftp.login(FTP_USER, FTP_PASS)
  File "/opt/hostedtoolcache/Python/3.9.13/x64/lib/python3.9/ftplib.py", line 412, in login
    resp = self.sendcmd('USER ' + user)
  File "/opt/hostedtoolcache/Python/3.9.13/x64/lib/python3.9/ftplib.py", line 281, in sendcmd
    return self.getresp()
  File "/opt/hostedtoolcache/Python/3.9.13/x64/lib/python3.9/ftplib.py", line 254, in getresp
    raise error_perm(resp)
ftplib.error_perm: 530 no such username

2025-11-30 19:32:29.821508: Błąd FTP: 530 no such username
Traceback (most recent call last):
  File "/home/runner/work/FS25LogsNew/FS25LogsNew/logs_analyzer.py", line 175, in download_logs
    ftp.login(FTP_USER, FTP_PASS)
  File "/opt/hostedtoolcache/Python/3.9.13/x64/lib/python3.9/ftplib.py", line 412, in login
    resp = self.sendcmd('USER ' + user)
  File "/opt/hostedtoolcache/Python/3.9.13/x64/lib/python3.9/ftplib.py", line 281, in sendcmd
    return self.getresp()
  File "/opt/hostedtoolcache/Python/3.9.13/x64/lib/python3.9/ftplib.py", line 254, in getresp
    raise error_perm(resp)
ftplib.error_perm: 530 no such username

2025-11-30 19:32:30.244033: Błąd FTP: 530 no such username
Traceback (most recent call last):
  File "/home/runner/work/FS25LogsNew/FS25LogsNew/logs_analyzer.py", line 175, in download_logs
    ftp.login(FTP_USER, FTP_PASS)
  File "/opt/hostedtoolcache/Python/3.9.13/x64/lib/python3.9/ftplib.py", line 412, in login
    resp = self.sendcmd('USER ' + user)
  File "/opt/hostedtoolcache/Python/3.9.13/x64/lib/python3.9/ftplib.py", line 281, in sendcmd
    return self.getresp()
  File "/opt/hostedtoolcache/Python/3.9.13/x64/lib/python3.9/ftplib.py", line 254, in getresp
    raise error_perm(resp)
ftplib.error_perm: 530 no such username

2025-11-30 19:32:30.661822: Błąd FTP: 530 no such username
Traceback (most recent call last):
  File "/home/runner/work/FS25LogsNew/FS25LogsNew/logs_analyzer.py", line 175, in download_logs
    ftp.login(FTP_USER, FTP_PASS)
  File "/opt/hostedtoolcache/Python/3.9.13/x64/lib/python3.9/ftplib.py", line 412, in login
    resp = self.sendcmd('USER ' + user)
  File "/opt/hostedtoolcache/Python/3.9.13/x64/lib/python3.9/ftplib.py", line 281, in sendcmd
    return self.getresp()
  File "/opt/hostedtoolcache/Python/3.9.13/x64/lib/python3.9/ftplib.py", line 254, in getresp
    raise error_perm(resp)
ftplib.error_perm: 530 no such username

2025-11-30 20:25:26.881451: Błąd FTP: 530 no such username
Traceback (most recent call last):
  File "/home/runner/work/FS25LogsNew/FS25LogsNew/logs_analyzer.py", line 175, in download_logs
    ftp.login(FTP_USER, FTP_PASS)
  File "/opt/hostedtoolcache/Python/3.9.13/x64/lib/python3.9/ftplib.py", line 412, in login
    resp = self.sendcmd('USER ' + user)
  File "/opt/hostedtoolcache/Python/3.9.13/x64/lib/python3.9/ftplib.py", line 281, in sendcmd
    return self.getresp()
  File "/opt/hostedtoolcache/Python/3.9.13/x64/lib/python3.9/ftplib.py", line 254, in getresp
    raise error_perm(resp)
ftplib.error_perm: 530 no such username

2025-11-30 20:25:27.500164: Błąd FTP: 530 no such username
Traceback (most recent call last):
  File "/home/runner/work/FS25LogsNew/FS25LogsNew/logs_analyzer.py", line 175, in download_logs
    ftp.login(FTP_USER, FTP_PASS)
  File "/opt/hostedtoolcache/Python/3.9.13/x64/lib/python3.9/ftplib.py", line 412, in login
    resp = self.sendcmd('USER ' + user)
  File "/opt/hostedtoolcache/Python/3.9.13/x64/lib/python3.9/ftplib.py", line 281, in sendcmd
    return self.getresp()
  File "/opt/hostedtoolcache/Python/3.9.13/x64/lib/python3.9/ftplib.py", line 254, in getresp
    raise error_perm(resp)
ftplib.error_perm: 530 no such username

2025-11-30 20:25:28.116596: Błąd FTP: 530 no such username
Traceback (most recent call last):
  File "/home/runner/work/FS25LogsNew/FS25LogsNew/logs_analyzer.py", line 175, in download_logs
    ftp.login(FTP_USER, FTP_PASS)
  File "/opt/hostedtoolcache/Python/3.9.13/x64/lib/python3.9/ftplib.py", line 412, in login
    resp = self.sendcmd('USER ' + user)
  File "/opt/hostedtoolcache/Python/3.9.13/x64/lib/python3.9/ftplib.py", line 281, in sendcmd
    return self.getresp()
  File "/opt/hostedtoolcache/Python/3.9.13/x64/lib/python3.9/ftplib.py", line 254, in getresp
    raise error_perm(resp)
ftplib.error_perm: 530 no such username

2025-11-30 20:39:10.678289: Błąd FTP: 530 no such username
Traceback (most recent call last):
  File "/home/runner/work/FS25LogsNew/FS25LogsNew/logs_analyzer.py", line 175, in download_logs
    ftp.login(FTP_USER, FTP_PASS)
  File "/opt/hostedtoolcache/Python/3.9.13/x64/lib/python3.9/ftplib.py", line 412, in login
    resp = self.sendcmd('USER ' + user)
  File "/opt/hostedtoolcache/Python/3.9.13/x64/lib/python3.9/ftplib.py", line 281, in sendcmd
    return self.getresp()
  File "/opt/hostedtoolcache/Python/3.9.13/x64/lib/python3.9/ftplib.py", line 254, in getresp
    raise error_perm(resp)
ftplib.error_perm: 530 no such username

2025-11-30 20:39:11.061740: Błąd FTP: 530 no such username
Traceback (most recent call last):
  File "/home/runner/work/FS25LogsNew/FS25LogsNew/logs_analyzer.py", line 175, in download_logs
    ftp.login(FTP_USER, FTP_PASS)
  File "/opt/hostedtoolcache/Python/3.9.13/x64/lib/python3.9/ftplib.py", line 412, in login
    resp = self.sendcmd('USER ' + user)
  File "/opt/hostedtoolcache/Python/3.9.13/x64/lib/python3.9/ftplib.py", line 281, in sendcmd
    return self.getresp()
  File "/opt/hostedtoolcache/Python/3.9.13/x64/lib/python3.9/ftplib.py", line 254, in getresp
    raise error_perm(resp)
ftplib.error_perm: 530 no such username

2025-11-30 20:39:11.457398: Błąd FTP: 530 no such username
Traceback (most recent call last):
  File "/home/runner/work/FS25LogsNew/FS25LogsNew/logs_analyzer.py", line 175, in download_logs
    ftp.login(FTP_USER, FTP_PASS)
  File "/opt/hostedtoolcache/Python/3.9.13/x64/lib/python3.9/ftplib.py", line 412, in login
    resp = self.sendcmd('USER ' + user)
  File "/opt/hostedtoolcache/Python/3.9.13/x64/lib/python3.9/ftplib.py", line 281, in sendcmd
    return self.getresp()
  File "/opt/hostedtoolcache/Python/3.9.13/x64/lib/python3.9/ftplib.py", line 254, in getresp
    raise error_perm(resp)
ftplib.error_perm: 530 no such username

2025-11-30 21:20:32.046502: Błąd FTP: 530 no such username
Traceback (most recent call last):
  File "/home/runner/work/FS25LogsNew/FS25LogsNew/logs_analyzer.py", line 175, in download_logs
    ftp.login(FTP_USER, FTP_PASS)
  File "/opt/hostedtoolcache/Python/3.9.13/x64/lib/python3.9/ftplib.py", line 412, in login
    resp = self.sendcmd('USER ' + user)
  File "/opt/hostedtoolcache/Python/3.9.13/x64/lib/python3.9/ftplib.py", line 281, in sendcmd
    return self.getresp()
  File "/opt/hostedtoolcache/Python/3.9.13/x64/lib/python3.9/ftplib.py", line 254, in getresp
    raise error_perm(resp)
ftplib.error_perm: 530 no such username

2025-11-30 21:20:32.406818: Błąd FTP: 530 no such username
Traceback (most recent call last):
  File "/home/runner/work/FS25LogsNew/FS25LogsNew/logs_analyzer.py", line 175, in download_logs
    ftp.login(FTP_USER, FTP_PASS)
  File "/opt/hostedtoolcache/Python/3.9.13/x64/lib/python3.9/ftplib.py", line 412, in login
    resp = self.sendcmd('USER ' + user)
  File "/opt/hostedtoolcache/Python/3.9.13/x64/lib/python3.9/ftplib.py", line 281, in sendcmd
    return self.getresp()
  File "/opt/hostedtoolcache/Python/3.9.13/x64/lib/python3.9/ftplib.py", line 254, in getresp
    raise error_perm(resp)
ftplib.error_perm: 530 no such username

2025-11-30 21:20:32.789144: Błąd FTP: 530 no such username
Traceback (most recent call last):
  File "/home/runner/work/FS25LogsNew/FS25LogsNew/logs_analyzer.py", line 175, in download_logs
    ftp.login(FTP_USER, FTP_PASS)
  File "/opt/hostedtoolcache/Python/3.9.13/x64/lib/python3.9/ftplib.py", line 412, in login
    resp = self.sendcmd('USER ' + user)
  File "/opt/hostedtoolcache/Python/3.9.13/x64/lib/python3.9/ftplib.py", line 281, in sendcmd
    return self.getresp()
  File "/opt/hostedtoolcache/Python/3.9.13/x64/lib/python3.9/ftplib.py", line 254, in getresp
    raise error_perm(resp)
ftplib.error_perm: 530 no such username

2025-11-30 21:33:53.972974: Błąd FTP: 530 no such username
Traceback (most recent call last):
  File "/home/runner/work/FS25LogsNew/FS25LogsNew/logs_analyzer.py", line 175, in download_logs
    ftp.login(FTP_USER, FTP_PASS)
  File "/opt/hostedtoolcache/Python/3.9.13/x64/lib/python3.9/ftplib.py", line 412, in login
    resp = self.sendcmd('USER ' + user)
  File "/opt/hostedtoolcache/Python/3.9.13/x64/lib/python3.9/ftplib.py", line 281, in sendcmd
    return self.getresp()
  File "/opt/hostedtoolcache/Python/3.9.13/x64/lib/python3.9/ftplib.py", line 254, in getresp
    raise error_perm(resp)
ftplib.error_perm: 530 no such username

2025-11-30 21:33:54.376139: Błąd FTP: 530 no such username
Traceback (most recent call last):
  File "/home/runner/work/FS25LogsNew/FS25LogsNew/logs_analyzer.py", line 175, in download_logs
    ftp.login(FTP_USER, FTP_PASS)
  File "/opt/hostedtoolcache/Python/3.9.13/x64/lib/python3.9/ftplib.py", line 412, in login
    resp = self.sendcmd('USER ' + user)
  File "/opt/hostedtoolcache/Python/3.9.13/x64/lib/python3.9/ftplib.py", line 281, in sendcmd
    return self.getresp()
  File "/opt/hostedtoolcache/Python/3.9.13/x64/lib/python3.9/ftplib.py", line 254, in getresp
    raise error_perm(resp)
ftplib.error_perm: 530 no such username

2025-11-30 21:33:54.736219: Błąd FTP: 530 no such username
Traceback (most recent call last):
  File "/home/runner/work/FS25LogsNew/FS25LogsNew/logs_analyzer.py", line 175, in download_logs
    ftp.login(FTP_USER, FTP_PASS)
  File "/opt/hostedtoolcache/Python/3.9.13/x64/lib/python3.9/ftplib.py", line 412, in login
    resp = self.sendcmd('USER ' + user)
  File "/opt/hostedtoolcache/Python/3.9.13/x64/lib/python3.9/ftplib.py", line 281, in sendcmd
    return self.getresp()
  File "/opt/hostedtoolcache/Python/3.9.13/x64/lib/python3.9/ftplib.py", line 254, in getresp
    raise error_perm(resp)
ftplib.error_perm: 530 no such username

2025-11-30 22:21:53.862165: Błąd FTP: 530 no such username
Traceback (most recent call last):
  File "/home/runner/work/FS25LogsNew/FS25LogsNew/logs_analyzer.py", line 175, in download_logs
    ftp.login(FTP_USER, FTP_PASS)
  File "/opt/hostedtoolcache/Python/3.9.13/x64/lib/python3.9/ftplib.py", line 412, in login
    resp = self.sendcmd('USER ' + user)
  File "/opt/hostedtoolcache/Python/3.9.13/x64/lib/python3.9/ftplib.py", line 281, in sendcmd
    return self.getresp()
  File "/opt/hostedtoolcache/Python/3.9.13/x64/lib/python3.9/ftplib.py", line 254, in getresp
    raise error_perm(resp)
ftplib.error_perm: 530 no such username

2025-11-30 22:21:54.282156: Błąd FTP: 530 no such username
Traceback (most recent call last):
  File "/home/runner/work/FS25LogsNew/FS25LogsNew/logs_analyzer.py", line 175, in download_logs
    ftp.login(FTP_USER, FTP_PASS)
  File "/opt/hostedtoolcache/Python/3.9.13/x64/lib/python3.9/ftplib.py", line 412, in login
    resp = self.sendcmd('USER ' + user)
  File "/opt/hostedtoolcache/Python/3.9.13/x64/lib/python3.9/ftplib.py", line 281, in sendcmd
    return self.getresp()
  File "/opt/hostedtoolcache/Python/3.9.13/x64/lib/python3.9/ftplib.py", line 254, in getresp
    raise error_perm(resp)
ftplib.error_perm: 530 no such username

2025-11-30 22:21:54.739265: Błąd FTP: 530 no such username
Traceback (most recent call last):
  File "/home/runner/work/FS25LogsNew/FS25LogsNew/logs_analyzer.py", line 175, in download_logs
    ftp.login(FTP_USER, FTP_PASS)
  File "/opt/hostedtoolcache/Python/3.9.13/x64/lib/python3.9/ftplib.py", line 412, in login
    resp = self.sendcmd('USER ' + user)
  File "/opt/hostedtoolcache/Python/3.9.13/x64/lib/python3.9/ftplib.py", line 281, in sendcmd
    return self.getresp()
  File "/opt/hostedtoolcache/Python/3.9.13/x64/lib/python3.9/ftplib.py", line 254, in getresp
    raise error_perm(resp)
ftplib.error_perm: 530 no such username

2025-11-30 22:38:57.767724: Błąd FTP: 530 no such username
Traceback (most recent call last):
  File "/home/runner/work/FS25LogsNew/FS25LogsNew/logs_analyzer.py", line 175, in download_logs
    ftp.login(FTP_USER, FTP_PASS)
  File "/opt/hostedtoolcache/Python/3.9.13/x64/lib/python3.9/ftplib.py", line 412, in login
    resp = self.sendcmd('USER ' + user)
  File "/opt/hostedtoolcache/Python/3.9.13/x64/lib/python3.9/ftplib.py", line 281, in sendcmd
    return self.getresp()
  File "/opt/hostedtoolcache/Python/3.9.13/x64/lib/python3.9/ftplib.py", line 254, in getresp
    raise error_perm(resp)
ftplib.error_perm: 530 no such username

2025-11-30 22:38:58.188383: Błąd FTP: 530 no such username
Traceback (most recent call last):
  File "/home/runner/work/FS25LogsNew/FS25LogsNew/logs_analyzer.py", line 175, in download_logs
    ftp.login(FTP_USER, FTP_PASS)
  File "/opt/hostedtoolcache/Python/3.9.13/x64/lib/python3.9/ftplib.py", line 412, in login
    resp = self.sendcmd('USER ' + user)
  File "/opt/hostedtoolcache/Python/3.9.13/x64/lib/python3.9/ftplib.py", line 281, in sendcmd
    return self.getresp()
  File "/opt/hostedtoolcache/Python/3.9.13/x64/lib/python3.9/ftplib.py", line 254, in getresp
    raise error_perm(resp)
ftplib.error_perm: 530 no such username

2025-11-30 22:38:58.606483: Błąd FTP: 530 no such username
Traceback (most recent call last):
  File "/home/runner/work/FS25LogsNew/FS25LogsNew/logs_analyzer.py", line 175, in download_logs
    ftp.login(FTP_USER, FTP_PASS)
  File "/opt/hostedtoolcache/Python/3.9.13/x64/lib/python3.9/ftplib.py", line 412, in login
    resp = self.sendcmd('USER ' + user)
  File "/opt/hostedtoolcache/Python/3.9.13/x64/lib/python3.9/ftplib.py", line 281, in sendcmd
    return self.getresp()
  File "/opt/hostedtoolcache/Python/3.9.13/x64/lib/python3.9/ftplib.py", line 254, in getresp
    raise error_perm(resp)
ftplib.error_perm: 530 no such username

2025-11-30 23:21:20.722857: Błąd FTP: 530 no such username
Traceback (most recent call last):
  File "/home/runner/work/FS25LogsNew/FS25LogsNew/logs_analyzer.py", line 175, in download_logs
    ftp.login(FTP_USER, FTP_PASS)
  File "/opt/hostedtoolcache/Python/3.9.13/x64/lib/python3.9/ftplib.py", line 412, in login
    resp = self.sendcmd('USER ' + user)
  File "/opt/hostedtoolcache/Python/3.9.13/x64/lib/python3.9/ftplib.py", line 281, in sendcmd
    return self.getresp()
  File "/opt/hostedtoolcache/Python/3.9.13/x64/lib/python3.9/ftplib.py", line 254, in getresp
    raise error_perm(resp)
ftplib.error_perm: 530 no such username

2025-11-30 23:21:21.083293: Błąd FTP: 530 no such username
Traceback (most recent call last):
  File "/home/runner/work/FS25LogsNew/FS25LogsNew/logs_analyzer.py", line 175, in download_logs
    ftp.login(FTP_USER, FTP_PASS)
  File "/opt/hostedtoolcache/Python/3.9.13/x64/lib/python3.9/ftplib.py", line 412, in login
    resp = self.sendcmd('USER ' + user)
  File "/opt/hostedtoolcache/Python/3.9.13/x64/lib/python3.9/ftplib.py", line 281, in sendcmd
    return self.getresp()
  File "/opt/hostedtoolcache/Python/3.9.13/x64/lib/python3.9/ftplib.py", line 254, in getresp
    raise error_perm(resp)
ftplib.error_perm: 530 no such username

2025-11-30 23:21:21.442633: Błąd FTP: 530 no such username
Traceback (most recent call last):
  File "/home/runner/work/FS25LogsNew/FS25LogsNew/logs_analyzer.py", line 175, in download_logs
    ftp.login(FTP_USER, FTP_PASS)
  File "/opt/hostedtoolcache/Python/3.9.13/x64/lib/python3.9/ftplib.py", line 412, in login
    resp = self.sendcmd('USER ' + user)
  File "/opt/hostedtoolcache/Python/3.9.13/x64/lib/python3.9/ftplib.py", line 281, in sendcmd
    return self.getresp()
  File "/opt/hostedtoolcache/Python/3.9.13/x64/lib/python3.9/ftplib.py", line 254, in getresp
    raise error_perm(resp)
ftplib.error_perm: 530 no such username

2025-11-30 23:35:30.838289: Błąd FTP: 530 no such username
Traceback (most recent call last):
  File "/home/runner/work/FS25LogsNew/FS25LogsNew/logs_analyzer.py", line 175, in download_logs
    ftp.login(FTP_USER, FTP_PASS)
  File "/opt/hostedtoolcache/Python/3.9.13/x64/lib/python3.9/ftplib.py", line 412, in login
    resp = self.sendcmd('USER ' + user)
  File "/opt/hostedtoolcache/Python/3.9.13/x64/lib/python3.9/ftplib.py", line 281, in sendcmd
    return self.getresp()
  File "/opt/hostedtoolcache/Python/3.9.13/x64/lib/python3.9/ftplib.py", line 254, in getresp
    raise error_perm(resp)
ftplib.error_perm: 530 no such username

2025-11-30 23:35:31.257379: Błąd FTP: 530 no such username
Traceback (most recent call last):
  File "/home/runner/work/FS25LogsNew/FS25LogsNew/logs_analyzer.py", line 175, in download_logs
    ftp.login(FTP_USER, FTP_PASS)
  File "/opt/hostedtoolcache/Python/3.9.13/x64/lib/python3.9/ftplib.py", line 412, in login
    resp = self.sendcmd('USER ' + user)
  File "/opt/hostedtoolcache/Python/3.9.13/x64/lib/python3.9/ftplib.py", line 281, in sendcmd
    return self.getresp()
  File "/opt/hostedtoolcache/Python/3.9.13/x64/lib/python3.9/ftplib.py", line 254, in getresp
    raise error_perm(resp)
ftplib.error_perm: 530 no such username

2025-11-30 23:35:31.676594: Błąd FTP: 530 no such username
Traceback (most recent call last):
  File "/home/runner/work/FS25LogsNew/FS25LogsNew/logs_analyzer.py", line 175, in download_logs
    ftp.login(FTP_USER, FTP_PASS)
  File "/opt/hostedtoolcache/Python/3.9.13/x64/lib/python3.9/ftplib.py", line 412, in login
    resp = self.sendcmd('USER ' + user)
  File "/opt/hostedtoolcache/Python/3.9.13/x64/lib/python3.9/ftplib.py", line 281, in sendcmd
    return self.getresp()
  File "/opt/hostedtoolcache/Python/3.9.13/x64/lib/python3.9/ftplib.py", line 254, in getresp
    raise error_perm(resp)
ftplib.error_perm: 530 no such username

2025-12-01 02:08:22.599982: Błąd FTP: 530 no such username
Traceback (most recent call last):
  File "/home/runner/work/FS25LogsNew/FS25LogsNew/logs_analyzer.py", line 175, in download_logs
    ftp.login(FTP_USER, FTP_PASS)
  File "/opt/hostedtoolcache/Python/3.9.13/x64/lib/python3.9/ftplib.py", line 412, in login
    resp = self.sendcmd('USER ' + user)
  File "/opt/hostedtoolcache/Python/3.9.13/x64/lib/python3.9/ftplib.py", line 281, in sendcmd
    return self.getresp()
  File "/opt/hostedtoolcache/Python/3.9.13/x64/lib/python3.9/ftplib.py", line 254, in getresp
    raise error_perm(resp)
ftplib.error_perm: 530 no such username

2025-12-01 02:08:22.957747: Błąd FTP: 530 no such username
Traceback (most recent call last):
  File "/home/runner/work/FS25LogsNew/FS25LogsNew/logs_analyzer.py", line 175, in download_logs
    ftp.login(FTP_USER, FTP_PASS)
  File "/opt/hostedtoolcache/Python/3.9.13/x64/lib/python3.9/ftplib.py", line 412, in login
    resp = self.sendcmd('USER ' + user)
  File "/opt/hostedtoolcache/Python/3.9.13/x64/lib/python3.9/ftplib.py", line 281, in sendcmd
    return self.getresp()
  File "/opt/hostedtoolcache/Python/3.9.13/x64/lib/python3.9/ftplib.py", line 254, in getresp
    raise error_perm(resp)
ftplib.error_perm: 530 no such username

2025-12-01 02:08:23.313757: Błąd FTP: 530 no such username
Traceback (most recent call last):
  File "/home/runner/work/FS25LogsNew/FS25LogsNew/logs_analyzer.py", line 175, in download_logs
    ftp.login(FTP_USER, FTP_PASS)
  File "/opt/hostedtoolcache/Python/3.9.13/x64/lib/python3.9/ftplib.py", line 412, in login
    resp = self.sendcmd('USER ' + user)
  File "/opt/hostedtoolcache/Python/3.9.13/x64/lib/python3.9/ftplib.py", line 281, in sendcmd
    return self.getresp()
  File "/opt/hostedtoolcache/Python/3.9.13/x64/lib/python3.9/ftplib.py", line 254, in getresp
    raise error_perm(resp)
ftplib.error_perm: 530 no such username

2025-12-01 02:41:12.813904: Błąd FTP: 530 no such username
Traceback (most recent call last):
  File "/home/runner/work/FS25LogsNew/FS25LogsNew/logs_analyzer.py", line 175, in download_logs
    ftp.login(FTP_USER, FTP_PASS)
  File "/opt/hostedtoolcache/Python/3.9.13/x64/lib/python3.9/ftplib.py", line 412, in login
    resp = self.sendcmd('USER ' + user)
  File "/opt/hostedtoolcache/Python/3.9.13/x64/lib/python3.9/ftplib.py", line 281, in sendcmd
    return self.getresp()
  File "/opt/hostedtoolcache/Python/3.9.13/x64/lib/python3.9/ftplib.py", line 254, in getresp
    raise error_perm(resp)
ftplib.error_perm: 530 no such username

2025-12-01 02:41:13.232333: Błąd FTP: 530 no such username
Traceback (most recent call last):
  File "/home/runner/work/FS25LogsNew/FS25LogsNew/logs_analyzer.py", line 175, in download_logs
    ftp.login(FTP_USER, FTP_PASS)
  File "/opt/hostedtoolcache/Python/3.9.13/x64/lib/python3.9/ftplib.py", line 412, in login
    resp = self.sendcmd('USER ' + user)
  File "/opt/hostedtoolcache/Python/3.9.13/x64/lib/python3.9/ftplib.py", line 281, in sendcmd
    return self.getresp()
  File "/opt/hostedtoolcache/Python/3.9.13/x64/lib/python3.9/ftplib.py", line 254, in getresp
    raise error_perm(resp)
ftplib.error_perm: 530 no such username

2025-12-01 02:41:13.652280: Błąd FTP: 530 no such username
Traceback (most recent call last):
  File "/home/runner/work/FS25LogsNew/FS25LogsNew/logs_analyzer.py", line 175, in download_logs
    ftp.login(FTP_USER, FTP_PASS)
  File "/opt/hostedtoolcache/Python/3.9.13/x64/lib/python3.9/ftplib.py", line 412, in login
    resp = self.sendcmd('USER ' + user)
  File "/opt/hostedtoolcache/Python/3.9.13/x64/lib/python3.9/ftplib.py", line 281, in sendcmd
    return self.getresp()
  File "/opt/hostedtoolcache/Python/3.9.13/x64/lib/python3.9/ftplib.py", line 254, in getresp
    raise error_perm(resp)
ftplib.error_perm: 530 no such username

2025-12-01 04:12:25.657757: Błąd FTP: 530 no such username
Traceback (most recent call last):
  File "/home/runner/work/FS25LogsNew/FS25LogsNew/logs_analyzer.py", line 175, in download_logs
    ftp.login(FTP_USER, FTP_PASS)
  File "/opt/hostedtoolcache/Python/3.9.13/x64/lib/python3.9/ftplib.py", line 412, in login
    resp = self.sendcmd('USER ' + user)
  File "/opt/hostedtoolcache/Python/3.9.13/x64/lib/python3.9/ftplib.py", line 281, in sendcmd
    return self.getresp()
  File "/opt/hostedtoolcache/Python/3.9.13/x64/lib/python3.9/ftplib.py", line 254, in getresp
    raise error_perm(resp)
ftplib.error_perm: 530 no such username

2025-12-01 04:12:26.018341: Błąd FTP: 530 no such username
Traceback (most recent call last):
  File "/home/runner/work/FS25LogsNew/FS25LogsNew/logs_analyzer.py", line 175, in download_logs
    ftp.login(FTP_USER, FTP_PASS)
  File "/opt/hostedtoolcache/Python/3.9.13/x64/lib/python3.9/ftplib.py", line 412, in login
    resp = self.sendcmd('USER ' + user)
  File "/opt/hostedtoolcache/Python/3.9.13/x64/lib/python3.9/ftplib.py", line 281, in sendcmd
    return self.getresp()
  File "/opt/hostedtoolcache/Python/3.9.13/x64/lib/python3.9/ftplib.py", line 254, in getresp
    raise error_perm(resp)
ftplib.error_perm: 530 no such username

2025-12-01 04:12:26.390222: Błąd FTP: 530 no such username
Traceback (most recent call last):
  File "/home/runner/work/FS25LogsNew/FS25LogsNew/logs_analyzer.py", line 175, in download_logs
    ftp.login(FTP_USER, FTP_PASS)
  File "/opt/hostedtoolcache/Python/3.9.13/x64/lib/python3.9/ftplib.py", line 412, in login
    resp = self.sendcmd('USER ' + user)
  File "/opt/hostedtoolcache/Python/3.9.13/x64/lib/python3.9/ftplib.py", line 281, in sendcmd
    return self.getresp()
  File "/opt/hostedtoolcache/Python/3.9.13/x64/lib/python3.9/ftplib.py", line 254, in getresp
    raise error_perm(resp)
ftplib.error_perm: 530 no such username

2025-12-01 04:32:18.197758: Błąd FTP: 530 no such username
Traceback (most recent call last):
  File "/home/runner/work/FS25LogsNew/FS25LogsNew/logs_analyzer.py", line 175, in download_logs
    ftp.login(FTP_USER, FTP_PASS)
  File "/opt/hostedtoolcache/Python/3.9.13/x64/lib/python3.9/ftplib.py", line 412, in login
    resp = self.sendcmd('USER ' + user)
  File "/opt/hostedtoolcache/Python/3.9.13/x64/lib/python3.9/ftplib.py", line 281, in sendcmd
    return self.getresp()
  File "/opt/hostedtoolcache/Python/3.9.13/x64/lib/python3.9/ftplib.py", line 254, in getresp
    raise error_perm(resp)
ftplib.error_perm: 530 no such username

2025-12-01 04:32:18.738831: Błąd FTP: 530 no such username
Traceback (most recent call last):
  File "/home/runner/work/FS25LogsNew/FS25LogsNew/logs_analyzer.py", line 175, in download_logs
    ftp.login(FTP_USER, FTP_PASS)
  File "/opt/hostedtoolcache/Python/3.9.13/x64/lib/python3.9/ftplib.py", line 412, in login
    resp = self.sendcmd('USER ' + user)
  File "/opt/hostedtoolcache/Python/3.9.13/x64/lib/python3.9/ftplib.py", line 281, in sendcmd
    return self.getresp()
  File "/opt/hostedtoolcache/Python/3.9.13/x64/lib/python3.9/ftplib.py", line 254, in getresp
    raise error_perm(resp)
ftplib.error_perm: 530 no such username

2025-12-01 04:32:19.281143: Błąd FTP: 530 no such username
Traceback (most recent call last):
  File "/home/runner/work/FS25LogsNew/FS25LogsNew/logs_analyzer.py", line 175, in download_logs
    ftp.login(FTP_USER, FTP_PASS)
  File "/opt/hostedtoolcache/Python/3.9.13/x64/lib/python3.9/ftplib.py", line 412, in login
    resp = self.sendcmd('USER ' + user)
  File "/opt/hostedtoolcache/Python/3.9.13/x64/lib/python3.9/ftplib.py", line 281, in sendcmd
    return self.getresp()
  File "/opt/hostedtoolcache/Python/3.9.13/x64/lib/python3.9/ftplib.py", line 254, in getresp
    raise error_perm(resp)
ftplib.error_perm: 530 no such username

2025-12-01 05:31:22.690890: Błąd FTP: 530 no such username
Traceback (most recent call last):
  File "/home/runner/work/FS25LogsNew/FS25LogsNew/logs_analyzer.py", line 175, in download_logs
    ftp.login(FTP_USER, FTP_PASS)
  File "/opt/hostedtoolcache/Python/3.9.13/x64/lib/python3.9/ftplib.py", line 412, in login
    resp = self.sendcmd('USER ' + user)
  File "/opt/hostedtoolcache/Python/3.9.13/x64/lib/python3.9/ftplib.py", line 281, in sendcmd
    return self.getresp()
  File "/opt/hostedtoolcache/Python/3.9.13/x64/lib/python3.9/ftplib.py", line 254, in getresp
    raise error_perm(resp)
ftplib.error_perm: 530 no such username

2025-12-01 05:31:23.262638: Błąd FTP: 530 no such username
Traceback (most recent call last):
  File "/home/runner/work/FS25LogsNew/FS25LogsNew/logs_analyzer.py", line 175, in download_logs
    ftp.login(FTP_USER, FTP_PASS)
  File "/opt/hostedtoolcache/Python/3.9.13/x64/lib/python3.9/ftplib.py", line 412, in login
    resp = self.sendcmd('USER ' + user)
  File "/opt/hostedtoolcache/Python/3.9.13/x64/lib/python3.9/ftplib.py", line 281, in sendcmd
    return self.getresp()
  File "/opt/hostedtoolcache/Python/3.9.13/x64/lib/python3.9/ftplib.py", line 254, in getresp
    raise error_perm(resp)
ftplib.error_perm: 530 no such username

2025-12-01 05:31:23.815375: Błąd FTP: 530 no such username
Traceback (most recent call last):
  File "/home/runner/work/FS25LogsNew/FS25LogsNew/logs_analyzer.py", line 175, in download_logs
    ftp.login(FTP_USER, FTP_PASS)
  File "/opt/hostedtoolcache/Python/3.9.13/x64/lib/python3.9/ftplib.py", line 412, in login
    resp = self.sendcmd('USER ' + user)
  File "/opt/hostedtoolcache/Python/3.9.13/x64/lib/python3.9/ftplib.py", line 281, in sendcmd
    return self.getresp()
  File "/opt/hostedtoolcache/Python/3.9.13/x64/lib/python3.9/ftplib.py", line 254, in getresp
    raise error_perm(resp)
ftplib.error_perm: 530 no such username

2025-12-01 05:47:05.123241: Błąd FTP: 530 no such username
Traceback (most recent call last):
  File "/home/runner/work/FS25LogsNew/FS25LogsNew/logs_analyzer.py", line 175, in download_logs
    ftp.login(FTP_USER, FTP_PASS)
  File "/opt/hostedtoolcache/Python/3.9.13/x64/lib/python3.9/ftplib.py", line 412, in login
    resp = self.sendcmd('USER ' + user)
  File "/opt/hostedtoolcache/Python/3.9.13/x64/lib/python3.9/ftplib.py", line 281, in sendcmd
    return self.getresp()
  File "/opt/hostedtoolcache/Python/3.9.13/x64/lib/python3.9/ftplib.py", line 254, in getresp
    raise error_perm(resp)
ftplib.error_perm: 530 no such username

2025-12-01 05:47:05.509066: Błąd FTP: 530 no such username
Traceback (most recent call last):
  File "/home/runner/work/FS25LogsNew/FS25LogsNew/logs_analyzer.py", line 175, in download_logs
    ftp.login(FTP_USER, FTP_PASS)
  File "/opt/hostedtoolcache/Python/3.9.13/x64/lib/python3.9/ftplib.py", line 412, in login
    resp = self.sendcmd('USER ' + user)
  File "/opt/hostedtoolcache/Python/3.9.13/x64/lib/python3.9/ftplib.py", line 281, in sendcmd
    return self.getresp()
  File "/opt/hostedtoolcache/Python/3.9.13/x64/lib/python3.9/ftplib.py", line 254, in getresp
    raise error_perm(resp)
ftplib.error_perm: 530 no such username

2025-12-01 05:47:05.895394: Błąd FTP: 530 no such username
Traceback (most recent call last):
  File "/home/runner/work/FS25LogsNew/FS25LogsNew/logs_analyzer.py", line 175, in download_logs
    ftp.login(FTP_USER, FTP_PASS)
  File "/opt/hostedtoolcache/Python/3.9.13/x64/lib/python3.9/ftplib.py", line 412, in login
    resp = self.sendcmd('USER ' + user)
  File "/opt/hostedtoolcache/Python/3.9.13/x64/lib/python3.9/ftplib.py", line 281, in sendcmd
    return self.getresp()
  File "/opt/hostedtoolcache/Python/3.9.13/x64/lib/python3.9/ftplib.py", line 254, in getresp
    raise error_perm(resp)
ftplib.error_perm: 530 no such username

2025-12-01 06:38:38.921790: Błąd FTP: 530 no such username
Traceback (most recent call last):
  File "/home/runner/work/FS25LogsNew/FS25LogsNew/logs_analyzer.py", line 175, in download_logs
    ftp.login(FTP_USER, FTP_PASS)
  File "/opt/hostedtoolcache/Python/3.9.13/x64/lib/python3.9/ftplib.py", line 412, in login
    resp = self.sendcmd('USER ' + user)
  File "/opt/hostedtoolcache/Python/3.9.13/x64/lib/python3.9/ftplib.py", line 281, in sendcmd
    return self.getresp()
  File "/opt/hostedtoolcache/Python/3.9.13/x64/lib/python3.9/ftplib.py", line 254, in getresp
    raise error_perm(resp)
ftplib.error_perm: 530 no such username

2025-12-01 06:38:39.475052: Błąd FTP: 530 no such username
Traceback (most recent call last):
  File "/home/runner/work/FS25LogsNew/FS25LogsNew/logs_analyzer.py", line 175, in download_logs
    ftp.login(FTP_USER, FTP_PASS)
  File "/opt/hostedtoolcache/Python/3.9.13/x64/lib/python3.9/ftplib.py", line 412, in login
    resp = self.sendcmd('USER ' + user)
  File "/opt/hostedtoolcache/Python/3.9.13/x64/lib/python3.9/ftplib.py", line 281, in sendcmd
    return self.getresp()
  File "/opt/hostedtoolcache/Python/3.9.13/x64/lib/python3.9/ftplib.py", line 254, in getresp
    raise error_perm(resp)
ftplib.error_perm: 530 no such username

2025-12-01 06:38:40.029923: Błąd FTP: 530 no such username
Traceback (most recent call last):
  File "/home/runner/work/FS25LogsNew/FS25LogsNew/logs_analyzer.py", line 175, in download_logs
    ftp.login(FTP_USER, FTP_PASS)
  File "/opt/hostedtoolcache/Python/3.9.13/x64/lib/python3.9/ftplib.py", line 412, in login
    resp = self.sendcmd('USER ' + user)
  File "/opt/hostedtoolcache/Python/3.9.13/x64/lib/python3.9/ftplib.py", line 281, in sendcmd
    return self.getresp()
  File "/opt/hostedtoolcache/Python/3.9.13/x64/lib/python3.9/ftplib.py", line 254, in getresp
    raise error_perm(resp)
ftplib.error_perm: 530 no such username

2025-12-01 06:53:19.858361: Błąd FTP: 530 no such username
Traceback (most recent call last):
  File "/home/runner/work/FS25LogsNew/FS25LogsNew/logs_analyzer.py", line 175, in download_logs
    ftp.login(FTP_USER, FTP_PASS)
  File "/opt/hostedtoolcache/Python/3.9.13/x64/lib/python3.9/ftplib.py", line 412, in login
    resp = self.sendcmd('USER ' + user)
  File "/opt/hostedtoolcache/Python/3.9.13/x64/lib/python3.9/ftplib.py", line 281, in sendcmd
    return self.getresp()
  File "/opt/hostedtoolcache/Python/3.9.13/x64/lib/python3.9/ftplib.py", line 254, in getresp
    raise error_perm(resp)
ftplib.error_perm: 530 no such username

2025-12-01 06:53:20.411785: Błąd FTP: 530 no such username
Traceback (most recent call last):
  File "/home/runner/work/FS25LogsNew/FS25LogsNew/logs_analyzer.py", line 175, in download_logs
    ftp.login(FTP_USER, FTP_PASS)
  File "/opt/hostedtoolcache/Python/3.9.13/x64/lib/python3.9/ftplib.py", line 412, in login
    resp = self.sendcmd('USER ' + user)
  File "/opt/hostedtoolcache/Python/3.9.13/x64/lib/python3.9/ftplib.py", line 281, in sendcmd
    return self.getresp()
  File "/opt/hostedtoolcache/Python/3.9.13/x64/lib/python3.9/ftplib.py", line 254, in getresp
    raise error_perm(resp)
ftplib.error_perm: 530 no such username

2025-12-01 06:53:20.982423: Błąd FTP: 530 no such username
Traceback (most recent call last):
  File "/home/runner/work/FS25LogsNew/FS25LogsNew/logs_analyzer.py", line 175, in download_logs
    ftp.login(FTP_USER, FTP_PASS)
  File "/opt/hostedtoolcache/Python/3.9.13/x64/lib/python3.9/ftplib.py", line 412, in login
    resp = self.sendcmd('USER ' + user)
  File "/opt/hostedtoolcache/Python/3.9.13/x64/lib/python3.9/ftplib.py", line 281, in sendcmd
    return self.getresp()
  File "/opt/hostedtoolcache/Python/3.9.13/x64/lib/python3.9/ftplib.py", line 254, in getresp
    raise error_perm(resp)
ftplib.error_perm: 530 no such username

2025-12-01 07:26:34.309989: Błąd FTP: 530 no such username
Traceback (most recent call last):
  File "/home/runner/work/FS25LogsNew/FS25LogsNew/logs_analyzer.py", line 175, in download_logs
    ftp.login(FTP_USER, FTP_PASS)
  File "/opt/hostedtoolcache/Python/3.9.13/x64/lib/python3.9/ftplib.py", line 412, in login
    resp = self.sendcmd('USER ' + user)
  File "/opt/hostedtoolcache/Python/3.9.13/x64/lib/python3.9/ftplib.py", line 281, in sendcmd
    return self.getresp()
  File "/opt/hostedtoolcache/Python/3.9.13/x64/lib/python3.9/ftplib.py", line 254, in getresp
    raise error_perm(resp)
ftplib.error_perm: 530 no such username

2025-12-01 07:26:34.744038: Błąd FTP: 530 no such username
Traceback (most recent call last):
  File "/home/runner/work/FS25LogsNew/FS25LogsNew/logs_analyzer.py", line 175, in download_logs
    ftp.login(FTP_USER, FTP_PASS)
  File "/opt/hostedtoolcache/Python/3.9.13/x64/lib/python3.9/ftplib.py", line 412, in login
    resp = self.sendcmd('USER ' + user)
  File "/opt/hostedtoolcache/Python/3.9.13/x64/lib/python3.9/ftplib.py", line 281, in sendcmd
    return self.getresp()
  File "/opt/hostedtoolcache/Python/3.9.13/x64/lib/python3.9/ftplib.py", line 254, in getresp
    raise error_perm(resp)
ftplib.error_perm: 530 no such username

2025-12-01 07:26:35.183936: Błąd FTP: 530 no such username
Traceback (most recent call last):
  File "/home/runner/work/FS25LogsNew/FS25LogsNew/logs_analyzer.py", line 175, in download_logs
    ftp.login(FTP_USER, FTP_PASS)
  File "/opt/hostedtoolcache/Python/3.9.13/x64/lib/python3.9/ftplib.py", line 412, in login
    resp = self.sendcmd('USER ' + user)
  File "/opt/hostedtoolcache/Python/3.9.13/x64/lib/python3.9/ftplib.py", line 281, in sendcmd
    return self.getresp()
  File "/opt/hostedtoolcache/Python/3.9.13/x64/lib/python3.9/ftplib.py", line 254, in getresp
    raise error_perm(resp)
ftplib.error_perm: 530 no such username

2025-12-01 07:40:42.771186: Błąd FTP: 530 no such username
Traceback (most recent call last):
  File "/home/runner/work/FS25LogsNew/FS25LogsNew/logs_analyzer.py", line 175, in download_logs
    ftp.login(FTP_USER, FTP_PASS)
  File "/opt/hostedtoolcache/Python/3.9.13/x64/lib/python3.9/ftplib.py", line 412, in login
    resp = self.sendcmd('USER ' + user)
  File "/opt/hostedtoolcache/Python/3.9.13/x64/lib/python3.9/ftplib.py", line 281, in sendcmd
    return self.getresp()
  File "/opt/hostedtoolcache/Python/3.9.13/x64/lib/python3.9/ftplib.py", line 254, in getresp
    raise error_perm(resp)
ftplib.error_perm: 530 no such username

2025-12-01 07:40:43.195402: Błąd FTP: 530 no such username
Traceback (most recent call last):
  File "/home/runner/work/FS25LogsNew/FS25LogsNew/logs_analyzer.py", line 175, in download_logs
    ftp.login(FTP_USER, FTP_PASS)
  File "/opt/hostedtoolcache/Python/3.9.13/x64/lib/python3.9/ftplib.py", line 412, in login
    resp = self.sendcmd('USER ' + user)
  File "/opt/hostedtoolcache/Python/3.9.13/x64/lib/python3.9/ftplib.py", line 281, in sendcmd
    return self.getresp()
  File "/opt/hostedtoolcache/Python/3.9.13/x64/lib/python3.9/ftplib.py", line 254, in getresp
    raise error_perm(resp)
ftplib.error_perm: 530 no such username

2025-12-01 07:40:43.616783: Błąd FTP: 530 no such username
Traceback (most recent call last):
  File "/home/runner/work/FS25LogsNew/FS25LogsNew/logs_analyzer.py", line 175, in download_logs
    ftp.login(FTP_USER, FTP_PASS)
  File "/opt/hostedtoolcache/Python/3.9.13/x64/lib/python3.9/ftplib.py", line 412, in login
    resp = self.sendcmd('USER ' + user)
  File "/opt/hostedtoolcache/Python/3.9.13/x64/lib/python3.9/ftplib.py", line 281, in sendcmd
    return self.getresp()
  File "/opt/hostedtoolcache/Python/3.9.13/x64/lib/python3.9/ftplib.py", line 254, in getresp
    raise error_perm(resp)
ftplib.error_perm: 530 no such username

2025-12-01 08:36:00.024297: Błąd FTP: 530 no such username
Traceback (most recent call last):
  File "/home/runner/work/FS25LogsNew/FS25LogsNew/logs_analyzer.py", line 175, in download_logs
    ftp.login(FTP_USER, FTP_PASS)
  File "/opt/hostedtoolcache/Python/3.9.13/x64/lib/python3.9/ftplib.py", line 412, in login
    resp = self.sendcmd('USER ' + user)
  File "/opt/hostedtoolcache/Python/3.9.13/x64/lib/python3.9/ftplib.py", line 281, in sendcmd
    return self.getresp()
  File "/opt/hostedtoolcache/Python/3.9.13/x64/lib/python3.9/ftplib.py", line 254, in getresp
    raise error_perm(resp)
ftplib.error_perm: 530 no such username

2025-12-01 08:36:00.459523: Błąd FTP: 530 no such username
Traceback (most recent call last):
  File "/home/runner/work/FS25LogsNew/FS25LogsNew/logs_analyzer.py", line 175, in download_logs
    ftp.login(FTP_USER, FTP_PASS)
  File "/opt/hostedtoolcache/Python/3.9.13/x64/lib/python3.9/ftplib.py", line 412, in login
    resp = self.sendcmd('USER ' + user)
  File "/opt/hostedtoolcache/Python/3.9.13/x64/lib/python3.9/ftplib.py", line 281, in sendcmd
    return self.getresp()
  File "/opt/hostedtoolcache/Python/3.9.13/x64/lib/python3.9/ftplib.py", line 254, in getresp
    raise error_perm(resp)
ftplib.error_perm: 530 no such username

2025-12-01 08:36:00.884262: Błąd FTP: 530 no such username
Traceback (most recent call last):
  File "/home/runner/work/FS25LogsNew/FS25LogsNew/logs_analyzer.py", line 175, in download_logs
    ftp.login(FTP_USER, FTP_PASS)
  File "/opt/hostedtoolcache/Python/3.9.13/x64/lib/python3.9/ftplib.py", line 412, in login
    resp = self.sendcmd('USER ' + user)
  File "/opt/hostedtoolcache/Python/3.9.13/x64/lib/python3.9/ftplib.py", line 281, in sendcmd
    return self.getresp()
  File "/opt/hostedtoolcache/Python/3.9.13/x64/lib/python3.9/ftplib.py", line 254, in getresp
    raise error_perm(resp)
ftplib.error_perm: 530 no such username

2025-12-01 08:50:43.397136: Błąd FTP: 530 no such username
Traceback (most recent call last):
  File "/home/runner/work/FS25LogsNew/FS25LogsNew/logs_analyzer.py", line 175, in download_logs
    ftp.login(FTP_USER, FTP_PASS)
  File "/opt/hostedtoolcache/Python/3.9.13/x64/lib/python3.9/ftplib.py", line 412, in login
    resp = self.sendcmd('USER ' + user)
  File "/opt/hostedtoolcache/Python/3.9.13/x64/lib/python3.9/ftplib.py", line 281, in sendcmd
    return self.getresp()
  File "/opt/hostedtoolcache/Python/3.9.13/x64/lib/python3.9/ftplib.py", line 254, in getresp
    raise error_perm(resp)
ftplib.error_perm: 530 no such username

2025-12-01 08:50:44.013103: Błąd FTP: 530 no such username
Traceback (most recent call last):
  File "/home/runner/work/FS25LogsNew/FS25LogsNew/logs_analyzer.py", line 175, in download_logs
    ftp.login(FTP_USER, FTP_PASS)
  File "/opt/hostedtoolcache/Python/3.9.13/x64/lib/python3.9/ftplib.py", line 412, in login
    resp = self.sendcmd('USER ' + user)
  File "/opt/hostedtoolcache/Python/3.9.13/x64/lib/python3.9/ftplib.py", line 281, in sendcmd
    return self.getresp()
  File "/opt/hostedtoolcache/Python/3.9.13/x64/lib/python3.9/ftplib.py", line 254, in getresp
    raise error_perm(resp)
ftplib.error_perm: 530 no such username

2025-12-01 08:50:44.624230: Błąd FTP: 530 no such username
Traceback (most recent call last):
  File "/home/runner/work/FS25LogsNew/FS25LogsNew/logs_analyzer.py", line 175, in download_logs
    ftp.login(FTP_USER, FTP_PASS)
  File "/opt/hostedtoolcache/Python/3.9.13/x64/lib/python3.9/ftplib.py", line 412, in login
    resp = self.sendcmd('USER ' + user)
  File "/opt/hostedtoolcache/Python/3.9.13/x64/lib/python3.9/ftplib.py", line 281, in sendcmd
    return self.getresp()
  File "/opt/hostedtoolcache/Python/3.9.13/x64/lib/python3.9/ftplib.py", line 254, in getresp
    raise error_perm(resp)
ftplib.error_perm: 530 no such username

2025-12-01 09:33:09.397911: Błąd FTP: 530 no such username
Traceback (most recent call last):
  File "/home/runner/work/FS25LogsNew/FS25LogsNew/logs_analyzer.py", line 175, in download_logs
    ftp.login(FTP_USER, FTP_PASS)
  File "/opt/hostedtoolcache/Python/3.9.13/x64/lib/python3.9/ftplib.py", line 412, in login
    resp = self.sendcmd('USER ' + user)
  File "/opt/hostedtoolcache/Python/3.9.13/x64/lib/python3.9/ftplib.py", line 281, in sendcmd
    return self.getresp()
  File "/opt/hostedtoolcache/Python/3.9.13/x64/lib/python3.9/ftplib.py", line 254, in getresp
    raise error_perm(resp)
ftplib.error_perm: 530 no such username

2025-12-01 09:33:10.011835: Błąd FTP: 530 no such username
Traceback (most recent call last):
  File "/home/runner/work/FS25LogsNew/FS25LogsNew/logs_analyzer.py", line 175, in download_logs
    ftp.login(FTP_USER, FTP_PASS)
  File "/opt/hostedtoolcache/Python/3.9.13/x64/lib/python3.9/ftplib.py", line 412, in login
    resp = self.sendcmd('USER ' + user)
  File "/opt/hostedtoolcache/Python/3.9.13/x64/lib/python3.9/ftplib.py", line 281, in sendcmd
    return self.getresp()
  File "/opt/hostedtoolcache/Python/3.9.13/x64/lib/python3.9/ftplib.py", line 254, in getresp
    raise error_perm(resp)
ftplib.error_perm: 530 no such username

2025-12-01 09:33:10.651162: Błąd FTP: 530 no such username
Traceback (most recent call last):
  File "/home/runner/work/FS25LogsNew/FS25LogsNew/logs_analyzer.py", line 175, in download_logs
    ftp.login(FTP_USER, FTP_PASS)
  File "/opt/hostedtoolcache/Python/3.9.13/x64/lib/python3.9/ftplib.py", line 412, in login
    resp = self.sendcmd('USER ' + user)
  File "/opt/hostedtoolcache/Python/3.9.13/x64/lib/python3.9/ftplib.py", line 281, in sendcmd
    return self.getresp()
  File "/opt/hostedtoolcache/Python/3.9.13/x64/lib/python3.9/ftplib.py", line 254, in getresp
    raise error_perm(resp)
ftplib.error_perm: 530 no such username

2025-12-01 09:46:33.901112: Błąd FTP: 530 no such username
Traceback (most recent call last):
  File "/home/runner/work/FS25LogsNew/FS25LogsNew/logs_analyzer.py", line 175, in download_logs
    ftp.login(FTP_USER, FTP_PASS)
  File "/opt/hostedtoolcache/Python/3.9.13/x64/lib/python3.9/ftplib.py", line 412, in login
    resp = self.sendcmd('USER ' + user)
  File "/opt/hostedtoolcache/Python/3.9.13/x64/lib/python3.9/ftplib.py", line 281, in sendcmd
    return self.getresp()
  File "/opt/hostedtoolcache/Python/3.9.13/x64/lib/python3.9/ftplib.py", line 254, in getresp
    raise error_perm(resp)
ftplib.error_perm: 530 no such username

2025-12-01 09:46:34.289907: Błąd FTP: 530 no such username
Traceback (most recent call last):
  File "/home/runner/work/FS25LogsNew/FS25LogsNew/logs_analyzer.py", line 175, in download_logs
    ftp.login(FTP_USER, FTP_PASS)
  File "/opt/hostedtoolcache/Python/3.9.13/x64/lib/python3.9/ftplib.py", line 412, in login
    resp = self.sendcmd('USER ' + user)
  File "/opt/hostedtoolcache/Python/3.9.13/x64/lib/python3.9/ftplib.py", line 281, in sendcmd
    return self.getresp()
  File "/opt/hostedtoolcache/Python/3.9.13/x64/lib/python3.9/ftplib.py", line 254, in getresp
    raise error_perm(resp)
ftplib.error_perm: 530 no such username

2025-12-01 09:46:34.690939: Błąd FTP: 530 no such username
Traceback (most recent call last):
  File "/home/runner/work/FS25LogsNew/FS25LogsNew/logs_analyzer.py", line 175, in download_logs
    ftp.login(FTP_USER, FTP_PASS)
  File "/opt/hostedtoolcache/Python/3.9.13/x64/lib/python3.9/ftplib.py", line 412, in login
    resp = self.sendcmd('USER ' + user)
  File "/opt/hostedtoolcache/Python/3.9.13/x64/lib/python3.9/ftplib.py", line 281, in sendcmd
    return self.getresp()
  File "/opt/hostedtoolcache/Python/3.9.13/x64/lib/python3.9/ftplib.py", line 254, in getresp
    raise error_perm(resp)
ftplib.error_perm: 530 no such username

2025-12-01 10:28:30.063940: Błąd FTP: 530 no such username
Traceback (most recent call last):
  File "/home/runner/work/FS25LogsNew/FS25LogsNew/logs_analyzer.py", line 175, in download_logs
    ftp.login(FTP_USER, FTP_PASS)
  File "/opt/hostedtoolcache/Python/3.9.13/x64/lib/python3.9/ftplib.py", line 412, in login
    resp = self.sendcmd('USER ' + user)
  File "/opt/hostedtoolcache/Python/3.9.13/x64/lib/python3.9/ftplib.py", line 281, in sendcmd
    return self.getresp()
  File "/opt/hostedtoolcache/Python/3.9.13/x64/lib/python3.9/ftplib.py", line 254, in getresp
    raise error_perm(resp)
ftplib.error_perm: 530 no such username

2025-12-01 10:28:30.425887: Błąd FTP: 530 no such username
Traceback (most recent call last):
  File "/home/runner/work/FS25LogsNew/FS25LogsNew/logs_analyzer.py", line 175, in download_logs
    ftp.login(FTP_USER, FTP_PASS)
  File "/opt/hostedtoolcache/Python/3.9.13/x64/lib/python3.9/ftplib.py", line 412, in login
    resp = self.sendcmd('USER ' + user)
  File "/opt/hostedtoolcache/Python/3.9.13/x64/lib/python3.9/ftplib.py", line 281, in sendcmd
    return self.getresp()
  File "/opt/hostedtoolcache/Python/3.9.13/x64/lib/python3.9/ftplib.py", line 254, in getresp
    raise error_perm(resp)
ftplib.error_perm: 530 no such username

2025-12-01 10:28:30.840352: Błąd FTP: 530 no such username
Traceback (most recent call last):
  File "/home/runner/work/FS25LogsNew/FS25LogsNew/logs_analyzer.py", line 175, in download_logs
    ftp.login(FTP_USER, FTP_PASS)
  File "/opt/hostedtoolcache/Python/3.9.13/x64/lib/python3.9/ftplib.py", line 412, in login
    resp = self.sendcmd('USER ' + user)
  File "/opt/hostedtoolcache/Python/3.9.13/x64/lib/python3.9/ftplib.py", line 281, in sendcmd
    return self.getresp()
  File "/opt/hostedtoolcache/Python/3.9.13/x64/lib/python3.9/ftplib.py", line 254, in getresp
    raise error_perm(resp)
ftplib.error_perm: 530 no such username

2025-12-01 10:46:28.348299: Błąd FTP: 530 no such username
Traceback (most recent call last):
  File "/home/runner/work/FS25LogsNew/FS25LogsNew/logs_analyzer.py", line 175, in download_logs
    ftp.login(FTP_USER, FTP_PASS)
  File "/opt/hostedtoolcache/Python/3.9.13/x64/lib/python3.9/ftplib.py", line 412, in login
    resp = self.sendcmd('USER ' + user)
  File "/opt/hostedtoolcache/Python/3.9.13/x64/lib/python3.9/ftplib.py", line 281, in sendcmd
    return self.getresp()
  File "/opt/hostedtoolcache/Python/3.9.13/x64/lib/python3.9/ftplib.py", line 254, in getresp
    raise error_perm(resp)
ftplib.error_perm: 530 no such username

2025-12-01 10:46:28.963970: Błąd FTP: 530 no such username
Traceback (most recent call last):
  File "/home/runner/work/FS25LogsNew/FS25LogsNew/logs_analyzer.py", line 175, in download_logs
    ftp.login(FTP_USER, FTP_PASS)
  File "/opt/hostedtoolcache/Python/3.9.13/x64/lib/python3.9/ftplib.py", line 412, in login
    resp = self.sendcmd('USER ' + user)
  File "/opt/hostedtoolcache/Python/3.9.13/x64/lib/python3.9/ftplib.py", line 281, in sendcmd
    return self.getresp()
  File "/opt/hostedtoolcache/Python/3.9.13/x64/lib/python3.9/ftplib.py", line 254, in getresp
    raise error_perm(resp)
ftplib.error_perm: 530 no such username

2025-12-01 10:46:29.579600: Błąd FTP: 530 no such username
Traceback (most recent call last):
  File "/home/runner/work/FS25LogsNew/FS25LogsNew/logs_analyzer.py", line 175, in download_logs
    ftp.login(FTP_USER, FTP_PASS)
  File "/opt/hostedtoolcache/Python/3.9.13/x64/lib/python3.9/ftplib.py", line 412, in login
    resp = self.sendcmd('USER ' + user)
  File "/opt/hostedtoolcache/Python/3.9.13/x64/lib/python3.9/ftplib.py", line 281, in sendcmd
    return self.getresp()
  File "/opt/hostedtoolcache/Python/3.9.13/x64/lib/python3.9/ftplib.py", line 254, in getresp
    raise error_perm(resp)
ftplib.error_perm: 530 no such username

2025-12-01 11:21:14.473486: Błąd FTP: 530 no such username
Traceback (most recent call last):
  File "/home/runner/work/FS25LogsNew/FS25LogsNew/logs_analyzer.py", line 175, in download_logs
    ftp.login(FTP_USER, FTP_PASS)
  File "/opt/hostedtoolcache/Python/3.9.13/x64/lib/python3.9/ftplib.py", line 412, in login
    resp = self.sendcmd('USER ' + user)
  File "/opt/hostedtoolcache/Python/3.9.13/x64/lib/python3.9/ftplib.py", line 281, in sendcmd
    return self.getresp()
  File "/opt/hostedtoolcache/Python/3.9.13/x64/lib/python3.9/ftplib.py", line 254, in getresp
    raise error_perm(resp)
ftplib.error_perm: 530 no such username

2025-12-01 11:21:15.113265: Błąd FTP: 530 no such username
Traceback (most recent call last):
  File "/home/runner/work/FS25LogsNew/FS25LogsNew/logs_analyzer.py", line 175, in download_logs
    ftp.login(FTP_USER, FTP_PASS)
  File "/opt/hostedtoolcache/Python/3.9.13/x64/lib/python3.9/ftplib.py", line 412, in login
    resp = self.sendcmd('USER ' + user)
  File "/opt/hostedtoolcache/Python/3.9.13/x64/lib/python3.9/ftplib.py", line 281, in sendcmd
    return self.getresp()
  File "/opt/hostedtoolcache/Python/3.9.13/x64/lib/python3.9/ftplib.py", line 254, in getresp
    raise error_perm(resp)
ftplib.error_perm: 530 no such username

2025-12-01 11:21:15.729000: Błąd FTP: 530 no such username
Traceback (most recent call last):
  File "/home/runner/work/FS25LogsNew/FS25LogsNew/logs_analyzer.py", line 175, in download_logs
    ftp.login(FTP_USER, FTP_PASS)
  File "/opt/hostedtoolcache/Python/3.9.13/x64/lib/python3.9/ftplib.py", line 412, in login
    resp = self.sendcmd('USER ' + user)
  File "/opt/hostedtoolcache/Python/3.9.13/x64/lib/python3.9/ftplib.py", line 281, in sendcmd
    return self.getresp()
  File "/opt/hostedtoolcache/Python/3.9.13/x64/lib/python3.9/ftplib.py", line 254, in getresp
    raise error_perm(resp)
ftplib.error_perm: 530 no such username

2025-12-01 11:37:08.249529: Błąd FTP: 530 no such username
Traceback (most recent call last):
  File "/home/runner/work/FS25LogsNew/FS25LogsNew/logs_analyzer.py", line 175, in download_logs
    ftp.login(FTP_USER, FTP_PASS)
  File "/opt/hostedtoolcache/Python/3.9.13/x64/lib/python3.9/ftplib.py", line 412, in login
    resp = self.sendcmd('USER ' + user)
  File "/opt/hostedtoolcache/Python/3.9.13/x64/lib/python3.9/ftplib.py", line 281, in sendcmd
    return self.getresp()
  File "/opt/hostedtoolcache/Python/3.9.13/x64/lib/python3.9/ftplib.py", line 254, in getresp
    raise error_perm(resp)
ftplib.error_perm: 530 no such username

2025-12-01 11:37:08.802167: Błąd FTP: 530 no such username
Traceback (most recent call last):
  File "/home/runner/work/FS25LogsNew/FS25LogsNew/logs_analyzer.py", line 175, in download_logs
    ftp.login(FTP_USER, FTP_PASS)
  File "/opt/hostedtoolcache/Python/3.9.13/x64/lib/python3.9/ftplib.py", line 412, in login
    resp = self.sendcmd('USER ' + user)
  File "/opt/hostedtoolcache/Python/3.9.13/x64/lib/python3.9/ftplib.py", line 281, in sendcmd
    return self.getresp()
  File "/opt/hostedtoolcache/Python/3.9.13/x64/lib/python3.9/ftplib.py", line 254, in getresp
    raise error_perm(resp)
ftplib.error_perm: 530 no such username

2025-12-01 11:37:09.372319: Błąd FTP: 530 no such username
Traceback (most recent call last):
  File "/home/runner/work/FS25LogsNew/FS25LogsNew/logs_analyzer.py", line 175, in download_logs
    ftp.login(FTP_USER, FTP_PASS)
  File "/opt/hostedtoolcache/Python/3.9.13/x64/lib/python3.9/ftplib.py", line 412, in login
    resp = self.sendcmd('USER ' + user)
  File "/opt/hostedtoolcache/Python/3.9.13/x64/lib/python3.9/ftplib.py", line 281, in sendcmd
    return self.getresp()
  File "/opt/hostedtoolcache/Python/3.9.13/x64/lib/python3.9/ftplib.py", line 254, in getresp
    raise error_perm(resp)
ftplib.error_perm: 530 no such username

2025-12-01 12:51:21.815105: Błąd FTP: 530 no such username
Traceback (most recent call last):
  File "/home/runner/work/FS25LogsNew/FS25LogsNew/logs_analyzer.py", line 175, in download_logs
    ftp.login(FTP_USER, FTP_PASS)
  File "/opt/hostedtoolcache/Python/3.9.13/x64/lib/python3.9/ftplib.py", line 412, in login
    resp = self.sendcmd('USER ' + user)
  File "/opt/hostedtoolcache/Python/3.9.13/x64/lib/python3.9/ftplib.py", line 281, in sendcmd
    return self.getresp()
  File "/opt/hostedtoolcache/Python/3.9.13/x64/lib/python3.9/ftplib.py", line 254, in getresp
    raise error_perm(resp)
ftplib.error_perm: 530 no such username

2025-12-01 12:51:22.241019: Błąd FTP: 530 no such username
Traceback (most recent call last):
  File "/home/runner/work/FS25LogsNew/FS25LogsNew/logs_analyzer.py", line 175, in download_logs
    ftp.login(FTP_USER, FTP_PASS)
  File "/opt/hostedtoolcache/Python/3.9.13/x64/lib/python3.9/ftplib.py", line 412, in login
    resp = self.sendcmd('USER ' + user)
  File "/opt/hostedtoolcache/Python/3.9.13/x64/lib/python3.9/ftplib.py", line 281, in sendcmd
    return self.getresp()
  File "/opt/hostedtoolcache/Python/3.9.13/x64/lib/python3.9/ftplib.py", line 254, in getresp
    raise error_perm(resp)
ftplib.error_perm: 530 no such username

2025-12-01 12:51:22.675050: Błąd FTP: 530 no such username
Traceback (most recent call last):
  File "/home/runner/work/FS25LogsNew/FS25LogsNew/logs_analyzer.py", line 175, in download_logs
    ftp.login(FTP_USER, FTP_PASS)
  File "/opt/hostedtoolcache/Python/3.9.13/x64/lib/python3.9/ftplib.py", line 412, in login
    resp = self.sendcmd('USER ' + user)
  File "/opt/hostedtoolcache/Python/3.9.13/x64/lib/python3.9/ftplib.py", line 281, in sendcmd
    return self.getresp()
  File "/opt/hostedtoolcache/Python/3.9.13/x64/lib/python3.9/ftplib.py", line 254, in getresp
    raise error_perm(resp)
ftplib.error_perm: 530 no such username

2025-12-01 13:09:02.613231: Błąd FTP: 530 no such username
Traceback (most recent call last):
  File "/home/runner/work/FS25LogsNew/FS25LogsNew/logs_analyzer.py", line 175, in download_logs
    ftp.login(FTP_USER, FTP_PASS)
  File "/opt/hostedtoolcache/Python/3.9.13/x64/lib/python3.9/ftplib.py", line 412, in login
    resp = self.sendcmd('USER ' + user)
  File "/opt/hostedtoolcache/Python/3.9.13/x64/lib/python3.9/ftplib.py", line 281, in sendcmd
    return self.getresp()
  File "/opt/hostedtoolcache/Python/3.9.13/x64/lib/python3.9/ftplib.py", line 254, in getresp
    raise error_perm(resp)
ftplib.error_perm: 530 no such username

2025-12-01 13:09:03.231116: Błąd FTP: 530 no such username
Traceback (most recent call last):
  File "/home/runner/work/FS25LogsNew/FS25LogsNew/logs_analyzer.py", line 175, in download_logs
    ftp.login(FTP_USER, FTP_PASS)
  File "/opt/hostedtoolcache/Python/3.9.13/x64/lib/python3.9/ftplib.py", line 412, in login
    resp = self.sendcmd('USER ' + user)
  File "/opt/hostedtoolcache/Python/3.9.13/x64/lib/python3.9/ftplib.py", line 281, in sendcmd
    return self.getresp()
  File "/opt/hostedtoolcache/Python/3.9.13/x64/lib/python3.9/ftplib.py", line 254, in getresp
    raise error_perm(resp)
ftplib.error_perm: 530 no such username

2025-12-01 13:09:03.862654: Błąd FTP: 530 no such username
Traceback (most recent call last):
  File "/home/runner/work/FS25LogsNew/FS25LogsNew/logs_analyzer.py", line 175, in download_logs
    ftp.login(FTP_USER, FTP_PASS)
  File "/opt/hostedtoolcache/Python/3.9.13/x64/lib/python3.9/ftplib.py", line 412, in login
    resp = self.sendcmd('USER ' + user)
  File "/opt/hostedtoolcache/Python/3.9.13/x64/lib/python3.9/ftplib.py", line 281, in sendcmd
    return self.getresp()
  File "/opt/hostedtoolcache/Python/3.9.13/x64/lib/python3.9/ftplib.py", line 254, in getresp
    raise error_perm(resp)
ftplib.error_perm: 530 no such username

2025-12-01 13:37:42.600111: Błąd FTP: 530 no such username
Traceback (most recent call last):
  File "/home/runner/work/FS25LogsNew/FS25LogsNew/logs_analyzer.py", line 175, in download_logs
    ftp.login(FTP_USER, FTP_PASS)
  File "/opt/hostedtoolcache/Python/3.9.13/x64/lib/python3.9/ftplib.py", line 412, in login
    resp = self.sendcmd('USER ' + user)
  File "/opt/hostedtoolcache/Python/3.9.13/x64/lib/python3.9/ftplib.py", line 281, in sendcmd
    return self.getresp()
  File "/opt/hostedtoolcache/Python/3.9.13/x64/lib/python3.9/ftplib.py", line 254, in getresp
    raise error_perm(resp)
ftplib.error_perm: 530 no such username

2025-12-01 13:37:42.983409: Błąd FTP: 530 no such username
Traceback (most recent call last):
  File "/home/runner/work/FS25LogsNew/FS25LogsNew/logs_analyzer.py", line 175, in download_logs
    ftp.login(FTP_USER, FTP_PASS)
  File "/opt/hostedtoolcache/Python/3.9.13/x64/lib/python3.9/ftplib.py", line 412, in login
    resp = self.sendcmd('USER ' + user)
  File "/opt/hostedtoolcache/Python/3.9.13/x64/lib/python3.9/ftplib.py", line 281, in sendcmd
    return self.getresp()
  File "/opt/hostedtoolcache/Python/3.9.13/x64/lib/python3.9/ftplib.py", line 254, in getresp
    raise error_perm(resp)
ftplib.error_perm: 530 no such username

2025-12-01 13:37:43.384973: Błąd FTP: 530 no such username
Traceback (most recent call last):
  File "/home/runner/work/FS25LogsNew/FS25LogsNew/logs_analyzer.py", line 175, in download_logs
    ftp.login(FTP_USER, FTP_PASS)
  File "/opt/hostedtoolcache/Python/3.9.13/x64/lib/python3.9/ftplib.py", line 412, in login
    resp = self.sendcmd('USER ' + user)
  File "/opt/hostedtoolcache/Python/3.9.13/x64/lib/python3.9/ftplib.py", line 281, in sendcmd
    return self.getresp()
  File "/opt/hostedtoolcache/Python/3.9.13/x64/lib/python3.9/ftplib.py", line 254, in getresp
    raise error_perm(resp)
ftplib.error_perm: 530 no such username

2025-12-01 13:50:42.765425: Błąd FTP: 530 no such username
Traceback (most recent call last):
  File "/home/runner/work/FS25LogsNew/FS25LogsNew/logs_analyzer.py", line 175, in download_logs
    ftp.login(FTP_USER, FTP_PASS)
  File "/opt/hostedtoolcache/Python/3.9.13/x64/lib/python3.9/ftplib.py", line 412, in login
    resp = self.sendcmd('USER ' + user)
  File "/opt/hostedtoolcache/Python/3.9.13/x64/lib/python3.9/ftplib.py", line 281, in sendcmd
    return self.getresp()
  File "/opt/hostedtoolcache/Python/3.9.13/x64/lib/python3.9/ftplib.py", line 254, in getresp
    raise error_perm(resp)
ftplib.error_perm: 530 no such username

2025-12-01 13:50:43.189012: Błąd FTP: 530 no such username
Traceback (most recent call last):
  File "/home/runner/work/FS25LogsNew/FS25LogsNew/logs_analyzer.py", line 175, in download_logs
    ftp.login(FTP_USER, FTP_PASS)
  File "/opt/hostedtoolcache/Python/3.9.13/x64/lib/python3.9/ftplib.py", line 412, in login
    resp = self.sendcmd('USER ' + user)
  File "/opt/hostedtoolcache/Python/3.9.13/x64/lib/python3.9/ftplib.py", line 281, in sendcmd
    return self.getresp()
  File "/opt/hostedtoolcache/Python/3.9.13/x64/lib/python3.9/ftplib.py", line 254, in getresp
    raise error_perm(resp)
ftplib.error_perm: 530 no such username

2025-12-01 13:50:43.622913: Błąd FTP: 530 no such username
Traceback (most recent call last):
  File "/home/runner/work/FS25LogsNew/FS25LogsNew/logs_analyzer.py", line 175, in download_logs
    ftp.login(FTP_USER, FTP_PASS)
  File "/opt/hostedtoolcache/Python/3.9.13/x64/lib/python3.9/ftplib.py", line 412, in login
    resp = self.sendcmd('USER ' + user)
  File "/opt/hostedtoolcache/Python/3.9.13/x64/lib/python3.9/ftplib.py", line 281, in sendcmd
    return self.getresp()
  File "/opt/hostedtoolcache/Python/3.9.13/x64/lib/python3.9/ftplib.py", line 254, in getresp
    raise error_perm(resp)
ftplib.error_perm: 530 no such username

2025-12-01 14:26:45.631786: Błąd FTP: 530 no such username
Traceback (most recent call last):
  File "/home/runner/work/FS25LogsNew/FS25LogsNew/logs_analyzer.py", line 175, in download_logs
    ftp.login(FTP_USER, FTP_PASS)
  File "/opt/hostedtoolcache/Python/3.9.13/x64/lib/python3.9/ftplib.py", line 412, in login
    resp = self.sendcmd('USER ' + user)
  File "/opt/hostedtoolcache/Python/3.9.13/x64/lib/python3.9/ftplib.py", line 281, in sendcmd
    return self.getresp()
  File "/opt/hostedtoolcache/Python/3.9.13/x64/lib/python3.9/ftplib.py", line 254, in getresp
    raise error_perm(resp)
ftplib.error_perm: 530 no such username

2025-12-01 14:26:45.993113: Błąd FTP: 530 no such username
Traceback (most recent call last):
  File "/home/runner/work/FS25LogsNew/FS25LogsNew/logs_analyzer.py", line 175, in download_logs
    ftp.login(FTP_USER, FTP_PASS)
  File "/opt/hostedtoolcache/Python/3.9.13/x64/lib/python3.9/ftplib.py", line 412, in login
    resp = self.sendcmd('USER ' + user)
  File "/opt/hostedtoolcache/Python/3.9.13/x64/lib/python3.9/ftplib.py", line 281, in sendcmd
    return self.getresp()
  File "/opt/hostedtoolcache/Python/3.9.13/x64/lib/python3.9/ftplib.py", line 254, in getresp
    raise error_perm(resp)
ftplib.error_perm: 530 no such username

2025-12-01 14:26:46.353737: Błąd FTP: 530 no such username
Traceback (most recent call last):
  File "/home/runner/work/FS25LogsNew/FS25LogsNew/logs_analyzer.py", line 175, in download_logs
    ftp.login(FTP_USER, FTP_PASS)
  File "/opt/hostedtoolcache/Python/3.9.13/x64/lib/python3.9/ftplib.py", line 412, in login
    resp = self.sendcmd('USER ' + user)
  File "/opt/hostedtoolcache/Python/3.9.13/x64/lib/python3.9/ftplib.py", line 281, in sendcmd
    return self.getresp()
  File "/opt/hostedtoolcache/Python/3.9.13/x64/lib/python3.9/ftplib.py", line 254, in getresp
    raise error_perm(resp)
ftplib.error_perm: 530 no such username

2025-12-01 14:45:27.716909: Błąd FTP: 530 no such username
Traceback (most recent call last):
  File "/home/runner/work/FS25LogsNew/FS25LogsNew/logs_analyzer.py", line 175, in download_logs
    ftp.login(FTP_USER, FTP_PASS)
  File "/opt/hostedtoolcache/Python/3.9.13/x64/lib/python3.9/ftplib.py", line 412, in login
    resp = self.sendcmd('USER ' + user)
  File "/opt/hostedtoolcache/Python/3.9.13/x64/lib/python3.9/ftplib.py", line 281, in sendcmd
    return self.getresp()
  File "/opt/hostedtoolcache/Python/3.9.13/x64/lib/python3.9/ftplib.py", line 254, in getresp
    raise error_perm(resp)
ftplib.error_perm: 530 no such username

2025-12-01 14:45:28.100035: Błąd FTP: 530 no such username
Traceback (most recent call last):
  File "/home/runner/work/FS25LogsNew/FS25LogsNew/logs_analyzer.py", line 175, in download_logs
    ftp.login(FTP_USER, FTP_PASS)
  File "/opt/hostedtoolcache/Python/3.9.13/x64/lib/python3.9/ftplib.py", line 412, in login
    resp = self.sendcmd('USER ' + user)
  File "/opt/hostedtoolcache/Python/3.9.13/x64/lib/python3.9/ftplib.py", line 281, in sendcmd
    return self.getresp()
  File "/opt/hostedtoolcache/Python/3.9.13/x64/lib/python3.9/ftplib.py", line 254, in getresp
    raise error_perm(resp)
ftplib.error_perm: 530 no such username

2025-12-01 14:45:28.500854: Błąd FTP: 530 no such username
Traceback (most recent call last):
  File "/home/runner/work/FS25LogsNew/FS25LogsNew/logs_analyzer.py", line 175, in download_logs
    ftp.login(FTP_USER, FTP_PASS)
  File "/opt/hostedtoolcache/Python/3.9.13/x64/lib/python3.9/ftplib.py", line 412, in login
    resp = self.sendcmd('USER ' + user)
  File "/opt/hostedtoolcache/Python/3.9.13/x64/lib/python3.9/ftplib.py", line 281, in sendcmd
    return self.getresp()
  File "/opt/hostedtoolcache/Python/3.9.13/x64/lib/python3.9/ftplib.py", line 254, in getresp
    raise error_perm(resp)
ftplib.error_perm: 530 no such username

2025-12-01 15:26:33.545156: Błąd FTP: 530 no such username
Traceback (most recent call last):
  File "/home/runner/work/FS25LogsNew/FS25LogsNew/logs_analyzer.py", line 175, in download_logs
    ftp.login(FTP_USER, FTP_PASS)
  File "/opt/hostedtoolcache/Python/3.9.13/x64/lib/python3.9/ftplib.py", line 412, in login
    resp = self.sendcmd('USER ' + user)
  File "/opt/hostedtoolcache/Python/3.9.13/x64/lib/python3.9/ftplib.py", line 281, in sendcmd
    return self.getresp()
  File "/opt/hostedtoolcache/Python/3.9.13/x64/lib/python3.9/ftplib.py", line 254, in getresp
    raise error_perm(resp)
ftplib.error_perm: 530 no such username

2025-12-01 15:26:33.992679: Błąd FTP: 530 no such username
Traceback (most recent call last):
  File "/home/runner/work/FS25LogsNew/FS25LogsNew/logs_analyzer.py", line 175, in download_logs
    ftp.login(FTP_USER, FTP_PASS)
  File "/opt/hostedtoolcache/Python/3.9.13/x64/lib/python3.9/ftplib.py", line 412, in login
    resp = self.sendcmd('USER ' + user)
  File "/opt/hostedtoolcache/Python/3.9.13/x64/lib/python3.9/ftplib.py", line 281, in sendcmd
    return self.getresp()
  File "/opt/hostedtoolcache/Python/3.9.13/x64/lib/python3.9/ftplib.py", line 254, in getresp
    raise error_perm(resp)
ftplib.error_perm: 530 no such username

2025-12-01 15:26:34.417240: Błąd FTP: 530 no such username
Traceback (most recent call last):
  File "/home/runner/work/FS25LogsNew/FS25LogsNew/logs_analyzer.py", line 175, in download_logs
    ftp.login(FTP_USER, FTP_PASS)
  File "/opt/hostedtoolcache/Python/3.9.13/x64/lib/python3.9/ftplib.py", line 412, in login
    resp = self.sendcmd('USER ' + user)
  File "/opt/hostedtoolcache/Python/3.9.13/x64/lib/python3.9/ftplib.py", line 281, in sendcmd
    return self.getresp()
  File "/opt/hostedtoolcache/Python/3.9.13/x64/lib/python3.9/ftplib.py", line 254, in getresp
    raise error_perm(resp)
ftplib.error_perm: 530 no such username

2025-12-01 15:42:19.700486: Błąd FTP: 530 no such username
Traceback (most recent call last):
  File "/home/runner/work/FS25LogsNew/FS25LogsNew/logs_analyzer.py", line 175, in download_logs
    ftp.login(FTP_USER, FTP_PASS)
  File "/opt/hostedtoolcache/Python/3.9.13/x64/lib/python3.9/ftplib.py", line 412, in login
    resp = self.sendcmd('USER ' + user)
  File "/opt/hostedtoolcache/Python/3.9.13/x64/lib/python3.9/ftplib.py", line 281, in sendcmd
    return self.getresp()
  File "/opt/hostedtoolcache/Python/3.9.13/x64/lib/python3.9/ftplib.py", line 254, in getresp
    raise error_perm(resp)
ftplib.error_perm: 530 no such username

2025-12-01 15:42:20.062230: Błąd FTP: 530 no such username
Traceback (most recent call last):
  File "/home/runner/work/FS25LogsNew/FS25LogsNew/logs_analyzer.py", line 175, in download_logs
    ftp.login(FTP_USER, FTP_PASS)
  File "/opt/hostedtoolcache/Python/3.9.13/x64/lib/python3.9/ftplib.py", line 412, in login
    resp = self.sendcmd('USER ' + user)
  File "/opt/hostedtoolcache/Python/3.9.13/x64/lib/python3.9/ftplib.py", line 281, in sendcmd
    return self.getresp()
  File "/opt/hostedtoolcache/Python/3.9.13/x64/lib/python3.9/ftplib.py", line 254, in getresp
    raise error_perm(resp)
ftplib.error_perm: 530 no such username

2025-12-01 15:42:20.422588: Błąd FTP: 530 no such username
Traceback (most recent call last):
  File "/home/runner/work/FS25LogsNew/FS25LogsNew/logs_analyzer.py", line 175, in download_logs
    ftp.login(FTP_USER, FTP_PASS)
  File "/opt/hostedtoolcache/Python/3.9.13/x64/lib/python3.9/ftplib.py", line 412, in login
    resp = self.sendcmd('USER ' + user)
  File "/opt/hostedtoolcache/Python/3.9.13/x64/lib/python3.9/ftplib.py", line 281, in sendcmd
    return self.getresp()
  File "/opt/hostedtoolcache/Python/3.9.13/x64/lib/python3.9/ftplib.py", line 254, in getresp
    raise error_perm(resp)
ftplib.error_perm: 530 no such username

2025-12-01 16:33:45.315142: Błąd FTP: 530 no such username
Traceback (most recent call last):
  File "/home/runner/work/FS25LogsNew/FS25LogsNew/logs_analyzer.py", line 175, in download_logs
    ftp.login(FTP_USER, FTP_PASS)
  File "/opt/hostedtoolcache/Python/3.9.13/x64/lib/python3.9/ftplib.py", line 412, in login
    resp = self.sendcmd('USER ' + user)
  File "/opt/hostedtoolcache/Python/3.9.13/x64/lib/python3.9/ftplib.py", line 281, in sendcmd
    return self.getresp()
  File "/opt/hostedtoolcache/Python/3.9.13/x64/lib/python3.9/ftplib.py", line 254, in getresp
    raise error_perm(resp)
ftplib.error_perm: 530 no such username

2025-12-01 16:33:45.910030: Błąd FTP: 530 no such username
Traceback (most recent call last):
  File "/home/runner/work/FS25LogsNew/FS25LogsNew/logs_analyzer.py", line 175, in download_logs
    ftp.login(FTP_USER, FTP_PASS)
  File "/opt/hostedtoolcache/Python/3.9.13/x64/lib/python3.9/ftplib.py", line 412, in login
    resp = self.sendcmd('USER ' + user)
  File "/opt/hostedtoolcache/Python/3.9.13/x64/lib/python3.9/ftplib.py", line 281, in sendcmd
    return self.getresp()
  File "/opt/hostedtoolcache/Python/3.9.13/x64/lib/python3.9/ftplib.py", line 254, in getresp
    raise error_perm(resp)
ftplib.error_perm: 530 no such username

2025-12-01 16:33:46.480639: Błąd FTP: 530 no such username
Traceback (most recent call last):
  File "/home/runner/work/FS25LogsNew/FS25LogsNew/logs_analyzer.py", line 175, in download_logs
    ftp.login(FTP_USER, FTP_PASS)
  File "/opt/hostedtoolcache/Python/3.9.13/x64/lib/python3.9/ftplib.py", line 412, in login
    resp = self.sendcmd('USER ' + user)
  File "/opt/hostedtoolcache/Python/3.9.13/x64/lib/python3.9/ftplib.py", line 281, in sendcmd
    return self.getresp()
  File "/opt/hostedtoolcache/Python/3.9.13/x64/lib/python3.9/ftplib.py", line 254, in getresp
    raise error_perm(resp)
ftplib.error_perm: 530 no such username

2025-12-01 16:50:00.717292: Błąd FTP: 530 no such username
Traceback (most recent call last):
  File "/home/runner/work/FS25LogsNew/FS25LogsNew/logs_analyzer.py", line 175, in download_logs
    ftp.login(FTP_USER, FTP_PASS)
  File "/opt/hostedtoolcache/Python/3.9.13/x64/lib/python3.9/ftplib.py", line 412, in login
    resp = self.sendcmd('USER ' + user)
  File "/opt/hostedtoolcache/Python/3.9.13/x64/lib/python3.9/ftplib.py", line 281, in sendcmd
    return self.getresp()
  File "/opt/hostedtoolcache/Python/3.9.13/x64/lib/python3.9/ftplib.py", line 254, in getresp
    raise error_perm(resp)
ftplib.error_perm: 530 no such username

2025-12-01 16:50:01.144620: Błąd FTP: 530 no such username
Traceback (most recent call last):
  File "/home/runner/work/FS25LogsNew/FS25LogsNew/logs_analyzer.py", line 175, in download_logs
    ftp.login(FTP_USER, FTP_PASS)
  File "/opt/hostedtoolcache/Python/3.9.13/x64/lib/python3.9/ftplib.py", line 412, in login
    resp = self.sendcmd('USER ' + user)
  File "/opt/hostedtoolcache/Python/3.9.13/x64/lib/python3.9/ftplib.py", line 281, in sendcmd
    return self.getresp()
  File "/opt/hostedtoolcache/Python/3.9.13/x64/lib/python3.9/ftplib.py", line 254, in getresp
    raise error_perm(resp)
ftplib.error_perm: 530 no such username

2025-12-01 16:50:01.578822: Błąd FTP: 530 no such username
Traceback (most recent call last):
  File "/home/runner/work/FS25LogsNew/FS25LogsNew/logs_analyzer.py", line 175, in download_logs
    ftp.login(FTP_USER, FTP_PASS)
  File "/opt/hostedtoolcache/Python/3.9.13/x64/lib/python3.9/ftplib.py", line 412, in login
    resp = self.sendcmd('USER ' + user)
  File "/opt/hostedtoolcache/Python/3.9.13/x64/lib/python3.9/ftplib.py", line 281, in sendcmd
    return self.getresp()
  File "/opt/hostedtoolcache/Python/3.9.13/x64/lib/python3.9/ftplib.py", line 254, in getresp
    raise error_perm(resp)
ftplib.error_perm: 530 no such username

2025-12-01 17:24:59.610832: Błąd FTP: 530 no such username
Traceback (most recent call last):
  File "/home/runner/work/FS25LogsNew/FS25LogsNew/logs_analyzer.py", line 175, in download_logs
    ftp.login(FTP_USER, FTP_PASS)
  File "/opt/hostedtoolcache/Python/3.9.13/x64/lib/python3.9/ftplib.py", line 412, in login
    resp = self.sendcmd('USER ' + user)
  File "/opt/hostedtoolcache/Python/3.9.13/x64/lib/python3.9/ftplib.py", line 281, in sendcmd
    return self.getresp()
  File "/opt/hostedtoolcache/Python/3.9.13/x64/lib/python3.9/ftplib.py", line 254, in getresp
    raise error_perm(resp)
ftplib.error_perm: 530 no such username

2025-12-01 17:24:59.972412: Błąd FTP: 530 no such username
Traceback (most recent call last):
  File "/home/runner/work/FS25LogsNew/FS25LogsNew/logs_analyzer.py", line 175, in download_logs
    ftp.login(FTP_USER, FTP_PASS)
  File "/opt/hostedtoolcache/Python/3.9.13/x64/lib/python3.9/ftplib.py", line 412, in login
    resp = self.sendcmd('USER ' + user)
  File "/opt/hostedtoolcache/Python/3.9.13/x64/lib/python3.9/ftplib.py", line 281, in sendcmd
    return self.getresp()
  File "/opt/hostedtoolcache/Python/3.9.13/x64/lib/python3.9/ftplib.py", line 254, in getresp
    raise error_perm(resp)
ftplib.error_perm: 530 no such username

2025-12-01 17:25:00.332448: Błąd FTP: 530 no such username
Traceback (most recent call last):
  File "/home/runner/work/FS25LogsNew/FS25LogsNew/logs_analyzer.py", line 175, in download_logs
    ftp.login(FTP_USER, FTP_PASS)
  File "/opt/hostedtoolcache/Python/3.9.13/x64/lib/python3.9/ftplib.py", line 412, in login
    resp = self.sendcmd('USER ' + user)
  File "/opt/hostedtoolcache/Python/3.9.13/x64/lib/python3.9/ftplib.py", line 281, in sendcmd
    return self.getresp()
  File "/opt/hostedtoolcache/Python/3.9.13/x64/lib/python3.9/ftplib.py", line 254, in getresp
    raise error_perm(resp)
ftplib.error_perm: 530 no such username

2025-12-01 17:46:13.798826: Błąd FTP: 530 no such username
Traceback (most recent call last):
  File "/home/runner/work/FS25LogsNew/FS25LogsNew/logs_analyzer.py", line 175, in download_logs
    ftp.login(FTP_USER, FTP_PASS)
  File "/opt/hostedtoolcache/Python/3.9.13/x64/lib/python3.9/ftplib.py", line 412, in login
    resp = self.sendcmd('USER ' + user)
  File "/opt/hostedtoolcache/Python/3.9.13/x64/lib/python3.9/ftplib.py", line 281, in sendcmd
    return self.getresp()
  File "/opt/hostedtoolcache/Python/3.9.13/x64/lib/python3.9/ftplib.py", line 254, in getresp
    raise error_perm(resp)
ftplib.error_perm: 530 no such username

2025-12-01 17:46:14.341240: Błąd FTP: 530 no such username
Traceback (most recent call last):
  File "/home/runner/work/FS25LogsNew/FS25LogsNew/logs_analyzer.py", line 175, in download_logs
    ftp.login(FTP_USER, FTP_PASS)
  File "/opt/hostedtoolcache/Python/3.9.13/x64/lib/python3.9/ftplib.py", line 412, in login
    resp = self.sendcmd('USER ' + user)
  File "/opt/hostedtoolcache/Python/3.9.13/x64/lib/python3.9/ftplib.py", line 281, in sendcmd
    return self.getresp()
  File "/opt/hostedtoolcache/Python/3.9.13/x64/lib/python3.9/ftplib.py", line 254, in getresp
    raise error_perm(resp)
ftplib.error_perm: 530 no such username

2025-12-01 17:46:14.880173: Błąd FTP: 530 no such username
Traceback (most recent call last):
  File "/home/runner/work/FS25LogsNew/FS25LogsNew/logs_analyzer.py", line 175, in download_logs
    ftp.login(FTP_USER, FTP_PASS)
  File "/opt/hostedtoolcache/Python/3.9.13/x64/lib/python3.9/ftplib.py", line 412, in login
    resp = self.sendcmd('USER ' + user)
  File "/opt/hostedtoolcache/Python/3.9.13/x64/lib/python3.9/ftplib.py", line 281, in sendcmd
    return self.getresp()
  File "/opt/hostedtoolcache/Python/3.9.13/x64/lib/python3.9/ftplib.py", line 254, in getresp
    raise error_perm(resp)
ftplib.error_perm: 530 no such username

2025-12-01 18:38:45.960005: Błąd FTP: 530 no such username
Traceback (most recent call last):
  File "/home/runner/work/FS25LogsNew/FS25LogsNew/logs_analyzer.py", line 175, in download_logs
    ftp.login(FTP_USER, FTP_PASS)
  File "/opt/hostedtoolcache/Python/3.9.13/x64/lib/python3.9/ftplib.py", line 412, in login
    resp = self.sendcmd('USER ' + user)
  File "/opt/hostedtoolcache/Python/3.9.13/x64/lib/python3.9/ftplib.py", line 281, in sendcmd
    return self.getresp()
  File "/opt/hostedtoolcache/Python/3.9.13/x64/lib/python3.9/ftplib.py", line 254, in getresp
    raise error_perm(resp)
ftplib.error_perm: 530 no such username

2025-12-01 18:38:46.345031: Błąd FTP: 530 no such username
Traceback (most recent call last):
  File "/home/runner/work/FS25LogsNew/FS25LogsNew/logs_analyzer.py", line 175, in download_logs
    ftp.login(FTP_USER, FTP_PASS)
  File "/opt/hostedtoolcache/Python/3.9.13/x64/lib/python3.9/ftplib.py", line 412, in login
    resp = self.sendcmd('USER ' + user)
  File "/opt/hostedtoolcache/Python/3.9.13/x64/lib/python3.9/ftplib.py", line 281, in sendcmd
    return self.getresp()
  File "/opt/hostedtoolcache/Python/3.9.13/x64/lib/python3.9/ftplib.py", line 254, in getresp
    raise error_perm(resp)
ftplib.error_perm: 530 no such username

2025-12-01 18:38:46.746362: Błąd FTP: 530 no such username
Traceback (most recent call last):
  File "/home/runner/work/FS25LogsNew/FS25LogsNew/logs_analyzer.py", line 175, in download_logs
    ftp.login(FTP_USER, FTP_PASS)
  File "/opt/hostedtoolcache/Python/3.9.13/x64/lib/python3.9/ftplib.py", line 412, in login
    resp = self.sendcmd('USER ' + user)
  File "/opt/hostedtoolcache/Python/3.9.13/x64/lib/python3.9/ftplib.py", line 281, in sendcmd
    return self.getresp()
  File "/opt/hostedtoolcache/Python/3.9.13/x64/lib/python3.9/ftplib.py", line 254, in getresp
    raise error_perm(resp)
ftplib.error_perm: 530 no such username

2025-12-01 18:54:28.036097: Błąd FTP: 530 no such username
Traceback (most recent call last):
  File "/home/runner/work/FS25LogsNew/FS25LogsNew/logs_analyzer.py", line 175, in download_logs
    ftp.login(FTP_USER, FTP_PASS)
  File "/opt/hostedtoolcache/Python/3.9.13/x64/lib/python3.9/ftplib.py", line 412, in login
    resp = self.sendcmd('USER ' + user)
  File "/opt/hostedtoolcache/Python/3.9.13/x64/lib/python3.9/ftplib.py", line 281, in sendcmd
    return self.getresp()
  File "/opt/hostedtoolcache/Python/3.9.13/x64/lib/python3.9/ftplib.py", line 254, in getresp
    raise error_perm(resp)
ftplib.error_perm: 530 no such username

2025-12-01 18:54:28.656326: Błąd FTP: 530 no such username
Traceback (most recent call last):
  File "/home/runner/work/FS25LogsNew/FS25LogsNew/logs_analyzer.py", line 175, in download_logs
    ftp.login(FTP_USER, FTP_PASS)
  File "/opt/hostedtoolcache/Python/3.9.13/x64/lib/python3.9/ftplib.py", line 412, in login
    resp = self.sendcmd('USER ' + user)
  File "/opt/hostedtoolcache/Python/3.9.13/x64/lib/python3.9/ftplib.py", line 281, in sendcmd
    return self.getresp()
  File "/opt/hostedtoolcache/Python/3.9.13/x64/lib/python3.9/ftplib.py", line 254, in getresp
    raise error_perm(resp)
ftplib.error_perm: 530 no such username

2025-12-01 18:54:29.281341: Błąd FTP: 530 no such username
Traceback (most recent call last):
  File "/home/runner/work/FS25LogsNew/FS25LogsNew/logs_analyzer.py", line 175, in download_logs
    ftp.login(FTP_USER, FTP_PASS)
  File "/opt/hostedtoolcache/Python/3.9.13/x64/lib/python3.9/ftplib.py", line 412, in login
    resp = self.sendcmd('USER ' + user)
  File "/opt/hostedtoolcache/Python/3.9.13/x64/lib/python3.9/ftplib.py", line 281, in sendcmd
    return self.getresp()
  File "/opt/hostedtoolcache/Python/3.9.13/x64/lib/python3.9/ftplib.py", line 254, in getresp
    raise error_perm(resp)
ftplib.error_perm: 530 no such username

2025-12-01 19:25:09.668302: Błąd FTP: 530 no such username
Traceback (most recent call last):
  File "/home/runner/work/FS25LogsNew/FS25LogsNew/logs_analyzer.py", line 175, in download_logs
    ftp.login(FTP_USER, FTP_PASS)
  File "/opt/hostedtoolcache/Python/3.9.13/x64/lib/python3.9/ftplib.py", line 412, in login
    resp = self.sendcmd('USER ' + user)
  File "/opt/hostedtoolcache/Python/3.9.13/x64/lib/python3.9/ftplib.py", line 281, in sendcmd
    return self.getresp()
  File "/opt/hostedtoolcache/Python/3.9.13/x64/lib/python3.9/ftplib.py", line 254, in getresp
    raise error_perm(resp)
ftplib.error_perm: 530 no such username

2025-12-01 19:25:10.221540: Błąd FTP: 530 no such username
Traceback (most recent call last):
  File "/home/runner/work/FS25LogsNew/FS25LogsNew/logs_analyzer.py", line 175, in download_logs
    ftp.login(FTP_USER, FTP_PASS)
  File "/opt/hostedtoolcache/Python/3.9.13/x64/lib/python3.9/ftplib.py", line 412, in login
    resp = self.sendcmd('USER ' + user)
  File "/opt/hostedtoolcache/Python/3.9.13/x64/lib/python3.9/ftplib.py", line 281, in sendcmd
    return self.getresp()
  File "/opt/hostedtoolcache/Python/3.9.13/x64/lib/python3.9/ftplib.py", line 254, in getresp
    raise error_perm(resp)
ftplib.error_perm: 530 no such username

2025-12-01 19:25:10.765053: Błąd FTP: 530 no such username
Traceback (most recent call last):
  File "/home/runner/work/FS25LogsNew/FS25LogsNew/logs_analyzer.py", line 175, in download_logs
    ftp.login(FTP_USER, FTP_PASS)
  File "/opt/hostedtoolcache/Python/3.9.13/x64/lib/python3.9/ftplib.py", line 412, in login
    resp = self.sendcmd('USER ' + user)
  File "/opt/hostedtoolcache/Python/3.9.13/x64/lib/python3.9/ftplib.py", line 281, in sendcmd
    return self.getresp()
  File "/opt/hostedtoolcache/Python/3.9.13/x64/lib/python3.9/ftplib.py", line 254, in getresp
    raise error_perm(resp)
ftplib.error_perm: 530 no such username

2025-12-01 19:38:53.411856: Błąd FTP: 530 no such username
Traceback (most recent call last):
  File "/home/runner/work/FS25LogsNew/FS25LogsNew/logs_analyzer.py", line 175, in download_logs
    ftp.login(FTP_USER, FTP_PASS)
  File "/opt/hostedtoolcache/Python/3.9.13/x64/lib/python3.9/ftplib.py", line 412, in login
    resp = self.sendcmd('USER ' + user)
  File "/opt/hostedtoolcache/Python/3.9.13/x64/lib/python3.9/ftplib.py", line 281, in sendcmd
    return self.getresp()
  File "/opt/hostedtoolcache/Python/3.9.13/x64/lib/python3.9/ftplib.py", line 254, in getresp
    raise error_perm(resp)
ftplib.error_perm: 530 no such username

2025-12-01 19:38:53.933460: Błąd FTP: 530 no such username
Traceback (most recent call last):
  File "/home/runner/work/FS25LogsNew/FS25LogsNew/logs_analyzer.py", line 175, in download_logs
    ftp.login(FTP_USER, FTP_PASS)
  File "/opt/hostedtoolcache/Python/3.9.13/x64/lib/python3.9/ftplib.py", line 412, in login
    resp = self.sendcmd('USER ' + user)
  File "/opt/hostedtoolcache/Python/3.9.13/x64/lib/python3.9/ftplib.py", line 281, in sendcmd
    return self.getresp()
  File "/opt/hostedtoolcache/Python/3.9.13/x64/lib/python3.9/ftplib.py", line 254, in getresp
    raise error_perm(resp)
ftplib.error_perm: 530 no such username

2025-12-01 19:38:54.381731: Błąd FTP: 530 no such username
Traceback (most recent call last):
  File "/home/runner/work/FS25LogsNew/FS25LogsNew/logs_analyzer.py", line 175, in download_logs
    ftp.login(FTP_USER, FTP_PASS)
  File "/opt/hostedtoolcache/Python/3.9.13/x64/lib/python3.9/ftplib.py", line 412, in login
    resp = self.sendcmd('USER ' + user)
  File "/opt/hostedtoolcache/Python/3.9.13/x64/lib/python3.9/ftplib.py", line 281, in sendcmd
    return self.getresp()
  File "/opt/hostedtoolcache/Python/3.9.13/x64/lib/python3.9/ftplib.py", line 254, in getresp
    raise error_perm(resp)
ftplib.error_perm: 530 no such username

2025-12-01 20:24:56.210795: Błąd FTP: 530 no such username
Traceback (most recent call last):
  File "/home/runner/work/FS25LogsNew/FS25LogsNew/logs_analyzer.py", line 175, in download_logs
    ftp.login(FTP_USER, FTP_PASS)
  File "/opt/hostedtoolcache/Python/3.9.13/x64/lib/python3.9/ftplib.py", line 412, in login
    resp = self.sendcmd('USER ' + user)
  File "/opt/hostedtoolcache/Python/3.9.13/x64/lib/python3.9/ftplib.py", line 281, in sendcmd
    return self.getresp()
  File "/opt/hostedtoolcache/Python/3.9.13/x64/lib/python3.9/ftplib.py", line 254, in getresp
    raise error_perm(resp)
ftplib.error_perm: 530 no such username

2025-12-01 20:24:56.751166: Błąd FTP: 530 no such username
Traceback (most recent call last):
  File "/home/runner/work/FS25LogsNew/FS25LogsNew/logs_analyzer.py", line 175, in download_logs
    ftp.login(FTP_USER, FTP_PASS)
  File "/opt/hostedtoolcache/Python/3.9.13/x64/lib/python3.9/ftplib.py", line 412, in login
    resp = self.sendcmd('USER ' + user)
  File "/opt/hostedtoolcache/Python/3.9.13/x64/lib/python3.9/ftplib.py", line 281, in sendcmd
    return self.getresp()
  File "/opt/hostedtoolcache/Python/3.9.13/x64/lib/python3.9/ftplib.py", line 254, in getresp
    raise error_perm(resp)
ftplib.error_perm: 530 no such username

2025-12-01 20:24:57.304078: Błąd FTP: 530 no such username
Traceback (most recent call last):
  File "/home/runner/work/FS25LogsNew/FS25LogsNew/logs_analyzer.py", line 175, in download_logs
    ftp.login(FTP_USER, FTP_PASS)
  File "/opt/hostedtoolcache/Python/3.9.13/x64/lib/python3.9/ftplib.py", line 412, in login
    resp = self.sendcmd('USER ' + user)
  File "/opt/hostedtoolcache/Python/3.9.13/x64/lib/python3.9/ftplib.py", line 281, in sendcmd
    return self.getresp()
  File "/opt/hostedtoolcache/Python/3.9.13/x64/lib/python3.9/ftplib.py", line 254, in getresp
    raise error_perm(resp)
ftplib.error_perm: 530 no such username

2025-12-01 20:37:40.780798: Błąd FTP: 530 no such username
Traceback (most recent call last):
  File "/home/runner/work/FS25LogsNew/FS25LogsNew/logs_analyzer.py", line 175, in download_logs
    ftp.login(FTP_USER, FTP_PASS)
  File "/opt/hostedtoolcache/Python/3.9.13/x64/lib/python3.9/ftplib.py", line 412, in login
    resp = self.sendcmd('USER ' + user)
  File "/opt/hostedtoolcache/Python/3.9.13/x64/lib/python3.9/ftplib.py", line 281, in sendcmd
    return self.getresp()
  File "/opt/hostedtoolcache/Python/3.9.13/x64/lib/python3.9/ftplib.py", line 254, in getresp
    raise error_perm(resp)
ftplib.error_perm: 530 no such username

2025-12-01 20:37:41.141572: Błąd FTP: 530 no such username
Traceback (most recent call last):
  File "/home/runner/work/FS25LogsNew/FS25LogsNew/logs_analyzer.py", line 175, in download_logs
    ftp.login(FTP_USER, FTP_PASS)
  File "/opt/hostedtoolcache/Python/3.9.13/x64/lib/python3.9/ftplib.py", line 412, in login
    resp = self.sendcmd('USER ' + user)
  File "/opt/hostedtoolcache/Python/3.9.13/x64/lib/python3.9/ftplib.py", line 281, in sendcmd
    return self.getresp()
  File "/opt/hostedtoolcache/Python/3.9.13/x64/lib/python3.9/ftplib.py", line 254, in getresp
    raise error_perm(resp)
ftplib.error_perm: 530 no such username

2025-12-01 20:37:41.502508: Błąd FTP: 530 no such username
Traceback (most recent call last):
  File "/home/runner/work/FS25LogsNew/FS25LogsNew/logs_analyzer.py", line 175, in download_logs
    ftp.login(FTP_USER, FTP_PASS)
  File "/opt/hostedtoolcache/Python/3.9.13/x64/lib/python3.9/ftplib.py", line 412, in login
    resp = self.sendcmd('USER ' + user)
  File "/opt/hostedtoolcache/Python/3.9.13/x64/lib/python3.9/ftplib.py", line 281, in sendcmd
    return self.getresp()
  File "/opt/hostedtoolcache/Python/3.9.13/x64/lib/python3.9/ftplib.py", line 254, in getresp
    raise error_perm(resp)
ftplib.error_perm: 530 no such username

2025-12-01 21:20:10.115966: Błąd FTP: 530 no such username
Traceback (most recent call last):
  File "/home/runner/work/FS25LogsNew/FS25LogsNew/logs_analyzer.py", line 175, in download_logs
    ftp.login(FTP_USER, FTP_PASS)
  File "/opt/hostedtoolcache/Python/3.9.13/x64/lib/python3.9/ftplib.py", line 412, in login
    resp = self.sendcmd('USER ' + user)
  File "/opt/hostedtoolcache/Python/3.9.13/x64/lib/python3.9/ftplib.py", line 281, in sendcmd
    return self.getresp()
  File "/opt/hostedtoolcache/Python/3.9.13/x64/lib/python3.9/ftplib.py", line 254, in getresp
    raise error_perm(resp)
ftplib.error_perm: 530 no such username

2025-12-01 21:20:10.591925: Błąd FTP: 530 no such username
Traceback (most recent call last):
  File "/home/runner/work/FS25LogsNew/FS25LogsNew/logs_analyzer.py", line 175, in download_logs
    ftp.login(FTP_USER, FTP_PASS)
  File "/opt/hostedtoolcache/Python/3.9.13/x64/lib/python3.9/ftplib.py", line 412, in login
    resp = self.sendcmd('USER ' + user)
  File "/opt/hostedtoolcache/Python/3.9.13/x64/lib/python3.9/ftplib.py", line 281, in sendcmd
    return self.getresp()
  File "/opt/hostedtoolcache/Python/3.9.13/x64/lib/python3.9/ftplib.py", line 254, in getresp
    raise error_perm(resp)
ftplib.error_perm: 530 no such username

2025-12-01 21:20:11.040272: Błąd FTP: 530 no such username
Traceback (most recent call last):
  File "/home/runner/work/FS25LogsNew/FS25LogsNew/logs_analyzer.py", line 175, in download_logs
    ftp.login(FTP_USER, FTP_PASS)
  File "/opt/hostedtoolcache/Python/3.9.13/x64/lib/python3.9/ftplib.py", line 412, in login
    resp = self.sendcmd('USER ' + user)
  File "/opt/hostedtoolcache/Python/3.9.13/x64/lib/python3.9/ftplib.py", line 281, in sendcmd
    return self.getresp()
  File "/opt/hostedtoolcache/Python/3.9.13/x64/lib/python3.9/ftplib.py", line 254, in getresp
    raise error_perm(resp)
ftplib.error_perm: 530 no such username

2025-12-01 21:33:07.887510: Błąd FTP: 530 no such username
Traceback (most recent call last):
  File "/home/runner/work/FS25LogsNew/FS25LogsNew/logs_analyzer.py", line 175, in download_logs
    ftp.login(FTP_USER, FTP_PASS)
  File "/opt/hostedtoolcache/Python/3.9.13/x64/lib/python3.9/ftplib.py", line 412, in login
    resp = self.sendcmd('USER ' + user)
  File "/opt/hostedtoolcache/Python/3.9.13/x64/lib/python3.9/ftplib.py", line 281, in sendcmd
    return self.getresp()
  File "/opt/hostedtoolcache/Python/3.9.13/x64/lib/python3.9/ftplib.py", line 254, in getresp
    raise error_perm(resp)
ftplib.error_perm: 530 no such username

2025-12-01 21:33:08.457624: Błąd FTP: 530 no such username
Traceback (most recent call last):
  File "/home/runner/work/FS25LogsNew/FS25LogsNew/logs_analyzer.py", line 175, in download_logs
    ftp.login(FTP_USER, FTP_PASS)
  File "/opt/hostedtoolcache/Python/3.9.13/x64/lib/python3.9/ftplib.py", line 412, in login
    resp = self.sendcmd('USER ' + user)
  File "/opt/hostedtoolcache/Python/3.9.13/x64/lib/python3.9/ftplib.py", line 281, in sendcmd
    return self.getresp()
  File "/opt/hostedtoolcache/Python/3.9.13/x64/lib/python3.9/ftplib.py", line 254, in getresp
    raise error_perm(resp)
ftplib.error_perm: 530 no such username

2025-12-01 21:33:09.026758: Błąd FTP: 530 no such username
Traceback (most recent call last):
  File "/home/runner/work/FS25LogsNew/FS25LogsNew/logs_analyzer.py", line 175, in download_logs
    ftp.login(FTP_USER, FTP_PASS)
  File "/opt/hostedtoolcache/Python/3.9.13/x64/lib/python3.9/ftplib.py", line 412, in login
    resp = self.sendcmd('USER ' + user)
  File "/opt/hostedtoolcache/Python/3.9.13/x64/lib/python3.9/ftplib.py", line 281, in sendcmd
    return self.getresp()
  File "/opt/hostedtoolcache/Python/3.9.13/x64/lib/python3.9/ftplib.py", line 254, in getresp
    raise error_perm(resp)
ftplib.error_perm: 530 no such username

2025-12-01 22:21:43.042668: Błąd FTP: 530 no such username
Traceback (most recent call last):
  File "/home/runner/work/FS25LogsNew/FS25LogsNew/logs_analyzer.py", line 175, in download_logs
    ftp.login(FTP_USER, FTP_PASS)
  File "/opt/hostedtoolcache/Python/3.9.13/x64/lib/python3.9/ftplib.py", line 412, in login
    resp = self.sendcmd('USER ' + user)
  File "/opt/hostedtoolcache/Python/3.9.13/x64/lib/python3.9/ftplib.py", line 281, in sendcmd
    return self.getresp()
  File "/opt/hostedtoolcache/Python/3.9.13/x64/lib/python3.9/ftplib.py", line 254, in getresp
    raise error_perm(resp)
ftplib.error_perm: 530 no such username

2025-12-01 22:21:43.649206: Błąd FTP: 530 no such username
Traceback (most recent call last):
  File "/home/runner/work/FS25LogsNew/FS25LogsNew/logs_analyzer.py", line 175, in download_logs
    ftp.login(FTP_USER, FTP_PASS)
  File "/opt/hostedtoolcache/Python/3.9.13/x64/lib/python3.9/ftplib.py", line 412, in login
    resp = self.sendcmd('USER ' + user)
  File "/opt/hostedtoolcache/Python/3.9.13/x64/lib/python3.9/ftplib.py", line 281, in sendcmd
    return self.getresp()
  File "/opt/hostedtoolcache/Python/3.9.13/x64/lib/python3.9/ftplib.py", line 254, in getresp
    raise error_perm(resp)
ftplib.error_perm: 530 no such username

2025-12-01 22:21:44.265147: Błąd FTP: 530 no such username
Traceback (most recent call last):
  File "/home/runner/work/FS25LogsNew/FS25LogsNew/logs_analyzer.py", line 175, in download_logs
    ftp.login(FTP_USER, FTP_PASS)
  File "/opt/hostedtoolcache/Python/3.9.13/x64/lib/python3.9/ftplib.py", line 412, in login
    resp = self.sendcmd('USER ' + user)
  File "/opt/hostedtoolcache/Python/3.9.13/x64/lib/python3.9/ftplib.py", line 281, in sendcmd
    return self.getresp()
  File "/opt/hostedtoolcache/Python/3.9.13/x64/lib/python3.9/ftplib.py", line 254, in getresp
    raise error_perm(resp)
ftplib.error_perm: 530 no such username

2025-12-01 22:40:36.223025: Błąd FTP: 530 no such username
Traceback (most recent call last):
  File "/home/runner/work/FS25LogsNew/FS25LogsNew/logs_analyzer.py", line 175, in download_logs
    ftp.login(FTP_USER, FTP_PASS)
  File "/opt/hostedtoolcache/Python/3.9.13/x64/lib/python3.9/ftplib.py", line 412, in login
    resp = self.sendcmd('USER ' + user)
  File "/opt/hostedtoolcache/Python/3.9.13/x64/lib/python3.9/ftplib.py", line 281, in sendcmd
    return self.getresp()
  File "/opt/hostedtoolcache/Python/3.9.13/x64/lib/python3.9/ftplib.py", line 254, in getresp
    raise error_perm(resp)
ftplib.error_perm: 530 no such username

2025-12-01 22:40:36.667055: Błąd FTP: 530 no such username
Traceback (most recent call last):
  File "/home/runner/work/FS25LogsNew/FS25LogsNew/logs_analyzer.py", line 175, in download_logs
    ftp.login(FTP_USER, FTP_PASS)
  File "/opt/hostedtoolcache/Python/3.9.13/x64/lib/python3.9/ftplib.py", line 412, in login
    resp = self.sendcmd('USER ' + user)
  File "/opt/hostedtoolcache/Python/3.9.13/x64/lib/python3.9/ftplib.py", line 281, in sendcmd
    return self.getresp()
  File "/opt/hostedtoolcache/Python/3.9.13/x64/lib/python3.9/ftplib.py", line 254, in getresp
    raise error_perm(resp)
ftplib.error_perm: 530 no such username

2025-12-01 22:40:37.093826: Błąd FTP: 530 no such username
Traceback (most recent call last):
  File "/home/runner/work/FS25LogsNew/FS25LogsNew/logs_analyzer.py", line 175, in download_logs
    ftp.login(FTP_USER, FTP_PASS)
  File "/opt/hostedtoolcache/Python/3.9.13/x64/lib/python3.9/ftplib.py", line 412, in login
    resp = self.sendcmd('USER ' + user)
  File "/opt/hostedtoolcache/Python/3.9.13/x64/lib/python3.9/ftplib.py", line 281, in sendcmd
    return self.getresp()
  File "/opt/hostedtoolcache/Python/3.9.13/x64/lib/python3.9/ftplib.py", line 254, in getresp
    raise error_perm(resp)
ftplib.error_perm: 530 no such username

2025-12-01 23:22:44.664228: Błąd FTP: 530 no such username
Traceback (most recent call last):
  File "/home/runner/work/FS25LogsNew/FS25LogsNew/logs_analyzer.py", line 175, in download_logs
    ftp.login(FTP_USER, FTP_PASS)
  File "/opt/hostedtoolcache/Python/3.9.13/x64/lib/python3.9/ftplib.py", line 412, in login
    resp = self.sendcmd('USER ' + user)
  File "/opt/hostedtoolcache/Python/3.9.13/x64/lib/python3.9/ftplib.py", line 281, in sendcmd
    return self.getresp()
  File "/opt/hostedtoolcache/Python/3.9.13/x64/lib/python3.9/ftplib.py", line 254, in getresp
    raise error_perm(resp)
ftplib.error_perm: 530 no such username

2025-12-01 23:22:45.282868: Błąd FTP: 530 no such username
Traceback (most recent call last):
  File "/home/runner/work/FS25LogsNew/FS25LogsNew/logs_analyzer.py", line 175, in download_logs
    ftp.login(FTP_USER, FTP_PASS)
  File "/opt/hostedtoolcache/Python/3.9.13/x64/lib/python3.9/ftplib.py", line 412, in login
    resp = self.sendcmd('USER ' + user)
  File "/opt/hostedtoolcache/Python/3.9.13/x64/lib/python3.9/ftplib.py", line 281, in sendcmd
    return self.getresp()
  File "/opt/hostedtoolcache/Python/3.9.13/x64/lib/python3.9/ftplib.py", line 254, in getresp
    raise error_perm(resp)
ftplib.error_perm: 530 no such username

2025-12-01 23:22:45.892913: Błąd FTP: 530 no such username
Traceback (most recent call last):
  File "/home/runner/work/FS25LogsNew/FS25LogsNew/logs_analyzer.py", line 175, in download_logs
    ftp.login(FTP_USER, FTP_PASS)
  File "/opt/hostedtoolcache/Python/3.9.13/x64/lib/python3.9/ftplib.py", line 412, in login
    resp = self.sendcmd('USER ' + user)
  File "/opt/hostedtoolcache/Python/3.9.13/x64/lib/python3.9/ftplib.py", line 281, in sendcmd
    return self.getresp()
  File "/opt/hostedtoolcache/Python/3.9.13/x64/lib/python3.9/ftplib.py", line 254, in getresp
    raise error_perm(resp)
ftplib.error_perm: 530 no such username

2025-12-01 23:38:03.329389: Błąd FTP: 530 no such username
Traceback (most recent call last):
  File "/home/runner/work/FS25LogsNew/FS25LogsNew/logs_analyzer.py", line 175, in download_logs
    ftp.login(FTP_USER, FTP_PASS)
  File "/opt/hostedtoolcache/Python/3.9.13/x64/lib/python3.9/ftplib.py", line 412, in login
    resp = self.sendcmd('USER ' + user)
  File "/opt/hostedtoolcache/Python/3.9.13/x64/lib/python3.9/ftplib.py", line 281, in sendcmd
    return self.getresp()
  File "/opt/hostedtoolcache/Python/3.9.13/x64/lib/python3.9/ftplib.py", line 254, in getresp
    raise error_perm(resp)
ftplib.error_perm: 530 no such username

2025-12-01 23:38:03.749028: Błąd FTP: 530 no such username
Traceback (most recent call last):
  File "/home/runner/work/FS25LogsNew/FS25LogsNew/logs_analyzer.py", line 175, in download_logs
    ftp.login(FTP_USER, FTP_PASS)
  File "/opt/hostedtoolcache/Python/3.9.13/x64/lib/python3.9/ftplib.py", line 412, in login
    resp = self.sendcmd('USER ' + user)
  File "/opt/hostedtoolcache/Python/3.9.13/x64/lib/python3.9/ftplib.py", line 281, in sendcmd
    return self.getresp()
  File "/opt/hostedtoolcache/Python/3.9.13/x64/lib/python3.9/ftplib.py", line 254, in getresp
    raise error_perm(resp)
ftplib.error_perm: 530 no such username

2025-12-01 23:38:04.183960: Błąd FTP: 530 no such username
Traceback (most recent call last):
  File "/home/runner/work/FS25LogsNew/FS25LogsNew/logs_analyzer.py", line 175, in download_logs
    ftp.login(FTP_USER, FTP_PASS)
  File "/opt/hostedtoolcache/Python/3.9.13/x64/lib/python3.9/ftplib.py", line 412, in login
    resp = self.sendcmd('USER ' + user)
  File "/opt/hostedtoolcache/Python/3.9.13/x64/lib/python3.9/ftplib.py", line 281, in sendcmd
    return self.getresp()
  File "/opt/hostedtoolcache/Python/3.9.13/x64/lib/python3.9/ftplib.py", line 254, in getresp
    raise error_perm(resp)
ftplib.error_perm: 530 no such username

2025-12-02 01:52:04.523657: Błąd FTP: 530 no such username
Traceback (most recent call last):
  File "/home/runner/work/FS25LogsNew/FS25LogsNew/logs_analyzer.py", line 175, in download_logs
    ftp.login(FTP_USER, FTP_PASS)
  File "/opt/hostedtoolcache/Python/3.9.13/x64/lib/python3.9/ftplib.py", line 412, in login
    resp = self.sendcmd('USER ' + user)
  File "/opt/hostedtoolcache/Python/3.9.13/x64/lib/python3.9/ftplib.py", line 281, in sendcmd
    return self.getresp()
  File "/opt/hostedtoolcache/Python/3.9.13/x64/lib/python3.9/ftplib.py", line 254, in getresp
    raise error_perm(resp)
ftplib.error_perm: 530 no such username

2025-12-02 01:52:04.944220: Błąd FTP: 530 no such username
Traceback (most recent call last):
  File "/home/runner/work/FS25LogsNew/FS25LogsNew/logs_analyzer.py", line 175, in download_logs
    ftp.login(FTP_USER, FTP_PASS)
  File "/opt/hostedtoolcache/Python/3.9.13/x64/lib/python3.9/ftplib.py", line 412, in login
    resp = self.sendcmd('USER ' + user)
  File "/opt/hostedtoolcache/Python/3.9.13/x64/lib/python3.9/ftplib.py", line 281, in sendcmd
    return self.getresp()
  File "/opt/hostedtoolcache/Python/3.9.13/x64/lib/python3.9/ftplib.py", line 254, in getresp
    raise error_perm(resp)
ftplib.error_perm: 530 no such username

2025-12-02 01:52:05.368470: Błąd FTP: 530 no such username
Traceback (most recent call last):
  File "/home/runner/work/FS25LogsNew/FS25LogsNew/logs_analyzer.py", line 175, in download_logs
    ftp.login(FTP_USER, FTP_PASS)
  File "/opt/hostedtoolcache/Python/3.9.13/x64/lib/python3.9/ftplib.py", line 412, in login
    resp = self.sendcmd('USER ' + user)
  File "/opt/hostedtoolcache/Python/3.9.13/x64/lib/python3.9/ftplib.py", line 281, in sendcmd
    return self.getresp()
  File "/opt/hostedtoolcache/Python/3.9.13/x64/lib/python3.9/ftplib.py", line 254, in getresp
    raise error_perm(resp)
ftplib.error_perm: 530 no such username

2025-12-02 02:21:52.666930: Błąd FTP: 530 no such username
Traceback (most recent call last):
  File "/home/runner/work/FS25LogsNew/FS25LogsNew/logs_analyzer.py", line 175, in download_logs
    ftp.login(FTP_USER, FTP_PASS)
  File "/opt/hostedtoolcache/Python/3.9.13/x64/lib/python3.9/ftplib.py", line 412, in login
    resp = self.sendcmd('USER ' + user)
  File "/opt/hostedtoolcache/Python/3.9.13/x64/lib/python3.9/ftplib.py", line 281, in sendcmd
    return self.getresp()
  File "/opt/hostedtoolcache/Python/3.9.13/x64/lib/python3.9/ftplib.py", line 254, in getresp
    raise error_perm(resp)
ftplib.error_perm: 530 no such username

2025-12-02 02:21:53.026827: Błąd FTP: 530 no such username
Traceback (most recent call last):
  File "/home/runner/work/FS25LogsNew/FS25LogsNew/logs_analyzer.py", line 175, in download_logs
    ftp.login(FTP_USER, FTP_PASS)
  File "/opt/hostedtoolcache/Python/3.9.13/x64/lib/python3.9/ftplib.py", line 412, in login
    resp = self.sendcmd('USER ' + user)
  File "/opt/hostedtoolcache/Python/3.9.13/x64/lib/python3.9/ftplib.py", line 281, in sendcmd
    return self.getresp()
  File "/opt/hostedtoolcache/Python/3.9.13/x64/lib/python3.9/ftplib.py", line 254, in getresp
    raise error_perm(resp)
ftplib.error_perm: 530 no such username

2025-12-02 02:21:53.389999: Błąd FTP: 530 no such username
Traceback (most recent call last):
  File "/home/runner/work/FS25LogsNew/FS25LogsNew/logs_analyzer.py", line 175, in download_logs
    ftp.login(FTP_USER, FTP_PASS)
  File "/opt/hostedtoolcache/Python/3.9.13/x64/lib/python3.9/ftplib.py", line 412, in login
    resp = self.sendcmd('USER ' + user)
  File "/opt/hostedtoolcache/Python/3.9.13/x64/lib/python3.9/ftplib.py", line 281, in sendcmd
    return self.getresp()
  File "/opt/hostedtoolcache/Python/3.9.13/x64/lib/python3.9/ftplib.py", line 254, in getresp
    raise error_perm(resp)
ftplib.error_perm: 530 no such username

2025-12-02 03:21:20.637590: Błąd FTP: 530 no such username
Traceback (most recent call last):
  File "/home/runner/work/FS25LogsNew/FS25LogsNew/logs_analyzer.py", line 175, in download_logs
    ftp.login(FTP_USER, FTP_PASS)
  File "/opt/hostedtoolcache/Python/3.9.13/x64/lib/python3.9/ftplib.py", line 412, in login
    resp = self.sendcmd('USER ' + user)
  File "/opt/hostedtoolcache/Python/3.9.13/x64/lib/python3.9/ftplib.py", line 281, in sendcmd
    return self.getresp()
  File "/opt/hostedtoolcache/Python/3.9.13/x64/lib/python3.9/ftplib.py", line 254, in getresp
    raise error_perm(resp)
ftplib.error_perm: 530 no such username

2025-12-02 03:21:21.056933: Błąd FTP: 530 no such username
Traceback (most recent call last):
  File "/home/runner/work/FS25LogsNew/FS25LogsNew/logs_analyzer.py", line 175, in download_logs
    ftp.login(FTP_USER, FTP_PASS)
  File "/opt/hostedtoolcache/Python/3.9.13/x64/lib/python3.9/ftplib.py", line 412, in login
    resp = self.sendcmd('USER ' + user)
  File "/opt/hostedtoolcache/Python/3.9.13/x64/lib/python3.9/ftplib.py", line 281, in sendcmd
    return self.getresp()
  File "/opt/hostedtoolcache/Python/3.9.13/x64/lib/python3.9/ftplib.py", line 254, in getresp
    raise error_perm(resp)
ftplib.error_perm: 530 no such username

2025-12-02 03:21:21.480469: Błąd FTP: 530 no such username
Traceback (most recent call last):
  File "/home/runner/work/FS25LogsNew/FS25LogsNew/logs_analyzer.py", line 175, in download_logs
    ftp.login(FTP_USER, FTP_PASS)
  File "/opt/hostedtoolcache/Python/3.9.13/x64/lib/python3.9/ftplib.py", line 412, in login
    resp = self.sendcmd('USER ' + user)
  File "/opt/hostedtoolcache/Python/3.9.13/x64/lib/python3.9/ftplib.py", line 281, in sendcmd
    return self.getresp()
  File "/opt/hostedtoolcache/Python/3.9.13/x64/lib/python3.9/ftplib.py", line 254, in getresp
    raise error_perm(resp)
ftplib.error_perm: 530 no such username

2025-12-02 03:38:17.061687: Błąd FTP: 530 no such username
Traceback (most recent call last):
  File "/home/runner/work/FS25LogsNew/FS25LogsNew/logs_analyzer.py", line 175, in download_logs
    ftp.login(FTP_USER, FTP_PASS)
  File "/opt/hostedtoolcache/Python/3.9.13/x64/lib/python3.9/ftplib.py", line 412, in login
    resp = self.sendcmd('USER ' + user)
  File "/opt/hostedtoolcache/Python/3.9.13/x64/lib/python3.9/ftplib.py", line 281, in sendcmd
    return self.getresp()
  File "/opt/hostedtoolcache/Python/3.9.13/x64/lib/python3.9/ftplib.py", line 254, in getresp
    raise error_perm(resp)
ftplib.error_perm: 530 no such username

2025-12-02 03:38:17.595380: Błąd FTP: 530 no such username
Traceback (most recent call last):
  File "/home/runner/work/FS25LogsNew/FS25LogsNew/logs_analyzer.py", line 175, in download_logs
    ftp.login(FTP_USER, FTP_PASS)
  File "/opt/hostedtoolcache/Python/3.9.13/x64/lib/python3.9/ftplib.py", line 412, in login
    resp = self.sendcmd('USER ' + user)
  File "/opt/hostedtoolcache/Python/3.9.13/x64/lib/python3.9/ftplib.py", line 281, in sendcmd
    return self.getresp()
  File "/opt/hostedtoolcache/Python/3.9.13/x64/lib/python3.9/ftplib.py", line 254, in getresp
    raise error_perm(resp)
ftplib.error_perm: 530 no such username

2025-12-02 03:38:18.137222: Błąd FTP: 530 no such username
Traceback (most recent call last):
  File "/home/runner/work/FS25LogsNew/FS25LogsNew/logs_analyzer.py", line 175, in download_logs
    ftp.login(FTP_USER, FTP_PASS)
  File "/opt/hostedtoolcache/Python/3.9.13/x64/lib/python3.9/ftplib.py", line 412, in login
    resp = self.sendcmd('USER ' + user)
  File "/opt/hostedtoolcache/Python/3.9.13/x64/lib/python3.9/ftplib.py", line 281, in sendcmd
    return self.getresp()
  File "/opt/hostedtoolcache/Python/3.9.13/x64/lib/python3.9/ftplib.py", line 254, in getresp
    raise error_perm(resp)
ftplib.error_perm: 530 no such username

2025-12-02 04:33:37.029716: Błąd FTP: 530 no such username
Traceback (most recent call last):
  File "/home/runner/work/FS25LogsNew/FS25LogsNew/logs_analyzer.py", line 175, in download_logs
    ftp.login(FTP_USER, FTP_PASS)
  File "/opt/hostedtoolcache/Python/3.9.13/x64/lib/python3.9/ftplib.py", line 412, in login
    resp = self.sendcmd('USER ' + user)
  File "/opt/hostedtoolcache/Python/3.9.13/x64/lib/python3.9/ftplib.py", line 281, in sendcmd
    return self.getresp()
  File "/opt/hostedtoolcache/Python/3.9.13/x64/lib/python3.9/ftplib.py", line 254, in getresp
    raise error_perm(resp)
ftplib.error_perm: 530 no such username

2025-12-02 04:33:37.414237: Błąd FTP: 530 no such username
Traceback (most recent call last):
  File "/home/runner/work/FS25LogsNew/FS25LogsNew/logs_analyzer.py", line 175, in download_logs
    ftp.login(FTP_USER, FTP_PASS)
  File "/opt/hostedtoolcache/Python/3.9.13/x64/lib/python3.9/ftplib.py", line 412, in login
    resp = self.sendcmd('USER ' + user)
  File "/opt/hostedtoolcache/Python/3.9.13/x64/lib/python3.9/ftplib.py", line 281, in sendcmd
    return self.getresp()
  File "/opt/hostedtoolcache/Python/3.9.13/x64/lib/python3.9/ftplib.py", line 254, in getresp
    raise error_perm(resp)
ftplib.error_perm: 530 no such username

2025-12-02 04:33:37.775158: Błąd FTP: 530 no such username
Traceback (most recent call last):
  File "/home/runner/work/FS25LogsNew/FS25LogsNew/logs_analyzer.py", line 175, in download_logs
    ftp.login(FTP_USER, FTP_PASS)
  File "/opt/hostedtoolcache/Python/3.9.13/x64/lib/python3.9/ftplib.py", line 412, in login
    resp = self.sendcmd('USER ' + user)
  File "/opt/hostedtoolcache/Python/3.9.13/x64/lib/python3.9/ftplib.py", line 281, in sendcmd
    return self.getresp()
  File "/opt/hostedtoolcache/Python/3.9.13/x64/lib/python3.9/ftplib.py", line 254, in getresp
    raise error_perm(resp)
ftplib.error_perm: 530 no such username

2025-12-02 04:48:31.834724: Błąd FTP: 530 no such username
Traceback (most recent call last):
  File "/home/runner/work/FS25LogsNew/FS25LogsNew/logs_analyzer.py", line 175, in download_logs
    ftp.login(FTP_USER, FTP_PASS)
  File "/opt/hostedtoolcache/Python/3.9.13/x64/lib/python3.9/ftplib.py", line 412, in login
    resp = self.sendcmd('USER ' + user)
  File "/opt/hostedtoolcache/Python/3.9.13/x64/lib/python3.9/ftplib.py", line 281, in sendcmd
    return self.getresp()
  File "/opt/hostedtoolcache/Python/3.9.13/x64/lib/python3.9/ftplib.py", line 254, in getresp
    raise error_perm(resp)
ftplib.error_perm: 530 no such username

2025-12-02 04:48:32.453464: Błąd FTP: 530 no such username
Traceback (most recent call last):
  File "/home/runner/work/FS25LogsNew/FS25LogsNew/logs_analyzer.py", line 175, in download_logs
    ftp.login(FTP_USER, FTP_PASS)
  File "/opt/hostedtoolcache/Python/3.9.13/x64/lib/python3.9/ftplib.py", line 412, in login
    resp = self.sendcmd('USER ' + user)
  File "/opt/hostedtoolcache/Python/3.9.13/x64/lib/python3.9/ftplib.py", line 281, in sendcmd
    return self.getresp()
  File "/opt/hostedtoolcache/Python/3.9.13/x64/lib/python3.9/ftplib.py", line 254, in getresp
    raise error_perm(resp)
ftplib.error_perm: 530 no such username

2025-12-02 04:48:33.074673: Błąd FTP: 530 no such username
Traceback (most recent call last):
  File "/home/runner/work/FS25LogsNew/FS25LogsNew/logs_analyzer.py", line 175, in download_logs
    ftp.login(FTP_USER, FTP_PASS)
  File "/opt/hostedtoolcache/Python/3.9.13/x64/lib/python3.9/ftplib.py", line 412, in login
    resp = self.sendcmd('USER ' + user)
  File "/opt/hostedtoolcache/Python/3.9.13/x64/lib/python3.9/ftplib.py", line 281, in sendcmd
    return self.getresp()
  File "/opt/hostedtoolcache/Python/3.9.13/x64/lib/python3.9/ftplib.py", line 254, in getresp
    raise error_perm(resp)
ftplib.error_perm: 530 no such username

2025-12-02 05:23:43.635350: Błąd FTP: 530 no such username
Traceback (most recent call last):
  File "/home/runner/work/FS25LogsNew/FS25LogsNew/logs_analyzer.py", line 175, in download_logs
    ftp.login(FTP_USER, FTP_PASS)
  File "/opt/hostedtoolcache/Python/3.9.13/x64/lib/python3.9/ftplib.py", line 412, in login
    resp = self.sendcmd('USER ' + user)
  File "/opt/hostedtoolcache/Python/3.9.13/x64/lib/python3.9/ftplib.py", line 281, in sendcmd
    return self.getresp()
  File "/opt/hostedtoolcache/Python/3.9.13/x64/lib/python3.9/ftplib.py", line 254, in getresp
    raise error_perm(resp)
ftplib.error_perm: 530 no such username

2025-12-02 05:23:44.077902: Błąd FTP: 530 no such username
Traceback (most recent call last):
  File "/home/runner/work/FS25LogsNew/FS25LogsNew/logs_analyzer.py", line 175, in download_logs
    ftp.login(FTP_USER, FTP_PASS)
  File "/opt/hostedtoolcache/Python/3.9.13/x64/lib/python3.9/ftplib.py", line 412, in login
    resp = self.sendcmd('USER ' + user)
  File "/opt/hostedtoolcache/Python/3.9.13/x64/lib/python3.9/ftplib.py", line 281, in sendcmd
    return self.getresp()
  File "/opt/hostedtoolcache/Python/3.9.13/x64/lib/python3.9/ftplib.py", line 254, in getresp
    raise error_perm(resp)
ftplib.error_perm: 530 no such username

2025-12-02 05:23:44.498706: Błąd FTP: 530 no such username
Traceback (most recent call last):
  File "/home/runner/work/FS25LogsNew/FS25LogsNew/logs_analyzer.py", line 175, in download_logs
    ftp.login(FTP_USER, FTP_PASS)
  File "/opt/hostedtoolcache/Python/3.9.13/x64/lib/python3.9/ftplib.py", line 412, in login
    resp = self.sendcmd('USER ' + user)
  File "/opt/hostedtoolcache/Python/3.9.13/x64/lib/python3.9/ftplib.py", line 281, in sendcmd
    return self.getresp()
  File "/opt/hostedtoolcache/Python/3.9.13/x64/lib/python3.9/ftplib.py", line 254, in getresp
    raise error_perm(resp)
ftplib.error_perm: 530 no such username

2025-12-02 05:41:22.249222: Błąd FTP: 530 no such username
Traceback (most recent call last):
  File "/home/runner/work/FS25LogsNew/FS25LogsNew/logs_analyzer.py", line 175, in download_logs
    ftp.login(FTP_USER, FTP_PASS)
  File "/opt/hostedtoolcache/Python/3.9.13/x64/lib/python3.9/ftplib.py", line 412, in login
    resp = self.sendcmd('USER ' + user)
  File "/opt/hostedtoolcache/Python/3.9.13/x64/lib/python3.9/ftplib.py", line 281, in sendcmd
    return self.getresp()
  File "/opt/hostedtoolcache/Python/3.9.13/x64/lib/python3.9/ftplib.py", line 254, in getresp
    raise error_perm(resp)
ftplib.error_perm: 530 no such username

2025-12-02 05:41:22.610915: Błąd FTP: 530 no such username
Traceback (most recent call last):
  File "/home/runner/work/FS25LogsNew/FS25LogsNew/logs_analyzer.py", line 175, in download_logs
    ftp.login(FTP_USER, FTP_PASS)
  File "/opt/hostedtoolcache/Python/3.9.13/x64/lib/python3.9/ftplib.py", line 412, in login
    resp = self.sendcmd('USER ' + user)
  File "/opt/hostedtoolcache/Python/3.9.13/x64/lib/python3.9/ftplib.py", line 281, in sendcmd
    return self.getresp()
  File "/opt/hostedtoolcache/Python/3.9.13/x64/lib/python3.9/ftplib.py", line 254, in getresp
    raise error_perm(resp)
ftplib.error_perm: 530 no such username

2025-12-02 05:41:22.971231: Błąd FTP: 530 no such username
Traceback (most recent call last):
  File "/home/runner/work/FS25LogsNew/FS25LogsNew/logs_analyzer.py", line 175, in download_logs
    ftp.login(FTP_USER, FTP_PASS)
  File "/opt/hostedtoolcache/Python/3.9.13/x64/lib/python3.9/ftplib.py", line 412, in login
    resp = self.sendcmd('USER ' + user)
  File "/opt/hostedtoolcache/Python/3.9.13/x64/lib/python3.9/ftplib.py", line 281, in sendcmd
    return self.getresp()
  File "/opt/hostedtoolcache/Python/3.9.13/x64/lib/python3.9/ftplib.py", line 254, in getresp
    raise error_perm(resp)
ftplib.error_perm: 530 no such username

2025-12-02 06:37:27.277653: Błąd FTP: 530 no such username
Traceback (most recent call last):
  File "/home/runner/work/FS25LogsNew/FS25LogsNew/logs_analyzer.py", line 175, in download_logs
    ftp.login(FTP_USER, FTP_PASS)
  File "/opt/hostedtoolcache/Python/3.9.13/x64/lib/python3.9/ftplib.py", line 412, in login
    resp = self.sendcmd('USER ' + user)
  File "/opt/hostedtoolcache/Python/3.9.13/x64/lib/python3.9/ftplib.py", line 281, in sendcmd
    return self.getresp()
  File "/opt/hostedtoolcache/Python/3.9.13/x64/lib/python3.9/ftplib.py", line 254, in getresp
    raise error_perm(resp)
ftplib.error_perm: 530 no such username

2025-12-02 06:37:27.846143: Błąd FTP: 530 no such username
Traceback (most recent call last):
  File "/home/runner/work/FS25LogsNew/FS25LogsNew/logs_analyzer.py", line 175, in download_logs
    ftp.login(FTP_USER, FTP_PASS)
  File "/opt/hostedtoolcache/Python/3.9.13/x64/lib/python3.9/ftplib.py", line 412, in login
    resp = self.sendcmd('USER ' + user)
  File "/opt/hostedtoolcache/Python/3.9.13/x64/lib/python3.9/ftplib.py", line 281, in sendcmd
    return self.getresp()
  File "/opt/hostedtoolcache/Python/3.9.13/x64/lib/python3.9/ftplib.py", line 254, in getresp
    raise error_perm(resp)
ftplib.error_perm: 530 no such username

2025-12-02 06:37:28.415443: Błąd FTP: 530 no such username
Traceback (most recent call last):
  File "/home/runner/work/FS25LogsNew/FS25LogsNew/logs_analyzer.py", line 175, in download_logs
    ftp.login(FTP_USER, FTP_PASS)
  File "/opt/hostedtoolcache/Python/3.9.13/x64/lib/python3.9/ftplib.py", line 412, in login
    resp = self.sendcmd('USER ' + user)
  File "/opt/hostedtoolcache/Python/3.9.13/x64/lib/python3.9/ftplib.py", line 281, in sendcmd
    return self.getresp()
  File "/opt/hostedtoolcache/Python/3.9.13/x64/lib/python3.9/ftplib.py", line 254, in getresp
    raise error_perm(resp)
ftplib.error_perm: 530 no such username

2025-12-02 06:52:30.242727: Błąd FTP: 530 no such username
Traceback (most recent call last):
  File "/home/runner/work/FS25LogsNew/FS25LogsNew/logs_analyzer.py", line 175, in download_logs
    ftp.login(FTP_USER, FTP_PASS)
  File "/opt/hostedtoolcache/Python/3.9.13/x64/lib/python3.9/ftplib.py", line 412, in login
    resp = self.sendcmd('USER ' + user)
  File "/opt/hostedtoolcache/Python/3.9.13/x64/lib/python3.9/ftplib.py", line 281, in sendcmd
    return self.getresp()
  File "/opt/hostedtoolcache/Python/3.9.13/x64/lib/python3.9/ftplib.py", line 254, in getresp
    raise error_perm(resp)
ftplib.error_perm: 530 no such username

2025-12-02 06:52:30.783549: Błąd FTP: 530 no such username
Traceback (most recent call last):
  File "/home/runner/work/FS25LogsNew/FS25LogsNew/logs_analyzer.py", line 175, in download_logs
    ftp.login(FTP_USER, FTP_PASS)
  File "/opt/hostedtoolcache/Python/3.9.13/x64/lib/python3.9/ftplib.py", line 412, in login
    resp = self.sendcmd('USER ' + user)
  File "/opt/hostedtoolcache/Python/3.9.13/x64/lib/python3.9/ftplib.py", line 281, in sendcmd
    return self.getresp()
  File "/opt/hostedtoolcache/Python/3.9.13/x64/lib/python3.9/ftplib.py", line 254, in getresp
    raise error_perm(resp)
ftplib.error_perm: 530 no such username

2025-12-02 06:52:31.325413: Błąd FTP: 530 no such username
Traceback (most recent call last):
  File "/home/runner/work/FS25LogsNew/FS25LogsNew/logs_analyzer.py", line 175, in download_logs
    ftp.login(FTP_USER, FTP_PASS)
  File "/opt/hostedtoolcache/Python/3.9.13/x64/lib/python3.9/ftplib.py", line 412, in login
    resp = self.sendcmd('USER ' + user)
  File "/opt/hostedtoolcache/Python/3.9.13/x64/lib/python3.9/ftplib.py", line 281, in sendcmd
    return self.getresp()
  File "/opt/hostedtoolcache/Python/3.9.13/x64/lib/python3.9/ftplib.py", line 254, in getresp
    raise error_perm(resp)
ftplib.error_perm: 530 no such username

2025-12-02 07:25:06.400827: Błąd FTP: 530 no such username
Traceback (most recent call last):
  File "/home/runner/work/FS25LogsNew/FS25LogsNew/logs_analyzer.py", line 175, in download_logs
    ftp.login(FTP_USER, FTP_PASS)
  File "/opt/hostedtoolcache/Python/3.9.13/x64/lib/python3.9/ftplib.py", line 412, in login
    resp = self.sendcmd('USER ' + user)
  File "/opt/hostedtoolcache/Python/3.9.13/x64/lib/python3.9/ftplib.py", line 281, in sendcmd
    return self.getresp()
  File "/opt/hostedtoolcache/Python/3.9.13/x64/lib/python3.9/ftplib.py", line 254, in getresp
    raise error_perm(resp)
ftplib.error_perm: 530 no such username

2025-12-02 07:25:06.864229: Błąd FTP: 530 no such username
Traceback (most recent call last):
  File "/home/runner/work/FS25LogsNew/FS25LogsNew/logs_analyzer.py", line 175, in download_logs
    ftp.login(FTP_USER, FTP_PASS)
  File "/opt/hostedtoolcache/Python/3.9.13/x64/lib/python3.9/ftplib.py", line 412, in login
    resp = self.sendcmd('USER ' + user)
  File "/opt/hostedtoolcache/Python/3.9.13/x64/lib/python3.9/ftplib.py", line 281, in sendcmd
    return self.getresp()
  File "/opt/hostedtoolcache/Python/3.9.13/x64/lib/python3.9/ftplib.py", line 254, in getresp
    raise error_perm(resp)
ftplib.error_perm: 530 no such username

2025-12-02 07:25:07.352118: Błąd FTP: 530 no such username
Traceback (most recent call last):
  File "/home/runner/work/FS25LogsNew/FS25LogsNew/logs_analyzer.py", line 175, in download_logs
    ftp.login(FTP_USER, FTP_PASS)
  File "/opt/hostedtoolcache/Python/3.9.13/x64/lib/python3.9/ftplib.py", line 412, in login
    resp = self.sendcmd('USER ' + user)
  File "/opt/hostedtoolcache/Python/3.9.13/x64/lib/python3.9/ftplib.py", line 281, in sendcmd
    return self.getresp()
  File "/opt/hostedtoolcache/Python/3.9.13/x64/lib/python3.9/ftplib.py", line 254, in getresp
    raise error_perm(resp)
ftplib.error_perm: 530 no such username

2025-12-02 07:40:02.618443: Błąd FTP: 530 no such username
Traceback (most recent call last):
  File "/home/runner/work/FS25LogsNew/FS25LogsNew/logs_analyzer.py", line 175, in download_logs
    ftp.login(FTP_USER, FTP_PASS)
  File "/opt/hostedtoolcache/Python/3.9.13/x64/lib/python3.9/ftplib.py", line 412, in login
    resp = self.sendcmd('USER ' + user)
  File "/opt/hostedtoolcache/Python/3.9.13/x64/lib/python3.9/ftplib.py", line 281, in sendcmd
    return self.getresp()
  File "/opt/hostedtoolcache/Python/3.9.13/x64/lib/python3.9/ftplib.py", line 254, in getresp
    raise error_perm(resp)
ftplib.error_perm: 530 no such username

2025-12-02 07:40:02.982413: Błąd FTP: 530 no such username
Traceback (most recent call last):
  File "/home/runner/work/FS25LogsNew/FS25LogsNew/logs_analyzer.py", line 175, in download_logs
    ftp.login(FTP_USER, FTP_PASS)
  File "/opt/hostedtoolcache/Python/3.9.13/x64/lib/python3.9/ftplib.py", line 412, in login
    resp = self.sendcmd('USER ' + user)
  File "/opt/hostedtoolcache/Python/3.9.13/x64/lib/python3.9/ftplib.py", line 281, in sendcmd
    return self.getresp()
  File "/opt/hostedtoolcache/Python/3.9.13/x64/lib/python3.9/ftplib.py", line 254, in getresp
    raise error_perm(resp)
ftplib.error_perm: 530 no such username

2025-12-02 07:40:03.384426: Błąd FTP: 530 no such username
Traceback (most recent call last):
  File "/home/runner/work/FS25LogsNew/FS25LogsNew/logs_analyzer.py", line 175, in download_logs
    ftp.login(FTP_USER, FTP_PASS)
  File "/opt/hostedtoolcache/Python/3.9.13/x64/lib/python3.9/ftplib.py", line 412, in login
    resp = self.sendcmd('USER ' + user)
  File "/opt/hostedtoolcache/Python/3.9.13/x64/lib/python3.9/ftplib.py", line 281, in sendcmd
    return self.getresp()
  File "/opt/hostedtoolcache/Python/3.9.13/x64/lib/python3.9/ftplib.py", line 254, in getresp
    raise error_perm(resp)
ftplib.error_perm: 530 no such username

2025-12-02 08:34:41.274938: Błąd FTP: 530 no such username
Traceback (most recent call last):
  File "/home/runner/work/FS25LogsNew/FS25LogsNew/logs_analyzer.py", line 175, in download_logs
    ftp.login(FTP_USER, FTP_PASS)
  File "/opt/hostedtoolcache/Python/3.9.13/x64/lib/python3.9/ftplib.py", line 412, in login
    resp = self.sendcmd('USER ' + user)
  File "/opt/hostedtoolcache/Python/3.9.13/x64/lib/python3.9/ftplib.py", line 281, in sendcmd
    return self.getresp()
  File "/opt/hostedtoolcache/Python/3.9.13/x64/lib/python3.9/ftplib.py", line 254, in getresp
    raise error_perm(resp)
ftplib.error_perm: 530 no such username

2025-12-02 08:34:41.816486: Błąd FTP: 530 no such username
Traceback (most recent call last):
  File "/home/runner/work/FS25LogsNew/FS25LogsNew/logs_analyzer.py", line 175, in download_logs
    ftp.login(FTP_USER, FTP_PASS)
  File "/opt/hostedtoolcache/Python/3.9.13/x64/lib/python3.9/ftplib.py", line 412, in login
    resp = self.sendcmd('USER ' + user)
  File "/opt/hostedtoolcache/Python/3.9.13/x64/lib/python3.9/ftplib.py", line 281, in sendcmd
    return self.getresp()
  File "/opt/hostedtoolcache/Python/3.9.13/x64/lib/python3.9/ftplib.py", line 254, in getresp
    raise error_perm(resp)
ftplib.error_perm: 530 no such username

2025-12-02 08:34:42.358745: Błąd FTP: 530 no such username
Traceback (most recent call last):
  File "/home/runner/work/FS25LogsNew/FS25LogsNew/logs_analyzer.py", line 175, in download_logs
    ftp.login(FTP_USER, FTP_PASS)
  File "/opt/hostedtoolcache/Python/3.9.13/x64/lib/python3.9/ftplib.py", line 412, in login
    resp = self.sendcmd('USER ' + user)
  File "/opt/hostedtoolcache/Python/3.9.13/x64/lib/python3.9/ftplib.py", line 281, in sendcmd
    return self.getresp()
  File "/opt/hostedtoolcache/Python/3.9.13/x64/lib/python3.9/ftplib.py", line 254, in getresp
    raise error_perm(resp)
ftplib.error_perm: 530 no such username

2025-12-02 08:50:10.324651: Błąd FTP: 530 no such username
Traceback (most recent call last):
  File "/home/runner/work/FS25LogsNew/FS25LogsNew/logs_analyzer.py", line 175, in download_logs
    ftp.login(FTP_USER, FTP_PASS)
  File "/opt/hostedtoolcache/Python/3.9.13/x64/lib/python3.9/ftplib.py", line 412, in login
    resp = self.sendcmd('USER ' + user)
  File "/opt/hostedtoolcache/Python/3.9.13/x64/lib/python3.9/ftplib.py", line 281, in sendcmd
    return self.getresp()
  File "/opt/hostedtoolcache/Python/3.9.13/x64/lib/python3.9/ftplib.py", line 254, in getresp
    raise error_perm(resp)
ftplib.error_perm: 530 no such username

2025-12-02 08:50:10.685379: Błąd FTP: 530 no such username
Traceback (most recent call last):
  File "/home/runner/work/FS25LogsNew/FS25LogsNew/logs_analyzer.py", line 175, in download_logs
    ftp.login(FTP_USER, FTP_PASS)
  File "/opt/hostedtoolcache/Python/3.9.13/x64/lib/python3.9/ftplib.py", line 412, in login
    resp = self.sendcmd('USER ' + user)
  File "/opt/hostedtoolcache/Python/3.9.13/x64/lib/python3.9/ftplib.py", line 281, in sendcmd
    return self.getresp()
  File "/opt/hostedtoolcache/Python/3.9.13/x64/lib/python3.9/ftplib.py", line 254, in getresp
    raise error_perm(resp)
ftplib.error_perm: 530 no such username

2025-12-02 08:50:11.045943: Błąd FTP: 530 no such username
Traceback (most recent call last):
  File "/home/runner/work/FS25LogsNew/FS25LogsNew/logs_analyzer.py", line 175, in download_logs
    ftp.login(FTP_USER, FTP_PASS)
  File "/opt/hostedtoolcache/Python/3.9.13/x64/lib/python3.9/ftplib.py", line 412, in login
    resp = self.sendcmd('USER ' + user)
  File "/opt/hostedtoolcache/Python/3.9.13/x64/lib/python3.9/ftplib.py", line 281, in sendcmd
    return self.getresp()
  File "/opt/hostedtoolcache/Python/3.9.13/x64/lib/python3.9/ftplib.py", line 254, in getresp
    raise error_perm(resp)
ftplib.error_perm: 530 no such username

2025-12-02 09:30:03.706572: Błąd FTP: 530 no such username
Traceback (most recent call last):
  File "/home/runner/work/FS25LogsNew/FS25LogsNew/logs_analyzer.py", line 175, in download_logs
    ftp.login(FTP_USER, FTP_PASS)
  File "/opt/hostedtoolcache/Python/3.9.13/x64/lib/python3.9/ftplib.py", line 412, in login
    resp = self.sendcmd('USER ' + user)
  File "/opt/hostedtoolcache/Python/3.9.13/x64/lib/python3.9/ftplib.py", line 281, in sendcmd
    return self.getresp()
  File "/opt/hostedtoolcache/Python/3.9.13/x64/lib/python3.9/ftplib.py", line 254, in getresp
    raise error_perm(resp)
ftplib.error_perm: 530 no such username

2025-12-02 09:30:04.142534: Błąd FTP: 530 no such username
Traceback (most recent call last):
  File "/home/runner/work/FS25LogsNew/FS25LogsNew/logs_analyzer.py", line 175, in download_logs
    ftp.login(FTP_USER, FTP_PASS)
  File "/opt/hostedtoolcache/Python/3.9.13/x64/lib/python3.9/ftplib.py", line 412, in login
    resp = self.sendcmd('USER ' + user)
  File "/opt/hostedtoolcache/Python/3.9.13/x64/lib/python3.9/ftplib.py", line 281, in sendcmd
    return self.getresp()
  File "/opt/hostedtoolcache/Python/3.9.13/x64/lib/python3.9/ftplib.py", line 254, in getresp
    raise error_perm(resp)
ftplib.error_perm: 530 no such username

2025-12-02 09:30:04.587863: Błąd FTP: 530 no such username
Traceback (most recent call last):
  File "/home/runner/work/FS25LogsNew/FS25LogsNew/logs_analyzer.py", line 175, in download_logs
    ftp.login(FTP_USER, FTP_PASS)
  File "/opt/hostedtoolcache/Python/3.9.13/x64/lib/python3.9/ftplib.py", line 412, in login
    resp = self.sendcmd('USER ' + user)
  File "/opt/hostedtoolcache/Python/3.9.13/x64/lib/python3.9/ftplib.py", line 281, in sendcmd
    return self.getresp()
  File "/opt/hostedtoolcache/Python/3.9.13/x64/lib/python3.9/ftplib.py", line 254, in getresp
    raise error_perm(resp)
ftplib.error_perm: 530 no such username

2025-12-02 09:45:17.977463: Błąd FTP: 530 no such username
Traceback (most recent call last):
  File "/home/runner/work/FS25LogsNew/FS25LogsNew/logs_analyzer.py", line 175, in download_logs
    ftp.login(FTP_USER, FTP_PASS)
  File "/opt/hostedtoolcache/Python/3.9.13/x64/lib/python3.9/ftplib.py", line 412, in login
    resp = self.sendcmd('USER ' + user)
  File "/opt/hostedtoolcache/Python/3.9.13/x64/lib/python3.9/ftplib.py", line 281, in sendcmd
    return self.getresp()
  File "/opt/hostedtoolcache/Python/3.9.13/x64/lib/python3.9/ftplib.py", line 254, in getresp
    raise error_perm(resp)
ftplib.error_perm: 530 no such username

2025-12-02 09:45:18.501568: Błąd FTP: 530 no such username
Traceback (most recent call last):
  File "/home/runner/work/FS25LogsNew/FS25LogsNew/logs_analyzer.py", line 175, in download_logs
    ftp.login(FTP_USER, FTP_PASS)
  File "/opt/hostedtoolcache/Python/3.9.13/x64/lib/python3.9/ftplib.py", line 412, in login
    resp = self.sendcmd('USER ' + user)
  File "/opt/hostedtoolcache/Python/3.9.13/x64/lib/python3.9/ftplib.py", line 281, in sendcmd
    return self.getresp()
  File "/opt/hostedtoolcache/Python/3.9.13/x64/lib/python3.9/ftplib.py", line 254, in getresp
    raise error_perm(resp)
ftplib.error_perm: 530 no such username

2025-12-02 09:45:18.973744: Błąd FTP: 530 no such username
Traceback (most recent call last):
  File "/home/runner/work/FS25LogsNew/FS25LogsNew/logs_analyzer.py", line 175, in download_logs
    ftp.login(FTP_USER, FTP_PASS)
  File "/opt/hostedtoolcache/Python/3.9.13/x64/lib/python3.9/ftplib.py", line 412, in login
    resp = self.sendcmd('USER ' + user)
  File "/opt/hostedtoolcache/Python/3.9.13/x64/lib/python3.9/ftplib.py", line 281, in sendcmd
    return self.getresp()
  File "/opt/hostedtoolcache/Python/3.9.13/x64/lib/python3.9/ftplib.py", line 254, in getresp
    raise error_perm(resp)
ftplib.error_perm: 530 no such username

2025-12-02 10:27:31.525958: Błąd FTP: 530 no such username
Traceback (most recent call last):
  File "/home/runner/work/FS25LogsNew/FS25LogsNew/logs_analyzer.py", line 175, in download_logs
    ftp.login(FTP_USER, FTP_PASS)
  File "/opt/hostedtoolcache/Python/3.9.13/x64/lib/python3.9/ftplib.py", line 412, in login
    resp = self.sendcmd('USER ' + user)
  File "/opt/hostedtoolcache/Python/3.9.13/x64/lib/python3.9/ftplib.py", line 281, in sendcmd
    return self.getresp()
  File "/opt/hostedtoolcache/Python/3.9.13/x64/lib/python3.9/ftplib.py", line 254, in getresp
    raise error_perm(resp)
ftplib.error_perm: 530 no such username

2025-12-02 10:27:31.888300: Błąd FTP: 530 no such username
Traceback (most recent call last):
  File "/home/runner/work/FS25LogsNew/FS25LogsNew/logs_analyzer.py", line 175, in download_logs
    ftp.login(FTP_USER, FTP_PASS)
  File "/opt/hostedtoolcache/Python/3.9.13/x64/lib/python3.9/ftplib.py", line 412, in login
    resp = self.sendcmd('USER ' + user)
  File "/opt/hostedtoolcache/Python/3.9.13/x64/lib/python3.9/ftplib.py", line 281, in sendcmd
    return self.getresp()
  File "/opt/hostedtoolcache/Python/3.9.13/x64/lib/python3.9/ftplib.py", line 254, in getresp
    raise error_perm(resp)
ftplib.error_perm: 530 no such username

2025-12-02 10:27:32.248763: Błąd FTP: 530 no such username
Traceback (most recent call last):
  File "/home/runner/work/FS25LogsNew/FS25LogsNew/logs_analyzer.py", line 175, in download_logs
    ftp.login(FTP_USER, FTP_PASS)
  File "/opt/hostedtoolcache/Python/3.9.13/x64/lib/python3.9/ftplib.py", line 412, in login
    resp = self.sendcmd('USER ' + user)
  File "/opt/hostedtoolcache/Python/3.9.13/x64/lib/python3.9/ftplib.py", line 281, in sendcmd
    return self.getresp()
  File "/opt/hostedtoolcache/Python/3.9.13/x64/lib/python3.9/ftplib.py", line 254, in getresp
    raise error_perm(resp)
ftplib.error_perm: 530 no such username

2025-12-02 10:44:59.711428: Błąd FTP: 530 no such username
Traceback (most recent call last):
  File "/home/runner/work/FS25LogsNew/FS25LogsNew/logs_analyzer.py", line 175, in download_logs
    ftp.login(FTP_USER, FTP_PASS)
  File "/opt/hostedtoolcache/Python/3.9.13/x64/lib/python3.9/ftplib.py", line 412, in login
    resp = self.sendcmd('USER ' + user)
  File "/opt/hostedtoolcache/Python/3.9.13/x64/lib/python3.9/ftplib.py", line 281, in sendcmd
    return self.getresp()
  File "/opt/hostedtoolcache/Python/3.9.13/x64/lib/python3.9/ftplib.py", line 254, in getresp
    raise error_perm(resp)
ftplib.error_perm: 530 no such username

2025-12-02 10:45:00.095246: Błąd FTP: 530 no such username
Traceback (most recent call last):
  File "/home/runner/work/FS25LogsNew/FS25LogsNew/logs_analyzer.py", line 175, in download_logs
    ftp.login(FTP_USER, FTP_PASS)
  File "/opt/hostedtoolcache/Python/3.9.13/x64/lib/python3.9/ftplib.py", line 412, in login
    resp = self.sendcmd('USER ' + user)
  File "/opt/hostedtoolcache/Python/3.9.13/x64/lib/python3.9/ftplib.py", line 281, in sendcmd
    return self.getresp()
  File "/opt/hostedtoolcache/Python/3.9.13/x64/lib/python3.9/ftplib.py", line 254, in getresp
    raise error_perm(resp)
ftplib.error_perm: 530 no such username

2025-12-02 10:45:00.506731: Błąd FTP: 530 no such username
Traceback (most recent call last):
  File "/home/runner/work/FS25LogsNew/FS25LogsNew/logs_analyzer.py", line 175, in download_logs
    ftp.login(FTP_USER, FTP_PASS)
  File "/opt/hostedtoolcache/Python/3.9.13/x64/lib/python3.9/ftplib.py", line 412, in login
    resp = self.sendcmd('USER ' + user)
  File "/opt/hostedtoolcache/Python/3.9.13/x64/lib/python3.9/ftplib.py", line 281, in sendcmd
    return self.getresp()
  File "/opt/hostedtoolcache/Python/3.9.13/x64/lib/python3.9/ftplib.py", line 254, in getresp
    raise error_perm(resp)
ftplib.error_perm: 530 no such username

2025-12-02 11:23:33.464735: Błąd FTP: 530 no such username
Traceback (most recent call last):
  File "/home/runner/work/FS25LogsNew/FS25LogsNew/logs_analyzer.py", line 175, in download_logs
    ftp.login(FTP_USER, FTP_PASS)
  File "/opt/hostedtoolcache/Python/3.9.13/x64/lib/python3.9/ftplib.py", line 412, in login
    resp = self.sendcmd('USER ' + user)
  File "/opt/hostedtoolcache/Python/3.9.13/x64/lib/python3.9/ftplib.py", line 281, in sendcmd
    return self.getresp()
  File "/opt/hostedtoolcache/Python/3.9.13/x64/lib/python3.9/ftplib.py", line 254, in getresp
    raise error_perm(resp)
ftplib.error_perm: 530 no such username

2025-12-02 11:23:34.020961: Błąd FTP: 530 no such username
Traceback (most recent call last):
  File "/home/runner/work/FS25LogsNew/FS25LogsNew/logs_analyzer.py", line 175, in download_logs
    ftp.login(FTP_USER, FTP_PASS)
  File "/opt/hostedtoolcache/Python/3.9.13/x64/lib/python3.9/ftplib.py", line 412, in login
    resp = self.sendcmd('USER ' + user)
  File "/opt/hostedtoolcache/Python/3.9.13/x64/lib/python3.9/ftplib.py", line 281, in sendcmd
    return self.getresp()
  File "/opt/hostedtoolcache/Python/3.9.13/x64/lib/python3.9/ftplib.py", line 254, in getresp
    raise error_perm(resp)
ftplib.error_perm: 530 no such username

2025-12-02 11:23:34.561255: Błąd FTP: 530 no such username
Traceback (most recent call last):
  File "/home/runner/work/FS25LogsNew/FS25LogsNew/logs_analyzer.py", line 175, in download_logs
    ftp.login(FTP_USER, FTP_PASS)
  File "/opt/hostedtoolcache/Python/3.9.13/x64/lib/python3.9/ftplib.py", line 412, in login
    resp = self.sendcmd('USER ' + user)
  File "/opt/hostedtoolcache/Python/3.9.13/x64/lib/python3.9/ftplib.py", line 281, in sendcmd
    return self.getresp()
  File "/opt/hostedtoolcache/Python/3.9.13/x64/lib/python3.9/ftplib.py", line 254, in getresp
    raise error_perm(resp)
ftplib.error_perm: 530 no such username

2025-12-02 11:37:32.494349: Błąd FTP: 530 no such username
Traceback (most recent call last):
  File "/home/runner/work/FS25LogsNew/FS25LogsNew/logs_analyzer.py", line 175, in download_logs
    ftp.login(FTP_USER, FTP_PASS)
  File "/opt/hostedtoolcache/Python/3.9.13/x64/lib/python3.9/ftplib.py", line 412, in login
    resp = self.sendcmd('USER ' + user)
  File "/opt/hostedtoolcache/Python/3.9.13/x64/lib/python3.9/ftplib.py", line 281, in sendcmd
    return self.getresp()
  File "/opt/hostedtoolcache/Python/3.9.13/x64/lib/python3.9/ftplib.py", line 254, in getresp
    raise error_perm(resp)
ftplib.error_perm: 530 no such username

2025-12-02 11:37:32.918368: Błąd FTP: 530 no such username
Traceback (most recent call last):
  File "/home/runner/work/FS25LogsNew/FS25LogsNew/logs_analyzer.py", line 175, in download_logs
    ftp.login(FTP_USER, FTP_PASS)
  File "/opt/hostedtoolcache/Python/3.9.13/x64/lib/python3.9/ftplib.py", line 412, in login
    resp = self.sendcmd('USER ' + user)
  File "/opt/hostedtoolcache/Python/3.9.13/x64/lib/python3.9/ftplib.py", line 281, in sendcmd
    return self.getresp()
  File "/opt/hostedtoolcache/Python/3.9.13/x64/lib/python3.9/ftplib.py", line 254, in getresp
    raise error_perm(resp)
ftplib.error_perm: 530 no such username

2025-12-02 11:37:33.338103: Błąd FTP: 530 no such username
Traceback (most recent call last):
  File "/home/runner/work/FS25LogsNew/FS25LogsNew/logs_analyzer.py", line 175, in download_logs
    ftp.login(FTP_USER, FTP_PASS)
  File "/opt/hostedtoolcache/Python/3.9.13/x64/lib/python3.9/ftplib.py", line 412, in login
    resp = self.sendcmd('USER ' + user)
  File "/opt/hostedtoolcache/Python/3.9.13/x64/lib/python3.9/ftplib.py", line 281, in sendcmd
    return self.getresp()
  File "/opt/hostedtoolcache/Python/3.9.13/x64/lib/python3.9/ftplib.py", line 254, in getresp
    raise error_perm(resp)
ftplib.error_perm: 530 no such username

2025-12-02 12:51:54.246035: Błąd FTP: 530 no such username
Traceback (most recent call last):
  File "/home/runner/work/FS25LogsNew/FS25LogsNew/logs_analyzer.py", line 175, in download_logs
    ftp.login(FTP_USER, FTP_PASS)
  File "/opt/hostedtoolcache/Python/3.9.13/x64/lib/python3.9/ftplib.py", line 412, in login
    resp = self.sendcmd('USER ' + user)
  File "/opt/hostedtoolcache/Python/3.9.13/x64/lib/python3.9/ftplib.py", line 281, in sendcmd
    return self.getresp()
  File "/opt/hostedtoolcache/Python/3.9.13/x64/lib/python3.9/ftplib.py", line 254, in getresp
    raise error_perm(resp)
ftplib.error_perm: 530 no such username

2025-12-02 12:51:54.870851: Błąd FTP: 530 no such username
Traceback (most recent call last):
  File "/home/runner/work/FS25LogsNew/FS25LogsNew/logs_analyzer.py", line 175, in download_logs
    ftp.login(FTP_USER, FTP_PASS)
  File "/opt/hostedtoolcache/Python/3.9.13/x64/lib/python3.9/ftplib.py", line 412, in login
    resp = self.sendcmd('USER ' + user)
  File "/opt/hostedtoolcache/Python/3.9.13/x64/lib/python3.9/ftplib.py", line 281, in sendcmd
    return self.getresp()
  File "/opt/hostedtoolcache/Python/3.9.13/x64/lib/python3.9/ftplib.py", line 254, in getresp
    raise error_perm(resp)
ftplib.error_perm: 530 no such username

2025-12-02 12:51:55.489995: Błąd FTP: 530 no such username
Traceback (most recent call last):
  File "/home/runner/work/FS25LogsNew/FS25LogsNew/logs_analyzer.py", line 175, in download_logs
    ftp.login(FTP_USER, FTP_PASS)
  File "/opt/hostedtoolcache/Python/3.9.13/x64/lib/python3.9/ftplib.py", line 412, in login
    resp = self.sendcmd('USER ' + user)
  File "/opt/hostedtoolcache/Python/3.9.13/x64/lib/python3.9/ftplib.py", line 281, in sendcmd
    return self.getresp()
  File "/opt/hostedtoolcache/Python/3.9.13/x64/lib/python3.9/ftplib.py", line 254, in getresp
    raise error_perm(resp)
ftplib.error_perm: 530 no such username

2025-12-02 13:09:08.019321: Błąd FTP: 530 no such username
Traceback (most recent call last):
  File "/home/runner/work/FS25LogsNew/FS25LogsNew/logs_analyzer.py", line 175, in download_logs
    ftp.login(FTP_USER, FTP_PASS)
  File "/opt/hostedtoolcache/Python/3.9.13/x64/lib/python3.9/ftplib.py", line 412, in login
    resp = self.sendcmd('USER ' + user)
  File "/opt/hostedtoolcache/Python/3.9.13/x64/lib/python3.9/ftplib.py", line 281, in sendcmd
    return self.getresp()
  File "/opt/hostedtoolcache/Python/3.9.13/x64/lib/python3.9/ftplib.py", line 254, in getresp
    raise error_perm(resp)
ftplib.error_perm: 530 no such username

2025-12-02 13:09:08.444700: Błąd FTP: 530 no such username
Traceback (most recent call last):
  File "/home/runner/work/FS25LogsNew/FS25LogsNew/logs_analyzer.py", line 175, in download_logs
    ftp.login(FTP_USER, FTP_PASS)
  File "/opt/hostedtoolcache/Python/3.9.13/x64/lib/python3.9/ftplib.py", line 412, in login
    resp = self.sendcmd('USER ' + user)
  File "/opt/hostedtoolcache/Python/3.9.13/x64/lib/python3.9/ftplib.py", line 281, in sendcmd
    return self.getresp()
  File "/opt/hostedtoolcache/Python/3.9.13/x64/lib/python3.9/ftplib.py", line 254, in getresp
    raise error_perm(resp)
ftplib.error_perm: 530 no such username

2025-12-02 13:09:08.870169: Błąd FTP: 530 no such username
Traceback (most recent call last):
  File "/home/runner/work/FS25LogsNew/FS25LogsNew/logs_analyzer.py", line 175, in download_logs
    ftp.login(FTP_USER, FTP_PASS)
  File "/opt/hostedtoolcache/Python/3.9.13/x64/lib/python3.9/ftplib.py", line 412, in login
    resp = self.sendcmd('USER ' + user)
  File "/opt/hostedtoolcache/Python/3.9.13/x64/lib/python3.9/ftplib.py", line 281, in sendcmd
    return self.getresp()
  File "/opt/hostedtoolcache/Python/3.9.13/x64/lib/python3.9/ftplib.py", line 254, in getresp
    raise error_perm(resp)
ftplib.error_perm: 530 no such username

2025-12-02 13:39:06.552495: Błąd FTP: 530 no such username
Traceback (most recent call last):
  File "/home/runner/work/FS25LogsNew/FS25LogsNew/logs_analyzer.py", line 175, in download_logs
    ftp.login(FTP_USER, FTP_PASS)
  File "/opt/hostedtoolcache/Python/3.9.13/x64/lib/python3.9/ftplib.py", line 412, in login
    resp = self.sendcmd('USER ' + user)
  File "/opt/hostedtoolcache/Python/3.9.13/x64/lib/python3.9/ftplib.py", line 281, in sendcmd
    return self.getresp()
  File "/opt/hostedtoolcache/Python/3.9.13/x64/lib/python3.9/ftplib.py", line 254, in getresp
    raise error_perm(resp)
ftplib.error_perm: 530 no such username

2025-12-02 13:39:06.979188: Błąd FTP: 530 no such username
Traceback (most recent call last):
  File "/home/runner/work/FS25LogsNew/FS25LogsNew/logs_analyzer.py", line 175, in download_logs
    ftp.login(FTP_USER, FTP_PASS)
  File "/opt/hostedtoolcache/Python/3.9.13/x64/lib/python3.9/ftplib.py", line 412, in login
    resp = self.sendcmd('USER ' + user)
  File "/opt/hostedtoolcache/Python/3.9.13/x64/lib/python3.9/ftplib.py", line 281, in sendcmd
    return self.getresp()
  File "/opt/hostedtoolcache/Python/3.9.13/x64/lib/python3.9/ftplib.py", line 254, in getresp
    raise error_perm(resp)
ftplib.error_perm: 530 no such username

2025-12-02 13:39:07.404705: Błąd FTP: 530 no such username
Traceback (most recent call last):
  File "/home/runner/work/FS25LogsNew/FS25LogsNew/logs_analyzer.py", line 175, in download_logs
    ftp.login(FTP_USER, FTP_PASS)
  File "/opt/hostedtoolcache/Python/3.9.13/x64/lib/python3.9/ftplib.py", line 412, in login
    resp = self.sendcmd('USER ' + user)
  File "/opt/hostedtoolcache/Python/3.9.13/x64/lib/python3.9/ftplib.py", line 281, in sendcmd
    return self.getresp()
  File "/opt/hostedtoolcache/Python/3.9.13/x64/lib/python3.9/ftplib.py", line 254, in getresp
    raise error_perm(resp)
ftplib.error_perm: 530 no such username

2025-12-02 13:52:00.671332: Błąd FTP: 530 no such username
Traceback (most recent call last):
  File "/home/runner/work/FS25LogsNew/FS25LogsNew/logs_analyzer.py", line 175, in download_logs
    ftp.login(FTP_USER, FTP_PASS)
  File "/opt/hostedtoolcache/Python/3.9.13/x64/lib/python3.9/ftplib.py", line 412, in login
    resp = self.sendcmd('USER ' + user)
  File "/opt/hostedtoolcache/Python/3.9.13/x64/lib/python3.9/ftplib.py", line 281, in sendcmd
    return self.getresp()
  File "/opt/hostedtoolcache/Python/3.9.13/x64/lib/python3.9/ftplib.py", line 254, in getresp
    raise error_perm(resp)
ftplib.error_perm: 530 no such username

2025-12-02 13:52:01.305688: Błąd FTP: 530 no such username
Traceback (most recent call last):
  File "/home/runner/work/FS25LogsNew/FS25LogsNew/logs_analyzer.py", line 175, in download_logs
    ftp.login(FTP_USER, FTP_PASS)
  File "/opt/hostedtoolcache/Python/3.9.13/x64/lib/python3.9/ftplib.py", line 412, in login
    resp = self.sendcmd('USER ' + user)
  File "/opt/hostedtoolcache/Python/3.9.13/x64/lib/python3.9/ftplib.py", line 281, in sendcmd
    return self.getresp()
  File "/opt/hostedtoolcache/Python/3.9.13/x64/lib/python3.9/ftplib.py", line 254, in getresp
    raise error_perm(resp)
ftplib.error_perm: 530 no such username

2025-12-02 13:52:02.009735: Błąd FTP: 530 no such username
Traceback (most recent call last):
  File "/home/runner/work/FS25LogsNew/FS25LogsNew/logs_analyzer.py", line 175, in download_logs
    ftp.login(FTP_USER, FTP_PASS)
  File "/opt/hostedtoolcache/Python/3.9.13/x64/lib/python3.9/ftplib.py", line 412, in login
    resp = self.sendcmd('USER ' + user)
  File "/opt/hostedtoolcache/Python/3.9.13/x64/lib/python3.9/ftplib.py", line 281, in sendcmd
    return self.getresp()
  File "/opt/hostedtoolcache/Python/3.9.13/x64/lib/python3.9/ftplib.py", line 254, in getresp
    raise error_perm(resp)
ftplib.error_perm: 530 no such username

2025-12-02 14:26:49.348612: Błąd FTP: 530 no such username
Traceback (most recent call last):
  File "/home/runner/work/FS25LogsNew/FS25LogsNew/logs_analyzer.py", line 175, in download_logs
    ftp.login(FTP_USER, FTP_PASS)
  File "/opt/hostedtoolcache/Python/3.9.13/x64/lib/python3.9/ftplib.py", line 412, in login
    resp = self.sendcmd('USER ' + user)
  File "/opt/hostedtoolcache/Python/3.9.13/x64/lib/python3.9/ftplib.py", line 281, in sendcmd
    return self.getresp()
  File "/opt/hostedtoolcache/Python/3.9.13/x64/lib/python3.9/ftplib.py", line 254, in getresp
    raise error_perm(resp)
ftplib.error_perm: 530 no such username

2025-12-02 14:26:49.784841: Błąd FTP: 530 no such username
Traceback (most recent call last):
  File "/home/runner/work/FS25LogsNew/FS25LogsNew/logs_analyzer.py", line 175, in download_logs
    ftp.login(FTP_USER, FTP_PASS)
  File "/opt/hostedtoolcache/Python/3.9.13/x64/lib/python3.9/ftplib.py", line 412, in login
    resp = self.sendcmd('USER ' + user)
  File "/opt/hostedtoolcache/Python/3.9.13/x64/lib/python3.9/ftplib.py", line 281, in sendcmd
    return self.getresp()
  File "/opt/hostedtoolcache/Python/3.9.13/x64/lib/python3.9/ftplib.py", line 254, in getresp
    raise error_perm(resp)
ftplib.error_perm: 530 no such username

2025-12-02 14:26:50.206981: Błąd FTP: 530 no such username
Traceback (most recent call last):
  File "/home/runner/work/FS25LogsNew/FS25LogsNew/logs_analyzer.py", line 175, in download_logs
    ftp.login(FTP_USER, FTP_PASS)
  File "/opt/hostedtoolcache/Python/3.9.13/x64/lib/python3.9/ftplib.py", line 412, in login
    resp = self.sendcmd('USER ' + user)
  File "/opt/hostedtoolcache/Python/3.9.13/x64/lib/python3.9/ftplib.py", line 281, in sendcmd
    return self.getresp()
  File "/opt/hostedtoolcache/Python/3.9.13/x64/lib/python3.9/ftplib.py", line 254, in getresp
    raise error_perm(resp)
ftplib.error_perm: 530 no such username

2025-12-02 14:46:01.099524: Błąd FTP: 530 no such username
Traceback (most recent call last):
  File "/home/runner/work/FS25LogsNew/FS25LogsNew/logs_analyzer.py", line 175, in download_logs
    ftp.login(FTP_USER, FTP_PASS)
  File "/opt/hostedtoolcache/Python/3.9.13/x64/lib/python3.9/ftplib.py", line 412, in login
    resp = self.sendcmd('USER ' + user)
  File "/opt/hostedtoolcache/Python/3.9.13/x64/lib/python3.9/ftplib.py", line 281, in sendcmd
    return self.getresp()
  File "/opt/hostedtoolcache/Python/3.9.13/x64/lib/python3.9/ftplib.py", line 254, in getresp
    raise error_perm(resp)
ftplib.error_perm: 530 no such username

2025-12-02 14:46:01.486626: Błąd FTP: 530 no such username
Traceback (most recent call last):
  File "/home/runner/work/FS25LogsNew/FS25LogsNew/logs_analyzer.py", line 175, in download_logs
    ftp.login(FTP_USER, FTP_PASS)
  File "/opt/hostedtoolcache/Python/3.9.13/x64/lib/python3.9/ftplib.py", line 412, in login
    resp = self.sendcmd('USER ' + user)
  File "/opt/hostedtoolcache/Python/3.9.13/x64/lib/python3.9/ftplib.py", line 281, in sendcmd
    return self.getresp()
  File "/opt/hostedtoolcache/Python/3.9.13/x64/lib/python3.9/ftplib.py", line 254, in getresp
    raise error_perm(resp)
ftplib.error_perm: 530 no such username

2025-12-02 14:46:01.845811: Błąd FTP: 530 no such username
Traceback (most recent call last):
  File "/home/runner/work/FS25LogsNew/FS25LogsNew/logs_analyzer.py", line 175, in download_logs
    ftp.login(FTP_USER, FTP_PASS)
  File "/opt/hostedtoolcache/Python/3.9.13/x64/lib/python3.9/ftplib.py", line 412, in login
    resp = self.sendcmd('USER ' + user)
  File "/opt/hostedtoolcache/Python/3.9.13/x64/lib/python3.9/ftplib.py", line 281, in sendcmd
    return self.getresp()
  File "/opt/hostedtoolcache/Python/3.9.13/x64/lib/python3.9/ftplib.py", line 254, in getresp
    raise error_perm(resp)
ftplib.error_perm: 530 no such username

2025-12-02 15:27:39.064672: Błąd FTP: 530 no such username
Traceback (most recent call last):
  File "/home/runner/work/FS25LogsNew/FS25LogsNew/logs_analyzer.py", line 175, in download_logs
    ftp.login(FTP_USER, FTP_PASS)
  File "/opt/hostedtoolcache/Python/3.9.13/x64/lib/python3.9/ftplib.py", line 412, in login
    resp = self.sendcmd('USER ' + user)
  File "/opt/hostedtoolcache/Python/3.9.13/x64/lib/python3.9/ftplib.py", line 281, in sendcmd
    return self.getresp()
  File "/opt/hostedtoolcache/Python/3.9.13/x64/lib/python3.9/ftplib.py", line 254, in getresp
    raise error_perm(resp)
ftplib.error_perm: 530 no such username

2025-12-02 15:27:39.704360: Błąd FTP: 530 no such username
Traceback (most recent call last):
  File "/home/runner/work/FS25LogsNew/FS25LogsNew/logs_analyzer.py", line 175, in download_logs
    ftp.login(FTP_USER, FTP_PASS)
  File "/opt/hostedtoolcache/Python/3.9.13/x64/lib/python3.9/ftplib.py", line 412, in login
    resp = self.sendcmd('USER ' + user)
  File "/opt/hostedtoolcache/Python/3.9.13/x64/lib/python3.9/ftplib.py", line 281, in sendcmd
    return self.getresp()
  File "/opt/hostedtoolcache/Python/3.9.13/x64/lib/python3.9/ftplib.py", line 254, in getresp
    raise error_perm(resp)
ftplib.error_perm: 530 no such username

2025-12-02 15:27:40.323021: Błąd FTP: 530 no such username
Traceback (most recent call last):
  File "/home/runner/work/FS25LogsNew/FS25LogsNew/logs_analyzer.py", line 175, in download_logs
    ftp.login(FTP_USER, FTP_PASS)
  File "/opt/hostedtoolcache/Python/3.9.13/x64/lib/python3.9/ftplib.py", line 412, in login
    resp = self.sendcmd('USER ' + user)
  File "/opt/hostedtoolcache/Python/3.9.13/x64/lib/python3.9/ftplib.py", line 281, in sendcmd
    return self.getresp()
  File "/opt/hostedtoolcache/Python/3.9.13/x64/lib/python3.9/ftplib.py", line 254, in getresp
    raise error_perm(resp)
ftplib.error_perm: 530 no such username

2025-12-02 15:43:58.687927: Błąd FTP: 530 no such username
Traceback (most recent call last):
  File "/home/runner/work/FS25LogsNew/FS25LogsNew/logs_analyzer.py", line 175, in download_logs
    ftp.login(FTP_USER, FTP_PASS)
  File "/opt/hostedtoolcache/Python/3.9.13/x64/lib/python3.9/ftplib.py", line 412, in login
    resp = self.sendcmd('USER ' + user)
  File "/opt/hostedtoolcache/Python/3.9.13/x64/lib/python3.9/ftplib.py", line 281, in sendcmd
    return self.getresp()
  File "/opt/hostedtoolcache/Python/3.9.13/x64/lib/python3.9/ftplib.py", line 254, in getresp
    raise error_perm(resp)
ftplib.error_perm: 530 no such username

2025-12-02 15:43:59.306838: Błąd FTP: 530 no such username
Traceback (most recent call last):
  File "/home/runner/work/FS25LogsNew/FS25LogsNew/logs_analyzer.py", line 175, in download_logs
    ftp.login(FTP_USER, FTP_PASS)
  File "/opt/hostedtoolcache/Python/3.9.13/x64/lib/python3.9/ftplib.py", line 412, in login
    resp = self.sendcmd('USER ' + user)
  File "/opt/hostedtoolcache/Python/3.9.13/x64/lib/python3.9/ftplib.py", line 281, in sendcmd
    return self.getresp()
  File "/opt/hostedtoolcache/Python/3.9.13/x64/lib/python3.9/ftplib.py", line 254, in getresp
    raise error_perm(resp)
ftplib.error_perm: 530 no such username

2025-12-02 15:43:59.923377: Błąd FTP: 530 no such username
Traceback (most recent call last):
  File "/home/runner/work/FS25LogsNew/FS25LogsNew/logs_analyzer.py", line 175, in download_logs
    ftp.login(FTP_USER, FTP_PASS)
  File "/opt/hostedtoolcache/Python/3.9.13/x64/lib/python3.9/ftplib.py", line 412, in login
    resp = self.sendcmd('USER ' + user)
  File "/opt/hostedtoolcache/Python/3.9.13/x64/lib/python3.9/ftplib.py", line 281, in sendcmd
    return self.getresp()
  File "/opt/hostedtoolcache/Python/3.9.13/x64/lib/python3.9/ftplib.py", line 254, in getresp
    raise error_perm(resp)
ftplib.error_perm: 530 no such username

2025-12-02 16:34:14.254279: Błąd FTP: 530 no such username
Traceback (most recent call last):
  File "/home/runner/work/FS25LogsNew/FS25LogsNew/logs_analyzer.py", line 175, in download_logs
    ftp.login(FTP_USER, FTP_PASS)
  File "/opt/hostedtoolcache/Python/3.9.13/x64/lib/python3.9/ftplib.py", line 412, in login
    resp = self.sendcmd('USER ' + user)
  File "/opt/hostedtoolcache/Python/3.9.13/x64/lib/python3.9/ftplib.py", line 281, in sendcmd
    return self.getresp()
  File "/opt/hostedtoolcache/Python/3.9.13/x64/lib/python3.9/ftplib.py", line 254, in getresp
    raise error_perm(resp)
ftplib.error_perm: 530 no such username

2025-12-02 16:34:14.870281: Błąd FTP: 530 no such username
Traceback (most recent call last):
  File "/home/runner/work/FS25LogsNew/FS25LogsNew/logs_analyzer.py", line 175, in download_logs
    ftp.login(FTP_USER, FTP_PASS)
  File "/opt/hostedtoolcache/Python/3.9.13/x64/lib/python3.9/ftplib.py", line 412, in login
    resp = self.sendcmd('USER ' + user)
  File "/opt/hostedtoolcache/Python/3.9.13/x64/lib/python3.9/ftplib.py", line 281, in sendcmd
    return self.getresp()
  File "/opt/hostedtoolcache/Python/3.9.13/x64/lib/python3.9/ftplib.py", line 254, in getresp
    raise error_perm(resp)
ftplib.error_perm: 530 no such username

2025-12-02 16:34:15.485177: Błąd FTP: 530 no such username
Traceback (most recent call last):
  File "/home/runner/work/FS25LogsNew/FS25LogsNew/logs_analyzer.py", line 175, in download_logs
    ftp.login(FTP_USER, FTP_PASS)
  File "/opt/hostedtoolcache/Python/3.9.13/x64/lib/python3.9/ftplib.py", line 412, in login
    resp = self.sendcmd('USER ' + user)
  File "/opt/hostedtoolcache/Python/3.9.13/x64/lib/python3.9/ftplib.py", line 281, in sendcmd
    return self.getresp()
  File "/opt/hostedtoolcache/Python/3.9.13/x64/lib/python3.9/ftplib.py", line 254, in getresp
    raise error_perm(resp)
ftplib.error_perm: 530 no such username

2025-12-02 16:51:18.758582: Błąd FTP: 530 no such username
Traceback (most recent call last):
  File "/home/runner/work/FS25LogsNew/FS25LogsNew/logs_analyzer.py", line 175, in download_logs
    ftp.login(FTP_USER, FTP_PASS)
  File "/opt/hostedtoolcache/Python/3.9.13/x64/lib/python3.9/ftplib.py", line 412, in login
    resp = self.sendcmd('USER ' + user)
  File "/opt/hostedtoolcache/Python/3.9.13/x64/lib/python3.9/ftplib.py", line 281, in sendcmd
    return self.getresp()
  File "/opt/hostedtoolcache/Python/3.9.13/x64/lib/python3.9/ftplib.py", line 254, in getresp
    raise error_perm(resp)
ftplib.error_perm: 530 no such username

2025-12-02 16:51:19.177988: Błąd FTP: 530 no such username
Traceback (most recent call last):
  File "/home/runner/work/FS25LogsNew/FS25LogsNew/logs_analyzer.py", line 175, in download_logs
    ftp.login(FTP_USER, FTP_PASS)
  File "/opt/hostedtoolcache/Python/3.9.13/x64/lib/python3.9/ftplib.py", line 412, in login
    resp = self.sendcmd('USER ' + user)
  File "/opt/hostedtoolcache/Python/3.9.13/x64/lib/python3.9/ftplib.py", line 281, in sendcmd
    return self.getresp()
  File "/opt/hostedtoolcache/Python/3.9.13/x64/lib/python3.9/ftplib.py", line 254, in getresp
    raise error_perm(resp)
ftplib.error_perm: 530 no such username

2025-12-02 16:51:19.527585: Błąd FTP: 530 no such username
Traceback (most recent call last):
  File "/home/runner/work/FS25LogsNew/FS25LogsNew/logs_analyzer.py", line 175, in download_logs
    ftp.login(FTP_USER, FTP_PASS)
  File "/opt/hostedtoolcache/Python/3.9.13/x64/lib/python3.9/ftplib.py", line 412, in login
    resp = self.sendcmd('USER ' + user)
  File "/opt/hostedtoolcache/Python/3.9.13/x64/lib/python3.9/ftplib.py", line 281, in sendcmd
    return self.getresp()
  File "/opt/hostedtoolcache/Python/3.9.13/x64/lib/python3.9/ftplib.py", line 254, in getresp
    raise error_perm(resp)
ftplib.error_perm: 530 no such username

2025-12-02 17:25:35.988827: Błąd FTP: 530 no such username
Traceback (most recent call last):
  File "/home/runner/work/FS25LogsNew/FS25LogsNew/logs_analyzer.py", line 175, in download_logs
    ftp.login(FTP_USER, FTP_PASS)
  File "/opt/hostedtoolcache/Python/3.9.13/x64/lib/python3.9/ftplib.py", line 412, in login
    resp = self.sendcmd('USER ' + user)
  File "/opt/hostedtoolcache/Python/3.9.13/x64/lib/python3.9/ftplib.py", line 281, in sendcmd
    return self.getresp()
  File "/opt/hostedtoolcache/Python/3.9.13/x64/lib/python3.9/ftplib.py", line 254, in getresp
    raise error_perm(resp)
ftplib.error_perm: 530 no such username

2025-12-02 17:25:36.376956: Błąd FTP: 530 no such username
Traceback (most recent call last):
  File "/home/runner/work/FS25LogsNew/FS25LogsNew/logs_analyzer.py", line 175, in download_logs
    ftp.login(FTP_USER, FTP_PASS)
  File "/opt/hostedtoolcache/Python/3.9.13/x64/lib/python3.9/ftplib.py", line 412, in login
    resp = self.sendcmd('USER ' + user)
  File "/opt/hostedtoolcache/Python/3.9.13/x64/lib/python3.9/ftplib.py", line 281, in sendcmd
    return self.getresp()
  File "/opt/hostedtoolcache/Python/3.9.13/x64/lib/python3.9/ftplib.py", line 254, in getresp
    raise error_perm(resp)
ftplib.error_perm: 530 no such username

2025-12-02 17:25:36.779504: Błąd FTP: 530 no such username
Traceback (most recent call last):
  File "/home/runner/work/FS25LogsNew/FS25LogsNew/logs_analyzer.py", line 175, in download_logs
    ftp.login(FTP_USER, FTP_PASS)
  File "/opt/hostedtoolcache/Python/3.9.13/x64/lib/python3.9/ftplib.py", line 412, in login
    resp = self.sendcmd('USER ' + user)
  File "/opt/hostedtoolcache/Python/3.9.13/x64/lib/python3.9/ftplib.py", line 281, in sendcmd
    return self.getresp()
  File "/opt/hostedtoolcache/Python/3.9.13/x64/lib/python3.9/ftplib.py", line 254, in getresp
    raise error_perm(resp)
ftplib.error_perm: 530 no such username

2025-12-02 17:44:21.554631: Błąd FTP: 530 no such username
Traceback (most recent call last):
  File "/home/runner/work/FS25LogsNew/FS25LogsNew/logs_analyzer.py", line 175, in download_logs
    ftp.login(FTP_USER, FTP_PASS)
  File "/opt/hostedtoolcache/Python/3.9.13/x64/lib/python3.9/ftplib.py", line 412, in login
    resp = self.sendcmd('USER ' + user)
  File "/opt/hostedtoolcache/Python/3.9.13/x64/lib/python3.9/ftplib.py", line 281, in sendcmd
    return self.getresp()
  File "/opt/hostedtoolcache/Python/3.9.13/x64/lib/python3.9/ftplib.py", line 254, in getresp
    raise error_perm(resp)
ftplib.error_perm: 530 no such username

2025-12-02 17:44:21.957222: Błąd FTP: 530 no such username
Traceback (most recent call last):
  File "/home/runner/work/FS25LogsNew/FS25LogsNew/logs_analyzer.py", line 175, in download_logs
    ftp.login(FTP_USER, FTP_PASS)
  File "/opt/hostedtoolcache/Python/3.9.13/x64/lib/python3.9/ftplib.py", line 412, in login
    resp = self.sendcmd('USER ' + user)
  File "/opt/hostedtoolcache/Python/3.9.13/x64/lib/python3.9/ftplib.py", line 281, in sendcmd
    return self.getresp()
  File "/opt/hostedtoolcache/Python/3.9.13/x64/lib/python3.9/ftplib.py", line 254, in getresp
    raise error_perm(resp)
ftplib.error_perm: 530 no such username

2025-12-02 17:44:22.340512: Błąd FTP: 530 no such username
Traceback (most recent call last):
  File "/home/runner/work/FS25LogsNew/FS25LogsNew/logs_analyzer.py", line 175, in download_logs
    ftp.login(FTP_USER, FTP_PASS)
  File "/opt/hostedtoolcache/Python/3.9.13/x64/lib/python3.9/ftplib.py", line 412, in login
    resp = self.sendcmd('USER ' + user)
  File "/opt/hostedtoolcache/Python/3.9.13/x64/lib/python3.9/ftplib.py", line 281, in sendcmd
    return self.getresp()
  File "/opt/hostedtoolcache/Python/3.9.13/x64/lib/python3.9/ftplib.py", line 254, in getresp
    raise error_perm(resp)
ftplib.error_perm: 530 no such username

2025-12-02 18:37:48.078251: Błąd FTP: 530 no such username
Traceback (most recent call last):
  File "/home/runner/work/FS25LogsNew/FS25LogsNew/logs_analyzer.py", line 175, in download_logs
    ftp.login(FTP_USER, FTP_PASS)
  File "/opt/hostedtoolcache/Python/3.9.13/x64/lib/python3.9/ftplib.py", line 412, in login
    resp = self.sendcmd('USER ' + user)
  File "/opt/hostedtoolcache/Python/3.9.13/x64/lib/python3.9/ftplib.py", line 281, in sendcmd
    return self.getresp()
  File "/opt/hostedtoolcache/Python/3.9.13/x64/lib/python3.9/ftplib.py", line 254, in getresp
    raise error_perm(resp)
ftplib.error_perm: 530 no such username

2025-12-02 18:37:48.503380: Błąd FTP: 530 no such username
Traceback (most recent call last):
  File "/home/runner/work/FS25LogsNew/FS25LogsNew/logs_analyzer.py", line 175, in download_logs
    ftp.login(FTP_USER, FTP_PASS)
  File "/opt/hostedtoolcache/Python/3.9.13/x64/lib/python3.9/ftplib.py", line 412, in login
    resp = self.sendcmd('USER ' + user)
  File "/opt/hostedtoolcache/Python/3.9.13/x64/lib/python3.9/ftplib.py", line 281, in sendcmd
    return self.getresp()
  File "/opt/hostedtoolcache/Python/3.9.13/x64/lib/python3.9/ftplib.py", line 254, in getresp
    raise error_perm(resp)
ftplib.error_perm: 530 no such username

2025-12-02 18:37:48.938172: Błąd FTP: 530 no such username
Traceback (most recent call last):
  File "/home/runner/work/FS25LogsNew/FS25LogsNew/logs_analyzer.py", line 175, in download_logs
    ftp.login(FTP_USER, FTP_PASS)
  File "/opt/hostedtoolcache/Python/3.9.13/x64/lib/python3.9/ftplib.py", line 412, in login
    resp = self.sendcmd('USER ' + user)
  File "/opt/hostedtoolcache/Python/3.9.13/x64/lib/python3.9/ftplib.py", line 281, in sendcmd
    return self.getresp()
  File "/opt/hostedtoolcache/Python/3.9.13/x64/lib/python3.9/ftplib.py", line 254, in getresp
    raise error_perm(resp)
ftplib.error_perm: 530 no such username

2025-12-02 18:53:13.524372: Błąd FTP: 530 no such username
Traceback (most recent call last):
  File "/home/runner/work/FS25LogsNew/FS25LogsNew/logs_analyzer.py", line 175, in download_logs
    ftp.login(FTP_USER, FTP_PASS)
  File "/opt/hostedtoolcache/Python/3.9.13/x64/lib/python3.9/ftplib.py", line 412, in login
    resp = self.sendcmd('USER ' + user)
  File "/opt/hostedtoolcache/Python/3.9.13/x64/lib/python3.9/ftplib.py", line 281, in sendcmd
    return self.getresp()
  File "/opt/hostedtoolcache/Python/3.9.13/x64/lib/python3.9/ftplib.py", line 254, in getresp
    raise error_perm(resp)
ftplib.error_perm: 530 no such username

2025-12-02 18:53:14.142225: Błąd FTP: 530 no such username
Traceback (most recent call last):
  File "/home/runner/work/FS25LogsNew/FS25LogsNew/logs_analyzer.py", line 175, in download_logs
    ftp.login(FTP_USER, FTP_PASS)
  File "/opt/hostedtoolcache/Python/3.9.13/x64/lib/python3.9/ftplib.py", line 412, in login
    resp = self.sendcmd('USER ' + user)
  File "/opt/hostedtoolcache/Python/3.9.13/x64/lib/python3.9/ftplib.py", line 281, in sendcmd
    return self.getresp()
  File "/opt/hostedtoolcache/Python/3.9.13/x64/lib/python3.9/ftplib.py", line 254, in getresp
    raise error_perm(resp)
ftplib.error_perm: 530 no such username

2025-12-02 18:53:14.759145: Błąd FTP: 530 no such username
Traceback (most recent call last):
  File "/home/runner/work/FS25LogsNew/FS25LogsNew/logs_analyzer.py", line 175, in download_logs
    ftp.login(FTP_USER, FTP_PASS)
  File "/opt/hostedtoolcache/Python/3.9.13/x64/lib/python3.9/ftplib.py", line 412, in login
    resp = self.sendcmd('USER ' + user)
  File "/opt/hostedtoolcache/Python/3.9.13/x64/lib/python3.9/ftplib.py", line 281, in sendcmd
    return self.getresp()
  File "/opt/hostedtoolcache/Python/3.9.13/x64/lib/python3.9/ftplib.py", line 254, in getresp
    raise error_perm(resp)
ftplib.error_perm: 530 no such username

2025-12-02 19:22:24.270752: Błąd FTP: 530 no such username
Traceback (most recent call last):
  File "/home/runner/work/FS25LogsNew/FS25LogsNew/logs_analyzer.py", line 175, in download_logs
    ftp.login(FTP_USER, FTP_PASS)
  File "/opt/hostedtoolcache/Python/3.9.13/x64/lib/python3.9/ftplib.py", line 412, in login
    resp = self.sendcmd('USER ' + user)
  File "/opt/hostedtoolcache/Python/3.9.13/x64/lib/python3.9/ftplib.py", line 281, in sendcmd
    return self.getresp()
  File "/opt/hostedtoolcache/Python/3.9.13/x64/lib/python3.9/ftplib.py", line 254, in getresp
    raise error_perm(resp)
ftplib.error_perm: 530 no such username

2025-12-02 19:22:24.658705: Błąd FTP: 530 no such username
Traceback (most recent call last):
  File "/home/runner/work/FS25LogsNew/FS25LogsNew/logs_analyzer.py", line 175, in download_logs
    ftp.login(FTP_USER, FTP_PASS)
  File "/opt/hostedtoolcache/Python/3.9.13/x64/lib/python3.9/ftplib.py", line 412, in login
    resp = self.sendcmd('USER ' + user)
  File "/opt/hostedtoolcache/Python/3.9.13/x64/lib/python3.9/ftplib.py", line 281, in sendcmd
    return self.getresp()
  File "/opt/hostedtoolcache/Python/3.9.13/x64/lib/python3.9/ftplib.py", line 254, in getresp
    raise error_perm(resp)
ftplib.error_perm: 530 no such username

2025-12-02 19:22:25.018173: Błąd FTP: 530 no such username
Traceback (most recent call last):
  File "/home/runner/work/FS25LogsNew/FS25LogsNew/logs_analyzer.py", line 175, in download_logs
    ftp.login(FTP_USER, FTP_PASS)
  File "/opt/hostedtoolcache/Python/3.9.13/x64/lib/python3.9/ftplib.py", line 412, in login
    resp = self.sendcmd('USER ' + user)
  File "/opt/hostedtoolcache/Python/3.9.13/x64/lib/python3.9/ftplib.py", line 281, in sendcmd
    return self.getresp()
  File "/opt/hostedtoolcache/Python/3.9.13/x64/lib/python3.9/ftplib.py", line 254, in getresp
    raise error_perm(resp)
ftplib.error_perm: 530 no such username

2025-12-02 19:37:06.977191: Błąd FTP: 530 no such username
Traceback (most recent call last):
  File "/home/runner/work/FS25LogsNew/FS25LogsNew/logs_analyzer.py", line 175, in download_logs
    ftp.login(FTP_USER, FTP_PASS)
  File "/opt/hostedtoolcache/Python/3.9.13/x64/lib/python3.9/ftplib.py", line 412, in login
    resp = self.sendcmd('USER ' + user)
  File "/opt/hostedtoolcache/Python/3.9.13/x64/lib/python3.9/ftplib.py", line 281, in sendcmd
    return self.getresp()
  File "/opt/hostedtoolcache/Python/3.9.13/x64/lib/python3.9/ftplib.py", line 254, in getresp
    raise error_perm(resp)
ftplib.error_perm: 530 no such username

2025-12-02 19:37:07.530958: Błąd FTP: 530 no such username
Traceback (most recent call last):
  File "/home/runner/work/FS25LogsNew/FS25LogsNew/logs_analyzer.py", line 175, in download_logs
    ftp.login(FTP_USER, FTP_PASS)
  File "/opt/hostedtoolcache/Python/3.9.13/x64/lib/python3.9/ftplib.py", line 412, in login
    resp = self.sendcmd('USER ' + user)
  File "/opt/hostedtoolcache/Python/3.9.13/x64/lib/python3.9/ftplib.py", line 281, in sendcmd
    return self.getresp()
  File "/opt/hostedtoolcache/Python/3.9.13/x64/lib/python3.9/ftplib.py", line 254, in getresp
    raise error_perm(resp)
ftplib.error_perm: 530 no such username

2025-12-02 19:37:08.098198: Błąd FTP: 530 no such username
Traceback (most recent call last):
  File "/home/runner/work/FS25LogsNew/FS25LogsNew/logs_analyzer.py", line 175, in download_logs
    ftp.login(FTP_USER, FTP_PASS)
  File "/opt/hostedtoolcache/Python/3.9.13/x64/lib/python3.9/ftplib.py", line 412, in login
    resp = self.sendcmd('USER ' + user)
  File "/opt/hostedtoolcache/Python/3.9.13/x64/lib/python3.9/ftplib.py", line 281, in sendcmd
    return self.getresp()
  File "/opt/hostedtoolcache/Python/3.9.13/x64/lib/python3.9/ftplib.py", line 254, in getresp
    raise error_perm(resp)
ftplib.error_perm: 530 no such username

2025-12-02 20:29:06.467902: Błąd FTP: 530 no such username
Traceback (most recent call last):
  File "/home/runner/work/FS25LogsNew/FS25LogsNew/logs_analyzer.py", line 175, in download_logs
    ftp.login(FTP_USER, FTP_PASS)
  File "/opt/hostedtoolcache/Python/3.9.13/x64/lib/python3.9/ftplib.py", line 412, in login
    resp = self.sendcmd('USER ' + user)
  File "/opt/hostedtoolcache/Python/3.9.13/x64/lib/python3.9/ftplib.py", line 281, in sendcmd
    return self.getresp()
  File "/opt/hostedtoolcache/Python/3.9.13/x64/lib/python3.9/ftplib.py", line 254, in getresp
    raise error_perm(resp)
ftplib.error_perm: 530 no such username

2025-12-02 20:29:06.896271: Błąd FTP: 530 no such username
Traceback (most recent call last):
  File "/home/runner/work/FS25LogsNew/FS25LogsNew/logs_analyzer.py", line 175, in download_logs
    ftp.login(FTP_USER, FTP_PASS)
  File "/opt/hostedtoolcache/Python/3.9.13/x64/lib/python3.9/ftplib.py", line 412, in login
    resp = self.sendcmd('USER ' + user)
  File "/opt/hostedtoolcache/Python/3.9.13/x64/lib/python3.9/ftplib.py", line 281, in sendcmd
    return self.getresp()
  File "/opt/hostedtoolcache/Python/3.9.13/x64/lib/python3.9/ftplib.py", line 254, in getresp
    raise error_perm(resp)
ftplib.error_perm: 530 no such username

2025-12-02 20:29:07.327092: Błąd FTP: 530 no such username
Traceback (most recent call last):
  File "/home/runner/work/FS25LogsNew/FS25LogsNew/logs_analyzer.py", line 175, in download_logs
    ftp.login(FTP_USER, FTP_PASS)
  File "/opt/hostedtoolcache/Python/3.9.13/x64/lib/python3.9/ftplib.py", line 412, in login
    resp = self.sendcmd('USER ' + user)
  File "/opt/hostedtoolcache/Python/3.9.13/x64/lib/python3.9/ftplib.py", line 281, in sendcmd
    return self.getresp()
  File "/opt/hostedtoolcache/Python/3.9.13/x64/lib/python3.9/ftplib.py", line 254, in getresp
    raise error_perm(resp)
ftplib.error_perm: 530 no such username

2025-12-02 20:42:52.172977: Błąd FTP: 530 no such username
Traceback (most recent call last):
  File "/home/runner/work/FS25LogsNew/FS25LogsNew/logs_analyzer.py", line 175, in download_logs
    ftp.login(FTP_USER, FTP_PASS)
  File "/opt/hostedtoolcache/Python/3.9.13/x64/lib/python3.9/ftplib.py", line 412, in login
    resp = self.sendcmd('USER ' + user)
  File "/opt/hostedtoolcache/Python/3.9.13/x64/lib/python3.9/ftplib.py", line 281, in sendcmd
    return self.getresp()
  File "/opt/hostedtoolcache/Python/3.9.13/x64/lib/python3.9/ftplib.py", line 254, in getresp
    raise error_perm(resp)
ftplib.error_perm: 530 no such username

2025-12-02 20:42:52.562581: Błąd FTP: 530 no such username
Traceback (most recent call last):
  File "/home/runner/work/FS25LogsNew/FS25LogsNew/logs_analyzer.py", line 175, in download_logs
    ftp.login(FTP_USER, FTP_PASS)
  File "/opt/hostedtoolcache/Python/3.9.13/x64/lib/python3.9/ftplib.py", line 412, in login
    resp = self.sendcmd('USER ' + user)
  File "/opt/hostedtoolcache/Python/3.9.13/x64/lib/python3.9/ftplib.py", line 281, in sendcmd
    return self.getresp()
  File "/opt/hostedtoolcache/Python/3.9.13/x64/lib/python3.9/ftplib.py", line 254, in getresp
    raise error_perm(resp)
ftplib.error_perm: 530 no such username

2025-12-02 20:42:52.981636: Błąd FTP: 530 no such username
Traceback (most recent call last):
  File "/home/runner/work/FS25LogsNew/FS25LogsNew/logs_analyzer.py", line 175, in download_logs
    ftp.login(FTP_USER, FTP_PASS)
  File "/opt/hostedtoolcache/Python/3.9.13/x64/lib/python3.9/ftplib.py", line 412, in login
    resp = self.sendcmd('USER ' + user)
  File "/opt/hostedtoolcache/Python/3.9.13/x64/lib/python3.9/ftplib.py", line 281, in sendcmd
    return self.getresp()
  File "/opt/hostedtoolcache/Python/3.9.13/x64/lib/python3.9/ftplib.py", line 254, in getresp
    raise error_perm(resp)
ftplib.error_perm: 530 no such username

2025-12-02 21:23:55.783566: Błąd FTP: 530 no such username
Traceback (most recent call last):
  File "/home/runner/work/FS25LogsNew/FS25LogsNew/logs_analyzer.py", line 175, in download_logs
    ftp.login(FTP_USER, FTP_PASS)
  File "/opt/hostedtoolcache/Python/3.9.13/x64/lib/python3.9/ftplib.py", line 412, in login
    resp = self.sendcmd('USER ' + user)
  File "/opt/hostedtoolcache/Python/3.9.13/x64/lib/python3.9/ftplib.py", line 281, in sendcmd
    return self.getresp()
  File "/opt/hostedtoolcache/Python/3.9.13/x64/lib/python3.9/ftplib.py", line 254, in getresp
    raise error_perm(resp)
ftplib.error_perm: 530 no such username

2025-12-02 21:23:56.145620: Błąd FTP: 530 no such username
Traceback (most recent call last):
  File "/home/runner/work/FS25LogsNew/FS25LogsNew/logs_analyzer.py", line 175, in download_logs
    ftp.login(FTP_USER, FTP_PASS)
  File "/opt/hostedtoolcache/Python/3.9.13/x64/lib/python3.9/ftplib.py", line 412, in login
    resp = self.sendcmd('USER ' + user)
  File "/opt/hostedtoolcache/Python/3.9.13/x64/lib/python3.9/ftplib.py", line 281, in sendcmd
    return self.getresp()
  File "/opt/hostedtoolcache/Python/3.9.13/x64/lib/python3.9/ftplib.py", line 254, in getresp
    raise error_perm(resp)
ftplib.error_perm: 530 no such username

2025-12-02 21:23:56.527411: Błąd FTP: 530 no such username
Traceback (most recent call last):
  File "/home/runner/work/FS25LogsNew/FS25LogsNew/logs_analyzer.py", line 175, in download_logs
    ftp.login(FTP_USER, FTP_PASS)
  File "/opt/hostedtoolcache/Python/3.9.13/x64/lib/python3.9/ftplib.py", line 412, in login
    resp = self.sendcmd('USER ' + user)
  File "/opt/hostedtoolcache/Python/3.9.13/x64/lib/python3.9/ftplib.py", line 281, in sendcmd
    return self.getresp()
  File "/opt/hostedtoolcache/Python/3.9.13/x64/lib/python3.9/ftplib.py", line 254, in getresp
    raise error_perm(resp)
ftplib.error_perm: 530 no such username

2025-12-02 21:35:31.954883: Błąd FTP: 530 no such username
Traceback (most recent call last):
  File "/home/runner/work/FS25LogsNew/FS25LogsNew/logs_analyzer.py", line 175, in download_logs
    ftp.login(FTP_USER, FTP_PASS)
  File "/opt/hostedtoolcache/Python/3.9.13/x64/lib/python3.9/ftplib.py", line 412, in login
    resp = self.sendcmd('USER ' + user)
  File "/opt/hostedtoolcache/Python/3.9.13/x64/lib/python3.9/ftplib.py", line 281, in sendcmd
    return self.getresp()
  File "/opt/hostedtoolcache/Python/3.9.13/x64/lib/python3.9/ftplib.py", line 254, in getresp
    raise error_perm(resp)
ftplib.error_perm: 530 no such username

2025-12-02 21:35:32.315264: Błąd FTP: 530 no such username
Traceback (most recent call last):
  File "/home/runner/work/FS25LogsNew/FS25LogsNew/logs_analyzer.py", line 175, in download_logs
    ftp.login(FTP_USER, FTP_PASS)
  File "/opt/hostedtoolcache/Python/3.9.13/x64/lib/python3.9/ftplib.py", line 412, in login
    resp = self.sendcmd('USER ' + user)
  File "/opt/hostedtoolcache/Python/3.9.13/x64/lib/python3.9/ftplib.py", line 281, in sendcmd
    return self.getresp()
  File "/opt/hostedtoolcache/Python/3.9.13/x64/lib/python3.9/ftplib.py", line 254, in getresp
    raise error_perm(resp)
ftplib.error_perm: 530 no such username

2025-12-02 21:35:32.697325: Błąd FTP: 530 no such username
Traceback (most recent call last):
  File "/home/runner/work/FS25LogsNew/FS25LogsNew/logs_analyzer.py", line 175, in download_logs
    ftp.login(FTP_USER, FTP_PASS)
  File "/opt/hostedtoolcache/Python/3.9.13/x64/lib/python3.9/ftplib.py", line 412, in login
    resp = self.sendcmd('USER ' + user)
  File "/opt/hostedtoolcache/Python/3.9.13/x64/lib/python3.9/ftplib.py", line 281, in sendcmd
    return self.getresp()
  File "/opt/hostedtoolcache/Python/3.9.13/x64/lib/python3.9/ftplib.py", line 254, in getresp
    raise error_perm(resp)
ftplib.error_perm: 530 no such username

2025-12-02 22:20:32.429176: Błąd FTP: 530 no such username
Traceback (most recent call last):
  File "/home/runner/work/FS25LogsNew/FS25LogsNew/logs_analyzer.py", line 175, in download_logs
    ftp.login(FTP_USER, FTP_PASS)
  File "/opt/hostedtoolcache/Python/3.9.13/x64/lib/python3.9/ftplib.py", line 412, in login
    resp = self.sendcmd('USER ' + user)
  File "/opt/hostedtoolcache/Python/3.9.13/x64/lib/python3.9/ftplib.py", line 281, in sendcmd
    return self.getresp()
  File "/opt/hostedtoolcache/Python/3.9.13/x64/lib/python3.9/ftplib.py", line 254, in getresp
    raise error_perm(resp)
ftplib.error_perm: 530 no such username

2025-12-02 22:20:32.817341: Błąd FTP: 530 no such username
Traceback (most recent call last):
  File "/home/runner/work/FS25LogsNew/FS25LogsNew/logs_analyzer.py", line 175, in download_logs
    ftp.login(FTP_USER, FTP_PASS)
  File "/opt/hostedtoolcache/Python/3.9.13/x64/lib/python3.9/ftplib.py", line 412, in login
    resp = self.sendcmd('USER ' + user)
  File "/opt/hostedtoolcache/Python/3.9.13/x64/lib/python3.9/ftplib.py", line 281, in sendcmd
    return self.getresp()
  File "/opt/hostedtoolcache/Python/3.9.13/x64/lib/python3.9/ftplib.py", line 254, in getresp
    raise error_perm(resp)
ftplib.error_perm: 530 no such username

2025-12-02 22:20:33.218517: Błąd FTP: 530 no such username
Traceback (most recent call last):
  File "/home/runner/work/FS25LogsNew/FS25LogsNew/logs_analyzer.py", line 175, in download_logs
    ftp.login(FTP_USER, FTP_PASS)
  File "/opt/hostedtoolcache/Python/3.9.13/x64/lib/python3.9/ftplib.py", line 412, in login
    resp = self.sendcmd('USER ' + user)
  File "/opt/hostedtoolcache/Python/3.9.13/x64/lib/python3.9/ftplib.py", line 281, in sendcmd
    return self.getresp()
  File "/opt/hostedtoolcache/Python/3.9.13/x64/lib/python3.9/ftplib.py", line 254, in getresp
    raise error_perm(resp)
ftplib.error_perm: 530 no such username

2025-12-02 22:38:22.307661: Błąd FTP: 530 no such username
Traceback (most recent call last):
  File "/home/runner/work/FS25LogsNew/FS25LogsNew/logs_analyzer.py", line 175, in download_logs
    ftp.login(FTP_USER, FTP_PASS)
  File "/opt/hostedtoolcache/Python/3.9.13/x64/lib/python3.9/ftplib.py", line 412, in login
    resp = self.sendcmd('USER ' + user)
  File "/opt/hostedtoolcache/Python/3.9.13/x64/lib/python3.9/ftplib.py", line 281, in sendcmd
    return self.getresp()
  File "/opt/hostedtoolcache/Python/3.9.13/x64/lib/python3.9/ftplib.py", line 254, in getresp
    raise error_perm(resp)
ftplib.error_perm: 530 no such username

2025-12-02 22:38:22.670667: Błąd FTP: 530 no such username
Traceback (most recent call last):
  File "/home/runner/work/FS25LogsNew/FS25LogsNew/logs_analyzer.py", line 175, in download_logs
    ftp.login(FTP_USER, FTP_PASS)
  File "/opt/hostedtoolcache/Python/3.9.13/x64/lib/python3.9/ftplib.py", line 412, in login
    resp = self.sendcmd('USER ' + user)
  File "/opt/hostedtoolcache/Python/3.9.13/x64/lib/python3.9/ftplib.py", line 281, in sendcmd
    return self.getresp()
  File "/opt/hostedtoolcache/Python/3.9.13/x64/lib/python3.9/ftplib.py", line 254, in getresp
    raise error_perm(resp)
ftplib.error_perm: 530 no such username

2025-12-02 22:38:23.029712: Błąd FTP: 530 no such username
Traceback (most recent call last):
  File "/home/runner/work/FS25LogsNew/FS25LogsNew/logs_analyzer.py", line 175, in download_logs
    ftp.login(FTP_USER, FTP_PASS)
  File "/opt/hostedtoolcache/Python/3.9.13/x64/lib/python3.9/ftplib.py", line 412, in login
    resp = self.sendcmd('USER ' + user)
  File "/opt/hostedtoolcache/Python/3.9.13/x64/lib/python3.9/ftplib.py", line 281, in sendcmd
    return self.getresp()
  File "/opt/hostedtoolcache/Python/3.9.13/x64/lib/python3.9/ftplib.py", line 254, in getresp
    raise error_perm(resp)
ftplib.error_perm: 530 no such username

2025-12-02 23:21:30.713366: Błąd FTP: 530 no such username
Traceback (most recent call last):
  File "/home/runner/work/FS25LogsNew/FS25LogsNew/logs_analyzer.py", line 175, in download_logs
    ftp.login(FTP_USER, FTP_PASS)
  File "/opt/hostedtoolcache/Python/3.9.13/x64/lib/python3.9/ftplib.py", line 412, in login
    resp = self.sendcmd('USER ' + user)
  File "/opt/hostedtoolcache/Python/3.9.13/x64/lib/python3.9/ftplib.py", line 281, in sendcmd
    return self.getresp()
  File "/opt/hostedtoolcache/Python/3.9.13/x64/lib/python3.9/ftplib.py", line 254, in getresp
    raise error_perm(resp)
ftplib.error_perm: 530 no such username

2025-12-02 23:21:31.331707: Błąd FTP: 530 no such username
Traceback (most recent call last):
  File "/home/runner/work/FS25LogsNew/FS25LogsNew/logs_analyzer.py", line 175, in download_logs
    ftp.login(FTP_USER, FTP_PASS)
  File "/opt/hostedtoolcache/Python/3.9.13/x64/lib/python3.9/ftplib.py", line 412, in login
    resp = self.sendcmd('USER ' + user)
  File "/opt/hostedtoolcache/Python/3.9.13/x64/lib/python3.9/ftplib.py", line 281, in sendcmd
    return self.getresp()
  File "/opt/hostedtoolcache/Python/3.9.13/x64/lib/python3.9/ftplib.py", line 254, in getresp
    raise error_perm(resp)
ftplib.error_perm: 530 no such username

2025-12-02 23:21:31.950752: Błąd FTP: 530 no such username
Traceback (most recent call last):
  File "/home/runner/work/FS25LogsNew/FS25LogsNew/logs_analyzer.py", line 175, in download_logs
    ftp.login(FTP_USER, FTP_PASS)
  File "/opt/hostedtoolcache/Python/3.9.13/x64/lib/python3.9/ftplib.py", line 412, in login
    resp = self.sendcmd('USER ' + user)
  File "/opt/hostedtoolcache/Python/3.9.13/x64/lib/python3.9/ftplib.py", line 281, in sendcmd
    return self.getresp()
  File "/opt/hostedtoolcache/Python/3.9.13/x64/lib/python3.9/ftplib.py", line 254, in getresp
    raise error_perm(resp)
ftplib.error_perm: 530 no such username

2025-12-02 23:36:05.318032: Błąd FTP: 530 no such username
Traceback (most recent call last):
  File "/home/runner/work/FS25LogsNew/FS25LogsNew/logs_analyzer.py", line 175, in download_logs
    ftp.login(FTP_USER, FTP_PASS)
  File "/opt/hostedtoolcache/Python/3.9.13/x64/lib/python3.9/ftplib.py", line 412, in login
    resp = self.sendcmd('USER ' + user)
  File "/opt/hostedtoolcache/Python/3.9.13/x64/lib/python3.9/ftplib.py", line 281, in sendcmd
    return self.getresp()
  File "/opt/hostedtoolcache/Python/3.9.13/x64/lib/python3.9/ftplib.py", line 254, in getresp
    raise error_perm(resp)
ftplib.error_perm: 530 no such username

2025-12-02 23:36:05.679498: Błąd FTP: 530 no such username
Traceback (most recent call last):
  File "/home/runner/work/FS25LogsNew/FS25LogsNew/logs_analyzer.py", line 175, in download_logs
    ftp.login(FTP_USER, FTP_PASS)
  File "/opt/hostedtoolcache/Python/3.9.13/x64/lib/python3.9/ftplib.py", line 412, in login
    resp = self.sendcmd('USER ' + user)
  File "/opt/hostedtoolcache/Python/3.9.13/x64/lib/python3.9/ftplib.py", line 281, in sendcmd
    return self.getresp()
  File "/opt/hostedtoolcache/Python/3.9.13/x64/lib/python3.9/ftplib.py", line 254, in getresp
    raise error_perm(resp)
ftplib.error_perm: 530 no such username

2025-12-02 23:36:06.062416: Błąd FTP: 530 no such username
Traceback (most recent call last):
  File "/home/runner/work/FS25LogsNew/FS25LogsNew/logs_analyzer.py", line 175, in download_logs
    ftp.login(FTP_USER, FTP_PASS)
  File "/opt/hostedtoolcache/Python/3.9.13/x64/lib/python3.9/ftplib.py", line 412, in login
    resp = self.sendcmd('USER ' + user)
  File "/opt/hostedtoolcache/Python/3.9.13/x64/lib/python3.9/ftplib.py", line 281, in sendcmd
    return self.getresp()
  File "/opt/hostedtoolcache/Python/3.9.13/x64/lib/python3.9/ftplib.py", line 254, in getresp
    raise error_perm(resp)
ftplib.error_perm: 530 no such username

2025-12-03 01:51:35.041371: Błąd FTP: 530 no such username
Traceback (most recent call last):
  File "/home/runner/work/FS25LogsNew/FS25LogsNew/logs_analyzer.py", line 175, in download_logs
    ftp.login(FTP_USER, FTP_PASS)
  File "/opt/hostedtoolcache/Python/3.9.13/x64/lib/python3.9/ftplib.py", line 412, in login
    resp = self.sendcmd('USER ' + user)
  File "/opt/hostedtoolcache/Python/3.9.13/x64/lib/python3.9/ftplib.py", line 281, in sendcmd
    return self.getresp()
  File "/opt/hostedtoolcache/Python/3.9.13/x64/lib/python3.9/ftplib.py", line 254, in getresp
    raise error_perm(resp)
ftplib.error_perm: 530 no such username

2025-12-03 01:51:35.461050: Błąd FTP: 530 no such username
Traceback (most recent call last):
  File "/home/runner/work/FS25LogsNew/FS25LogsNew/logs_analyzer.py", line 175, in download_logs
    ftp.login(FTP_USER, FTP_PASS)
  File "/opt/hostedtoolcache/Python/3.9.13/x64/lib/python3.9/ftplib.py", line 412, in login
    resp = self.sendcmd('USER ' + user)
  File "/opt/hostedtoolcache/Python/3.9.13/x64/lib/python3.9/ftplib.py", line 281, in sendcmd
    return self.getresp()
  File "/opt/hostedtoolcache/Python/3.9.13/x64/lib/python3.9/ftplib.py", line 254, in getresp
    raise error_perm(resp)
ftplib.error_perm: 530 no such username

2025-12-03 01:51:35.890995: Błąd FTP: 530 no such username
Traceback (most recent call last):
  File "/home/runner/work/FS25LogsNew/FS25LogsNew/logs_analyzer.py", line 175, in download_logs
    ftp.login(FTP_USER, FTP_PASS)
  File "/opt/hostedtoolcache/Python/3.9.13/x64/lib/python3.9/ftplib.py", line 412, in login
    resp = self.sendcmd('USER ' + user)
  File "/opt/hostedtoolcache/Python/3.9.13/x64/lib/python3.9/ftplib.py", line 281, in sendcmd
    return self.getresp()
  File "/opt/hostedtoolcache/Python/3.9.13/x64/lib/python3.9/ftplib.py", line 254, in getresp
    raise error_perm(resp)
ftplib.error_perm: 530 no such username

2025-12-03 02:21:48.130838: Błąd FTP: 530 no such username
Traceback (most recent call last):
  File "/home/runner/work/FS25LogsNew/FS25LogsNew/logs_analyzer.py", line 175, in download_logs
    ftp.login(FTP_USER, FTP_PASS)
  File "/opt/hostedtoolcache/Python/3.9.13/x64/lib/python3.9/ftplib.py", line 412, in login
    resp = self.sendcmd('USER ' + user)
  File "/opt/hostedtoolcache/Python/3.9.13/x64/lib/python3.9/ftplib.py", line 281, in sendcmd
    return self.getresp()
  File "/opt/hostedtoolcache/Python/3.9.13/x64/lib/python3.9/ftplib.py", line 254, in getresp
    raise error_perm(resp)
ftplib.error_perm: 530 no such username

2025-12-03 02:21:48.786611: Błąd FTP: 530 no such username
Traceback (most recent call last):
  File "/home/runner/work/FS25LogsNew/FS25LogsNew/logs_analyzer.py", line 175, in download_logs
    ftp.login(FTP_USER, FTP_PASS)
  File "/opt/hostedtoolcache/Python/3.9.13/x64/lib/python3.9/ftplib.py", line 412, in login
    resp = self.sendcmd('USER ' + user)
  File "/opt/hostedtoolcache/Python/3.9.13/x64/lib/python3.9/ftplib.py", line 281, in sendcmd
    return self.getresp()
  File "/opt/hostedtoolcache/Python/3.9.13/x64/lib/python3.9/ftplib.py", line 254, in getresp
    raise error_perm(resp)
ftplib.error_perm: 530 no such username

2025-12-03 02:21:49.395524: Błąd FTP: 530 no such username
Traceback (most recent call last):
  File "/home/runner/work/FS25LogsNew/FS25LogsNew/logs_analyzer.py", line 175, in download_logs
    ftp.login(FTP_USER, FTP_PASS)
  File "/opt/hostedtoolcache/Python/3.9.13/x64/lib/python3.9/ftplib.py", line 412, in login
    resp = self.sendcmd('USER ' + user)
  File "/opt/hostedtoolcache/Python/3.9.13/x64/lib/python3.9/ftplib.py", line 281, in sendcmd
    return self.getresp()
  File "/opt/hostedtoolcache/Python/3.9.13/x64/lib/python3.9/ftplib.py", line 254, in getresp
    raise error_perm(resp)
ftplib.error_perm: 530 no such username

2025-12-03 03:20:30.604612: Błąd FTP: 530 no such username
Traceback (most recent call last):
  File "/home/runner/work/FS25LogsNew/FS25LogsNew/logs_analyzer.py", line 175, in download_logs
    ftp.login(FTP_USER, FTP_PASS)
  File "/opt/hostedtoolcache/Python/3.9.13/x64/lib/python3.9/ftplib.py", line 412, in login
    resp = self.sendcmd('USER ' + user)
  File "/opt/hostedtoolcache/Python/3.9.13/x64/lib/python3.9/ftplib.py", line 281, in sendcmd
    return self.getresp()
  File "/opt/hostedtoolcache/Python/3.9.13/x64/lib/python3.9/ftplib.py", line 254, in getresp
    raise error_perm(resp)
ftplib.error_perm: 530 no such username

2025-12-03 03:20:30.961972: Błąd FTP: 530 no such username
Traceback (most recent call last):
  File "/home/runner/work/FS25LogsNew/FS25LogsNew/logs_analyzer.py", line 175, in download_logs
    ftp.login(FTP_USER, FTP_PASS)
  File "/opt/hostedtoolcache/Python/3.9.13/x64/lib/python3.9/ftplib.py", line 412, in login
    resp = self.sendcmd('USER ' + user)
  File "/opt/hostedtoolcache/Python/3.9.13/x64/lib/python3.9/ftplib.py", line 281, in sendcmd
    return self.getresp()
  File "/opt/hostedtoolcache/Python/3.9.13/x64/lib/python3.9/ftplib.py", line 254, in getresp
    raise error_perm(resp)
ftplib.error_perm: 530 no such username

2025-12-03 03:20:31.323463: Błąd FTP: 530 no such username
Traceback (most recent call last):
  File "/home/runner/work/FS25LogsNew/FS25LogsNew/logs_analyzer.py", line 175, in download_logs
    ftp.login(FTP_USER, FTP_PASS)
  File "/opt/hostedtoolcache/Python/3.9.13/x64/lib/python3.9/ftplib.py", line 412, in login
    resp = self.sendcmd('USER ' + user)
  File "/opt/hostedtoolcache/Python/3.9.13/x64/lib/python3.9/ftplib.py", line 281, in sendcmd
    return self.getresp()
  File "/opt/hostedtoolcache/Python/3.9.13/x64/lib/python3.9/ftplib.py", line 254, in getresp
    raise error_perm(resp)
ftplib.error_perm: 530 no such username

2025-12-03 03:37:26.084752: Błąd FTP: 530 no such username
Traceback (most recent call last):
  File "/home/runner/work/FS25LogsNew/FS25LogsNew/logs_analyzer.py", line 175, in download_logs
    ftp.login(FTP_USER, FTP_PASS)
  File "/opt/hostedtoolcache/Python/3.9.13/x64/lib/python3.9/ftplib.py", line 412, in login
    resp = self.sendcmd('USER ' + user)
  File "/opt/hostedtoolcache/Python/3.9.13/x64/lib/python3.9/ftplib.py", line 281, in sendcmd
    return self.getresp()
  File "/opt/hostedtoolcache/Python/3.9.13/x64/lib/python3.9/ftplib.py", line 254, in getresp
    raise error_perm(resp)
ftplib.error_perm: 530 no such username

2025-12-03 03:37:26.583286: Błąd FTP: 530 no such username
Traceback (most recent call last):
  File "/home/runner/work/FS25LogsNew/FS25LogsNew/logs_analyzer.py", line 175, in download_logs
    ftp.login(FTP_USER, FTP_PASS)
  File "/opt/hostedtoolcache/Python/3.9.13/x64/lib/python3.9/ftplib.py", line 412, in login
    resp = self.sendcmd('USER ' + user)
  File "/opt/hostedtoolcache/Python/3.9.13/x64/lib/python3.9/ftplib.py", line 281, in sendcmd
    return self.getresp()
  File "/opt/hostedtoolcache/Python/3.9.13/x64/lib/python3.9/ftplib.py", line 254, in getresp
    raise error_perm(resp)
ftplib.error_perm: 530 no such username

2025-12-03 03:37:27.033748: Błąd FTP: 530 no such username
Traceback (most recent call last):
  File "/home/runner/work/FS25LogsNew/FS25LogsNew/logs_analyzer.py", line 175, in download_logs
    ftp.login(FTP_USER, FTP_PASS)
  File "/opt/hostedtoolcache/Python/3.9.13/x64/lib/python3.9/ftplib.py", line 412, in login
    resp = self.sendcmd('USER ' + user)
  File "/opt/hostedtoolcache/Python/3.9.13/x64/lib/python3.9/ftplib.py", line 281, in sendcmd
    return self.getresp()
  File "/opt/hostedtoolcache/Python/3.9.13/x64/lib/python3.9/ftplib.py", line 254, in getresp
    raise error_perm(resp)
ftplib.error_perm: 530 no such username

2025-12-03 04:32:03.169542: Błąd FTP: 530 no such username
Traceback (most recent call last):
  File "/home/runner/work/FS25LogsNew/FS25LogsNew/logs_analyzer.py", line 175, in download_logs
    ftp.login(FTP_USER, FTP_PASS)
  File "/opt/hostedtoolcache/Python/3.9.13/x64/lib/python3.9/ftplib.py", line 412, in login
    resp = self.sendcmd('USER ' + user)
  File "/opt/hostedtoolcache/Python/3.9.13/x64/lib/python3.9/ftplib.py", line 281, in sendcmd
    return self.getresp()
  File "/opt/hostedtoolcache/Python/3.9.13/x64/lib/python3.9/ftplib.py", line 254, in getresp
    raise error_perm(resp)
ftplib.error_perm: 530 no such username

2025-12-03 04:32:03.699279: Błąd FTP: 530 no such username
Traceback (most recent call last):
  File "/home/runner/work/FS25LogsNew/FS25LogsNew/logs_analyzer.py", line 175, in download_logs
    ftp.login(FTP_USER, FTP_PASS)
  File "/opt/hostedtoolcache/Python/3.9.13/x64/lib/python3.9/ftplib.py", line 412, in login
    resp = self.sendcmd('USER ' + user)
  File "/opt/hostedtoolcache/Python/3.9.13/x64/lib/python3.9/ftplib.py", line 281, in sendcmd
    return self.getresp()
  File "/opt/hostedtoolcache/Python/3.9.13/x64/lib/python3.9/ftplib.py", line 254, in getresp
    raise error_perm(resp)
ftplib.error_perm: 530 no such username

2025-12-03 04:32:04.239177: Błąd FTP: 530 no such username
Traceback (most recent call last):
  File "/home/runner/work/FS25LogsNew/FS25LogsNew/logs_analyzer.py", line 175, in download_logs
    ftp.login(FTP_USER, FTP_PASS)
  File "/opt/hostedtoolcache/Python/3.9.13/x64/lib/python3.9/ftplib.py", line 412, in login
    resp = self.sendcmd('USER ' + user)
  File "/opt/hostedtoolcache/Python/3.9.13/x64/lib/python3.9/ftplib.py", line 281, in sendcmd
    return self.getresp()
  File "/opt/hostedtoolcache/Python/3.9.13/x64/lib/python3.9/ftplib.py", line 254, in getresp
    raise error_perm(resp)
ftplib.error_perm: 530 no such username

2025-12-03 04:46:33.123372: Błąd FTP: 530 no such username
Traceback (most recent call last):
  File "/home/runner/work/FS25LogsNew/FS25LogsNew/logs_analyzer.py", line 175, in download_logs
    ftp.login(FTP_USER, FTP_PASS)
  File "/opt/hostedtoolcache/Python/3.9.13/x64/lib/python3.9/ftplib.py", line 412, in login
    resp = self.sendcmd('USER ' + user)
  File "/opt/hostedtoolcache/Python/3.9.13/x64/lib/python3.9/ftplib.py", line 281, in sendcmd
    return self.getresp()
  File "/opt/hostedtoolcache/Python/3.9.13/x64/lib/python3.9/ftplib.py", line 254, in getresp
    raise error_perm(resp)
ftplib.error_perm: 530 no such username

2025-12-03 04:46:33.485289: Błąd FTP: 530 no such username
Traceback (most recent call last):
  File "/home/runner/work/FS25LogsNew/FS25LogsNew/logs_analyzer.py", line 175, in download_logs
    ftp.login(FTP_USER, FTP_PASS)
  File "/opt/hostedtoolcache/Python/3.9.13/x64/lib/python3.9/ftplib.py", line 412, in login
    resp = self.sendcmd('USER ' + user)
  File "/opt/hostedtoolcache/Python/3.9.13/x64/lib/python3.9/ftplib.py", line 281, in sendcmd
    return self.getresp()
  File "/opt/hostedtoolcache/Python/3.9.13/x64/lib/python3.9/ftplib.py", line 254, in getresp
    raise error_perm(resp)
ftplib.error_perm: 530 no such username

2025-12-03 04:46:33.846043: Błąd FTP: 530 no such username
Traceback (most recent call last):
  File "/home/runner/work/FS25LogsNew/FS25LogsNew/logs_analyzer.py", line 175, in download_logs
    ftp.login(FTP_USER, FTP_PASS)
  File "/opt/hostedtoolcache/Python/3.9.13/x64/lib/python3.9/ftplib.py", line 412, in login
    resp = self.sendcmd('USER ' + user)
  File "/opt/hostedtoolcache/Python/3.9.13/x64/lib/python3.9/ftplib.py", line 281, in sendcmd
    return self.getresp()
  File "/opt/hostedtoolcache/Python/3.9.13/x64/lib/python3.9/ftplib.py", line 254, in getresp
    raise error_perm(resp)
ftplib.error_perm: 530 no such username

2025-12-03 05:23:17.529852: Błąd FTP: 530 no such username
Traceback (most recent call last):
  File "/home/runner/work/FS25LogsNew/FS25LogsNew/logs_analyzer.py", line 175, in download_logs
    ftp.login(FTP_USER, FTP_PASS)
  File "/opt/hostedtoolcache/Python/3.9.13/x64/lib/python3.9/ftplib.py", line 412, in login
    resp = self.sendcmd('USER ' + user)
  File "/opt/hostedtoolcache/Python/3.9.13/x64/lib/python3.9/ftplib.py", line 281, in sendcmd
    return self.getresp()
  File "/opt/hostedtoolcache/Python/3.9.13/x64/lib/python3.9/ftplib.py", line 254, in getresp
    raise error_perm(resp)
ftplib.error_perm: 530 no such username

2025-12-03 05:23:18.147287: Błąd FTP: 530 no such username
Traceback (most recent call last):
  File "/home/runner/work/FS25LogsNew/FS25LogsNew/logs_analyzer.py", line 175, in download_logs
    ftp.login(FTP_USER, FTP_PASS)
  File "/opt/hostedtoolcache/Python/3.9.13/x64/lib/python3.9/ftplib.py", line 412, in login
    resp = self.sendcmd('USER ' + user)
  File "/opt/hostedtoolcache/Python/3.9.13/x64/lib/python3.9/ftplib.py", line 281, in sendcmd
    return self.getresp()
  File "/opt/hostedtoolcache/Python/3.9.13/x64/lib/python3.9/ftplib.py", line 254, in getresp
    raise error_perm(resp)
ftplib.error_perm: 530 no such username

2025-12-03 05:23:18.763959: Błąd FTP: 530 no such username
Traceback (most recent call last):
  File "/home/runner/work/FS25LogsNew/FS25LogsNew/logs_analyzer.py", line 175, in download_logs
    ftp.login(FTP_USER, FTP_PASS)
  File "/opt/hostedtoolcache/Python/3.9.13/x64/lib/python3.9/ftplib.py", line 412, in login
    resp = self.sendcmd('USER ' + user)
  File "/opt/hostedtoolcache/Python/3.9.13/x64/lib/python3.9/ftplib.py", line 281, in sendcmd
    return self.getresp()
  File "/opt/hostedtoolcache/Python/3.9.13/x64/lib/python3.9/ftplib.py", line 254, in getresp
    raise error_perm(resp)
ftplib.error_perm: 530 no such username

2025-12-03 05:40:35.560559: Błąd FTP: 530 no such username
Traceback (most recent call last):
  File "/home/runner/work/FS25LogsNew/FS25LogsNew/logs_analyzer.py", line 175, in download_logs
    ftp.login(FTP_USER, FTP_PASS)
  File "/opt/hostedtoolcache/Python/3.9.13/x64/lib/python3.9/ftplib.py", line 412, in login
    resp = self.sendcmd('USER ' + user)
  File "/opt/hostedtoolcache/Python/3.9.13/x64/lib/python3.9/ftplib.py", line 281, in sendcmd
    return self.getresp()
  File "/opt/hostedtoolcache/Python/3.9.13/x64/lib/python3.9/ftplib.py", line 254, in getresp
    raise error_perm(resp)
ftplib.error_perm: 530 no such username

2025-12-03 05:40:35.982219: Błąd FTP: 530 no such username
Traceback (most recent call last):
  File "/home/runner/work/FS25LogsNew/FS25LogsNew/logs_analyzer.py", line 175, in download_logs
    ftp.login(FTP_USER, FTP_PASS)
  File "/opt/hostedtoolcache/Python/3.9.13/x64/lib/python3.9/ftplib.py", line 412, in login
    resp = self.sendcmd('USER ' + user)
  File "/opt/hostedtoolcache/Python/3.9.13/x64/lib/python3.9/ftplib.py", line 281, in sendcmd
    return self.getresp()
  File "/opt/hostedtoolcache/Python/3.9.13/x64/lib/python3.9/ftplib.py", line 254, in getresp
    raise error_perm(resp)
ftplib.error_perm: 530 no such username

2025-12-03 05:40:36.416190: Błąd FTP: 530 no such username
Traceback (most recent call last):
  File "/home/runner/work/FS25LogsNew/FS25LogsNew/logs_analyzer.py", line 175, in download_logs
    ftp.login(FTP_USER, FTP_PASS)
  File "/opt/hostedtoolcache/Python/3.9.13/x64/lib/python3.9/ftplib.py", line 412, in login
    resp = self.sendcmd('USER ' + user)
  File "/opt/hostedtoolcache/Python/3.9.13/x64/lib/python3.9/ftplib.py", line 281, in sendcmd
    return self.getresp()
  File "/opt/hostedtoolcache/Python/3.9.13/x64/lib/python3.9/ftplib.py", line 254, in getresp
    raise error_perm(resp)
ftplib.error_perm: 530 no such username

2025-12-03 06:37:01.522693: Błąd FTP: 530 no such username
Traceback (most recent call last):
  File "/home/runner/work/FS25LogsNew/FS25LogsNew/logs_analyzer.py", line 175, in download_logs
    ftp.login(FTP_USER, FTP_PASS)
  File "/opt/hostedtoolcache/Python/3.9.13/x64/lib/python3.9/ftplib.py", line 412, in login
    resp = self.sendcmd('USER ' + user)
  File "/opt/hostedtoolcache/Python/3.9.13/x64/lib/python3.9/ftplib.py", line 281, in sendcmd
    return self.getresp()
  File "/opt/hostedtoolcache/Python/3.9.13/x64/lib/python3.9/ftplib.py", line 254, in getresp
    raise error_perm(resp)
ftplib.error_perm: 530 no such username

2025-12-03 06:37:01.921750: Błąd FTP: 530 no such username
Traceback (most recent call last):
  File "/home/runner/work/FS25LogsNew/FS25LogsNew/logs_analyzer.py", line 175, in download_logs
    ftp.login(FTP_USER, FTP_PASS)
  File "/opt/hostedtoolcache/Python/3.9.13/x64/lib/python3.9/ftplib.py", line 412, in login
    resp = self.sendcmd('USER ' + user)
  File "/opt/hostedtoolcache/Python/3.9.13/x64/lib/python3.9/ftplib.py", line 281, in sendcmd
    return self.getresp()
  File "/opt/hostedtoolcache/Python/3.9.13/x64/lib/python3.9/ftplib.py", line 254, in getresp
    raise error_perm(resp)
ftplib.error_perm: 530 no such username

2025-12-03 06:37:02.279818: Błąd FTP: 530 no such username
Traceback (most recent call last):
  File "/home/runner/work/FS25LogsNew/FS25LogsNew/logs_analyzer.py", line 175, in download_logs
    ftp.login(FTP_USER, FTP_PASS)
  File "/opt/hostedtoolcache/Python/3.9.13/x64/lib/python3.9/ftplib.py", line 412, in login
    resp = self.sendcmd('USER ' + user)
  File "/opt/hostedtoolcache/Python/3.9.13/x64/lib/python3.9/ftplib.py", line 281, in sendcmd
    return self.getresp()
  File "/opt/hostedtoolcache/Python/3.9.13/x64/lib/python3.9/ftplib.py", line 254, in getresp
    raise error_perm(resp)
ftplib.error_perm: 530 no such username

2025-12-03 06:51:40.033377: Błąd FTP: 530 no such username
Traceback (most recent call last):
  File "/home/runner/work/FS25LogsNew/FS25LogsNew/logs_analyzer.py", line 175, in download_logs
    ftp.login(FTP_USER, FTP_PASS)
  File "/opt/hostedtoolcache/Python/3.9.13/x64/lib/python3.9/ftplib.py", line 412, in login
    resp = self.sendcmd('USER ' + user)
  File "/opt/hostedtoolcache/Python/3.9.13/x64/lib/python3.9/ftplib.py", line 281, in sendcmd
    return self.getresp()
  File "/opt/hostedtoolcache/Python/3.9.13/x64/lib/python3.9/ftplib.py", line 254, in getresp
    raise error_perm(resp)
ftplib.error_perm: 530 no such username

2025-12-03 06:51:40.395450: Błąd FTP: 530 no such username
Traceback (most recent call last):
  File "/home/runner/work/FS25LogsNew/FS25LogsNew/logs_analyzer.py", line 175, in download_logs
    ftp.login(FTP_USER, FTP_PASS)
  File "/opt/hostedtoolcache/Python/3.9.13/x64/lib/python3.9/ftplib.py", line 412, in login
    resp = self.sendcmd('USER ' + user)
  File "/opt/hostedtoolcache/Python/3.9.13/x64/lib/python3.9/ftplib.py", line 281, in sendcmd
    return self.getresp()
  File "/opt/hostedtoolcache/Python/3.9.13/x64/lib/python3.9/ftplib.py", line 254, in getresp
    raise error_perm(resp)
ftplib.error_perm: 530 no such username

2025-12-03 06:51:40.755760: Błąd FTP: 530 no such username
Traceback (most recent call last):
  File "/home/runner/work/FS25LogsNew/FS25LogsNew/logs_analyzer.py", line 175, in download_logs
    ftp.login(FTP_USER, FTP_PASS)
  File "/opt/hostedtoolcache/Python/3.9.13/x64/lib/python3.9/ftplib.py", line 412, in login
    resp = self.sendcmd('USER ' + user)
  File "/opt/hostedtoolcache/Python/3.9.13/x64/lib/python3.9/ftplib.py", line 281, in sendcmd
    return self.getresp()
  File "/opt/hostedtoolcache/Python/3.9.13/x64/lib/python3.9/ftplib.py", line 254, in getresp
    raise error_perm(resp)
ftplib.error_perm: 530 no such username

2025-12-03 07:24:53.818096: Błąd FTP: 530 no such username
Traceback (most recent call last):
  File "/home/runner/work/FS25LogsNew/FS25LogsNew/logs_analyzer.py", line 175, in download_logs
    ftp.login(FTP_USER, FTP_PASS)
  File "/opt/hostedtoolcache/Python/3.9.13/x64/lib/python3.9/ftplib.py", line 412, in login
    resp = self.sendcmd('USER ' + user)
  File "/opt/hostedtoolcache/Python/3.9.13/x64/lib/python3.9/ftplib.py", line 281, in sendcmd
    return self.getresp()
  File "/opt/hostedtoolcache/Python/3.9.13/x64/lib/python3.9/ftplib.py", line 254, in getresp
    raise error_perm(resp)
ftplib.error_perm: 530 no such username

2025-12-03 07:24:54.247481: Błąd FTP: 530 no such username
Traceback (most recent call last):
  File "/home/runner/work/FS25LogsNew/FS25LogsNew/logs_analyzer.py", line 175, in download_logs
    ftp.login(FTP_USER, FTP_PASS)
  File "/opt/hostedtoolcache/Python/3.9.13/x64/lib/python3.9/ftplib.py", line 412, in login
    resp = self.sendcmd('USER ' + user)
  File "/opt/hostedtoolcache/Python/3.9.13/x64/lib/python3.9/ftplib.py", line 281, in sendcmd
    return self.getresp()
  File "/opt/hostedtoolcache/Python/3.9.13/x64/lib/python3.9/ftplib.py", line 254, in getresp
    raise error_perm(resp)
ftplib.error_perm: 530 no such username

2025-12-03 07:24:54.681012: Błąd FTP: 530 no such username
Traceback (most recent call last):
  File "/home/runner/work/FS25LogsNew/FS25LogsNew/logs_analyzer.py", line 175, in download_logs
    ftp.login(FTP_USER, FTP_PASS)
  File "/opt/hostedtoolcache/Python/3.9.13/x64/lib/python3.9/ftplib.py", line 412, in login
    resp = self.sendcmd('USER ' + user)
  File "/opt/hostedtoolcache/Python/3.9.13/x64/lib/python3.9/ftplib.py", line 281, in sendcmd
    return self.getresp()
  File "/opt/hostedtoolcache/Python/3.9.13/x64/lib/python3.9/ftplib.py", line 254, in getresp
    raise error_perm(resp)
ftplib.error_perm: 530 no such username

2025-12-03 07:39:45.571406: Błąd FTP: 530 no such username
Traceback (most recent call last):
  File "/home/runner/work/FS25LogsNew/FS25LogsNew/logs_analyzer.py", line 175, in download_logs
    ftp.login(FTP_USER, FTP_PASS)
  File "/opt/hostedtoolcache/Python/3.9.13/x64/lib/python3.9/ftplib.py", line 412, in login
    resp = self.sendcmd('USER ' + user)
  File "/opt/hostedtoolcache/Python/3.9.13/x64/lib/python3.9/ftplib.py", line 281, in sendcmd
    return self.getresp()
  File "/opt/hostedtoolcache/Python/3.9.13/x64/lib/python3.9/ftplib.py", line 254, in getresp
    raise error_perm(resp)
ftplib.error_perm: 530 no such username

2025-12-03 07:39:46.190845: Błąd FTP: 530 no such username
Traceback (most recent call last):
  File "/home/runner/work/FS25LogsNew/FS25LogsNew/logs_analyzer.py", line 175, in download_logs
    ftp.login(FTP_USER, FTP_PASS)
  File "/opt/hostedtoolcache/Python/3.9.13/x64/lib/python3.9/ftplib.py", line 412, in login
    resp = self.sendcmd('USER ' + user)
  File "/opt/hostedtoolcache/Python/3.9.13/x64/lib/python3.9/ftplib.py", line 281, in sendcmd
    return self.getresp()
  File "/opt/hostedtoolcache/Python/3.9.13/x64/lib/python3.9/ftplib.py", line 254, in getresp
    raise error_perm(resp)
ftplib.error_perm: 530 no such username

2025-12-03 07:39:46.803793: Błąd FTP: 530 no such username
Traceback (most recent call last):
  File "/home/runner/work/FS25LogsNew/FS25LogsNew/logs_analyzer.py", line 175, in download_logs
    ftp.login(FTP_USER, FTP_PASS)
  File "/opt/hostedtoolcache/Python/3.9.13/x64/lib/python3.9/ftplib.py", line 412, in login
    resp = self.sendcmd('USER ' + user)
  File "/opt/hostedtoolcache/Python/3.9.13/x64/lib/python3.9/ftplib.py", line 281, in sendcmd
    return self.getresp()
  File "/opt/hostedtoolcache/Python/3.9.13/x64/lib/python3.9/ftplib.py", line 254, in getresp
    raise error_perm(resp)
ftplib.error_perm: 530 no such username

2025-12-03 08:33:38.413318: Błąd FTP: 530 no such username
Traceback (most recent call last):
  File "/home/runner/work/FS25LogsNew/FS25LogsNew/logs_analyzer.py", line 175, in download_logs
    ftp.login(FTP_USER, FTP_PASS)
  File "/opt/hostedtoolcache/Python/3.9.13/x64/lib/python3.9/ftplib.py", line 412, in login
    resp = self.sendcmd('USER ' + user)
  File "/opt/hostedtoolcache/Python/3.9.13/x64/lib/python3.9/ftplib.py", line 281, in sendcmd
    return self.getresp()
  File "/opt/hostedtoolcache/Python/3.9.13/x64/lib/python3.9/ftplib.py", line 254, in getresp
    raise error_perm(resp)
ftplib.error_perm: 530 no such username

2025-12-03 08:33:38.800915: Błąd FTP: 530 no such username
Traceback (most recent call last):
  File "/home/runner/work/FS25LogsNew/FS25LogsNew/logs_analyzer.py", line 175, in download_logs
    ftp.login(FTP_USER, FTP_PASS)
  File "/opt/hostedtoolcache/Python/3.9.13/x64/lib/python3.9/ftplib.py", line 412, in login
    resp = self.sendcmd('USER ' + user)
  File "/opt/hostedtoolcache/Python/3.9.13/x64/lib/python3.9/ftplib.py", line 281, in sendcmd
    return self.getresp()
  File "/opt/hostedtoolcache/Python/3.9.13/x64/lib/python3.9/ftplib.py", line 254, in getresp
    raise error_perm(resp)
ftplib.error_perm: 530 no such username

2025-12-03 08:33:39.160504: Błąd FTP: 530 no such username
Traceback (most recent call last):
  File "/home/runner/work/FS25LogsNew/FS25LogsNew/logs_analyzer.py", line 175, in download_logs
    ftp.login(FTP_USER, FTP_PASS)
  File "/opt/hostedtoolcache/Python/3.9.13/x64/lib/python3.9/ftplib.py", line 412, in login
    resp = self.sendcmd('USER ' + user)
  File "/opt/hostedtoolcache/Python/3.9.13/x64/lib/python3.9/ftplib.py", line 281, in sendcmd
    return self.getresp()
  File "/opt/hostedtoolcache/Python/3.9.13/x64/lib/python3.9/ftplib.py", line 254, in getresp
    raise error_perm(resp)
ftplib.error_perm: 530 no such username

2025-12-03 08:49:20.432348: Błąd FTP: 530 no such username
Traceback (most recent call last):
  File "/home/runner/work/FS25LogsNew/FS25LogsNew/logs_analyzer.py", line 175, in download_logs
    ftp.login(FTP_USER, FTP_PASS)
  File "/opt/hostedtoolcache/Python/3.9.13/x64/lib/python3.9/ftplib.py", line 412, in login
    resp = self.sendcmd('USER ' + user)
  File "/opt/hostedtoolcache/Python/3.9.13/x64/lib/python3.9/ftplib.py", line 281, in sendcmd
    return self.getresp()
  File "/opt/hostedtoolcache/Python/3.9.13/x64/lib/python3.9/ftplib.py", line 254, in getresp
    raise error_perm(resp)
ftplib.error_perm: 530 no such username

2025-12-03 08:49:21.048694: Błąd FTP: 530 no such username
Traceback (most recent call last):
  File "/home/runner/work/FS25LogsNew/FS25LogsNew/logs_analyzer.py", line 175, in download_logs
    ftp.login(FTP_USER, FTP_PASS)
  File "/opt/hostedtoolcache/Python/3.9.13/x64/lib/python3.9/ftplib.py", line 412, in login
    resp = self.sendcmd('USER ' + user)
  File "/opt/hostedtoolcache/Python/3.9.13/x64/lib/python3.9/ftplib.py", line 281, in sendcmd
    return self.getresp()
  File "/opt/hostedtoolcache/Python/3.9.13/x64/lib/python3.9/ftplib.py", line 254, in getresp
    raise error_perm(resp)
ftplib.error_perm: 530 no such username

2025-12-03 08:49:21.678739: Błąd FTP: 530 no such username
Traceback (most recent call last):
  File "/home/runner/work/FS25LogsNew/FS25LogsNew/logs_analyzer.py", line 175, in download_logs
    ftp.login(FTP_USER, FTP_PASS)
  File "/opt/hostedtoolcache/Python/3.9.13/x64/lib/python3.9/ftplib.py", line 412, in login
    resp = self.sendcmd('USER ' + user)
  File "/opt/hostedtoolcache/Python/3.9.13/x64/lib/python3.9/ftplib.py", line 281, in sendcmd
    return self.getresp()
  File "/opt/hostedtoolcache/Python/3.9.13/x64/lib/python3.9/ftplib.py", line 254, in getresp
    raise error_perm(resp)
ftplib.error_perm: 530 no such username

2025-12-03 09:28:23.731202: Błąd FTP: 530 no such username
Traceback (most recent call last):
  File "/home/runner/work/FS25LogsNew/FS25LogsNew/logs_analyzer.py", line 175, in download_logs
    ftp.login(FTP_USER, FTP_PASS)
  File "/opt/hostedtoolcache/Python/3.9.13/x64/lib/python3.9/ftplib.py", line 412, in login
    resp = self.sendcmd('USER ' + user)
  File "/opt/hostedtoolcache/Python/3.9.13/x64/lib/python3.9/ftplib.py", line 281, in sendcmd
    return self.getresp()
  File "/opt/hostedtoolcache/Python/3.9.13/x64/lib/python3.9/ftplib.py", line 254, in getresp
    raise error_perm(resp)
ftplib.error_perm: 530 no such username

2025-12-03 09:28:24.285915: Błąd FTP: 530 no such username
Traceback (most recent call last):
  File "/home/runner/work/FS25LogsNew/FS25LogsNew/logs_analyzer.py", line 175, in download_logs
    ftp.login(FTP_USER, FTP_PASS)
  File "/opt/hostedtoolcache/Python/3.9.13/x64/lib/python3.9/ftplib.py", line 412, in login
    resp = self.sendcmd('USER ' + user)
  File "/opt/hostedtoolcache/Python/3.9.13/x64/lib/python3.9/ftplib.py", line 281, in sendcmd
    return self.getresp()
  File "/opt/hostedtoolcache/Python/3.9.13/x64/lib/python3.9/ftplib.py", line 254, in getresp
    raise error_perm(resp)
ftplib.error_perm: 530 no such username

2025-12-03 09:28:24.839195: Błąd FTP: 530 no such username
Traceback (most recent call last):
  File "/home/runner/work/FS25LogsNew/FS25LogsNew/logs_analyzer.py", line 175, in download_logs
    ftp.login(FTP_USER, FTP_PASS)
  File "/opt/hostedtoolcache/Python/3.9.13/x64/lib/python3.9/ftplib.py", line 412, in login
    resp = self.sendcmd('USER ' + user)
  File "/opt/hostedtoolcache/Python/3.9.13/x64/lib/python3.9/ftplib.py", line 281, in sendcmd
    return self.getresp()
  File "/opt/hostedtoolcache/Python/3.9.13/x64/lib/python3.9/ftplib.py", line 254, in getresp
    raise error_perm(resp)
ftplib.error_perm: 530 no such username

2025-12-03 09:43:24.552838: Błąd FTP: 530 no such username
Traceback (most recent call last):
  File "/home/runner/work/FS25LogsNew/FS25LogsNew/logs_analyzer.py", line 175, in download_logs
    ftp.login(FTP_USER, FTP_PASS)
  File "/opt/hostedtoolcache/Python/3.9.13/x64/lib/python3.9/ftplib.py", line 412, in login
    resp = self.sendcmd('USER ' + user)
  File "/opt/hostedtoolcache/Python/3.9.13/x64/lib/python3.9/ftplib.py", line 281, in sendcmd
    return self.getresp()
  File "/opt/hostedtoolcache/Python/3.9.13/x64/lib/python3.9/ftplib.py", line 254, in getresp
    raise error_perm(resp)
ftplib.error_perm: 530 no such username

2025-12-03 09:43:25.170877: Błąd FTP: 530 no such username
Traceback (most recent call last):
  File "/home/runner/work/FS25LogsNew/FS25LogsNew/logs_analyzer.py", line 175, in download_logs
    ftp.login(FTP_USER, FTP_PASS)
  File "/opt/hostedtoolcache/Python/3.9.13/x64/lib/python3.9/ftplib.py", line 412, in login
    resp = self.sendcmd('USER ' + user)
  File "/opt/hostedtoolcache/Python/3.9.13/x64/lib/python3.9/ftplib.py", line 281, in sendcmd
    return self.getresp()
  File "/opt/hostedtoolcache/Python/3.9.13/x64/lib/python3.9/ftplib.py", line 254, in getresp
    raise error_perm(resp)
ftplib.error_perm: 530 no such username

2025-12-03 09:43:25.709401: Błąd FTP: 530 no such username
Traceback (most recent call last):
  File "/home/runner/work/FS25LogsNew/FS25LogsNew/logs_analyzer.py", line 175, in download_logs
    ftp.login(FTP_USER, FTP_PASS)
  File "/opt/hostedtoolcache/Python/3.9.13/x64/lib/python3.9/ftplib.py", line 412, in login
    resp = self.sendcmd('USER ' + user)
  File "/opt/hostedtoolcache/Python/3.9.13/x64/lib/python3.9/ftplib.py", line 281, in sendcmd
    return self.getresp()
  File "/opt/hostedtoolcache/Python/3.9.13/x64/lib/python3.9/ftplib.py", line 254, in getresp
    raise error_perm(resp)
ftplib.error_perm: 530 no such username

2025-12-03 10:28:41.415884: Błąd FTP: 530 no such username
Traceback (most recent call last):
  File "/home/runner/work/FS25LogsNew/FS25LogsNew/logs_analyzer.py", line 175, in download_logs
    ftp.login(FTP_USER, FTP_PASS)
  File "/opt/hostedtoolcache/Python/3.9.13/x64/lib/python3.9/ftplib.py", line 412, in login
    resp = self.sendcmd('USER ' + user)
  File "/opt/hostedtoolcache/Python/3.9.13/x64/lib/python3.9/ftplib.py", line 281, in sendcmd
    return self.getresp()
  File "/opt/hostedtoolcache/Python/3.9.13/x64/lib/python3.9/ftplib.py", line 254, in getresp
    raise error_perm(resp)
ftplib.error_perm: 530 no such username

2025-12-03 10:28:41.805117: Błąd FTP: 530 no such username
Traceback (most recent call last):
  File "/home/runner/work/FS25LogsNew/FS25LogsNew/logs_analyzer.py", line 175, in download_logs
    ftp.login(FTP_USER, FTP_PASS)
  File "/opt/hostedtoolcache/Python/3.9.13/x64/lib/python3.9/ftplib.py", line 412, in login
    resp = self.sendcmd('USER ' + user)
  File "/opt/hostedtoolcache/Python/3.9.13/x64/lib/python3.9/ftplib.py", line 281, in sendcmd
    return self.getresp()
  File "/opt/hostedtoolcache/Python/3.9.13/x64/lib/python3.9/ftplib.py", line 254, in getresp
    raise error_perm(resp)
ftplib.error_perm: 530 no such username

2025-12-03 10:28:42.187969: Błąd FTP: 530 no such username
Traceback (most recent call last):
  File "/home/runner/work/FS25LogsNew/FS25LogsNew/logs_analyzer.py", line 175, in download_logs
    ftp.login(FTP_USER, FTP_PASS)
  File "/opt/hostedtoolcache/Python/3.9.13/x64/lib/python3.9/ftplib.py", line 412, in login
    resp = self.sendcmd('USER ' + user)
  File "/opt/hostedtoolcache/Python/3.9.13/x64/lib/python3.9/ftplib.py", line 281, in sendcmd
    return self.getresp()
  File "/opt/hostedtoolcache/Python/3.9.13/x64/lib/python3.9/ftplib.py", line 254, in getresp
    raise error_perm(resp)
ftplib.error_perm: 530 no such username

2025-12-03 10:47:03.414207: Błąd FTP: 530 no such username
Traceback (most recent call last):
  File "/home/runner/work/FS25LogsNew/FS25LogsNew/logs_analyzer.py", line 175, in download_logs
    ftp.login(FTP_USER, FTP_PASS)
  File "/opt/hostedtoolcache/Python/3.9.13/x64/lib/python3.9/ftplib.py", line 412, in login
    resp = self.sendcmd('USER ' + user)
  File "/opt/hostedtoolcache/Python/3.9.13/x64/lib/python3.9/ftplib.py", line 281, in sendcmd
    return self.getresp()
  File "/opt/hostedtoolcache/Python/3.9.13/x64/lib/python3.9/ftplib.py", line 254, in getresp
    raise error_perm(resp)
ftplib.error_perm: 530 no such username

2025-12-03 10:47:03.802608: Błąd FTP: 530 no such username
Traceback (most recent call last):
  File "/home/runner/work/FS25LogsNew/FS25LogsNew/logs_analyzer.py", line 175, in download_logs
    ftp.login(FTP_USER, FTP_PASS)
  File "/opt/hostedtoolcache/Python/3.9.13/x64/lib/python3.9/ftplib.py", line 412, in login
    resp = self.sendcmd('USER ' + user)
  File "/opt/hostedtoolcache/Python/3.9.13/x64/lib/python3.9/ftplib.py", line 281, in sendcmd
    return self.getresp()
  File "/opt/hostedtoolcache/Python/3.9.13/x64/lib/python3.9/ftplib.py", line 254, in getresp
    raise error_perm(resp)
ftplib.error_perm: 530 no such username

2025-12-03 10:47:04.162558: Błąd FTP: 530 no such username
Traceback (most recent call last):
  File "/home/runner/work/FS25LogsNew/FS25LogsNew/logs_analyzer.py", line 175, in download_logs
    ftp.login(FTP_USER, FTP_PASS)
  File "/opt/hostedtoolcache/Python/3.9.13/x64/lib/python3.9/ftplib.py", line 412, in login
    resp = self.sendcmd('USER ' + user)
  File "/opt/hostedtoolcache/Python/3.9.13/x64/lib/python3.9/ftplib.py", line 281, in sendcmd
    return self.getresp()
  File "/opt/hostedtoolcache/Python/3.9.13/x64/lib/python3.9/ftplib.py", line 254, in getresp
    raise error_perm(resp)
ftplib.error_perm: 530 no such username

2025-12-03 11:21:59.195913: Błąd FTP: 530 no such username
Traceback (most recent call last):
  File "/home/runner/work/FS25LogsNew/FS25LogsNew/logs_analyzer.py", line 175, in download_logs
    ftp.login(FTP_USER, FTP_PASS)
  File "/opt/hostedtoolcache/Python/3.9.13/x64/lib/python3.9/ftplib.py", line 412, in login
    resp = self.sendcmd('USER ' + user)
  File "/opt/hostedtoolcache/Python/3.9.13/x64/lib/python3.9/ftplib.py", line 281, in sendcmd
    return self.getresp()
  File "/opt/hostedtoolcache/Python/3.9.13/x64/lib/python3.9/ftplib.py", line 254, in getresp
    raise error_perm(resp)
ftplib.error_perm: 530 no such username

2025-12-03 11:21:59.750270: Błąd FTP: 530 no such username
Traceback (most recent call last):
  File "/home/runner/work/FS25LogsNew/FS25LogsNew/logs_analyzer.py", line 175, in download_logs
    ftp.login(FTP_USER, FTP_PASS)
  File "/opt/hostedtoolcache/Python/3.9.13/x64/lib/python3.9/ftplib.py", line 412, in login
    resp = self.sendcmd('USER ' + user)
  File "/opt/hostedtoolcache/Python/3.9.13/x64/lib/python3.9/ftplib.py", line 281, in sendcmd
    return self.getresp()
  File "/opt/hostedtoolcache/Python/3.9.13/x64/lib/python3.9/ftplib.py", line 254, in getresp
    raise error_perm(resp)
ftplib.error_perm: 530 no such username

2025-12-03 11:22:00.302416: Błąd FTP: 530 no such username
Traceback (most recent call last):
  File "/home/runner/work/FS25LogsNew/FS25LogsNew/logs_analyzer.py", line 175, in download_logs
    ftp.login(FTP_USER, FTP_PASS)
  File "/opt/hostedtoolcache/Python/3.9.13/x64/lib/python3.9/ftplib.py", line 412, in login
    resp = self.sendcmd('USER ' + user)
  File "/opt/hostedtoolcache/Python/3.9.13/x64/lib/python3.9/ftplib.py", line 281, in sendcmd
    return self.getresp()
  File "/opt/hostedtoolcache/Python/3.9.13/x64/lib/python3.9/ftplib.py", line 254, in getresp
    raise error_perm(resp)
ftplib.error_perm: 530 no such username

2025-12-03 11:37:41.868162: Błąd FTP: 530 no such username
Traceback (most recent call last):
  File "/home/runner/work/FS25LogsNew/FS25LogsNew/logs_analyzer.py", line 175, in download_logs
    ftp.login(FTP_USER, FTP_PASS)
  File "/opt/hostedtoolcache/Python/3.9.13/x64/lib/python3.9/ftplib.py", line 412, in login
    resp = self.sendcmd('USER ' + user)
  File "/opt/hostedtoolcache/Python/3.9.13/x64/lib/python3.9/ftplib.py", line 281, in sendcmd
    return self.getresp()
  File "/opt/hostedtoolcache/Python/3.9.13/x64/lib/python3.9/ftplib.py", line 254, in getresp
    raise error_perm(resp)
ftplib.error_perm: 530 no such username

2025-12-03 11:37:42.379973: Błąd FTP: 530 no such username
Traceback (most recent call last):
  File "/home/runner/work/FS25LogsNew/FS25LogsNew/logs_analyzer.py", line 175, in download_logs
    ftp.login(FTP_USER, FTP_PASS)
  File "/opt/hostedtoolcache/Python/3.9.13/x64/lib/python3.9/ftplib.py", line 412, in login
    resp = self.sendcmd('USER ' + user)
  File "/opt/hostedtoolcache/Python/3.9.13/x64/lib/python3.9/ftplib.py", line 281, in sendcmd
    return self.getresp()
  File "/opt/hostedtoolcache/Python/3.9.13/x64/lib/python3.9/ftplib.py", line 254, in getresp
    raise error_perm(resp)
ftplib.error_perm: 530 no such username

2025-12-03 11:37:42.838808: Błąd FTP: 530 no such username
Traceback (most recent call last):
  File "/home/runner/work/FS25LogsNew/FS25LogsNew/logs_analyzer.py", line 175, in download_logs
    ftp.login(FTP_USER, FTP_PASS)
  File "/opt/hostedtoolcache/Python/3.9.13/x64/lib/python3.9/ftplib.py", line 412, in login
    resp = self.sendcmd('USER ' + user)
  File "/opt/hostedtoolcache/Python/3.9.13/x64/lib/python3.9/ftplib.py", line 281, in sendcmd
    return self.getresp()
  File "/opt/hostedtoolcache/Python/3.9.13/x64/lib/python3.9/ftplib.py", line 254, in getresp
    raise error_perm(resp)
ftplib.error_perm: 530 no such username

2025-12-03 12:52:13.998360: Błąd FTP: 530 no such username
Traceback (most recent call last):
  File "/home/runner/work/FS25LogsNew/FS25LogsNew/logs_analyzer.py", line 175, in download_logs
    ftp.login(FTP_USER, FTP_PASS)
  File "/opt/hostedtoolcache/Python/3.9.13/x64/lib/python3.9/ftplib.py", line 412, in login
    resp = self.sendcmd('USER ' + user)
  File "/opt/hostedtoolcache/Python/3.9.13/x64/lib/python3.9/ftplib.py", line 281, in sendcmd
    return self.getresp()
  File "/opt/hostedtoolcache/Python/3.9.13/x64/lib/python3.9/ftplib.py", line 254, in getresp
    raise error_perm(resp)
ftplib.error_perm: 530 no such username

2025-12-03 12:52:14.380922: Błąd FTP: 530 no such username
Traceback (most recent call last):
  File "/home/runner/work/FS25LogsNew/FS25LogsNew/logs_analyzer.py", line 175, in download_logs
    ftp.login(FTP_USER, FTP_PASS)
  File "/opt/hostedtoolcache/Python/3.9.13/x64/lib/python3.9/ftplib.py", line 412, in login
    resp = self.sendcmd('USER ' + user)
  File "/opt/hostedtoolcache/Python/3.9.13/x64/lib/python3.9/ftplib.py", line 281, in sendcmd
    return self.getresp()
  File "/opt/hostedtoolcache/Python/3.9.13/x64/lib/python3.9/ftplib.py", line 254, in getresp
    raise error_perm(resp)
ftplib.error_perm: 530 no such username

2025-12-03 12:52:14.762824: Błąd FTP: 530 no such username
Traceback (most recent call last):
  File "/home/runner/work/FS25LogsNew/FS25LogsNew/logs_analyzer.py", line 175, in download_logs
    ftp.login(FTP_USER, FTP_PASS)
  File "/opt/hostedtoolcache/Python/3.9.13/x64/lib/python3.9/ftplib.py", line 412, in login
    resp = self.sendcmd('USER ' + user)
  File "/opt/hostedtoolcache/Python/3.9.13/x64/lib/python3.9/ftplib.py", line 281, in sendcmd
    return self.getresp()
  File "/opt/hostedtoolcache/Python/3.9.13/x64/lib/python3.9/ftplib.py", line 254, in getresp
    raise error_perm(resp)
ftplib.error_perm: 530 no such username

2025-12-03 13:09:43.165260: Błąd FTP: 530 no such username
Traceback (most recent call last):
  File "/home/runner/work/FS25LogsNew/FS25LogsNew/logs_analyzer.py", line 175, in download_logs
    ftp.login(FTP_USER, FTP_PASS)
  File "/opt/hostedtoolcache/Python/3.9.13/x64/lib/python3.9/ftplib.py", line 412, in login
    resp = self.sendcmd('USER ' + user)
  File "/opt/hostedtoolcache/Python/3.9.13/x64/lib/python3.9/ftplib.py", line 281, in sendcmd
    return self.getresp()
  File "/opt/hostedtoolcache/Python/3.9.13/x64/lib/python3.9/ftplib.py", line 254, in getresp
    raise error_perm(resp)
ftplib.error_perm: 530 no such username

2025-12-03 13:09:43.624755: Błąd FTP: 530 no such username
Traceback (most recent call last):
  File "/home/runner/work/FS25LogsNew/FS25LogsNew/logs_analyzer.py", line 175, in download_logs
    ftp.login(FTP_USER, FTP_PASS)
  File "/opt/hostedtoolcache/Python/3.9.13/x64/lib/python3.9/ftplib.py", line 412, in login
    resp = self.sendcmd('USER ' + user)
  File "/opt/hostedtoolcache/Python/3.9.13/x64/lib/python3.9/ftplib.py", line 281, in sendcmd
    return self.getresp()
  File "/opt/hostedtoolcache/Python/3.9.13/x64/lib/python3.9/ftplib.py", line 254, in getresp
    raise error_perm(resp)
ftplib.error_perm: 530 no such username

2025-12-03 13:09:44.144870: Błąd FTP: 530 no such username
Traceback (most recent call last):
  File "/home/runner/work/FS25LogsNew/FS25LogsNew/logs_analyzer.py", line 175, in download_logs
    ftp.login(FTP_USER, FTP_PASS)
  File "/opt/hostedtoolcache/Python/3.9.13/x64/lib/python3.9/ftplib.py", line 412, in login
    resp = self.sendcmd('USER ' + user)
  File "/opt/hostedtoolcache/Python/3.9.13/x64/lib/python3.9/ftplib.py", line 281, in sendcmd
    return self.getresp()
  File "/opt/hostedtoolcache/Python/3.9.13/x64/lib/python3.9/ftplib.py", line 254, in getresp
    raise error_perm(resp)
ftplib.error_perm: 530 no such username

2025-12-03 13:38:20.723062: Błąd FTP: 530 no such username
Traceback (most recent call last):
  File "/home/runner/work/FS25LogsNew/FS25LogsNew/logs_analyzer.py", line 175, in download_logs
    ftp.login(FTP_USER, FTP_PASS)
  File "/opt/hostedtoolcache/Python/3.9.13/x64/lib/python3.9/ftplib.py", line 412, in login
    resp = self.sendcmd('USER ' + user)
  File "/opt/hostedtoolcache/Python/3.9.13/x64/lib/python3.9/ftplib.py", line 281, in sendcmd
    return self.getresp()
  File "/opt/hostedtoolcache/Python/3.9.13/x64/lib/python3.9/ftplib.py", line 254, in getresp
    raise error_perm(resp)
ftplib.error_perm: 530 no such username

2025-12-03 13:38:21.158200: Błąd FTP: 530 no such username
Traceback (most recent call last):
  File "/home/runner/work/FS25LogsNew/FS25LogsNew/logs_analyzer.py", line 175, in download_logs
    ftp.login(FTP_USER, FTP_PASS)
  File "/opt/hostedtoolcache/Python/3.9.13/x64/lib/python3.9/ftplib.py", line 412, in login
    resp = self.sendcmd('USER ' + user)
  File "/opt/hostedtoolcache/Python/3.9.13/x64/lib/python3.9/ftplib.py", line 281, in sendcmd
    return self.getresp()
  File "/opt/hostedtoolcache/Python/3.9.13/x64/lib/python3.9/ftplib.py", line 254, in getresp
    raise error_perm(resp)
ftplib.error_perm: 530 no such username

2025-12-03 13:38:21.591172: Błąd FTP: 530 no such username
Traceback (most recent call last):
  File "/home/runner/work/FS25LogsNew/FS25LogsNew/logs_analyzer.py", line 175, in download_logs
    ftp.login(FTP_USER, FTP_PASS)
  File "/opt/hostedtoolcache/Python/3.9.13/x64/lib/python3.9/ftplib.py", line 412, in login
    resp = self.sendcmd('USER ' + user)
  File "/opt/hostedtoolcache/Python/3.9.13/x64/lib/python3.9/ftplib.py", line 281, in sendcmd
    return self.getresp()
  File "/opt/hostedtoolcache/Python/3.9.13/x64/lib/python3.9/ftplib.py", line 254, in getresp
    raise error_perm(resp)
ftplib.error_perm: 530 no such username

2025-12-03 13:51:58.190200: Błąd FTP: 530 no such username
Traceback (most recent call last):
  File "/home/runner/work/FS25LogsNew/FS25LogsNew/logs_analyzer.py", line 175, in download_logs
    ftp.login(FTP_USER, FTP_PASS)
  File "/opt/hostedtoolcache/Python/3.9.13/x64/lib/python3.9/ftplib.py", line 412, in login
    resp = self.sendcmd('USER ' + user)
  File "/opt/hostedtoolcache/Python/3.9.13/x64/lib/python3.9/ftplib.py", line 281, in sendcmd
    return self.getresp()
  File "/opt/hostedtoolcache/Python/3.9.13/x64/lib/python3.9/ftplib.py", line 254, in getresp
    raise error_perm(resp)
ftplib.error_perm: 530 no such username

2025-12-03 13:51:58.615532: Błąd FTP: 530 no such username
Traceback (most recent call last):
  File "/home/runner/work/FS25LogsNew/FS25LogsNew/logs_analyzer.py", line 175, in download_logs
    ftp.login(FTP_USER, FTP_PASS)
  File "/opt/hostedtoolcache/Python/3.9.13/x64/lib/python3.9/ftplib.py", line 412, in login
    resp = self.sendcmd('USER ' + user)
  File "/opt/hostedtoolcache/Python/3.9.13/x64/lib/python3.9/ftplib.py", line 281, in sendcmd
    return self.getresp()
  File "/opt/hostedtoolcache/Python/3.9.13/x64/lib/python3.9/ftplib.py", line 254, in getresp
    raise error_perm(resp)
ftplib.error_perm: 530 no such username

2025-12-03 13:51:59.050216: Błąd FTP: 530 no such username
Traceback (most recent call last):
  File "/home/runner/work/FS25LogsNew/FS25LogsNew/logs_analyzer.py", line 175, in download_logs
    ftp.login(FTP_USER, FTP_PASS)
  File "/opt/hostedtoolcache/Python/3.9.13/x64/lib/python3.9/ftplib.py", line 412, in login
    resp = self.sendcmd('USER ' + user)
  File "/opt/hostedtoolcache/Python/3.9.13/x64/lib/python3.9/ftplib.py", line 281, in sendcmd
    return self.getresp()
  File "/opt/hostedtoolcache/Python/3.9.13/x64/lib/python3.9/ftplib.py", line 254, in getresp
    raise error_perm(resp)
ftplib.error_perm: 530 no such username

2025-12-03 14:26:16.927869: Błąd FTP: 530 no such username
Traceback (most recent call last):
  File "/home/runner/work/FS25LogsNew/FS25LogsNew/logs_analyzer.py", line 175, in download_logs
    ftp.login(FTP_USER, FTP_PASS)
  File "/opt/hostedtoolcache/Python/3.9.13/x64/lib/python3.9/ftplib.py", line 412, in login
    resp = self.sendcmd('USER ' + user)
  File "/opt/hostedtoolcache/Python/3.9.13/x64/lib/python3.9/ftplib.py", line 281, in sendcmd
    return self.getresp()
  File "/opt/hostedtoolcache/Python/3.9.13/x64/lib/python3.9/ftplib.py", line 254, in getresp
    raise error_perm(resp)
ftplib.error_perm: 530 no such username

2025-12-03 14:26:17.481247: Błąd FTP: 530 no such username
Traceback (most recent call last):
  File "/home/runner/work/FS25LogsNew/FS25LogsNew/logs_analyzer.py", line 175, in download_logs
    ftp.login(FTP_USER, FTP_PASS)
  File "/opt/hostedtoolcache/Python/3.9.13/x64/lib/python3.9/ftplib.py", line 412, in login
    resp = self.sendcmd('USER ' + user)
  File "/opt/hostedtoolcache/Python/3.9.13/x64/lib/python3.9/ftplib.py", line 281, in sendcmd
    return self.getresp()
  File "/opt/hostedtoolcache/Python/3.9.13/x64/lib/python3.9/ftplib.py", line 254, in getresp
    raise error_perm(resp)
ftplib.error_perm: 530 no such username

2025-12-03 14:26:18.050139: Błąd FTP: 530 no such username
Traceback (most recent call last):
  File "/home/runner/work/FS25LogsNew/FS25LogsNew/logs_analyzer.py", line 175, in download_logs
    ftp.login(FTP_USER, FTP_PASS)
  File "/opt/hostedtoolcache/Python/3.9.13/x64/lib/python3.9/ftplib.py", line 412, in login
    resp = self.sendcmd('USER ' + user)
  File "/opt/hostedtoolcache/Python/3.9.13/x64/lib/python3.9/ftplib.py", line 281, in sendcmd
    return self.getresp()
  File "/opt/hostedtoolcache/Python/3.9.13/x64/lib/python3.9/ftplib.py", line 254, in getresp
    raise error_perm(resp)
ftplib.error_perm: 530 no such username

2025-12-03 14:45:13.297027: Błąd FTP: 530 no such username
Traceback (most recent call last):
  File "/home/runner/work/FS25LogsNew/FS25LogsNew/logs_analyzer.py", line 175, in download_logs
    ftp.login(FTP_USER, FTP_PASS)
  File "/opt/hostedtoolcache/Python/3.9.13/x64/lib/python3.9/ftplib.py", line 412, in login
    resp = self.sendcmd('USER ' + user)
  File "/opt/hostedtoolcache/Python/3.9.13/x64/lib/python3.9/ftplib.py", line 281, in sendcmd
    return self.getresp()
  File "/opt/hostedtoolcache/Python/3.9.13/x64/lib/python3.9/ftplib.py", line 254, in getresp
    raise error_perm(resp)
ftplib.error_perm: 530 no such username

2025-12-03 14:45:13.860906: Błąd FTP: 530 no such username
Traceback (most recent call last):
  File "/home/runner/work/FS25LogsNew/FS25LogsNew/logs_analyzer.py", line 175, in download_logs
    ftp.login(FTP_USER, FTP_PASS)
  File "/opt/hostedtoolcache/Python/3.9.13/x64/lib/python3.9/ftplib.py", line 412, in login
    resp = self.sendcmd('USER ' + user)
  File "/opt/hostedtoolcache/Python/3.9.13/x64/lib/python3.9/ftplib.py", line 281, in sendcmd
    return self.getresp()
  File "/opt/hostedtoolcache/Python/3.9.13/x64/lib/python3.9/ftplib.py", line 254, in getresp
    raise error_perm(resp)
ftplib.error_perm: 530 no such username

2025-12-03 14:45:14.429029: Błąd FTP: 530 no such username
Traceback (most recent call last):
  File "/home/runner/work/FS25LogsNew/FS25LogsNew/logs_analyzer.py", line 175, in download_logs
    ftp.login(FTP_USER, FTP_PASS)
  File "/opt/hostedtoolcache/Python/3.9.13/x64/lib/python3.9/ftplib.py", line 412, in login
    resp = self.sendcmd('USER ' + user)
  File "/opt/hostedtoolcache/Python/3.9.13/x64/lib/python3.9/ftplib.py", line 281, in sendcmd
    return self.getresp()
  File "/opt/hostedtoolcache/Python/3.9.13/x64/lib/python3.9/ftplib.py", line 254, in getresp
    raise error_perm(resp)
ftplib.error_perm: 530 no such username

2025-12-03 15:27:48.776688: Błąd FTP: 530 no such username
Traceback (most recent call last):
  File "/home/runner/work/FS25LogsNew/FS25LogsNew/logs_analyzer.py", line 175, in download_logs
    ftp.login(FTP_USER, FTP_PASS)
  File "/opt/hostedtoolcache/Python/3.9.13/x64/lib/python3.9/ftplib.py", line 412, in login
    resp = self.sendcmd('USER ' + user)
  File "/opt/hostedtoolcache/Python/3.9.13/x64/lib/python3.9/ftplib.py", line 281, in sendcmd
    return self.getresp()
  File "/opt/hostedtoolcache/Python/3.9.13/x64/lib/python3.9/ftplib.py", line 254, in getresp
    raise error_perm(resp)
ftplib.error_perm: 530 no such username

2025-12-03 15:27:49.200516: Błąd FTP: 530 no such username
Traceback (most recent call last):
  File "/home/runner/work/FS25LogsNew/FS25LogsNew/logs_analyzer.py", line 175, in download_logs
    ftp.login(FTP_USER, FTP_PASS)
  File "/opt/hostedtoolcache/Python/3.9.13/x64/lib/python3.9/ftplib.py", line 412, in login
    resp = self.sendcmd('USER ' + user)
  File "/opt/hostedtoolcache/Python/3.9.13/x64/lib/python3.9/ftplib.py", line 281, in sendcmd
    return self.getresp()
  File "/opt/hostedtoolcache/Python/3.9.13/x64/lib/python3.9/ftplib.py", line 254, in getresp
    raise error_perm(resp)
ftplib.error_perm: 530 no such username

2025-12-03 15:27:49.626204: Błąd FTP: 530 no such username
Traceback (most recent call last):
  File "/home/runner/work/FS25LogsNew/FS25LogsNew/logs_analyzer.py", line 175, in download_logs
    ftp.login(FTP_USER, FTP_PASS)
  File "/opt/hostedtoolcache/Python/3.9.13/x64/lib/python3.9/ftplib.py", line 412, in login
    resp = self.sendcmd('USER ' + user)
  File "/opt/hostedtoolcache/Python/3.9.13/x64/lib/python3.9/ftplib.py", line 281, in sendcmd
    return self.getresp()
  File "/opt/hostedtoolcache/Python/3.9.13/x64/lib/python3.9/ftplib.py", line 254, in getresp
    raise error_perm(resp)
ftplib.error_perm: 530 no such username

2025-12-03 15:43:33.362276: Błąd FTP: 530 no such username
Traceback (most recent call last):
  File "/home/runner/work/FS25LogsNew/FS25LogsNew/logs_analyzer.py", line 175, in download_logs
    ftp.login(FTP_USER, FTP_PASS)
  File "/opt/hostedtoolcache/Python/3.9.13/x64/lib/python3.9/ftplib.py", line 412, in login
    resp = self.sendcmd('USER ' + user)
  File "/opt/hostedtoolcache/Python/3.9.13/x64/lib/python3.9/ftplib.py", line 281, in sendcmd
    return self.getresp()
  File "/opt/hostedtoolcache/Python/3.9.13/x64/lib/python3.9/ftplib.py", line 254, in getresp
    raise error_perm(resp)
ftplib.error_perm: 530 no such username

2025-12-03 15:43:33.722346: Błąd FTP: 530 no such username
Traceback (most recent call last):
  File "/home/runner/work/FS25LogsNew/FS25LogsNew/logs_analyzer.py", line 175, in download_logs
    ftp.login(FTP_USER, FTP_PASS)
  File "/opt/hostedtoolcache/Python/3.9.13/x64/lib/python3.9/ftplib.py", line 412, in login
    resp = self.sendcmd('USER ' + user)
  File "/opt/hostedtoolcache/Python/3.9.13/x64/lib/python3.9/ftplib.py", line 281, in sendcmd
    return self.getresp()
  File "/opt/hostedtoolcache/Python/3.9.13/x64/lib/python3.9/ftplib.py", line 254, in getresp
    raise error_perm(resp)
ftplib.error_perm: 530 no such username

2025-12-03 15:43:34.081515: Błąd FTP: 530 no such username
Traceback (most recent call last):
  File "/home/runner/work/FS25LogsNew/FS25LogsNew/logs_analyzer.py", line 175, in download_logs
    ftp.login(FTP_USER, FTP_PASS)
  File "/opt/hostedtoolcache/Python/3.9.13/x64/lib/python3.9/ftplib.py", line 412, in login
    resp = self.sendcmd('USER ' + user)
  File "/opt/hostedtoolcache/Python/3.9.13/x64/lib/python3.9/ftplib.py", line 281, in sendcmd
    return self.getresp()
  File "/opt/hostedtoolcache/Python/3.9.13/x64/lib/python3.9/ftplib.py", line 254, in getresp
    raise error_perm(resp)
ftplib.error_perm: 530 no such username

2025-12-03 16:34:44.801588: Błąd FTP: 530 no such username
Traceback (most recent call last):
  File "/home/runner/work/FS25LogsNew/FS25LogsNew/logs_analyzer.py", line 175, in download_logs
    ftp.login(FTP_USER, FTP_PASS)
  File "/opt/hostedtoolcache/Python/3.9.13/x64/lib/python3.9/ftplib.py", line 412, in login
    resp = self.sendcmd('USER ' + user)
  File "/opt/hostedtoolcache/Python/3.9.13/x64/lib/python3.9/ftplib.py", line 281, in sendcmd
    return self.getresp()
  File "/opt/hostedtoolcache/Python/3.9.13/x64/lib/python3.9/ftplib.py", line 254, in getresp
    raise error_perm(resp)
ftplib.error_perm: 530 no such username

2025-12-03 16:34:45.230375: Błąd FTP: 530 no such username
Traceback (most recent call last):
  File "/home/runner/work/FS25LogsNew/FS25LogsNew/logs_analyzer.py", line 175, in download_logs
    ftp.login(FTP_USER, FTP_PASS)
  File "/opt/hostedtoolcache/Python/3.9.13/x64/lib/python3.9/ftplib.py", line 412, in login
    resp = self.sendcmd('USER ' + user)
  File "/opt/hostedtoolcache/Python/3.9.13/x64/lib/python3.9/ftplib.py", line 281, in sendcmd
    return self.getresp()
  File "/opt/hostedtoolcache/Python/3.9.13/x64/lib/python3.9/ftplib.py", line 254, in getresp
    raise error_perm(resp)
ftplib.error_perm: 530 no such username

2025-12-03 16:34:45.667155: Błąd FTP: 530 no such username
Traceback (most recent call last):
  File "/home/runner/work/FS25LogsNew/FS25LogsNew/logs_analyzer.py", line 175, in download_logs
    ftp.login(FTP_USER, FTP_PASS)
  File "/opt/hostedtoolcache/Python/3.9.13/x64/lib/python3.9/ftplib.py", line 412, in login
    resp = self.sendcmd('USER ' + user)
  File "/opt/hostedtoolcache/Python/3.9.13/x64/lib/python3.9/ftplib.py", line 281, in sendcmd
    return self.getresp()
  File "/opt/hostedtoolcache/Python/3.9.13/x64/lib/python3.9/ftplib.py", line 254, in getresp
    raise error_perm(resp)
ftplib.error_perm: 530 no such username

2025-12-03 16:50:51.577070: Błąd FTP: 530 no such username
Traceback (most recent call last):
  File "/home/runner/work/FS25LogsNew/FS25LogsNew/logs_analyzer.py", line 175, in download_logs
    ftp.login(FTP_USER, FTP_PASS)
  File "/opt/hostedtoolcache/Python/3.9.13/x64/lib/python3.9/ftplib.py", line 412, in login
    resp = self.sendcmd('USER ' + user)
  File "/opt/hostedtoolcache/Python/3.9.13/x64/lib/python3.9/ftplib.py", line 281, in sendcmd
    return self.getresp()
  File "/opt/hostedtoolcache/Python/3.9.13/x64/lib/python3.9/ftplib.py", line 254, in getresp
    raise error_perm(resp)
ftplib.error_perm: 530 no such username

2025-12-03 16:50:51.938399: Błąd FTP: 530 no such username
Traceback (most recent call last):
  File "/home/runner/work/FS25LogsNew/FS25LogsNew/logs_analyzer.py", line 175, in download_logs
    ftp.login(FTP_USER, FTP_PASS)
  File "/opt/hostedtoolcache/Python/3.9.13/x64/lib/python3.9/ftplib.py", line 412, in login
    resp = self.sendcmd('USER ' + user)
  File "/opt/hostedtoolcache/Python/3.9.13/x64/lib/python3.9/ftplib.py", line 281, in sendcmd
    return self.getresp()
  File "/opt/hostedtoolcache/Python/3.9.13/x64/lib/python3.9/ftplib.py", line 254, in getresp
    raise error_perm(resp)
ftplib.error_perm: 530 no such username

2025-12-03 16:50:52.299262: Błąd FTP: 530 no such username
Traceback (most recent call last):
  File "/home/runner/work/FS25LogsNew/FS25LogsNew/logs_analyzer.py", line 175, in download_logs
    ftp.login(FTP_USER, FTP_PASS)
  File "/opt/hostedtoolcache/Python/3.9.13/x64/lib/python3.9/ftplib.py", line 412, in login
    resp = self.sendcmd('USER ' + user)
  File "/opt/hostedtoolcache/Python/3.9.13/x64/lib/python3.9/ftplib.py", line 281, in sendcmd
    return self.getresp()
  File "/opt/hostedtoolcache/Python/3.9.13/x64/lib/python3.9/ftplib.py", line 254, in getresp
    raise error_perm(resp)
ftplib.error_perm: 530 no such username

2025-12-03 17:25:37.216607: Błąd FTP: 530 no such username
Traceback (most recent call last):
  File "/home/runner/work/FS25LogsNew/FS25LogsNew/logs_analyzer.py", line 175, in download_logs
    ftp.login(FTP_USER, FTP_PASS)
  File "/opt/hostedtoolcache/Python/3.9.13/x64/lib/python3.9/ftplib.py", line 412, in login
    resp = self.sendcmd('USER ' + user)
  File "/opt/hostedtoolcache/Python/3.9.13/x64/lib/python3.9/ftplib.py", line 281, in sendcmd
    return self.getresp()
  File "/opt/hostedtoolcache/Python/3.9.13/x64/lib/python3.9/ftplib.py", line 254, in getresp
    raise error_perm(resp)
ftplib.error_perm: 530 no such username

2025-12-03 17:25:37.576633: Błąd FTP: 530 no such username
Traceback (most recent call last):
  File "/home/runner/work/FS25LogsNew/FS25LogsNew/logs_analyzer.py", line 175, in download_logs
    ftp.login(FTP_USER, FTP_PASS)
  File "/opt/hostedtoolcache/Python/3.9.13/x64/lib/python3.9/ftplib.py", line 412, in login
    resp = self.sendcmd('USER ' + user)
  File "/opt/hostedtoolcache/Python/3.9.13/x64/lib/python3.9/ftplib.py", line 281, in sendcmd
    return self.getresp()
  File "/opt/hostedtoolcache/Python/3.9.13/x64/lib/python3.9/ftplib.py", line 254, in getresp
    raise error_perm(resp)
ftplib.error_perm: 530 no such username

2025-12-03 17:25:37.936137: Błąd FTP: 530 no such username
Traceback (most recent call last):
  File "/home/runner/work/FS25LogsNew/FS25LogsNew/logs_analyzer.py", line 175, in download_logs
    ftp.login(FTP_USER, FTP_PASS)
  File "/opt/hostedtoolcache/Python/3.9.13/x64/lib/python3.9/ftplib.py", line 412, in login
    resp = self.sendcmd('USER ' + user)
  File "/opt/hostedtoolcache/Python/3.9.13/x64/lib/python3.9/ftplib.py", line 281, in sendcmd
    return self.getresp()
  File "/opt/hostedtoolcache/Python/3.9.13/x64/lib/python3.9/ftplib.py", line 254, in getresp
    raise error_perm(resp)
ftplib.error_perm: 530 no such username

2025-12-03 17:43:18.628033: Błąd FTP: 530 no such username
Traceback (most recent call last):
  File "/home/runner/work/FS25LogsNew/FS25LogsNew/logs_analyzer.py", line 175, in download_logs
    ftp.login(FTP_USER, FTP_PASS)
  File "/opt/hostedtoolcache/Python/3.9.13/x64/lib/python3.9/ftplib.py", line 412, in login
    resp = self.sendcmd('USER ' + user)
  File "/opt/hostedtoolcache/Python/3.9.13/x64/lib/python3.9/ftplib.py", line 281, in sendcmd
    return self.getresp()
  File "/opt/hostedtoolcache/Python/3.9.13/x64/lib/python3.9/ftplib.py", line 254, in getresp
    raise error_perm(resp)
ftplib.error_perm: 530 no such username

2025-12-03 17:43:18.988742: Błąd FTP: 530 no such username
Traceback (most recent call last):
  File "/home/runner/work/FS25LogsNew/FS25LogsNew/logs_analyzer.py", line 175, in download_logs
    ftp.login(FTP_USER, FTP_PASS)
  File "/opt/hostedtoolcache/Python/3.9.13/x64/lib/python3.9/ftplib.py", line 412, in login
    resp = self.sendcmd('USER ' + user)
  File "/opt/hostedtoolcache/Python/3.9.13/x64/lib/python3.9/ftplib.py", line 281, in sendcmd
    return self.getresp()
  File "/opt/hostedtoolcache/Python/3.9.13/x64/lib/python3.9/ftplib.py", line 254, in getresp
    raise error_perm(resp)
ftplib.error_perm: 530 no such username

2025-12-03 17:43:19.348616: Błąd FTP: 530 no such username
Traceback (most recent call last):
  File "/home/runner/work/FS25LogsNew/FS25LogsNew/logs_analyzer.py", line 175, in download_logs
    ftp.login(FTP_USER, FTP_PASS)
  File "/opt/hostedtoolcache/Python/3.9.13/x64/lib/python3.9/ftplib.py", line 412, in login
    resp = self.sendcmd('USER ' + user)
  File "/opt/hostedtoolcache/Python/3.9.13/x64/lib/python3.9/ftplib.py", line 281, in sendcmd
    return self.getresp()
  File "/opt/hostedtoolcache/Python/3.9.13/x64/lib/python3.9/ftplib.py", line 254, in getresp
    raise error_perm(resp)
ftplib.error_perm: 530 no such username

2025-12-03 18:37:13.191560: Błąd FTP: 530 no such username
Traceback (most recent call last):
  File "/home/runner/work/FS25LogsNew/FS25LogsNew/logs_analyzer.py", line 175, in download_logs
    ftp.login(FTP_USER, FTP_PASS)
  File "/opt/hostedtoolcache/Python/3.9.13/x64/lib/python3.9/ftplib.py", line 412, in login
    resp = self.sendcmd('USER ' + user)
  File "/opt/hostedtoolcache/Python/3.9.13/x64/lib/python3.9/ftplib.py", line 281, in sendcmd
    return self.getresp()
  File "/opt/hostedtoolcache/Python/3.9.13/x64/lib/python3.9/ftplib.py", line 254, in getresp
    raise error_perm(resp)
ftplib.error_perm: 530 no such username

2025-12-03 18:37:13.809376: Błąd FTP: 530 no such username
Traceback (most recent call last):
  File "/home/runner/work/FS25LogsNew/FS25LogsNew/logs_analyzer.py", line 175, in download_logs
    ftp.login(FTP_USER, FTP_PASS)
  File "/opt/hostedtoolcache/Python/3.9.13/x64/lib/python3.9/ftplib.py", line 412, in login
    resp = self.sendcmd('USER ' + user)
  File "/opt/hostedtoolcache/Python/3.9.13/x64/lib/python3.9/ftplib.py", line 281, in sendcmd
    return self.getresp()
  File "/opt/hostedtoolcache/Python/3.9.13/x64/lib/python3.9/ftplib.py", line 254, in getresp
    raise error_perm(resp)
ftplib.error_perm: 530 no such username

2025-12-03 18:37:14.428263: Błąd FTP: 530 no such username
Traceback (most recent call last):
  File "/home/runner/work/FS25LogsNew/FS25LogsNew/logs_analyzer.py", line 175, in download_logs
    ftp.login(FTP_USER, FTP_PASS)
  File "/opt/hostedtoolcache/Python/3.9.13/x64/lib/python3.9/ftplib.py", line 412, in login
    resp = self.sendcmd('USER ' + user)
  File "/opt/hostedtoolcache/Python/3.9.13/x64/lib/python3.9/ftplib.py", line 281, in sendcmd
    return self.getresp()
  File "/opt/hostedtoolcache/Python/3.9.13/x64/lib/python3.9/ftplib.py", line 254, in getresp
    raise error_perm(resp)
ftplib.error_perm: 530 no such username

2025-12-03 18:51:44.450501: Błąd FTP: 530 no such username
Traceback (most recent call last):
  File "/home/runner/work/FS25LogsNew/FS25LogsNew/logs_analyzer.py", line 175, in download_logs
    ftp.login(FTP_USER, FTP_PASS)
  File "/opt/hostedtoolcache/Python/3.9.13/x64/lib/python3.9/ftplib.py", line 412, in login
    resp = self.sendcmd('USER ' + user)
  File "/opt/hostedtoolcache/Python/3.9.13/x64/lib/python3.9/ftplib.py", line 281, in sendcmd
    return self.getresp()
  File "/opt/hostedtoolcache/Python/3.9.13/x64/lib/python3.9/ftplib.py", line 254, in getresp
    raise error_perm(resp)
ftplib.error_perm: 530 no such username

2025-12-03 18:51:45.021486: Błąd FTP: 530 no such username
Traceback (most recent call last):
  File "/home/runner/work/FS25LogsNew/FS25LogsNew/logs_analyzer.py", line 175, in download_logs
    ftp.login(FTP_USER, FTP_PASS)
  File "/opt/hostedtoolcache/Python/3.9.13/x64/lib/python3.9/ftplib.py", line 412, in login
    resp = self.sendcmd('USER ' + user)
  File "/opt/hostedtoolcache/Python/3.9.13/x64/lib/python3.9/ftplib.py", line 281, in sendcmd
    return self.getresp()
  File "/opt/hostedtoolcache/Python/3.9.13/x64/lib/python3.9/ftplib.py", line 254, in getresp
    raise error_perm(resp)
ftplib.error_perm: 530 no such username

2025-12-03 18:51:45.574541: Błąd FTP: 530 no such username
Traceback (most recent call last):
  File "/home/runner/work/FS25LogsNew/FS25LogsNew/logs_analyzer.py", line 175, in download_logs
    ftp.login(FTP_USER, FTP_PASS)
  File "/opt/hostedtoolcache/Python/3.9.13/x64/lib/python3.9/ftplib.py", line 412, in login
    resp = self.sendcmd('USER ' + user)
  File "/opt/hostedtoolcache/Python/3.9.13/x64/lib/python3.9/ftplib.py", line 281, in sendcmd
    return self.getresp()
  File "/opt/hostedtoolcache/Python/3.9.13/x64/lib/python3.9/ftplib.py", line 254, in getresp
    raise error_perm(resp)
ftplib.error_perm: 530 no such username

2025-12-03 19:20:36.513315: Błąd FTP: 530 no such username
Traceback (most recent call last):
  File "/home/runner/work/FS25LogsNew/FS25LogsNew/logs_analyzer.py", line 175, in download_logs
    ftp.login(FTP_USER, FTP_PASS)
  File "/opt/hostedtoolcache/Python/3.9.13/x64/lib/python3.9/ftplib.py", line 412, in login
    resp = self.sendcmd('USER ' + user)
  File "/opt/hostedtoolcache/Python/3.9.13/x64/lib/python3.9/ftplib.py", line 281, in sendcmd
    return self.getresp()
  File "/opt/hostedtoolcache/Python/3.9.13/x64/lib/python3.9/ftplib.py", line 254, in getresp
    raise error_perm(resp)
ftplib.error_perm: 530 no such username

2025-12-03 19:20:36.865636: Błąd FTP: 530 no such username
Traceback (most recent call last):
  File "/home/runner/work/FS25LogsNew/FS25LogsNew/logs_analyzer.py", line 175, in download_logs
    ftp.login(FTP_USER, FTP_PASS)
  File "/opt/hostedtoolcache/Python/3.9.13/x64/lib/python3.9/ftplib.py", line 412, in login
    resp = self.sendcmd('USER ' + user)
  File "/opt/hostedtoolcache/Python/3.9.13/x64/lib/python3.9/ftplib.py", line 281, in sendcmd
    return self.getresp()
  File "/opt/hostedtoolcache/Python/3.9.13/x64/lib/python3.9/ftplib.py", line 254, in getresp
    raise error_perm(resp)
ftplib.error_perm: 530 no such username

2025-12-03 19:20:37.227801: Błąd FTP: 530 no such username
Traceback (most recent call last):
  File "/home/runner/work/FS25LogsNew/FS25LogsNew/logs_analyzer.py", line 175, in download_logs
    ftp.login(FTP_USER, FTP_PASS)
  File "/opt/hostedtoolcache/Python/3.9.13/x64/lib/python3.9/ftplib.py", line 412, in login
    resp = self.sendcmd('USER ' + user)
  File "/opt/hostedtoolcache/Python/3.9.13/x64/lib/python3.9/ftplib.py", line 281, in sendcmd
    return self.getresp()
  File "/opt/hostedtoolcache/Python/3.9.13/x64/lib/python3.9/ftplib.py", line 254, in getresp
    raise error_perm(resp)
ftplib.error_perm: 530 no such username

2025-12-03 19:35:47.017885: Błąd FTP: 530 no such username
Traceback (most recent call last):
  File "/home/runner/work/FS25LogsNew/FS25LogsNew/logs_analyzer.py", line 175, in download_logs
    ftp.login(FTP_USER, FTP_PASS)
  File "/opt/hostedtoolcache/Python/3.9.13/x64/lib/python3.9/ftplib.py", line 412, in login
    resp = self.sendcmd('USER ' + user)
  File "/opt/hostedtoolcache/Python/3.9.13/x64/lib/python3.9/ftplib.py", line 281, in sendcmd
    return self.getresp()
  File "/opt/hostedtoolcache/Python/3.9.13/x64/lib/python3.9/ftplib.py", line 254, in getresp
    raise error_perm(resp)
ftplib.error_perm: 530 no such username

2025-12-03 19:35:47.589174: Błąd FTP: 530 no such username
Traceback (most recent call last):
  File "/home/runner/work/FS25LogsNew/FS25LogsNew/logs_analyzer.py", line 175, in download_logs
    ftp.login(FTP_USER, FTP_PASS)
  File "/opt/hostedtoolcache/Python/3.9.13/x64/lib/python3.9/ftplib.py", line 412, in login
    resp = self.sendcmd('USER ' + user)
  File "/opt/hostedtoolcache/Python/3.9.13/x64/lib/python3.9/ftplib.py", line 281, in sendcmd
    return self.getresp()
  File "/opt/hostedtoolcache/Python/3.9.13/x64/lib/python3.9/ftplib.py", line 254, in getresp
    raise error_perm(resp)
ftplib.error_perm: 530 no such username

2025-12-03 19:35:48.161419: Błąd FTP: 530 no such username
Traceback (most recent call last):
  File "/home/runner/work/FS25LogsNew/FS25LogsNew/logs_analyzer.py", line 175, in download_logs
    ftp.login(FTP_USER, FTP_PASS)
  File "/opt/hostedtoolcache/Python/3.9.13/x64/lib/python3.9/ftplib.py", line 412, in login
    resp = self.sendcmd('USER ' + user)
  File "/opt/hostedtoolcache/Python/3.9.13/x64/lib/python3.9/ftplib.py", line 281, in sendcmd
    return self.getresp()
  File "/opt/hostedtoolcache/Python/3.9.13/x64/lib/python3.9/ftplib.py", line 254, in getresp
    raise error_perm(resp)
ftplib.error_perm: 530 no such username

2025-12-03 20:28:40.969706: Błąd FTP: 530 no such username
Traceback (most recent call last):
  File "/home/runner/work/FS25LogsNew/FS25LogsNew/logs_analyzer.py", line 175, in download_logs
    ftp.login(FTP_USER, FTP_PASS)
  File "/opt/hostedtoolcache/Python/3.9.13/x64/lib/python3.9/ftplib.py", line 412, in login
    resp = self.sendcmd('USER ' + user)
  File "/opt/hostedtoolcache/Python/3.9.13/x64/lib/python3.9/ftplib.py", line 281, in sendcmd
    return self.getresp()
  File "/opt/hostedtoolcache/Python/3.9.13/x64/lib/python3.9/ftplib.py", line 254, in getresp
    raise error_perm(resp)
ftplib.error_perm: 530 no such username

2025-12-03 20:28:41.588654: Błąd FTP: 530 no such username
Traceback (most recent call last):
  File "/home/runner/work/FS25LogsNew/FS25LogsNew/logs_analyzer.py", line 175, in download_logs
    ftp.login(FTP_USER, FTP_PASS)
  File "/opt/hostedtoolcache/Python/3.9.13/x64/lib/python3.9/ftplib.py", line 412, in login
    resp = self.sendcmd('USER ' + user)
  File "/opt/hostedtoolcache/Python/3.9.13/x64/lib/python3.9/ftplib.py", line 281, in sendcmd
    return self.getresp()
  File "/opt/hostedtoolcache/Python/3.9.13/x64/lib/python3.9/ftplib.py", line 254, in getresp
    raise error_perm(resp)
ftplib.error_perm: 530 no such username

2025-12-03 20:28:42.218903: Błąd FTP: 530 no such username
Traceback (most recent call last):
  File "/home/runner/work/FS25LogsNew/FS25LogsNew/logs_analyzer.py", line 175, in download_logs
    ftp.login(FTP_USER, FTP_PASS)
  File "/opt/hostedtoolcache/Python/3.9.13/x64/lib/python3.9/ftplib.py", line 412, in login
    resp = self.sendcmd('USER ' + user)
  File "/opt/hostedtoolcache/Python/3.9.13/x64/lib/python3.9/ftplib.py", line 281, in sendcmd
    return self.getresp()
  File "/opt/hostedtoolcache/Python/3.9.13/x64/lib/python3.9/ftplib.py", line 254, in getresp
    raise error_perm(resp)
ftplib.error_perm: 530 no such username

2025-12-03 20:43:49.914697: Błąd FTP: 530 no such username
Traceback (most recent call last):
  File "/home/runner/work/FS25LogsNew/FS25LogsNew/logs_analyzer.py", line 175, in download_logs
    ftp.login(FTP_USER, FTP_PASS)
  File "/opt/hostedtoolcache/Python/3.9.13/x64/lib/python3.9/ftplib.py", line 412, in login
    resp = self.sendcmd('USER ' + user)
  File "/opt/hostedtoolcache/Python/3.9.13/x64/lib/python3.9/ftplib.py", line 281, in sendcmd
    return self.getresp()
  File "/opt/hostedtoolcache/Python/3.9.13/x64/lib/python3.9/ftplib.py", line 254, in getresp
    raise error_perm(resp)
ftplib.error_perm: 530 no such username

2025-12-03 20:43:50.274942: Błąd FTP: 530 no such username
Traceback (most recent call last):
  File "/home/runner/work/FS25LogsNew/FS25LogsNew/logs_analyzer.py", line 175, in download_logs
    ftp.login(FTP_USER, FTP_PASS)
  File "/opt/hostedtoolcache/Python/3.9.13/x64/lib/python3.9/ftplib.py", line 412, in login
    resp = self.sendcmd('USER ' + user)
  File "/opt/hostedtoolcache/Python/3.9.13/x64/lib/python3.9/ftplib.py", line 281, in sendcmd
    return self.getresp()
  File "/opt/hostedtoolcache/Python/3.9.13/x64/lib/python3.9/ftplib.py", line 254, in getresp
    raise error_perm(resp)
ftplib.error_perm: 530 no such username

2025-12-03 20:43:50.640080: Błąd FTP: 530 no such username
Traceback (most recent call last):
  File "/home/runner/work/FS25LogsNew/FS25LogsNew/logs_analyzer.py", line 175, in download_logs
    ftp.login(FTP_USER, FTP_PASS)
  File "/opt/hostedtoolcache/Python/3.9.13/x64/lib/python3.9/ftplib.py", line 412, in login
    resp = self.sendcmd('USER ' + user)
  File "/opt/hostedtoolcache/Python/3.9.13/x64/lib/python3.9/ftplib.py", line 281, in sendcmd
    return self.getresp()
  File "/opt/hostedtoolcache/Python/3.9.13/x64/lib/python3.9/ftplib.py", line 254, in getresp
    raise error_perm(resp)
ftplib.error_perm: 530 no such username

2025-12-03 21:21:05.171490: Błąd FTP: 530 no such username
Traceback (most recent call last):
  File "/home/runner/work/FS25LogsNew/FS25LogsNew/logs_analyzer.py", line 175, in download_logs
    ftp.login(FTP_USER, FTP_PASS)
  File "/opt/hostedtoolcache/Python/3.9.13/x64/lib/python3.9/ftplib.py", line 412, in login
    resp = self.sendcmd('USER ' + user)
  File "/opt/hostedtoolcache/Python/3.9.13/x64/lib/python3.9/ftplib.py", line 281, in sendcmd
    return self.getresp()
  File "/opt/hostedtoolcache/Python/3.9.13/x64/lib/python3.9/ftplib.py", line 254, in getresp
    raise error_perm(resp)
ftplib.error_perm: 530 no such username

2025-12-03 21:21:05.746806: Błąd FTP: 530 no such username
Traceback (most recent call last):
  File "/home/runner/work/FS25LogsNew/FS25LogsNew/logs_analyzer.py", line 175, in download_logs
    ftp.login(FTP_USER, FTP_PASS)
  File "/opt/hostedtoolcache/Python/3.9.13/x64/lib/python3.9/ftplib.py", line 412, in login
    resp = self.sendcmd('USER ' + user)
  File "/opt/hostedtoolcache/Python/3.9.13/x64/lib/python3.9/ftplib.py", line 281, in sendcmd
    return self.getresp()
  File "/opt/hostedtoolcache/Python/3.9.13/x64/lib/python3.9/ftplib.py", line 254, in getresp
    raise error_perm(resp)
ftplib.error_perm: 530 no such username

2025-12-03 21:21:06.316314: Błąd FTP: 530 no such username
Traceback (most recent call last):
  File "/home/runner/work/FS25LogsNew/FS25LogsNew/logs_analyzer.py", line 175, in download_logs
    ftp.login(FTP_USER, FTP_PASS)
  File "/opt/hostedtoolcache/Python/3.9.13/x64/lib/python3.9/ftplib.py", line 412, in login
    resp = self.sendcmd('USER ' + user)
  File "/opt/hostedtoolcache/Python/3.9.13/x64/lib/python3.9/ftplib.py", line 281, in sendcmd
    return self.getresp()
  File "/opt/hostedtoolcache/Python/3.9.13/x64/lib/python3.9/ftplib.py", line 254, in getresp
    raise error_perm(resp)
ftplib.error_perm: 530 no such username

2025-12-03 21:33:37.188869: Błąd FTP: 530 no such username
Traceback (most recent call last):
  File "/home/runner/work/FS25LogsNew/FS25LogsNew/logs_analyzer.py", line 175, in download_logs
    ftp.login(FTP_USER, FTP_PASS)
  File "/opt/hostedtoolcache/Python/3.9.13/x64/lib/python3.9/ftplib.py", line 412, in login
    resp = self.sendcmd('USER ' + user)
  File "/opt/hostedtoolcache/Python/3.9.13/x64/lib/python3.9/ftplib.py", line 281, in sendcmd
    return self.getresp()
  File "/opt/hostedtoolcache/Python/3.9.13/x64/lib/python3.9/ftplib.py", line 254, in getresp
    raise error_perm(resp)
ftplib.error_perm: 530 no such username

2025-12-03 21:33:37.612332: Błąd FTP: 530 no such username
Traceback (most recent call last):
  File "/home/runner/work/FS25LogsNew/FS25LogsNew/logs_analyzer.py", line 175, in download_logs
    ftp.login(FTP_USER, FTP_PASS)
  File "/opt/hostedtoolcache/Python/3.9.13/x64/lib/python3.9/ftplib.py", line 412, in login
    resp = self.sendcmd('USER ' + user)
  File "/opt/hostedtoolcache/Python/3.9.13/x64/lib/python3.9/ftplib.py", line 281, in sendcmd
    return self.getresp()
  File "/opt/hostedtoolcache/Python/3.9.13/x64/lib/python3.9/ftplib.py", line 254, in getresp
    raise error_perm(resp)
ftplib.error_perm: 530 no such username

2025-12-03 21:33:38.042047: Błąd FTP: 530 no such username
Traceback (most recent call last):
  File "/home/runner/work/FS25LogsNew/FS25LogsNew/logs_analyzer.py", line 175, in download_logs
    ftp.login(FTP_USER, FTP_PASS)
  File "/opt/hostedtoolcache/Python/3.9.13/x64/lib/python3.9/ftplib.py", line 412, in login
    resp = self.sendcmd('USER ' + user)
  File "/opt/hostedtoolcache/Python/3.9.13/x64/lib/python3.9/ftplib.py", line 281, in sendcmd
    return self.getresp()
  File "/opt/hostedtoolcache/Python/3.9.13/x64/lib/python3.9/ftplib.py", line 254, in getresp
    raise error_perm(resp)
ftplib.error_perm: 530 no such username

2025-12-03 22:23:43.445738: Błąd FTP: 530 no such username
Traceback (most recent call last):
  File "/home/runner/work/FS25LogsNew/FS25LogsNew/logs_analyzer.py", line 175, in download_logs
    ftp.login(FTP_USER, FTP_PASS)
  File "/opt/hostedtoolcache/Python/3.9.13/x64/lib/python3.9/ftplib.py", line 412, in login
    resp = self.sendcmd('USER ' + user)
  File "/opt/hostedtoolcache/Python/3.9.13/x64/lib/python3.9/ftplib.py", line 281, in sendcmd
    return self.getresp()
  File "/opt/hostedtoolcache/Python/3.9.13/x64/lib/python3.9/ftplib.py", line 254, in getresp
    raise error_perm(resp)
ftplib.error_perm: 530 no such username

2025-12-03 22:23:44.014029: Błąd FTP: 530 no such username
Traceback (most recent call last):
  File "/home/runner/work/FS25LogsNew/FS25LogsNew/logs_analyzer.py", line 175, in download_logs
    ftp.login(FTP_USER, FTP_PASS)
  File "/opt/hostedtoolcache/Python/3.9.13/x64/lib/python3.9/ftplib.py", line 412, in login
    resp = self.sendcmd('USER ' + user)
  File "/opt/hostedtoolcache/Python/3.9.13/x64/lib/python3.9/ftplib.py", line 281, in sendcmd
    return self.getresp()
  File "/opt/hostedtoolcache/Python/3.9.13/x64/lib/python3.9/ftplib.py", line 254, in getresp
    raise error_perm(resp)
ftplib.error_perm: 530 no such username

2025-12-03 22:23:44.581887: Błąd FTP: 530 no such username
Traceback (most recent call last):
  File "/home/runner/work/FS25LogsNew/FS25LogsNew/logs_analyzer.py", line 175, in download_logs
    ftp.login(FTP_USER, FTP_PASS)
  File "/opt/hostedtoolcache/Python/3.9.13/x64/lib/python3.9/ftplib.py", line 412, in login
    resp = self.sendcmd('USER ' + user)
  File "/opt/hostedtoolcache/Python/3.9.13/x64/lib/python3.9/ftplib.py", line 281, in sendcmd
    return self.getresp()
  File "/opt/hostedtoolcache/Python/3.9.13/x64/lib/python3.9/ftplib.py", line 254, in getresp
    raise error_perm(resp)
ftplib.error_perm: 530 no such username

2025-12-03 22:41:18.602777: Błąd FTP: 530 no such username
Traceback (most recent call last):
  File "/home/runner/work/FS25LogsNew/FS25LogsNew/logs_analyzer.py", line 175, in download_logs
    ftp.login(FTP_USER, FTP_PASS)
  File "/opt/hostedtoolcache/Python/3.9.13/x64/lib/python3.9/ftplib.py", line 412, in login
    resp = self.sendcmd('USER ' + user)
  File "/opt/hostedtoolcache/Python/3.9.13/x64/lib/python3.9/ftplib.py", line 281, in sendcmd
    return self.getresp()
  File "/opt/hostedtoolcache/Python/3.9.13/x64/lib/python3.9/ftplib.py", line 254, in getresp
    raise error_perm(resp)
ftplib.error_perm: 530 no such username

2025-12-03 22:41:19.171889: Błąd FTP: 530 no such username
Traceback (most recent call last):
  File "/home/runner/work/FS25LogsNew/FS25LogsNew/logs_analyzer.py", line 175, in download_logs
    ftp.login(FTP_USER, FTP_PASS)
  File "/opt/hostedtoolcache/Python/3.9.13/x64/lib/python3.9/ftplib.py", line 412, in login
    resp = self.sendcmd('USER ' + user)
  File "/opt/hostedtoolcache/Python/3.9.13/x64/lib/python3.9/ftplib.py", line 281, in sendcmd
    return self.getresp()
  File "/opt/hostedtoolcache/Python/3.9.13/x64/lib/python3.9/ftplib.py", line 254, in getresp
    raise error_perm(resp)
ftplib.error_perm: 530 no such username

2025-12-03 22:41:19.723041: Błąd FTP: 530 no such username
Traceback (most recent call last):
  File "/home/runner/work/FS25LogsNew/FS25LogsNew/logs_analyzer.py", line 175, in download_logs
    ftp.login(FTP_USER, FTP_PASS)
  File "/opt/hostedtoolcache/Python/3.9.13/x64/lib/python3.9/ftplib.py", line 412, in login
    resp = self.sendcmd('USER ' + user)
  File "/opt/hostedtoolcache/Python/3.9.13/x64/lib/python3.9/ftplib.py", line 281, in sendcmd
    return self.getresp()
  File "/opt/hostedtoolcache/Python/3.9.13/x64/lib/python3.9/ftplib.py", line 254, in getresp
    raise error_perm(resp)
ftplib.error_perm: 530 no such username

2025-12-03 23:20:26.401338: Błąd FTP: 530 no such username
Traceback (most recent call last):
  File "/home/runner/work/FS25LogsNew/FS25LogsNew/logs_analyzer.py", line 175, in download_logs
    ftp.login(FTP_USER, FTP_PASS)
  File "/opt/hostedtoolcache/Python/3.9.13/x64/lib/python3.9/ftplib.py", line 412, in login
    resp = self.sendcmd('USER ' + user)
  File "/opt/hostedtoolcache/Python/3.9.13/x64/lib/python3.9/ftplib.py", line 281, in sendcmd
    return self.getresp()
  File "/opt/hostedtoolcache/Python/3.9.13/x64/lib/python3.9/ftplib.py", line 254, in getresp
    raise error_perm(resp)
ftplib.error_perm: 530 no such username

2025-12-03 23:20:27.024256: Błąd FTP: 530 no such username
Traceback (most recent call last):
  File "/home/runner/work/FS25LogsNew/FS25LogsNew/logs_analyzer.py", line 175, in download_logs
    ftp.login(FTP_USER, FTP_PASS)
  File "/opt/hostedtoolcache/Python/3.9.13/x64/lib/python3.9/ftplib.py", line 412, in login
    resp = self.sendcmd('USER ' + user)
  File "/opt/hostedtoolcache/Python/3.9.13/x64/lib/python3.9/ftplib.py", line 281, in sendcmd
    return self.getresp()
  File "/opt/hostedtoolcache/Python/3.9.13/x64/lib/python3.9/ftplib.py", line 254, in getresp
    raise error_perm(resp)
ftplib.error_perm: 530 no such username

2025-12-03 23:20:27.647996: Błąd FTP: 530 no such username
Traceback (most recent call last):
  File "/home/runner/work/FS25LogsNew/FS25LogsNew/logs_analyzer.py", line 175, in download_logs
    ftp.login(FTP_USER, FTP_PASS)
  File "/opt/hostedtoolcache/Python/3.9.13/x64/lib/python3.9/ftplib.py", line 412, in login
    resp = self.sendcmd('USER ' + user)
  File "/opt/hostedtoolcache/Python/3.9.13/x64/lib/python3.9/ftplib.py", line 281, in sendcmd
    return self.getresp()
  File "/opt/hostedtoolcache/Python/3.9.13/x64/lib/python3.9/ftplib.py", line 254, in getresp
    raise error_perm(resp)
ftplib.error_perm: 530 no such username

2025-12-03 23:35:38.155660: Błąd FTP: 530 no such username
Traceback (most recent call last):
  File "/home/runner/work/FS25LogsNew/FS25LogsNew/logs_analyzer.py", line 175, in download_logs
    ftp.login(FTP_USER, FTP_PASS)
  File "/opt/hostedtoolcache/Python/3.9.13/x64/lib/python3.9/ftplib.py", line 412, in login
    resp = self.sendcmd('USER ' + user)
  File "/opt/hostedtoolcache/Python/3.9.13/x64/lib/python3.9/ftplib.py", line 281, in sendcmd
    return self.getresp()
  File "/opt/hostedtoolcache/Python/3.9.13/x64/lib/python3.9/ftplib.py", line 254, in getresp
    raise error_perm(resp)
ftplib.error_perm: 530 no such username

2025-12-03 23:35:38.506963: Błąd FTP: 530 no such username
Traceback (most recent call last):
  File "/home/runner/work/FS25LogsNew/FS25LogsNew/logs_analyzer.py", line 175, in download_logs
    ftp.login(FTP_USER, FTP_PASS)
  File "/opt/hostedtoolcache/Python/3.9.13/x64/lib/python3.9/ftplib.py", line 412, in login
    resp = self.sendcmd('USER ' + user)
  File "/opt/hostedtoolcache/Python/3.9.13/x64/lib/python3.9/ftplib.py", line 281, in sendcmd
    return self.getresp()
  File "/opt/hostedtoolcache/Python/3.9.13/x64/lib/python3.9/ftplib.py", line 254, in getresp
    raise error_perm(resp)
ftplib.error_perm: 530 no such username

2025-12-03 23:35:38.869623: Błąd FTP: 530 no such username
Traceback (most recent call last):
  File "/home/runner/work/FS25LogsNew/FS25LogsNew/logs_analyzer.py", line 175, in download_logs
    ftp.login(FTP_USER, FTP_PASS)
  File "/opt/hostedtoolcache/Python/3.9.13/x64/lib/python3.9/ftplib.py", line 412, in login
    resp = self.sendcmd('USER ' + user)
  File "/opt/hostedtoolcache/Python/3.9.13/x64/lib/python3.9/ftplib.py", line 281, in sendcmd
    return self.getresp()
  File "/opt/hostedtoolcache/Python/3.9.13/x64/lib/python3.9/ftplib.py", line 254, in getresp
    raise error_perm(resp)
ftplib.error_perm: 530 no such username

2025-12-04 01:52:51.420679: Błąd FTP: 530 no such username
Traceback (most recent call last):
  File "/home/runner/work/FS25LogsNew/FS25LogsNew/logs_analyzer.py", line 175, in download_logs
    ftp.login(FTP_USER, FTP_PASS)
  File "/opt/hostedtoolcache/Python/3.9.13/x64/lib/python3.9/ftplib.py", line 412, in login
    resp = self.sendcmd('USER ' + user)
  File "/opt/hostedtoolcache/Python/3.9.13/x64/lib/python3.9/ftplib.py", line 281, in sendcmd
    return self.getresp()
  File "/opt/hostedtoolcache/Python/3.9.13/x64/lib/python3.9/ftplib.py", line 254, in getresp
    raise error_perm(resp)
ftplib.error_perm: 530 no such username

2025-12-04 01:52:51.961518: Błąd FTP: 530 no such username
Traceback (most recent call last):
  File "/home/runner/work/FS25LogsNew/FS25LogsNew/logs_analyzer.py", line 175, in download_logs
    ftp.login(FTP_USER, FTP_PASS)
  File "/opt/hostedtoolcache/Python/3.9.13/x64/lib/python3.9/ftplib.py", line 412, in login
    resp = self.sendcmd('USER ' + user)
  File "/opt/hostedtoolcache/Python/3.9.13/x64/lib/python3.9/ftplib.py", line 281, in sendcmd
    return self.getresp()
  File "/opt/hostedtoolcache/Python/3.9.13/x64/lib/python3.9/ftplib.py", line 254, in getresp
    raise error_perm(resp)
ftplib.error_perm: 530 no such username

2025-12-04 01:52:52.504395: Błąd FTP: 530 no such username
Traceback (most recent call last):
  File "/home/runner/work/FS25LogsNew/FS25LogsNew/logs_analyzer.py", line 175, in download_logs
    ftp.login(FTP_USER, FTP_PASS)
  File "/opt/hostedtoolcache/Python/3.9.13/x64/lib/python3.9/ftplib.py", line 412, in login
    resp = self.sendcmd('USER ' + user)
  File "/opt/hostedtoolcache/Python/3.9.13/x64/lib/python3.9/ftplib.py", line 281, in sendcmd
    return self.getresp()
  File "/opt/hostedtoolcache/Python/3.9.13/x64/lib/python3.9/ftplib.py", line 254, in getresp
    raise error_perm(resp)
ftplib.error_perm: 530 no such username

2025-12-04 02:22:28.813436: Błąd FTP: 530 no such username
Traceback (most recent call last):
  File "/home/runner/work/FS25LogsNew/FS25LogsNew/logs_analyzer.py", line 175, in download_logs
    ftp.login(FTP_USER, FTP_PASS)
  File "/opt/hostedtoolcache/Python/3.9.13/x64/lib/python3.9/ftplib.py", line 412, in login
    resp = self.sendcmd('USER ' + user)
  File "/opt/hostedtoolcache/Python/3.9.13/x64/lib/python3.9/ftplib.py", line 281, in sendcmd
    return self.getresp()
  File "/opt/hostedtoolcache/Python/3.9.13/x64/lib/python3.9/ftplib.py", line 254, in getresp
    raise error_perm(resp)
ftplib.error_perm: 530 no such username

2025-12-04 02:22:29.263498: Błąd FTP: 530 no such username
Traceback (most recent call last):
  File "/home/runner/work/FS25LogsNew/FS25LogsNew/logs_analyzer.py", line 175, in download_logs
    ftp.login(FTP_USER, FTP_PASS)
  File "/opt/hostedtoolcache/Python/3.9.13/x64/lib/python3.9/ftplib.py", line 412, in login
    resp = self.sendcmd('USER ' + user)
  File "/opt/hostedtoolcache/Python/3.9.13/x64/lib/python3.9/ftplib.py", line 281, in sendcmd
    return self.getresp()
  File "/opt/hostedtoolcache/Python/3.9.13/x64/lib/python3.9/ftplib.py", line 254, in getresp
    raise error_perm(resp)
ftplib.error_perm: 530 no such username

2025-12-04 02:22:29.741117: Błąd FTP: 530 no such username
Traceback (most recent call last):
  File "/home/runner/work/FS25LogsNew/FS25LogsNew/logs_analyzer.py", line 175, in download_logs
    ftp.login(FTP_USER, FTP_PASS)
  File "/opt/hostedtoolcache/Python/3.9.13/x64/lib/python3.9/ftplib.py", line 412, in login
    resp = self.sendcmd('USER ' + user)
  File "/opt/hostedtoolcache/Python/3.9.13/x64/lib/python3.9/ftplib.py", line 281, in sendcmd
    return self.getresp()
  File "/opt/hostedtoolcache/Python/3.9.13/x64/lib/python3.9/ftplib.py", line 254, in getresp
    raise error_perm(resp)
ftplib.error_perm: 530 no such username

2025-12-04 03:22:23.960381: Błąd FTP: 530 no such username
Traceback (most recent call last):
  File "/home/runner/work/FS25LogsNew/FS25LogsNew/logs_analyzer.py", line 175, in download_logs
    ftp.login(FTP_USER, FTP_PASS)
  File "/opt/hostedtoolcache/Python/3.9.13/x64/lib/python3.9/ftplib.py", line 412, in login
    resp = self.sendcmd('USER ' + user)
  File "/opt/hostedtoolcache/Python/3.9.13/x64/lib/python3.9/ftplib.py", line 281, in sendcmd
    return self.getresp()
  File "/opt/hostedtoolcache/Python/3.9.13/x64/lib/python3.9/ftplib.py", line 254, in getresp
    raise error_perm(resp)
ftplib.error_perm: 530 no such username

2025-12-04 03:22:24.579662: Błąd FTP: 530 no such username
Traceback (most recent call last):
  File "/home/runner/work/FS25LogsNew/FS25LogsNew/logs_analyzer.py", line 175, in download_logs
    ftp.login(FTP_USER, FTP_PASS)
  File "/opt/hostedtoolcache/Python/3.9.13/x64/lib/python3.9/ftplib.py", line 412, in login
    resp = self.sendcmd('USER ' + user)
  File "/opt/hostedtoolcache/Python/3.9.13/x64/lib/python3.9/ftplib.py", line 281, in sendcmd
    return self.getresp()
  File "/opt/hostedtoolcache/Python/3.9.13/x64/lib/python3.9/ftplib.py", line 254, in getresp
    raise error_perm(resp)
ftplib.error_perm: 530 no such username

2025-12-04 03:22:25.197818: Błąd FTP: 530 no such username
Traceback (most recent call last):
  File "/home/runner/work/FS25LogsNew/FS25LogsNew/logs_analyzer.py", line 175, in download_logs
    ftp.login(FTP_USER, FTP_PASS)
  File "/opt/hostedtoolcache/Python/3.9.13/x64/lib/python3.9/ftplib.py", line 412, in login
    resp = self.sendcmd('USER ' + user)
  File "/opt/hostedtoolcache/Python/3.9.13/x64/lib/python3.9/ftplib.py", line 281, in sendcmd
    return self.getresp()
  File "/opt/hostedtoolcache/Python/3.9.13/x64/lib/python3.9/ftplib.py", line 254, in getresp
    raise error_perm(resp)
ftplib.error_perm: 530 no such username

2025-12-04 03:39:09.779101: Błąd FTP: 530 no such username
Traceback (most recent call last):
  File "/home/runner/work/FS25LogsNew/FS25LogsNew/logs_analyzer.py", line 175, in download_logs
    ftp.login(FTP_USER, FTP_PASS)
  File "/opt/hostedtoolcache/Python/3.9.13/x64/lib/python3.9/ftplib.py", line 412, in login
    resp = self.sendcmd('USER ' + user)
  File "/opt/hostedtoolcache/Python/3.9.13/x64/lib/python3.9/ftplib.py", line 281, in sendcmd
    return self.getresp()
  File "/opt/hostedtoolcache/Python/3.9.13/x64/lib/python3.9/ftplib.py", line 254, in getresp
    raise error_perm(resp)
ftplib.error_perm: 530 no such username

2025-12-04 03:39:10.393377: Błąd FTP: 530 no such username
Traceback (most recent call last):
  File "/home/runner/work/FS25LogsNew/FS25LogsNew/logs_analyzer.py", line 175, in download_logs
    ftp.login(FTP_USER, FTP_PASS)
  File "/opt/hostedtoolcache/Python/3.9.13/x64/lib/python3.9/ftplib.py", line 412, in login
    resp = self.sendcmd('USER ' + user)
  File "/opt/hostedtoolcache/Python/3.9.13/x64/lib/python3.9/ftplib.py", line 281, in sendcmd
    return self.getresp()
  File "/opt/hostedtoolcache/Python/3.9.13/x64/lib/python3.9/ftplib.py", line 254, in getresp
    raise error_perm(resp)
ftplib.error_perm: 530 no such username

2025-12-04 03:39:11.009389: Błąd FTP: 530 no such username
Traceback (most recent call last):
  File "/home/runner/work/FS25LogsNew/FS25LogsNew/logs_analyzer.py", line 175, in download_logs
    ftp.login(FTP_USER, FTP_PASS)
  File "/opt/hostedtoolcache/Python/3.9.13/x64/lib/python3.9/ftplib.py", line 412, in login
    resp = self.sendcmd('USER ' + user)
  File "/opt/hostedtoolcache/Python/3.9.13/x64/lib/python3.9/ftplib.py", line 281, in sendcmd
    return self.getresp()
  File "/opt/hostedtoolcache/Python/3.9.13/x64/lib/python3.9/ftplib.py", line 254, in getresp
    raise error_perm(resp)
ftplib.error_perm: 530 no such username

2025-12-04 04:33:24.424777: Błąd FTP: 530 no such username
Traceback (most recent call last):
  File "/home/runner/work/FS25LogsNew/FS25LogsNew/logs_analyzer.py", line 175, in download_logs
    ftp.login(FTP_USER, FTP_PASS)
  File "/opt/hostedtoolcache/Python/3.9.13/x64/lib/python3.9/ftplib.py", line 412, in login
    resp = self.sendcmd('USER ' + user)
  File "/opt/hostedtoolcache/Python/3.9.13/x64/lib/python3.9/ftplib.py", line 281, in sendcmd
    return self.getresp()
  File "/opt/hostedtoolcache/Python/3.9.13/x64/lib/python3.9/ftplib.py", line 254, in getresp
    raise error_perm(resp)
ftplib.error_perm: 530 no such username

2025-12-04 04:33:24.784800: Błąd FTP: 530 no such username
Traceback (most recent call last):
  File "/home/runner/work/FS25LogsNew/FS25LogsNew/logs_analyzer.py", line 175, in download_logs
    ftp.login(FTP_USER, FTP_PASS)
  File "/opt/hostedtoolcache/Python/3.9.13/x64/lib/python3.9/ftplib.py", line 412, in login
    resp = self.sendcmd('USER ' + user)
  File "/opt/hostedtoolcache/Python/3.9.13/x64/lib/python3.9/ftplib.py", line 281, in sendcmd
    return self.getresp()
  File "/opt/hostedtoolcache/Python/3.9.13/x64/lib/python3.9/ftplib.py", line 254, in getresp
    raise error_perm(resp)
ftplib.error_perm: 530 no such username

2025-12-04 04:33:25.166823: Błąd FTP: 530 no such username
Traceback (most recent call last):
  File "/home/runner/work/FS25LogsNew/FS25LogsNew/logs_analyzer.py", line 175, in download_logs
    ftp.login(FTP_USER, FTP_PASS)
  File "/opt/hostedtoolcache/Python/3.9.13/x64/lib/python3.9/ftplib.py", line 412, in login
    resp = self.sendcmd('USER ' + user)
  File "/opt/hostedtoolcache/Python/3.9.13/x64/lib/python3.9/ftplib.py", line 281, in sendcmd
    return self.getresp()
  File "/opt/hostedtoolcache/Python/3.9.13/x64/lib/python3.9/ftplib.py", line 254, in getresp
    raise error_perm(resp)
ftplib.error_perm: 530 no such username

2025-12-04 04:47:56.755991: Błąd FTP: 530 no such username
Traceback (most recent call last):
  File "/home/runner/work/FS25LogsNew/FS25LogsNew/logs_analyzer.py", line 175, in download_logs
    ftp.login(FTP_USER, FTP_PASS)
  File "/opt/hostedtoolcache/Python/3.9.13/x64/lib/python3.9/ftplib.py", line 412, in login
    resp = self.sendcmd('USER ' + user)
  File "/opt/hostedtoolcache/Python/3.9.13/x64/lib/python3.9/ftplib.py", line 281, in sendcmd
    return self.getresp()
  File "/opt/hostedtoolcache/Python/3.9.13/x64/lib/python3.9/ftplib.py", line 254, in getresp
    raise error_perm(resp)
ftplib.error_perm: 530 no such username

2025-12-04 04:47:57.180628: Błąd FTP: 530 no such username
Traceback (most recent call last):
  File "/home/runner/work/FS25LogsNew/FS25LogsNew/logs_analyzer.py", line 175, in download_logs
    ftp.login(FTP_USER, FTP_PASS)
  File "/opt/hostedtoolcache/Python/3.9.13/x64/lib/python3.9/ftplib.py", line 412, in login
    resp = self.sendcmd('USER ' + user)
  File "/opt/hostedtoolcache/Python/3.9.13/x64/lib/python3.9/ftplib.py", line 281, in sendcmd
    return self.getresp()
  File "/opt/hostedtoolcache/Python/3.9.13/x64/lib/python3.9/ftplib.py", line 254, in getresp
    raise error_perm(resp)
ftplib.error_perm: 530 no such username

2025-12-04 04:47:57.620992: Błąd FTP: 530 no such username
Traceback (most recent call last):
  File "/home/runner/work/FS25LogsNew/FS25LogsNew/logs_analyzer.py", line 175, in download_logs
    ftp.login(FTP_USER, FTP_PASS)
  File "/opt/hostedtoolcache/Python/3.9.13/x64/lib/python3.9/ftplib.py", line 412, in login
    resp = self.sendcmd('USER ' + user)
  File "/opt/hostedtoolcache/Python/3.9.13/x64/lib/python3.9/ftplib.py", line 281, in sendcmd
    return self.getresp()
  File "/opt/hostedtoolcache/Python/3.9.13/x64/lib/python3.9/ftplib.py", line 254, in getresp
    raise error_perm(resp)
ftplib.error_perm: 530 no such username

2025-12-04 05:24:17.446487: Błąd FTP: 530 no such username
Traceback (most recent call last):
  File "/home/runner/work/FS25LogsNew/FS25LogsNew/logs_analyzer.py", line 175, in download_logs
    ftp.login(FTP_USER, FTP_PASS)
  File "/opt/hostedtoolcache/Python/3.9.13/x64/lib/python3.9/ftplib.py", line 412, in login
    resp = self.sendcmd('USER ' + user)
  File "/opt/hostedtoolcache/Python/3.9.13/x64/lib/python3.9/ftplib.py", line 281, in sendcmd
    return self.getresp()
  File "/opt/hostedtoolcache/Python/3.9.13/x64/lib/python3.9/ftplib.py", line 254, in getresp
    raise error_perm(resp)
ftplib.error_perm: 530 no such username

2025-12-04 05:24:18.115931: Błąd FTP: 530 no such username
Traceback (most recent call last):
  File "/home/runner/work/FS25LogsNew/FS25LogsNew/logs_analyzer.py", line 175, in download_logs
    ftp.login(FTP_USER, FTP_PASS)
  File "/opt/hostedtoolcache/Python/3.9.13/x64/lib/python3.9/ftplib.py", line 412, in login
    resp = self.sendcmd('USER ' + user)
  File "/opt/hostedtoolcache/Python/3.9.13/x64/lib/python3.9/ftplib.py", line 281, in sendcmd
    return self.getresp()
  File "/opt/hostedtoolcache/Python/3.9.13/x64/lib/python3.9/ftplib.py", line 254, in getresp
    raise error_perm(resp)
ftplib.error_perm: 530 no such username

2025-12-04 05:24:18.731642: Błąd FTP: 530 no such username
Traceback (most recent call last):
  File "/home/runner/work/FS25LogsNew/FS25LogsNew/logs_analyzer.py", line 175, in download_logs
    ftp.login(FTP_USER, FTP_PASS)
  File "/opt/hostedtoolcache/Python/3.9.13/x64/lib/python3.9/ftplib.py", line 412, in login
    resp = self.sendcmd('USER ' + user)
  File "/opt/hostedtoolcache/Python/3.9.13/x64/lib/python3.9/ftplib.py", line 281, in sendcmd
    return self.getresp()
  File "/opt/hostedtoolcache/Python/3.9.13/x64/lib/python3.9/ftplib.py", line 254, in getresp
    raise error_perm(resp)
ftplib.error_perm: 530 no such username

2025-12-04 05:41:22.847026: Błąd FTP: 530 no such username
Traceback (most recent call last):
  File "/home/runner/work/FS25LogsNew/FS25LogsNew/logs_analyzer.py", line 175, in download_logs
    ftp.login(FTP_USER, FTP_PASS)
  File "/opt/hostedtoolcache/Python/3.9.13/x64/lib/python3.9/ftplib.py", line 412, in login
    resp = self.sendcmd('USER ' + user)
  File "/opt/hostedtoolcache/Python/3.9.13/x64/lib/python3.9/ftplib.py", line 281, in sendcmd
    return self.getresp()
  File "/opt/hostedtoolcache/Python/3.9.13/x64/lib/python3.9/ftplib.py", line 254, in getresp
    raise error_perm(resp)
ftplib.error_perm: 530 no such username

2025-12-04 05:41:23.208681: Błąd FTP: 530 no such username
Traceback (most recent call last):
  File "/home/runner/work/FS25LogsNew/FS25LogsNew/logs_analyzer.py", line 175, in download_logs
    ftp.login(FTP_USER, FTP_PASS)
  File "/opt/hostedtoolcache/Python/3.9.13/x64/lib/python3.9/ftplib.py", line 412, in login
    resp = self.sendcmd('USER ' + user)
  File "/opt/hostedtoolcache/Python/3.9.13/x64/lib/python3.9/ftplib.py", line 281, in sendcmd
    return self.getresp()
  File "/opt/hostedtoolcache/Python/3.9.13/x64/lib/python3.9/ftplib.py", line 254, in getresp
    raise error_perm(resp)
ftplib.error_perm: 530 no such username

2025-12-04 05:41:23.569991: Błąd FTP: 530 no such username
Traceback (most recent call last):
  File "/home/runner/work/FS25LogsNew/FS25LogsNew/logs_analyzer.py", line 175, in download_logs
    ftp.login(FTP_USER, FTP_PASS)
  File "/opt/hostedtoolcache/Python/3.9.13/x64/lib/python3.9/ftplib.py", line 412, in login
    resp = self.sendcmd('USER ' + user)
  File "/opt/hostedtoolcache/Python/3.9.13/x64/lib/python3.9/ftplib.py", line 281, in sendcmd
    return self.getresp()
  File "/opt/hostedtoolcache/Python/3.9.13/x64/lib/python3.9/ftplib.py", line 254, in getresp
    raise error_perm(resp)
ftplib.error_perm: 530 no such username

2025-12-04 06:37:00.350066: Błąd FTP: 530 no such username
Traceback (most recent call last):
  File "/home/runner/work/FS25LogsNew/FS25LogsNew/logs_analyzer.py", line 175, in download_logs
    ftp.login(FTP_USER, FTP_PASS)
  File "/opt/hostedtoolcache/Python/3.9.13/x64/lib/python3.9/ftplib.py", line 412, in login
    resp = self.sendcmd('USER ' + user)
  File "/opt/hostedtoolcache/Python/3.9.13/x64/lib/python3.9/ftplib.py", line 281, in sendcmd
    return self.getresp()
  File "/opt/hostedtoolcache/Python/3.9.13/x64/lib/python3.9/ftplib.py", line 254, in getresp
    raise error_perm(resp)
ftplib.error_perm: 530 no such username

2025-12-04 06:37:00.770756: Błąd FTP: 530 no such username
Traceback (most recent call last):
  File "/home/runner/work/FS25LogsNew/FS25LogsNew/logs_analyzer.py", line 175, in download_logs
    ftp.login(FTP_USER, FTP_PASS)
  File "/opt/hostedtoolcache/Python/3.9.13/x64/lib/python3.9/ftplib.py", line 412, in login
    resp = self.sendcmd('USER ' + user)
  File "/opt/hostedtoolcache/Python/3.9.13/x64/lib/python3.9/ftplib.py", line 281, in sendcmd
    return self.getresp()
  File "/opt/hostedtoolcache/Python/3.9.13/x64/lib/python3.9/ftplib.py", line 254, in getresp
    raise error_perm(resp)
ftplib.error_perm: 530 no such username

2025-12-04 06:37:01.204364: Błąd FTP: 530 no such username
Traceback (most recent call last):
  File "/home/runner/work/FS25LogsNew/FS25LogsNew/logs_analyzer.py", line 175, in download_logs
    ftp.login(FTP_USER, FTP_PASS)
  File "/opt/hostedtoolcache/Python/3.9.13/x64/lib/python3.9/ftplib.py", line 412, in login
    resp = self.sendcmd('USER ' + user)
  File "/opt/hostedtoolcache/Python/3.9.13/x64/lib/python3.9/ftplib.py", line 281, in sendcmd
    return self.getresp()
  File "/opt/hostedtoolcache/Python/3.9.13/x64/lib/python3.9/ftplib.py", line 254, in getresp
    raise error_perm(resp)
ftplib.error_perm: 530 no such username

2025-12-04 06:51:35.463323: Błąd FTP: 530 no such username
Traceback (most recent call last):
  File "/home/runner/work/FS25LogsNew/FS25LogsNew/logs_analyzer.py", line 175, in download_logs
    ftp.login(FTP_USER, FTP_PASS)
  File "/opt/hostedtoolcache/Python/3.9.13/x64/lib/python3.9/ftplib.py", line 412, in login
    resp = self.sendcmd('USER ' + user)
  File "/opt/hostedtoolcache/Python/3.9.13/x64/lib/python3.9/ftplib.py", line 281, in sendcmd
    return self.getresp()
  File "/opt/hostedtoolcache/Python/3.9.13/x64/lib/python3.9/ftplib.py", line 254, in getresp
    raise error_perm(resp)
ftplib.error_perm: 530 no such username

2025-12-04 06:51:35.848229: Błąd FTP: 530 no such username
Traceback (most recent call last):
  File "/home/runner/work/FS25LogsNew/FS25LogsNew/logs_analyzer.py", line 175, in download_logs
    ftp.login(FTP_USER, FTP_PASS)
  File "/opt/hostedtoolcache/Python/3.9.13/x64/lib/python3.9/ftplib.py", line 412, in login
    resp = self.sendcmd('USER ' + user)
  File "/opt/hostedtoolcache/Python/3.9.13/x64/lib/python3.9/ftplib.py", line 281, in sendcmd
    return self.getresp()
  File "/opt/hostedtoolcache/Python/3.9.13/x64/lib/python3.9/ftplib.py", line 254, in getresp
    raise error_perm(resp)
ftplib.error_perm: 530 no such username

2025-12-04 06:51:36.209543: Błąd FTP: 530 no such username
Traceback (most recent call last):
  File "/home/runner/work/FS25LogsNew/FS25LogsNew/logs_analyzer.py", line 175, in download_logs
    ftp.login(FTP_USER, FTP_PASS)
  File "/opt/hostedtoolcache/Python/3.9.13/x64/lib/python3.9/ftplib.py", line 412, in login
    resp = self.sendcmd('USER ' + user)
  File "/opt/hostedtoolcache/Python/3.9.13/x64/lib/python3.9/ftplib.py", line 281, in sendcmd
    return self.getresp()
  File "/opt/hostedtoolcache/Python/3.9.13/x64/lib/python3.9/ftplib.py", line 254, in getresp
    raise error_perm(resp)
ftplib.error_perm: 530 no such username

2025-12-04 07:24:55.299246: Błąd FTP: 530 no such username
Traceback (most recent call last):
  File "/home/runner/work/FS25LogsNew/FS25LogsNew/logs_analyzer.py", line 175, in download_logs
    ftp.login(FTP_USER, FTP_PASS)
  File "/opt/hostedtoolcache/Python/3.9.13/x64/lib/python3.9/ftplib.py", line 412, in login
    resp = self.sendcmd('USER ' + user)
  File "/opt/hostedtoolcache/Python/3.9.13/x64/lib/python3.9/ftplib.py", line 281, in sendcmd
    return self.getresp()
  File "/opt/hostedtoolcache/Python/3.9.13/x64/lib/python3.9/ftplib.py", line 254, in getresp
    raise error_perm(resp)
ftplib.error_perm: 530 no such username

2025-12-04 07:24:55.921030: Błąd FTP: 530 no such username
Traceback (most recent call last):
  File "/home/runner/work/FS25LogsNew/FS25LogsNew/logs_analyzer.py", line 175, in download_logs
    ftp.login(FTP_USER, FTP_PASS)
  File "/opt/hostedtoolcache/Python/3.9.13/x64/lib/python3.9/ftplib.py", line 412, in login
    resp = self.sendcmd('USER ' + user)
  File "/opt/hostedtoolcache/Python/3.9.13/x64/lib/python3.9/ftplib.py", line 281, in sendcmd
    return self.getresp()
  File "/opt/hostedtoolcache/Python/3.9.13/x64/lib/python3.9/ftplib.py", line 254, in getresp
    raise error_perm(resp)
ftplib.error_perm: 530 no such username

2025-12-04 07:24:56.537639: Błąd FTP: 530 no such username
Traceback (most recent call last):
  File "/home/runner/work/FS25LogsNew/FS25LogsNew/logs_analyzer.py", line 175, in download_logs
    ftp.login(FTP_USER, FTP_PASS)
  File "/opt/hostedtoolcache/Python/3.9.13/x64/lib/python3.9/ftplib.py", line 412, in login
    resp = self.sendcmd('USER ' + user)
  File "/opt/hostedtoolcache/Python/3.9.13/x64/lib/python3.9/ftplib.py", line 281, in sendcmd
    return self.getresp()
  File "/opt/hostedtoolcache/Python/3.9.13/x64/lib/python3.9/ftplib.py", line 254, in getresp
    raise error_perm(resp)
ftplib.error_perm: 530 no such username

2025-12-04 07:39:02.088723: Błąd FTP: 530 no such username
Traceback (most recent call last):
  File "/home/runner/work/FS25LogsNew/FS25LogsNew/logs_analyzer.py", line 175, in download_logs
    ftp.login(FTP_USER, FTP_PASS)
  File "/opt/hostedtoolcache/Python/3.9.13/x64/lib/python3.9/ftplib.py", line 412, in login
    resp = self.sendcmd('USER ' + user)
  File "/opt/hostedtoolcache/Python/3.9.13/x64/lib/python3.9/ftplib.py", line 281, in sendcmd
    return self.getresp()
  File "/opt/hostedtoolcache/Python/3.9.13/x64/lib/python3.9/ftplib.py", line 254, in getresp
    raise error_perm(resp)
ftplib.error_perm: 530 no such username

2025-12-04 07:39:02.524006: Błąd FTP: 530 no such username
Traceback (most recent call last):
  File "/home/runner/work/FS25LogsNew/FS25LogsNew/logs_analyzer.py", line 175, in download_logs
    ftp.login(FTP_USER, FTP_PASS)
  File "/opt/hostedtoolcache/Python/3.9.13/x64/lib/python3.9/ftplib.py", line 412, in login
    resp = self.sendcmd('USER ' + user)
  File "/opt/hostedtoolcache/Python/3.9.13/x64/lib/python3.9/ftplib.py", line 281, in sendcmd
    return self.getresp()
  File "/opt/hostedtoolcache/Python/3.9.13/x64/lib/python3.9/ftplib.py", line 254, in getresp
    raise error_perm(resp)
ftplib.error_perm: 530 no such username

2025-12-04 07:39:02.958597: Błąd FTP: 530 no such username
Traceback (most recent call last):
  File "/home/runner/work/FS25LogsNew/FS25LogsNew/logs_analyzer.py", line 175, in download_logs
    ftp.login(FTP_USER, FTP_PASS)
  File "/opt/hostedtoolcache/Python/3.9.13/x64/lib/python3.9/ftplib.py", line 412, in login
    resp = self.sendcmd('USER ' + user)
  File "/opt/hostedtoolcache/Python/3.9.13/x64/lib/python3.9/ftplib.py", line 281, in sendcmd
    return self.getresp()
  File "/opt/hostedtoolcache/Python/3.9.13/x64/lib/python3.9/ftplib.py", line 254, in getresp
    raise error_perm(resp)
ftplib.error_perm: 530 no such username

2025-12-04 08:34:06.062891: Błąd FTP: 530 no such username
Traceback (most recent call last):
  File "/home/runner/work/FS25LogsNew/FS25LogsNew/logs_analyzer.py", line 175, in download_logs
    ftp.login(FTP_USER, FTP_PASS)
  File "/opt/hostedtoolcache/Python/3.9.13/x64/lib/python3.9/ftplib.py", line 412, in login
    resp = self.sendcmd('USER ' + user)
  File "/opt/hostedtoolcache/Python/3.9.13/x64/lib/python3.9/ftplib.py", line 281, in sendcmd
    return self.getresp()
  File "/opt/hostedtoolcache/Python/3.9.13/x64/lib/python3.9/ftplib.py", line 254, in getresp
    raise error_perm(resp)
ftplib.error_perm: 530 no such username

2025-12-04 08:34:06.604016: Błąd FTP: 530 no such username
Traceback (most recent call last):
  File "/home/runner/work/FS25LogsNew/FS25LogsNew/logs_analyzer.py", line 175, in download_logs
    ftp.login(FTP_USER, FTP_PASS)
  File "/opt/hostedtoolcache/Python/3.9.13/x64/lib/python3.9/ftplib.py", line 412, in login
    resp = self.sendcmd('USER ' + user)
  File "/opt/hostedtoolcache/Python/3.9.13/x64/lib/python3.9/ftplib.py", line 281, in sendcmd
    return self.getresp()
  File "/opt/hostedtoolcache/Python/3.9.13/x64/lib/python3.9/ftplib.py", line 254, in getresp
    raise error_perm(resp)
ftplib.error_perm: 530 no such username

2025-12-04 08:34:07.144138: Błąd FTP: 530 no such username
Traceback (most recent call last):
  File "/home/runner/work/FS25LogsNew/FS25LogsNew/logs_analyzer.py", line 175, in download_logs
    ftp.login(FTP_USER, FTP_PASS)
  File "/opt/hostedtoolcache/Python/3.9.13/x64/lib/python3.9/ftplib.py", line 412, in login
    resp = self.sendcmd('USER ' + user)
  File "/opt/hostedtoolcache/Python/3.9.13/x64/lib/python3.9/ftplib.py", line 281, in sendcmd
    return self.getresp()
  File "/opt/hostedtoolcache/Python/3.9.13/x64/lib/python3.9/ftplib.py", line 254, in getresp
    raise error_perm(resp)
ftplib.error_perm: 530 no such username

2025-12-04 08:48:42.146642: Błąd FTP: 530 no such username
Traceback (most recent call last):
  File "/home/runner/work/FS25LogsNew/FS25LogsNew/logs_analyzer.py", line 175, in download_logs
    ftp.login(FTP_USER, FTP_PASS)
  File "/opt/hostedtoolcache/Python/3.9.13/x64/lib/python3.9/ftplib.py", line 412, in login
    resp = self.sendcmd('USER ' + user)
  File "/opt/hostedtoolcache/Python/3.9.13/x64/lib/python3.9/ftplib.py", line 281, in sendcmd
    return self.getresp()
  File "/opt/hostedtoolcache/Python/3.9.13/x64/lib/python3.9/ftplib.py", line 254, in getresp
    raise error_perm(resp)
ftplib.error_perm: 530 no such username

2025-12-04 08:48:42.523917: Błąd FTP: 530 no such username
Traceback (most recent call last):
  File "/home/runner/work/FS25LogsNew/FS25LogsNew/logs_analyzer.py", line 175, in download_logs
    ftp.login(FTP_USER, FTP_PASS)
  File "/opt/hostedtoolcache/Python/3.9.13/x64/lib/python3.9/ftplib.py", line 412, in login
    resp = self.sendcmd('USER ' + user)
  File "/opt/hostedtoolcache/Python/3.9.13/x64/lib/python3.9/ftplib.py", line 281, in sendcmd
    return self.getresp()
  File "/opt/hostedtoolcache/Python/3.9.13/x64/lib/python3.9/ftplib.py", line 254, in getresp
    raise error_perm(resp)
ftplib.error_perm: 530 no such username

2025-12-04 08:48:42.886898: Błąd FTP: 530 no such username
Traceback (most recent call last):
  File "/home/runner/work/FS25LogsNew/FS25LogsNew/logs_analyzer.py", line 175, in download_logs
    ftp.login(FTP_USER, FTP_PASS)
  File "/opt/hostedtoolcache/Python/3.9.13/x64/lib/python3.9/ftplib.py", line 412, in login
    resp = self.sendcmd('USER ' + user)
  File "/opt/hostedtoolcache/Python/3.9.13/x64/lib/python3.9/ftplib.py", line 281, in sendcmd
    return self.getresp()
  File "/opt/hostedtoolcache/Python/3.9.13/x64/lib/python3.9/ftplib.py", line 254, in getresp
    raise error_perm(resp)
ftplib.error_perm: 530 no such username

2025-12-04 09:28:55.261043: Błąd FTP: 530 no such username
Traceback (most recent call last):
  File "/home/runner/work/FS25LogsNew/FS25LogsNew/logs_analyzer.py", line 175, in download_logs
    ftp.login(FTP_USER, FTP_PASS)
  File "/opt/hostedtoolcache/Python/3.9.13/x64/lib/python3.9/ftplib.py", line 412, in login
    resp = self.sendcmd('USER ' + user)
  File "/opt/hostedtoolcache/Python/3.9.13/x64/lib/python3.9/ftplib.py", line 281, in sendcmd
    return self.getresp()
  File "/opt/hostedtoolcache/Python/3.9.13/x64/lib/python3.9/ftplib.py", line 254, in getresp
    raise error_perm(resp)
ftplib.error_perm: 530 no such username

2025-12-04 09:28:55.813562: Błąd FTP: 530 no such username
Traceback (most recent call last):
  File "/home/runner/work/FS25LogsNew/FS25LogsNew/logs_analyzer.py", line 175, in download_logs
    ftp.login(FTP_USER, FTP_PASS)
  File "/opt/hostedtoolcache/Python/3.9.13/x64/lib/python3.9/ftplib.py", line 412, in login
    resp = self.sendcmd('USER ' + user)
  File "/opt/hostedtoolcache/Python/3.9.13/x64/lib/python3.9/ftplib.py", line 281, in sendcmd
    return self.getresp()
  File "/opt/hostedtoolcache/Python/3.9.13/x64/lib/python3.9/ftplib.py", line 254, in getresp
    raise error_perm(resp)
ftplib.error_perm: 530 no such username

2025-12-04 09:28:56.382829: Błąd FTP: 530 no such username
Traceback (most recent call last):
  File "/home/runner/work/FS25LogsNew/FS25LogsNew/logs_analyzer.py", line 175, in download_logs
    ftp.login(FTP_USER, FTP_PASS)
  File "/opt/hostedtoolcache/Python/3.9.13/x64/lib/python3.9/ftplib.py", line 412, in login
    resp = self.sendcmd('USER ' + user)
  File "/opt/hostedtoolcache/Python/3.9.13/x64/lib/python3.9/ftplib.py", line 281, in sendcmd
    return self.getresp()
  File "/opt/hostedtoolcache/Python/3.9.13/x64/lib/python3.9/ftplib.py", line 254, in getresp
    raise error_perm(resp)
ftplib.error_perm: 530 no such username

2025-12-04 09:42:59.495294: Błąd FTP: 530 no such username
Traceback (most recent call last):
  File "/home/runner/work/FS25LogsNew/FS25LogsNew/logs_analyzer.py", line 175, in download_logs
    ftp.login(FTP_USER, FTP_PASS)
  File "/opt/hostedtoolcache/Python/3.9.13/x64/lib/python3.9/ftplib.py", line 412, in login
    resp = self.sendcmd('USER ' + user)
  File "/opt/hostedtoolcache/Python/3.9.13/x64/lib/python3.9/ftplib.py", line 281, in sendcmd
    return self.getresp()
  File "/opt/hostedtoolcache/Python/3.9.13/x64/lib/python3.9/ftplib.py", line 254, in getresp
    raise error_perm(resp)
ftplib.error_perm: 530 no such username

2025-12-04 09:43:00.048593: Błąd FTP: 530 no such username
Traceback (most recent call last):
  File "/home/runner/work/FS25LogsNew/FS25LogsNew/logs_analyzer.py", line 175, in download_logs
    ftp.login(FTP_USER, FTP_PASS)
  File "/opt/hostedtoolcache/Python/3.9.13/x64/lib/python3.9/ftplib.py", line 412, in login
    resp = self.sendcmd('USER ' + user)
  File "/opt/hostedtoolcache/Python/3.9.13/x64/lib/python3.9/ftplib.py", line 281, in sendcmd
    return self.getresp()
  File "/opt/hostedtoolcache/Python/3.9.13/x64/lib/python3.9/ftplib.py", line 254, in getresp
    raise error_perm(resp)
ftplib.error_perm: 530 no such username

2025-12-04 09:43:00.618756: Błąd FTP: 530 no such username
Traceback (most recent call last):
  File "/home/runner/work/FS25LogsNew/FS25LogsNew/logs_analyzer.py", line 175, in download_logs
    ftp.login(FTP_USER, FTP_PASS)
  File "/opt/hostedtoolcache/Python/3.9.13/x64/lib/python3.9/ftplib.py", line 412, in login
    resp = self.sendcmd('USER ' + user)
  File "/opt/hostedtoolcache/Python/3.9.13/x64/lib/python3.9/ftplib.py", line 281, in sendcmd
    return self.getresp()
  File "/opt/hostedtoolcache/Python/3.9.13/x64/lib/python3.9/ftplib.py", line 254, in getresp
    raise error_perm(resp)
ftplib.error_perm: 530 no such username

2025-12-04 10:28:24.830482: Błąd FTP: 530 no such username
Traceback (most recent call last):
  File "/home/runner/work/FS25LogsNew/FS25LogsNew/logs_analyzer.py", line 175, in download_logs
    ftp.login(FTP_USER, FTP_PASS)
  File "/opt/hostedtoolcache/Python/3.9.13/x64/lib/python3.9/ftplib.py", line 412, in login
    resp = self.sendcmd('USER ' + user)
  File "/opt/hostedtoolcache/Python/3.9.13/x64/lib/python3.9/ftplib.py", line 281, in sendcmd
    return self.getresp()
  File "/opt/hostedtoolcache/Python/3.9.13/x64/lib/python3.9/ftplib.py", line 254, in getresp
    raise error_perm(resp)
ftplib.error_perm: 530 no such username

2025-12-04 10:28:25.448465: Błąd FTP: 530 no such username
Traceback (most recent call last):
  File "/home/runner/work/FS25LogsNew/FS25LogsNew/logs_analyzer.py", line 175, in download_logs
    ftp.login(FTP_USER, FTP_PASS)
  File "/opt/hostedtoolcache/Python/3.9.13/x64/lib/python3.9/ftplib.py", line 412, in login
    resp = self.sendcmd('USER ' + user)
  File "/opt/hostedtoolcache/Python/3.9.13/x64/lib/python3.9/ftplib.py", line 281, in sendcmd
    return self.getresp()
  File "/opt/hostedtoolcache/Python/3.9.13/x64/lib/python3.9/ftplib.py", line 254, in getresp
    raise error_perm(resp)
ftplib.error_perm: 530 no such username

2025-12-04 10:28:26.114466: Błąd FTP: 530 no such username
Traceback (most recent call last):
  File "/home/runner/work/FS25LogsNew/FS25LogsNew/logs_analyzer.py", line 175, in download_logs
    ftp.login(FTP_USER, FTP_PASS)
  File "/opt/hostedtoolcache/Python/3.9.13/x64/lib/python3.9/ftplib.py", line 412, in login
    resp = self.sendcmd('USER ' + user)
  File "/opt/hostedtoolcache/Python/3.9.13/x64/lib/python3.9/ftplib.py", line 281, in sendcmd
    return self.getresp()
  File "/opt/hostedtoolcache/Python/3.9.13/x64/lib/python3.9/ftplib.py", line 254, in getresp
    raise error_perm(resp)
ftplib.error_perm: 530 no such username

2025-12-04 10:45:43.536339: Błąd FTP: 530 no such username
Traceback (most recent call last):
  File "/home/runner/work/FS25LogsNew/FS25LogsNew/logs_analyzer.py", line 175, in download_logs
    ftp.login(FTP_USER, FTP_PASS)
  File "/opt/hostedtoolcache/Python/3.9.13/x64/lib/python3.9/ftplib.py", line 412, in login
    resp = self.sendcmd('USER ' + user)
  File "/opt/hostedtoolcache/Python/3.9.13/x64/lib/python3.9/ftplib.py", line 281, in sendcmd
    return self.getresp()
  File "/opt/hostedtoolcache/Python/3.9.13/x64/lib/python3.9/ftplib.py", line 254, in getresp
    raise error_perm(resp)
ftplib.error_perm: 530 no such username

2025-12-04 10:45:44.153193: Błąd FTP: 530 no such username
Traceback (most recent call last):
  File "/home/runner/work/FS25LogsNew/FS25LogsNew/logs_analyzer.py", line 175, in download_logs
    ftp.login(FTP_USER, FTP_PASS)
  File "/opt/hostedtoolcache/Python/3.9.13/x64/lib/python3.9/ftplib.py", line 412, in login
    resp = self.sendcmd('USER ' + user)
  File "/opt/hostedtoolcache/Python/3.9.13/x64/lib/python3.9/ftplib.py", line 281, in sendcmd
    return self.getresp()
  File "/opt/hostedtoolcache/Python/3.9.13/x64/lib/python3.9/ftplib.py", line 254, in getresp
    raise error_perm(resp)
ftplib.error_perm: 530 no such username

2025-12-04 10:45:44.785165: Błąd FTP: 530 no such username
Traceback (most recent call last):
  File "/home/runner/work/FS25LogsNew/FS25LogsNew/logs_analyzer.py", line 175, in download_logs
    ftp.login(FTP_USER, FTP_PASS)
  File "/opt/hostedtoolcache/Python/3.9.13/x64/lib/python3.9/ftplib.py", line 412, in login
    resp = self.sendcmd('USER ' + user)
  File "/opt/hostedtoolcache/Python/3.9.13/x64/lib/python3.9/ftplib.py", line 281, in sendcmd
    return self.getresp()
  File "/opt/hostedtoolcache/Python/3.9.13/x64/lib/python3.9/ftplib.py", line 254, in getresp
    raise error_perm(resp)
ftplib.error_perm: 530 no such username

2025-12-04 11:22:33.087498: Błąd FTP: 530 no such username
Traceback (most recent call last):
  File "/home/runner/work/FS25LogsNew/FS25LogsNew/logs_analyzer.py", line 175, in download_logs
    ftp.login(FTP_USER, FTP_PASS)
  File "/opt/hostedtoolcache/Python/3.9.13/x64/lib/python3.9/ftplib.py", line 412, in login
    resp = self.sendcmd('USER ' + user)
  File "/opt/hostedtoolcache/Python/3.9.13/x64/lib/python3.9/ftplib.py", line 281, in sendcmd
    return self.getresp()
  File "/opt/hostedtoolcache/Python/3.9.13/x64/lib/python3.9/ftplib.py", line 254, in getresp
    raise error_perm(resp)
ftplib.error_perm: 530 no such username

2025-12-04 11:22:33.507458: Błąd FTP: 530 no such username
Traceback (most recent call last):
  File "/home/runner/work/FS25LogsNew/FS25LogsNew/logs_analyzer.py", line 175, in download_logs
    ftp.login(FTP_USER, FTP_PASS)
  File "/opt/hostedtoolcache/Python/3.9.13/x64/lib/python3.9/ftplib.py", line 412, in login
    resp = self.sendcmd('USER ' + user)
  File "/opt/hostedtoolcache/Python/3.9.13/x64/lib/python3.9/ftplib.py", line 281, in sendcmd
    return self.getresp()
  File "/opt/hostedtoolcache/Python/3.9.13/x64/lib/python3.9/ftplib.py", line 254, in getresp
    raise error_perm(resp)
ftplib.error_perm: 530 no such username

2025-12-04 11:22:33.932381: Błąd FTP: 530 no such username
Traceback (most recent call last):
  File "/home/runner/work/FS25LogsNew/FS25LogsNew/logs_analyzer.py", line 175, in download_logs
    ftp.login(FTP_USER, FTP_PASS)
  File "/opt/hostedtoolcache/Python/3.9.13/x64/lib/python3.9/ftplib.py", line 412, in login
    resp = self.sendcmd('USER ' + user)
  File "/opt/hostedtoolcache/Python/3.9.13/x64/lib/python3.9/ftplib.py", line 281, in sendcmd
    return self.getresp()
  File "/opt/hostedtoolcache/Python/3.9.13/x64/lib/python3.9/ftplib.py", line 254, in getresp
    raise error_perm(resp)
ftplib.error_perm: 530 no such username

2025-12-04 11:37:29.426657: Błąd FTP: 530 no such username
Traceback (most recent call last):
  File "/home/runner/work/FS25LogsNew/FS25LogsNew/logs_analyzer.py", line 175, in download_logs
    ftp.login(FTP_USER, FTP_PASS)
  File "/opt/hostedtoolcache/Python/3.9.13/x64/lib/python3.9/ftplib.py", line 412, in login
    resp = self.sendcmd('USER ' + user)
  File "/opt/hostedtoolcache/Python/3.9.13/x64/lib/python3.9/ftplib.py", line 281, in sendcmd
    return self.getresp()
  File "/opt/hostedtoolcache/Python/3.9.13/x64/lib/python3.9/ftplib.py", line 254, in getresp
    raise error_perm(resp)
ftplib.error_perm: 530 no such username

2025-12-04 11:37:29.983588: Błąd FTP: 530 no such username
Traceback (most recent call last):
  File "/home/runner/work/FS25LogsNew/FS25LogsNew/logs_analyzer.py", line 175, in download_logs
    ftp.login(FTP_USER, FTP_PASS)
  File "/opt/hostedtoolcache/Python/3.9.13/x64/lib/python3.9/ftplib.py", line 412, in login
    resp = self.sendcmd('USER ' + user)
  File "/opt/hostedtoolcache/Python/3.9.13/x64/lib/python3.9/ftplib.py", line 281, in sendcmd
    return self.getresp()
  File "/opt/hostedtoolcache/Python/3.9.13/x64/lib/python3.9/ftplib.py", line 254, in getresp
    raise error_perm(resp)
ftplib.error_perm: 530 no such username

2025-12-04 11:37:30.524659: Błąd FTP: 530 no such username
Traceback (most recent call last):
  File "/home/runner/work/FS25LogsNew/FS25LogsNew/logs_analyzer.py", line 175, in download_logs
    ftp.login(FTP_USER, FTP_PASS)
  File "/opt/hostedtoolcache/Python/3.9.13/x64/lib/python3.9/ftplib.py", line 412, in login
    resp = self.sendcmd('USER ' + user)
  File "/opt/hostedtoolcache/Python/3.9.13/x64/lib/python3.9/ftplib.py", line 281, in sendcmd
    return self.getresp()
  File "/opt/hostedtoolcache/Python/3.9.13/x64/lib/python3.9/ftplib.py", line 254, in getresp
    raise error_perm(resp)
ftplib.error_perm: 530 no such username

2025-12-04 12:52:24.084455: Błąd FTP: 530 no such username
Traceback (most recent call last):
  File "/home/runner/work/FS25LogsNew/FS25LogsNew/logs_analyzer.py", line 175, in download_logs
    ftp.login(FTP_USER, FTP_PASS)
  File "/opt/hostedtoolcache/Python/3.9.13/x64/lib/python3.9/ftplib.py", line 412, in login
    resp = self.sendcmd('USER ' + user)
  File "/opt/hostedtoolcache/Python/3.9.13/x64/lib/python3.9/ftplib.py", line 281, in sendcmd
    return self.getresp()
  File "/opt/hostedtoolcache/Python/3.9.13/x64/lib/python3.9/ftplib.py", line 254, in getresp
    raise error_perm(resp)
ftplib.error_perm: 530 no such username

2025-12-04 12:52:24.460350: Błąd FTP: 530 no such username
Traceback (most recent call last):
  File "/home/runner/work/FS25LogsNew/FS25LogsNew/logs_analyzer.py", line 175, in download_logs
    ftp.login(FTP_USER, FTP_PASS)
  File "/opt/hostedtoolcache/Python/3.9.13/x64/lib/python3.9/ftplib.py", line 412, in login
    resp = self.sendcmd('USER ' + user)
  File "/opt/hostedtoolcache/Python/3.9.13/x64/lib/python3.9/ftplib.py", line 281, in sendcmd
    return self.getresp()
  File "/opt/hostedtoolcache/Python/3.9.13/x64/lib/python3.9/ftplib.py", line 254, in getresp
    raise error_perm(resp)
ftplib.error_perm: 530 no such username

2025-12-04 12:52:24.860867: Błąd FTP: 530 no such username
Traceback (most recent call last):
  File "/home/runner/work/FS25LogsNew/FS25LogsNew/logs_analyzer.py", line 175, in download_logs
    ftp.login(FTP_USER, FTP_PASS)
  File "/opt/hostedtoolcache/Python/3.9.13/x64/lib/python3.9/ftplib.py", line 412, in login
    resp = self.sendcmd('USER ' + user)
  File "/opt/hostedtoolcache/Python/3.9.13/x64/lib/python3.9/ftplib.py", line 281, in sendcmd
    return self.getresp()
  File "/opt/hostedtoolcache/Python/3.9.13/x64/lib/python3.9/ftplib.py", line 254, in getresp
    raise error_perm(resp)
ftplib.error_perm: 530 no such username

2025-12-04 13:09:41.798443: Błąd FTP: 530 no such username
Traceback (most recent call last):
  File "/home/runner/work/FS25LogsNew/FS25LogsNew/logs_analyzer.py", line 175, in download_logs
    ftp.login(FTP_USER, FTP_PASS)
  File "/opt/hostedtoolcache/Python/3.9.13/x64/lib/python3.9/ftplib.py", line 412, in login
    resp = self.sendcmd('USER ' + user)
  File "/opt/hostedtoolcache/Python/3.9.13/x64/lib/python3.9/ftplib.py", line 281, in sendcmd
    return self.getresp()
  File "/opt/hostedtoolcache/Python/3.9.13/x64/lib/python3.9/ftplib.py", line 254, in getresp
    raise error_perm(resp)
ftplib.error_perm: 530 no such username

2025-12-04 13:09:42.367745: Błąd FTP: 530 no such username
Traceback (most recent call last):
  File "/home/runner/work/FS25LogsNew/FS25LogsNew/logs_analyzer.py", line 175, in download_logs
    ftp.login(FTP_USER, FTP_PASS)
  File "/opt/hostedtoolcache/Python/3.9.13/x64/lib/python3.9/ftplib.py", line 412, in login
    resp = self.sendcmd('USER ' + user)
  File "/opt/hostedtoolcache/Python/3.9.13/x64/lib/python3.9/ftplib.py", line 281, in sendcmd
    return self.getresp()
  File "/opt/hostedtoolcache/Python/3.9.13/x64/lib/python3.9/ftplib.py", line 254, in getresp
    raise error_perm(resp)
ftplib.error_perm: 530 no such username

2025-12-04 13:09:42.922029: Błąd FTP: 530 no such username
Traceback (most recent call last):
  File "/home/runner/work/FS25LogsNew/FS25LogsNew/logs_analyzer.py", line 175, in download_logs
    ftp.login(FTP_USER, FTP_PASS)
  File "/opt/hostedtoolcache/Python/3.9.13/x64/lib/python3.9/ftplib.py", line 412, in login
    resp = self.sendcmd('USER ' + user)
  File "/opt/hostedtoolcache/Python/3.9.13/x64/lib/python3.9/ftplib.py", line 281, in sendcmd
    return self.getresp()
  File "/opt/hostedtoolcache/Python/3.9.13/x64/lib/python3.9/ftplib.py", line 254, in getresp
    raise error_perm(resp)
ftplib.error_perm: 530 no such username

2025-12-04 13:39:23.317022: Błąd FTP: 530 no such username
Traceback (most recent call last):
  File "/home/runner/work/FS25LogsNew/FS25LogsNew/logs_analyzer.py", line 175, in download_logs
    ftp.login(FTP_USER, FTP_PASS)
  File "/opt/hostedtoolcache/Python/3.9.13/x64/lib/python3.9/ftplib.py", line 412, in login
    resp = self.sendcmd('USER ' + user)
  File "/opt/hostedtoolcache/Python/3.9.13/x64/lib/python3.9/ftplib.py", line 281, in sendcmd
    return self.getresp()
  File "/opt/hostedtoolcache/Python/3.9.13/x64/lib/python3.9/ftplib.py", line 254, in getresp
    raise error_perm(resp)
ftplib.error_perm: 530 no such username

2025-12-04 13:39:23.742890: Błąd FTP: 530 no such username
Traceback (most recent call last):
  File "/home/runner/work/FS25LogsNew/FS25LogsNew/logs_analyzer.py", line 175, in download_logs
    ftp.login(FTP_USER, FTP_PASS)
  File "/opt/hostedtoolcache/Python/3.9.13/x64/lib/python3.9/ftplib.py", line 412, in login
    resp = self.sendcmd('USER ' + user)
  File "/opt/hostedtoolcache/Python/3.9.13/x64/lib/python3.9/ftplib.py", line 281, in sendcmd
    return self.getresp()
  File "/opt/hostedtoolcache/Python/3.9.13/x64/lib/python3.9/ftplib.py", line 254, in getresp
    raise error_perm(resp)
ftplib.error_perm: 530 no such username

2025-12-04 13:39:24.167791: Błąd FTP: 530 no such username
Traceback (most recent call last):
  File "/home/runner/work/FS25LogsNew/FS25LogsNew/logs_analyzer.py", line 175, in download_logs
    ftp.login(FTP_USER, FTP_PASS)
  File "/opt/hostedtoolcache/Python/3.9.13/x64/lib/python3.9/ftplib.py", line 412, in login
    resp = self.sendcmd('USER ' + user)
  File "/opt/hostedtoolcache/Python/3.9.13/x64/lib/python3.9/ftplib.py", line 281, in sendcmd
    return self.getresp()
  File "/opt/hostedtoolcache/Python/3.9.13/x64/lib/python3.9/ftplib.py", line 254, in getresp
    raise error_perm(resp)
ftplib.error_perm: 530 no such username

2025-12-04 13:52:31.320635: Błąd FTP: 530 no such username
Traceback (most recent call last):
  File "/home/runner/work/FS25LogsNew/FS25LogsNew/logs_analyzer.py", line 175, in download_logs
    ftp.login(FTP_USER, FTP_PASS)
  File "/opt/hostedtoolcache/Python/3.9.13/x64/lib/python3.9/ftplib.py", line 412, in login
    resp = self.sendcmd('USER ' + user)
  File "/opt/hostedtoolcache/Python/3.9.13/x64/lib/python3.9/ftplib.py", line 281, in sendcmd
    return self.getresp()
  File "/opt/hostedtoolcache/Python/3.9.13/x64/lib/python3.9/ftplib.py", line 254, in getresp
    raise error_perm(resp)
ftplib.error_perm: 530 no such username

2025-12-04 13:52:31.905603: Błąd FTP: 530 no such username
Traceback (most recent call last):
  File "/home/runner/work/FS25LogsNew/FS25LogsNew/logs_analyzer.py", line 175, in download_logs
    ftp.login(FTP_USER, FTP_PASS)
  File "/opt/hostedtoolcache/Python/3.9.13/x64/lib/python3.9/ftplib.py", line 412, in login
    resp = self.sendcmd('USER ' + user)
  File "/opt/hostedtoolcache/Python/3.9.13/x64/lib/python3.9/ftplib.py", line 281, in sendcmd
    return self.getresp()
  File "/opt/hostedtoolcache/Python/3.9.13/x64/lib/python3.9/ftplib.py", line 254, in getresp
    raise error_perm(resp)
ftplib.error_perm: 530 no such username

2025-12-04 13:52:32.480417: Błąd FTP: 530 no such username
Traceback (most recent call last):
  File "/home/runner/work/FS25LogsNew/FS25LogsNew/logs_analyzer.py", line 175, in download_logs
    ftp.login(FTP_USER, FTP_PASS)
  File "/opt/hostedtoolcache/Python/3.9.13/x64/lib/python3.9/ftplib.py", line 412, in login
    resp = self.sendcmd('USER ' + user)
  File "/opt/hostedtoolcache/Python/3.9.13/x64/lib/python3.9/ftplib.py", line 281, in sendcmd
    return self.getresp()
  File "/opt/hostedtoolcache/Python/3.9.13/x64/lib/python3.9/ftplib.py", line 254, in getresp
    raise error_perm(resp)
ftplib.error_perm: 530 no such username

2025-12-04 14:26:15.004569: Błąd FTP: 530 no such username
Traceback (most recent call last):
  File "/home/runner/work/FS25LogsNew/FS25LogsNew/logs_analyzer.py", line 175, in download_logs
    ftp.login(FTP_USER, FTP_PASS)
  File "/opt/hostedtoolcache/Python/3.9.13/x64/lib/python3.9/ftplib.py", line 412, in login
    resp = self.sendcmd('USER ' + user)
  File "/opt/hostedtoolcache/Python/3.9.13/x64/lib/python3.9/ftplib.py", line 281, in sendcmd
    return self.getresp()
  File "/opt/hostedtoolcache/Python/3.9.13/x64/lib/python3.9/ftplib.py", line 254, in getresp
    raise error_perm(resp)
ftplib.error_perm: 530 no such username

2025-12-04 14:26:15.545093: Błąd FTP: 530 no such username
Traceback (most recent call last):
  File "/home/runner/work/FS25LogsNew/FS25LogsNew/logs_analyzer.py", line 175, in download_logs
    ftp.login(FTP_USER, FTP_PASS)
  File "/opt/hostedtoolcache/Python/3.9.13/x64/lib/python3.9/ftplib.py", line 412, in login
    resp = self.sendcmd('USER ' + user)
  File "/opt/hostedtoolcache/Python/3.9.13/x64/lib/python3.9/ftplib.py", line 281, in sendcmd
    return self.getresp()
  File "/opt/hostedtoolcache/Python/3.9.13/x64/lib/python3.9/ftplib.py", line 254, in getresp
    raise error_perm(resp)
ftplib.error_perm: 530 no such username

2025-12-04 14:26:16.097320: Błąd FTP: 530 no such username
Traceback (most recent call last):
  File "/home/runner/work/FS25LogsNew/FS25LogsNew/logs_analyzer.py", line 175, in download_logs
    ftp.login(FTP_USER, FTP_PASS)
  File "/opt/hostedtoolcache/Python/3.9.13/x64/lib/python3.9/ftplib.py", line 412, in login
    resp = self.sendcmd('USER ' + user)
  File "/opt/hostedtoolcache/Python/3.9.13/x64/lib/python3.9/ftplib.py", line 281, in sendcmd
    return self.getresp()
  File "/opt/hostedtoolcache/Python/3.9.13/x64/lib/python3.9/ftplib.py", line 254, in getresp
    raise error_perm(resp)
ftplib.error_perm: 530 no such username

2025-12-04 14:45:09.555573: Błąd FTP: 530 no such username
Traceback (most recent call last):
  File "/home/runner/work/FS25LogsNew/FS25LogsNew/logs_analyzer.py", line 175, in download_logs
    ftp.login(FTP_USER, FTP_PASS)
  File "/opt/hostedtoolcache/Python/3.9.13/x64/lib/python3.9/ftplib.py", line 412, in login
    resp = self.sendcmd('USER ' + user)
  File "/opt/hostedtoolcache/Python/3.9.13/x64/lib/python3.9/ftplib.py", line 281, in sendcmd
    return self.getresp()
  File "/opt/hostedtoolcache/Python/3.9.13/x64/lib/python3.9/ftplib.py", line 254, in getresp
    raise error_perm(resp)
ftplib.error_perm: 530 no such username

2025-12-04 14:45:10.060039: Błąd FTP: 530 no such username
Traceback (most recent call last):
  File "/home/runner/work/FS25LogsNew/FS25LogsNew/logs_analyzer.py", line 175, in download_logs
    ftp.login(FTP_USER, FTP_PASS)
  File "/opt/hostedtoolcache/Python/3.9.13/x64/lib/python3.9/ftplib.py", line 412, in login
    resp = self.sendcmd('USER ' + user)
  File "/opt/hostedtoolcache/Python/3.9.13/x64/lib/python3.9/ftplib.py", line 281, in sendcmd
    return self.getresp()
  File "/opt/hostedtoolcache/Python/3.9.13/x64/lib/python3.9/ftplib.py", line 254, in getresp
    raise error_perm(resp)
ftplib.error_perm: 530 no such username

2025-12-04 14:45:10.536687: Błąd FTP: 530 no such username
Traceback (most recent call last):
  File "/home/runner/work/FS25LogsNew/FS25LogsNew/logs_analyzer.py", line 175, in download_logs
    ftp.login(FTP_USER, FTP_PASS)
  File "/opt/hostedtoolcache/Python/3.9.13/x64/lib/python3.9/ftplib.py", line 412, in login
    resp = self.sendcmd('USER ' + user)
  File "/opt/hostedtoolcache/Python/3.9.13/x64/lib/python3.9/ftplib.py", line 281, in sendcmd
    return self.getresp()
  File "/opt/hostedtoolcache/Python/3.9.13/x64/lib/python3.9/ftplib.py", line 254, in getresp
    raise error_perm(resp)
ftplib.error_perm: 530 no such username

2025-12-04 15:28:39.558511: Błąd FTP: 530 no such username
Traceback (most recent call last):
  File "/home/runner/work/FS25LogsNew/FS25LogsNew/logs_analyzer.py", line 175, in download_logs
    ftp.login(FTP_USER, FTP_PASS)
  File "/opt/hostedtoolcache/Python/3.9.13/x64/lib/python3.9/ftplib.py", line 412, in login
    resp = self.sendcmd('USER ' + user)
  File "/opt/hostedtoolcache/Python/3.9.13/x64/lib/python3.9/ftplib.py", line 281, in sendcmd
    return self.getresp()
  File "/opt/hostedtoolcache/Python/3.9.13/x64/lib/python3.9/ftplib.py", line 254, in getresp
    raise error_perm(resp)
ftplib.error_perm: 530 no such username

2025-12-04 15:28:40.192013: Błąd FTP: 530 no such username
Traceback (most recent call last):
  File "/home/runner/work/FS25LogsNew/FS25LogsNew/logs_analyzer.py", line 175, in download_logs
    ftp.login(FTP_USER, FTP_PASS)
  File "/opt/hostedtoolcache/Python/3.9.13/x64/lib/python3.9/ftplib.py", line 412, in login
    resp = self.sendcmd('USER ' + user)
  File "/opt/hostedtoolcache/Python/3.9.13/x64/lib/python3.9/ftplib.py", line 281, in sendcmd
    return self.getresp()
  File "/opt/hostedtoolcache/Python/3.9.13/x64/lib/python3.9/ftplib.py", line 254, in getresp
    raise error_perm(resp)
ftplib.error_perm: 530 no such username

2025-12-04 15:28:40.811754: Błąd FTP: 530 no such username
Traceback (most recent call last):
  File "/home/runner/work/FS25LogsNew/FS25LogsNew/logs_analyzer.py", line 175, in download_logs
    ftp.login(FTP_USER, FTP_PASS)
  File "/opt/hostedtoolcache/Python/3.9.13/x64/lib/python3.9/ftplib.py", line 412, in login
    resp = self.sendcmd('USER ' + user)
  File "/opt/hostedtoolcache/Python/3.9.13/x64/lib/python3.9/ftplib.py", line 281, in sendcmd
    return self.getresp()
  File "/opt/hostedtoolcache/Python/3.9.13/x64/lib/python3.9/ftplib.py", line 254, in getresp
    raise error_perm(resp)
ftplib.error_perm: 530 no such username

2025-12-04 15:43:33.431389: Błąd FTP: 530 no such username
Traceback (most recent call last):
  File "/home/runner/work/FS25LogsNew/FS25LogsNew/logs_analyzer.py", line 175, in download_logs
    ftp.login(FTP_USER, FTP_PASS)
  File "/opt/hostedtoolcache/Python/3.9.13/x64/lib/python3.9/ftplib.py", line 412, in login
    resp = self.sendcmd('USER ' + user)
  File "/opt/hostedtoolcache/Python/3.9.13/x64/lib/python3.9/ftplib.py", line 281, in sendcmd
    return self.getresp()
  File "/opt/hostedtoolcache/Python/3.9.13/x64/lib/python3.9/ftplib.py", line 254, in getresp
    raise error_perm(resp)
ftplib.error_perm: 530 no such username

2025-12-04 15:43:33.816846: Błąd FTP: 530 no such username
Traceback (most recent call last):
  File "/home/runner/work/FS25LogsNew/FS25LogsNew/logs_analyzer.py", line 175, in download_logs
    ftp.login(FTP_USER, FTP_PASS)
  File "/opt/hostedtoolcache/Python/3.9.13/x64/lib/python3.9/ftplib.py", line 412, in login
    resp = self.sendcmd('USER ' + user)
  File "/opt/hostedtoolcache/Python/3.9.13/x64/lib/python3.9/ftplib.py", line 281, in sendcmd
    return self.getresp()
  File "/opt/hostedtoolcache/Python/3.9.13/x64/lib/python3.9/ftplib.py", line 254, in getresp
    raise error_perm(resp)
ftplib.error_perm: 530 no such username

2025-12-04 15:43:34.207699: Błąd FTP: 530 no such username
Traceback (most recent call last):
  File "/home/runner/work/FS25LogsNew/FS25LogsNew/logs_analyzer.py", line 175, in download_logs
    ftp.login(FTP_USER, FTP_PASS)
  File "/opt/hostedtoolcache/Python/3.9.13/x64/lib/python3.9/ftplib.py", line 412, in login
    resp = self.sendcmd('USER ' + user)
  File "/opt/hostedtoolcache/Python/3.9.13/x64/lib/python3.9/ftplib.py", line 281, in sendcmd
    return self.getresp()
  File "/opt/hostedtoolcache/Python/3.9.13/x64/lib/python3.9/ftplib.py", line 254, in getresp
    raise error_perm(resp)
ftplib.error_perm: 530 no such username

2025-12-04 16:34:52.240777: Błąd FTP: 530 no such username
Traceback (most recent call last):
  File "/home/runner/work/FS25LogsNew/FS25LogsNew/logs_analyzer.py", line 175, in download_logs
    ftp.login(FTP_USER, FTP_PASS)
  File "/opt/hostedtoolcache/Python/3.9.13/x64/lib/python3.9/ftplib.py", line 412, in login
    resp = self.sendcmd('USER ' + user)
  File "/opt/hostedtoolcache/Python/3.9.13/x64/lib/python3.9/ftplib.py", line 281, in sendcmd
    return self.getresp()
  File "/opt/hostedtoolcache/Python/3.9.13/x64/lib/python3.9/ftplib.py", line 254, in getresp
    raise error_perm(resp)
ftplib.error_perm: 530 no such username

2025-12-04 16:34:52.663666: Błąd FTP: 530 no such username
Traceback (most recent call last):
  File "/home/runner/work/FS25LogsNew/FS25LogsNew/logs_analyzer.py", line 175, in download_logs
    ftp.login(FTP_USER, FTP_PASS)
  File "/opt/hostedtoolcache/Python/3.9.13/x64/lib/python3.9/ftplib.py", line 412, in login
    resp = self.sendcmd('USER ' + user)
  File "/opt/hostedtoolcache/Python/3.9.13/x64/lib/python3.9/ftplib.py", line 281, in sendcmd
    return self.getresp()
  File "/opt/hostedtoolcache/Python/3.9.13/x64/lib/python3.9/ftplib.py", line 254, in getresp
    raise error_perm(resp)
ftplib.error_perm: 530 no such username

2025-12-04 16:34:53.088748: Błąd FTP: 530 no such username
Traceback (most recent call last):
  File "/home/runner/work/FS25LogsNew/FS25LogsNew/logs_analyzer.py", line 175, in download_logs
    ftp.login(FTP_USER, FTP_PASS)
  File "/opt/hostedtoolcache/Python/3.9.13/x64/lib/python3.9/ftplib.py", line 412, in login
    resp = self.sendcmd('USER ' + user)
  File "/opt/hostedtoolcache/Python/3.9.13/x64/lib/python3.9/ftplib.py", line 281, in sendcmd
    return self.getresp()
  File "/opt/hostedtoolcache/Python/3.9.13/x64/lib/python3.9/ftplib.py", line 254, in getresp
    raise error_perm(resp)
ftplib.error_perm: 530 no such username

2025-12-04 16:50:44.439585: Błąd FTP: 530 no such username
Traceback (most recent call last):
  File "/home/runner/work/FS25LogsNew/FS25LogsNew/logs_analyzer.py", line 175, in download_logs
    ftp.login(FTP_USER, FTP_PASS)
  File "/opt/hostedtoolcache/Python/3.9.13/x64/lib/python3.9/ftplib.py", line 412, in login
    resp = self.sendcmd('USER ' + user)
  File "/opt/hostedtoolcache/Python/3.9.13/x64/lib/python3.9/ftplib.py", line 281, in sendcmd
    return self.getresp()
  File "/opt/hostedtoolcache/Python/3.9.13/x64/lib/python3.9/ftplib.py", line 254, in getresp
    raise error_perm(resp)
ftplib.error_perm: 530 no such username

2025-12-04 16:50:44.801414: Błąd FTP: 530 no such username
Traceback (most recent call last):
  File "/home/runner/work/FS25LogsNew/FS25LogsNew/logs_analyzer.py", line 175, in download_logs
    ftp.login(FTP_USER, FTP_PASS)
  File "/opt/hostedtoolcache/Python/3.9.13/x64/lib/python3.9/ftplib.py", line 412, in login
    resp = self.sendcmd('USER ' + user)
  File "/opt/hostedtoolcache/Python/3.9.13/x64/lib/python3.9/ftplib.py", line 281, in sendcmd
    return self.getresp()
  File "/opt/hostedtoolcache/Python/3.9.13/x64/lib/python3.9/ftplib.py", line 254, in getresp
    raise error_perm(resp)
ftplib.error_perm: 530 no such username

2025-12-04 16:50:45.188703: Błąd FTP: 530 no such username
Traceback (most recent call last):
  File "/home/runner/work/FS25LogsNew/FS25LogsNew/logs_analyzer.py", line 175, in download_logs
    ftp.login(FTP_USER, FTP_PASS)
  File "/opt/hostedtoolcache/Python/3.9.13/x64/lib/python3.9/ftplib.py", line 412, in login
    resp = self.sendcmd('USER ' + user)
  File "/opt/hostedtoolcache/Python/3.9.13/x64/lib/python3.9/ftplib.py", line 281, in sendcmd
    return self.getresp()
  File "/opt/hostedtoolcache/Python/3.9.13/x64/lib/python3.9/ftplib.py", line 254, in getresp
    raise error_perm(resp)
ftplib.error_perm: 530 no such username

2025-12-04 17:25:28.047993: Błąd FTP: 530 no such username
Traceback (most recent call last):
  File "/home/runner/work/FS25LogsNew/FS25LogsNew/logs_analyzer.py", line 175, in download_logs
    ftp.login(FTP_USER, FTP_PASS)
  File "/opt/hostedtoolcache/Python/3.9.13/x64/lib/python3.9/ftplib.py", line 412, in login
    resp = self.sendcmd('USER ' + user)
  File "/opt/hostedtoolcache/Python/3.9.13/x64/lib/python3.9/ftplib.py", line 281, in sendcmd
    return self.getresp()
  File "/opt/hostedtoolcache/Python/3.9.13/x64/lib/python3.9/ftplib.py", line 254, in getresp
    raise error_perm(resp)
ftplib.error_perm: 530 no such username

2025-12-04 17:25:28.424320: Błąd FTP: 530 no such username
Traceback (most recent call last):
  File "/home/runner/work/FS25LogsNew/FS25LogsNew/logs_analyzer.py", line 175, in download_logs
    ftp.login(FTP_USER, FTP_PASS)
  File "/opt/hostedtoolcache/Python/3.9.13/x64/lib/python3.9/ftplib.py", line 412, in login
    resp = self.sendcmd('USER ' + user)
  File "/opt/hostedtoolcache/Python/3.9.13/x64/lib/python3.9/ftplib.py", line 281, in sendcmd
    return self.getresp()
  File "/opt/hostedtoolcache/Python/3.9.13/x64/lib/python3.9/ftplib.py", line 254, in getresp
    raise error_perm(resp)
ftplib.error_perm: 530 no such username

2025-12-04 17:25:28.783353: Błąd FTP: 530 no such username
Traceback (most recent call last):
  File "/home/runner/work/FS25LogsNew/FS25LogsNew/logs_analyzer.py", line 175, in download_logs
    ftp.login(FTP_USER, FTP_PASS)
  File "/opt/hostedtoolcache/Python/3.9.13/x64/lib/python3.9/ftplib.py", line 412, in login
    resp = self.sendcmd('USER ' + user)
  File "/opt/hostedtoolcache/Python/3.9.13/x64/lib/python3.9/ftplib.py", line 281, in sendcmd
    return self.getresp()
  File "/opt/hostedtoolcache/Python/3.9.13/x64/lib/python3.9/ftplib.py", line 254, in getresp
    raise error_perm(resp)
ftplib.error_perm: 530 no such username

2025-12-04 17:43:25.904280: Błąd FTP: 530 no such username
Traceback (most recent call last):
  File "/home/runner/work/FS25LogsNew/FS25LogsNew/logs_analyzer.py", line 175, in download_logs
    ftp.login(FTP_USER, FTP_PASS)
  File "/opt/hostedtoolcache/Python/3.9.13/x64/lib/python3.9/ftplib.py", line 412, in login
    resp = self.sendcmd('USER ' + user)
  File "/opt/hostedtoolcache/Python/3.9.13/x64/lib/python3.9/ftplib.py", line 281, in sendcmd
    return self.getresp()
  File "/opt/hostedtoolcache/Python/3.9.13/x64/lib/python3.9/ftplib.py", line 254, in getresp
    raise error_perm(resp)
ftplib.error_perm: 530 no such username

2025-12-04 17:43:26.304097: Błąd FTP: 530 no such username
Traceback (most recent call last):
  File "/home/runner/work/FS25LogsNew/FS25LogsNew/logs_analyzer.py", line 175, in download_logs
    ftp.login(FTP_USER, FTP_PASS)
  File "/opt/hostedtoolcache/Python/3.9.13/x64/lib/python3.9/ftplib.py", line 412, in login
    resp = self.sendcmd('USER ' + user)
  File "/opt/hostedtoolcache/Python/3.9.13/x64/lib/python3.9/ftplib.py", line 281, in sendcmd
    return self.getresp()
  File "/opt/hostedtoolcache/Python/3.9.13/x64/lib/python3.9/ftplib.py", line 254, in getresp
    raise error_perm(resp)
ftplib.error_perm: 530 no such username

2025-12-04 17:43:26.697810: Błąd FTP: 530 no such username
Traceback (most recent call last):
  File "/home/runner/work/FS25LogsNew/FS25LogsNew/logs_analyzer.py", line 175, in download_logs
    ftp.login(FTP_USER, FTP_PASS)
  File "/opt/hostedtoolcache/Python/3.9.13/x64/lib/python3.9/ftplib.py", line 412, in login
    resp = self.sendcmd('USER ' + user)
  File "/opt/hostedtoolcache/Python/3.9.13/x64/lib/python3.9/ftplib.py", line 281, in sendcmd
    return self.getresp()
  File "/opt/hostedtoolcache/Python/3.9.13/x64/lib/python3.9/ftplib.py", line 254, in getresp
    raise error_perm(resp)
ftplib.error_perm: 530 no such username

2025-12-04 18:37:47.797100: Błąd FTP: 530 no such username
Traceback (most recent call last):
  File "/home/runner/work/FS25LogsNew/FS25LogsNew/logs_analyzer.py", line 175, in download_logs
    ftp.login(FTP_USER, FTP_PASS)
  File "/opt/hostedtoolcache/Python/3.9.13/x64/lib/python3.9/ftplib.py", line 412, in login
    resp = self.sendcmd('USER ' + user)
  File "/opt/hostedtoolcache/Python/3.9.13/x64/lib/python3.9/ftplib.py", line 281, in sendcmd
    return self.getresp()
  File "/opt/hostedtoolcache/Python/3.9.13/x64/lib/python3.9/ftplib.py", line 254, in getresp
    raise error_perm(resp)
ftplib.error_perm: 530 no such username

2025-12-04 18:37:48.489715: Błąd FTP: 530 no such username
Traceback (most recent call last):
  File "/home/runner/work/FS25LogsNew/FS25LogsNew/logs_analyzer.py", line 175, in download_logs
    ftp.login(FTP_USER, FTP_PASS)
  File "/opt/hostedtoolcache/Python/3.9.13/x64/lib/python3.9/ftplib.py", line 412, in login
    resp = self.sendcmd('USER ' + user)
  File "/opt/hostedtoolcache/Python/3.9.13/x64/lib/python3.9/ftplib.py", line 281, in sendcmd
    return self.getresp()
  File "/opt/hostedtoolcache/Python/3.9.13/x64/lib/python3.9/ftplib.py", line 254, in getresp
    raise error_perm(resp)
ftplib.error_perm: 530 no such username

2025-12-04 18:37:49.107700: Błąd FTP: 530 no such username
Traceback (most recent call last):
  File "/home/runner/work/FS25LogsNew/FS25LogsNew/logs_analyzer.py", line 175, in download_logs
    ftp.login(FTP_USER, FTP_PASS)
  File "/opt/hostedtoolcache/Python/3.9.13/x64/lib/python3.9/ftplib.py", line 412, in login
    resp = self.sendcmd('USER ' + user)
  File "/opt/hostedtoolcache/Python/3.9.13/x64/lib/python3.9/ftplib.py", line 281, in sendcmd
    return self.getresp()
  File "/opt/hostedtoolcache/Python/3.9.13/x64/lib/python3.9/ftplib.py", line 254, in getresp
    raise error_perm(resp)
ftplib.error_perm: 530 no such username

2025-12-04 18:52:26.247454: Błąd FTP: 530 no such username
Traceback (most recent call last):
  File "/home/runner/work/FS25LogsNew/FS25LogsNew/logs_analyzer.py", line 175, in download_logs
    ftp.login(FTP_USER, FTP_PASS)
  File "/opt/hostedtoolcache/Python/3.9.13/x64/lib/python3.9/ftplib.py", line 412, in login
    resp = self.sendcmd('USER ' + user)
  File "/opt/hostedtoolcache/Python/3.9.13/x64/lib/python3.9/ftplib.py", line 281, in sendcmd
    return self.getresp()
  File "/opt/hostedtoolcache/Python/3.9.13/x64/lib/python3.9/ftplib.py", line 254, in getresp
    raise error_perm(resp)
ftplib.error_perm: 530 no such username

2025-12-04 18:52:26.608034: Błąd FTP: 530 no such username
Traceback (most recent call last):
  File "/home/runner/work/FS25LogsNew/FS25LogsNew/logs_analyzer.py", line 175, in download_logs
    ftp.login(FTP_USER, FTP_PASS)
  File "/opt/hostedtoolcache/Python/3.9.13/x64/lib/python3.9/ftplib.py", line 412, in login
    resp = self.sendcmd('USER ' + user)
  File "/opt/hostedtoolcache/Python/3.9.13/x64/lib/python3.9/ftplib.py", line 281, in sendcmd
    return self.getresp()
  File "/opt/hostedtoolcache/Python/3.9.13/x64/lib/python3.9/ftplib.py", line 254, in getresp
    raise error_perm(resp)
ftplib.error_perm: 530 no such username

2025-12-04 18:52:26.967606: Błąd FTP: 530 no such username
Traceback (most recent call last):
  File "/home/runner/work/FS25LogsNew/FS25LogsNew/logs_analyzer.py", line 175, in download_logs
    ftp.login(FTP_USER, FTP_PASS)
  File "/opt/hostedtoolcache/Python/3.9.13/x64/lib/python3.9/ftplib.py", line 412, in login
    resp = self.sendcmd('USER ' + user)
  File "/opt/hostedtoolcache/Python/3.9.13/x64/lib/python3.9/ftplib.py", line 281, in sendcmd
    return self.getresp()
  File "/opt/hostedtoolcache/Python/3.9.13/x64/lib/python3.9/ftplib.py", line 254, in getresp
    raise error_perm(resp)
ftplib.error_perm: 530 no such username

2025-12-04 19:21:04.404395: Błąd FTP: 530 no such username
Traceback (most recent call last):
  File "/home/runner/work/FS25LogsNew/FS25LogsNew/logs_analyzer.py", line 175, in download_logs
    ftp.login(FTP_USER, FTP_PASS)
  File "/opt/hostedtoolcache/Python/3.9.13/x64/lib/python3.9/ftplib.py", line 412, in login
    resp = self.sendcmd('USER ' + user)
  File "/opt/hostedtoolcache/Python/3.9.13/x64/lib/python3.9/ftplib.py", line 281, in sendcmd
    return self.getresp()
  File "/opt/hostedtoolcache/Python/3.9.13/x64/lib/python3.9/ftplib.py", line 254, in getresp
    raise error_perm(resp)
ftplib.error_perm: 530 no such username

2025-12-04 19:21:04.973615: Błąd FTP: 530 no such username
Traceback (most recent call last):
  File "/home/runner/work/FS25LogsNew/FS25LogsNew/logs_analyzer.py", line 175, in download_logs
    ftp.login(FTP_USER, FTP_PASS)
  File "/opt/hostedtoolcache/Python/3.9.13/x64/lib/python3.9/ftplib.py", line 412, in login
    resp = self.sendcmd('USER ' + user)
  File "/opt/hostedtoolcache/Python/3.9.13/x64/lib/python3.9/ftplib.py", line 281, in sendcmd
    return self.getresp()
  File "/opt/hostedtoolcache/Python/3.9.13/x64/lib/python3.9/ftplib.py", line 254, in getresp
    raise error_perm(resp)
ftplib.error_perm: 530 no such username

2025-12-04 19:21:05.541047: Błąd FTP: 530 no such username
Traceback (most recent call last):
  File "/home/runner/work/FS25LogsNew/FS25LogsNew/logs_analyzer.py", line 175, in download_logs
    ftp.login(FTP_USER, FTP_PASS)
  File "/opt/hostedtoolcache/Python/3.9.13/x64/lib/python3.9/ftplib.py", line 412, in login
    resp = self.sendcmd('USER ' + user)
  File "/opt/hostedtoolcache/Python/3.9.13/x64/lib/python3.9/ftplib.py", line 281, in sendcmd
    return self.getresp()
  File "/opt/hostedtoolcache/Python/3.9.13/x64/lib/python3.9/ftplib.py", line 254, in getresp
    raise error_perm(resp)
ftplib.error_perm: 530 no such username

2025-12-04 19:36:55.056142: Błąd FTP: 530 no such username
Traceback (most recent call last):
  File "/home/runner/work/FS25LogsNew/FS25LogsNew/logs_analyzer.py", line 175, in download_logs
    ftp.login(FTP_USER, FTP_PASS)
  File "/opt/hostedtoolcache/Python/3.9.13/x64/lib/python3.9/ftplib.py", line 412, in login
    resp = self.sendcmd('USER ' + user)
  File "/opt/hostedtoolcache/Python/3.9.13/x64/lib/python3.9/ftplib.py", line 281, in sendcmd
    return self.getresp()
  File "/opt/hostedtoolcache/Python/3.9.13/x64/lib/python3.9/ftplib.py", line 254, in getresp
    raise error_perm(resp)
ftplib.error_perm: 530 no such username

2025-12-04 19:36:55.676070: Błąd FTP: 530 no such username
Traceback (most recent call last):
  File "/home/runner/work/FS25LogsNew/FS25LogsNew/logs_analyzer.py", line 175, in download_logs
    ftp.login(FTP_USER, FTP_PASS)
  File "/opt/hostedtoolcache/Python/3.9.13/x64/lib/python3.9/ftplib.py", line 412, in login
    resp = self.sendcmd('USER ' + user)
  File "/opt/hostedtoolcache/Python/3.9.13/x64/lib/python3.9/ftplib.py", line 281, in sendcmd
    return self.getresp()
  File "/opt/hostedtoolcache/Python/3.9.13/x64/lib/python3.9/ftplib.py", line 254, in getresp
    raise error_perm(resp)
ftplib.error_perm: 530 no such username

2025-12-04 19:36:56.294545: Błąd FTP: 530 no such username
Traceback (most recent call last):
  File "/home/runner/work/FS25LogsNew/FS25LogsNew/logs_analyzer.py", line 175, in download_logs
    ftp.login(FTP_USER, FTP_PASS)
  File "/opt/hostedtoolcache/Python/3.9.13/x64/lib/python3.9/ftplib.py", line 412, in login
    resp = self.sendcmd('USER ' + user)
  File "/opt/hostedtoolcache/Python/3.9.13/x64/lib/python3.9/ftplib.py", line 281, in sendcmd
    return self.getresp()
  File "/opt/hostedtoolcache/Python/3.9.13/x64/lib/python3.9/ftplib.py", line 254, in getresp
    raise error_perm(resp)
ftplib.error_perm: 530 no such username

2025-12-04 20:28:05.937342: Błąd FTP: 530 no such username
Traceback (most recent call last):
  File "/home/runner/work/FS25LogsNew/FS25LogsNew/logs_analyzer.py", line 175, in download_logs
    ftp.login(FTP_USER, FTP_PASS)
  File "/opt/hostedtoolcache/Python/3.9.13/x64/lib/python3.9/ftplib.py", line 412, in login
    resp = self.sendcmd('USER ' + user)
  File "/opt/hostedtoolcache/Python/3.9.13/x64/lib/python3.9/ftplib.py", line 281, in sendcmd
    return self.getresp()
  File "/opt/hostedtoolcache/Python/3.9.13/x64/lib/python3.9/ftplib.py", line 254, in getresp
    raise error_perm(resp)
ftplib.error_perm: 530 no such username

2025-12-04 20:28:06.375186: Błąd FTP: 530 no such username
Traceback (most recent call last):
  File "/home/runner/work/FS25LogsNew/FS25LogsNew/logs_analyzer.py", line 175, in download_logs
    ftp.login(FTP_USER, FTP_PASS)
  File "/opt/hostedtoolcache/Python/3.9.13/x64/lib/python3.9/ftplib.py", line 412, in login
    resp = self.sendcmd('USER ' + user)
  File "/opt/hostedtoolcache/Python/3.9.13/x64/lib/python3.9/ftplib.py", line 281, in sendcmd
    return self.getresp()
  File "/opt/hostedtoolcache/Python/3.9.13/x64/lib/python3.9/ftplib.py", line 254, in getresp
    raise error_perm(resp)
ftplib.error_perm: 530 no such username

2025-12-04 20:28:06.797489: Błąd FTP: 530 no such username
Traceback (most recent call last):
  File "/home/runner/work/FS25LogsNew/FS25LogsNew/logs_analyzer.py", line 175, in download_logs
    ftp.login(FTP_USER, FTP_PASS)
  File "/opt/hostedtoolcache/Python/3.9.13/x64/lib/python3.9/ftplib.py", line 412, in login
    resp = self.sendcmd('USER ' + user)
  File "/opt/hostedtoolcache/Python/3.9.13/x64/lib/python3.9/ftplib.py", line 281, in sendcmd
    return self.getresp()
  File "/opt/hostedtoolcache/Python/3.9.13/x64/lib/python3.9/ftplib.py", line 254, in getresp
    raise error_perm(resp)
ftplib.error_perm: 530 no such username

2025-12-04 20:42:58.190702: Błąd FTP: 530 no such username
Traceback (most recent call last):
  File "/home/runner/work/FS25LogsNew/FS25LogsNew/logs_analyzer.py", line 175, in download_logs
    ftp.login(FTP_USER, FTP_PASS)
  File "/opt/hostedtoolcache/Python/3.9.13/x64/lib/python3.9/ftplib.py", line 412, in login
    resp = self.sendcmd('USER ' + user)
  File "/opt/hostedtoolcache/Python/3.9.13/x64/lib/python3.9/ftplib.py", line 281, in sendcmd
    return self.getresp()
  File "/opt/hostedtoolcache/Python/3.9.13/x64/lib/python3.9/ftplib.py", line 254, in getresp
    raise error_perm(resp)
ftplib.error_perm: 530 no such username

2025-12-04 20:42:58.733888: Błąd FTP: 530 no such username
Traceback (most recent call last):
  File "/home/runner/work/FS25LogsNew/FS25LogsNew/logs_analyzer.py", line 175, in download_logs
    ftp.login(FTP_USER, FTP_PASS)
  File "/opt/hostedtoolcache/Python/3.9.13/x64/lib/python3.9/ftplib.py", line 412, in login
    resp = self.sendcmd('USER ' + user)
  File "/opt/hostedtoolcache/Python/3.9.13/x64/lib/python3.9/ftplib.py", line 281, in sendcmd
    return self.getresp()
  File "/opt/hostedtoolcache/Python/3.9.13/x64/lib/python3.9/ftplib.py", line 254, in getresp
    raise error_perm(resp)
ftplib.error_perm: 530 no such username

2025-12-04 20:42:59.272849: Błąd FTP: 530 no such username
Traceback (most recent call last):
  File "/home/runner/work/FS25LogsNew/FS25LogsNew/logs_analyzer.py", line 175, in download_logs
    ftp.login(FTP_USER, FTP_PASS)
  File "/opt/hostedtoolcache/Python/3.9.13/x64/lib/python3.9/ftplib.py", line 412, in login
    resp = self.sendcmd('USER ' + user)
  File "/opt/hostedtoolcache/Python/3.9.13/x64/lib/python3.9/ftplib.py", line 281, in sendcmd
    return self.getresp()
  File "/opt/hostedtoolcache/Python/3.9.13/x64/lib/python3.9/ftplib.py", line 254, in getresp
    raise error_perm(resp)
ftplib.error_perm: 530 no such username

2025-12-04 21:23:20.319843: Błąd FTP: 530 no such username
Traceback (most recent call last):
  File "/home/runner/work/FS25LogsNew/FS25LogsNew/logs_analyzer.py", line 175, in download_logs
    ftp.login(FTP_USER, FTP_PASS)
  File "/opt/hostedtoolcache/Python/3.9.13/x64/lib/python3.9/ftplib.py", line 412, in login
    resp = self.sendcmd('USER ' + user)
  File "/opt/hostedtoolcache/Python/3.9.13/x64/lib/python3.9/ftplib.py", line 281, in sendcmd
    return self.getresp()
  File "/opt/hostedtoolcache/Python/3.9.13/x64/lib/python3.9/ftplib.py", line 254, in getresp
    raise error_perm(resp)
ftplib.error_perm: 530 no such username

2025-12-04 21:23:20.755535: Błąd FTP: 530 no such username
Traceback (most recent call last):
  File "/home/runner/work/FS25LogsNew/FS25LogsNew/logs_analyzer.py", line 175, in download_logs
    ftp.login(FTP_USER, FTP_PASS)
  File "/opt/hostedtoolcache/Python/3.9.13/x64/lib/python3.9/ftplib.py", line 412, in login
    resp = self.sendcmd('USER ' + user)
  File "/opt/hostedtoolcache/Python/3.9.13/x64/lib/python3.9/ftplib.py", line 281, in sendcmd
    return self.getresp()
  File "/opt/hostedtoolcache/Python/3.9.13/x64/lib/python3.9/ftplib.py", line 254, in getresp
    raise error_perm(resp)
ftplib.error_perm: 530 no such username

2025-12-04 21:23:21.194359: Błąd FTP: 530 no such username
Traceback (most recent call last):
  File "/home/runner/work/FS25LogsNew/FS25LogsNew/logs_analyzer.py", line 175, in download_logs
    ftp.login(FTP_USER, FTP_PASS)
  File "/opt/hostedtoolcache/Python/3.9.13/x64/lib/python3.9/ftplib.py", line 412, in login
    resp = self.sendcmd('USER ' + user)
  File "/opt/hostedtoolcache/Python/3.9.13/x64/lib/python3.9/ftplib.py", line 281, in sendcmd
    return self.getresp()
  File "/opt/hostedtoolcache/Python/3.9.13/x64/lib/python3.9/ftplib.py", line 254, in getresp
    raise error_perm(resp)
ftplib.error_perm: 530 no such username

2025-12-04 21:38:33.020967: Błąd FTP: 530 no such username
Traceback (most recent call last):
  File "/home/runner/work/FS25LogsNew/FS25LogsNew/logs_analyzer.py", line 175, in download_logs
    ftp.login(FTP_USER, FTP_PASS)
  File "/opt/hostedtoolcache/Python/3.9.13/x64/lib/python3.9/ftplib.py", line 412, in login
    resp = self.sendcmd('USER ' + user)
  File "/opt/hostedtoolcache/Python/3.9.13/x64/lib/python3.9/ftplib.py", line 281, in sendcmd
    return self.getresp()
  File "/opt/hostedtoolcache/Python/3.9.13/x64/lib/python3.9/ftplib.py", line 254, in getresp
    raise error_perm(resp)
ftplib.error_perm: 530 no such username

2025-12-04 21:38:33.456706: Błąd FTP: 530 no such username
Traceback (most recent call last):
  File "/home/runner/work/FS25LogsNew/FS25LogsNew/logs_analyzer.py", line 175, in download_logs
    ftp.login(FTP_USER, FTP_PASS)
  File "/opt/hostedtoolcache/Python/3.9.13/x64/lib/python3.9/ftplib.py", line 412, in login
    resp = self.sendcmd('USER ' + user)
  File "/opt/hostedtoolcache/Python/3.9.13/x64/lib/python3.9/ftplib.py", line 281, in sendcmd
    return self.getresp()
  File "/opt/hostedtoolcache/Python/3.9.13/x64/lib/python3.9/ftplib.py", line 254, in getresp
    raise error_perm(resp)
ftplib.error_perm: 530 no such username

2025-12-04 21:38:33.879440: Błąd FTP: 530 no such username
Traceback (most recent call last):
  File "/home/runner/work/FS25LogsNew/FS25LogsNew/logs_analyzer.py", line 175, in download_logs
    ftp.login(FTP_USER, FTP_PASS)
  File "/opt/hostedtoolcache/Python/3.9.13/x64/lib/python3.9/ftplib.py", line 412, in login
    resp = self.sendcmd('USER ' + user)
  File "/opt/hostedtoolcache/Python/3.9.13/x64/lib/python3.9/ftplib.py", line 281, in sendcmd
    return self.getresp()
  File "/opt/hostedtoolcache/Python/3.9.13/x64/lib/python3.9/ftplib.py", line 254, in getresp
    raise error_perm(resp)
ftplib.error_perm: 530 no such username

2025-12-04 22:21:17.367219: Błąd FTP: 530 no such username
Traceback (most recent call last):
  File "/home/runner/work/FS25LogsNew/FS25LogsNew/logs_analyzer.py", line 175, in download_logs
    ftp.login(FTP_USER, FTP_PASS)
  File "/opt/hostedtoolcache/Python/3.9.13/x64/lib/python3.9/ftplib.py", line 412, in login
    resp = self.sendcmd('USER ' + user)
  File "/opt/hostedtoolcache/Python/3.9.13/x64/lib/python3.9/ftplib.py", line 281, in sendcmd
    return self.getresp()
  File "/opt/hostedtoolcache/Python/3.9.13/x64/lib/python3.9/ftplib.py", line 254, in getresp
    raise error_perm(resp)
ftplib.error_perm: 530 no such username

2025-12-04 22:21:17.729500: Błąd FTP: 530 no such username
Traceback (most recent call last):
  File "/home/runner/work/FS25LogsNew/FS25LogsNew/logs_analyzer.py", line 175, in download_logs
    ftp.login(FTP_USER, FTP_PASS)
  File "/opt/hostedtoolcache/Python/3.9.13/x64/lib/python3.9/ftplib.py", line 412, in login
    resp = self.sendcmd('USER ' + user)
  File "/opt/hostedtoolcache/Python/3.9.13/x64/lib/python3.9/ftplib.py", line 281, in sendcmd
    return self.getresp()
  File "/opt/hostedtoolcache/Python/3.9.13/x64/lib/python3.9/ftplib.py", line 254, in getresp
    raise error_perm(resp)
ftplib.error_perm: 530 no such username

2025-12-04 22:21:18.113466: Błąd FTP: 530 no such username
Traceback (most recent call last):
  File "/home/runner/work/FS25LogsNew/FS25LogsNew/logs_analyzer.py", line 175, in download_logs
    ftp.login(FTP_USER, FTP_PASS)
  File "/opt/hostedtoolcache/Python/3.9.13/x64/lib/python3.9/ftplib.py", line 412, in login
    resp = self.sendcmd('USER ' + user)
  File "/opt/hostedtoolcache/Python/3.9.13/x64/lib/python3.9/ftplib.py", line 281, in sendcmd
    return self.getresp()
  File "/opt/hostedtoolcache/Python/3.9.13/x64/lib/python3.9/ftplib.py", line 254, in getresp
    raise error_perm(resp)
ftplib.error_perm: 530 no such username

2025-12-04 22:39:33.011483: Błąd FTP: 530 no such username
Traceback (most recent call last):
  File "/home/runner/work/FS25LogsNew/FS25LogsNew/logs_analyzer.py", line 175, in download_logs
    ftp.login(FTP_USER, FTP_PASS)
  File "/opt/hostedtoolcache/Python/3.9.13/x64/lib/python3.9/ftplib.py", line 412, in login
    resp = self.sendcmd('USER ' + user)
  File "/opt/hostedtoolcache/Python/3.9.13/x64/lib/python3.9/ftplib.py", line 281, in sendcmd
    return self.getresp()
  File "/opt/hostedtoolcache/Python/3.9.13/x64/lib/python3.9/ftplib.py", line 254, in getresp
    raise error_perm(resp)
ftplib.error_perm: 530 no such username

2025-12-04 22:39:33.447833: Błąd FTP: 530 no such username
Traceback (most recent call last):
  File "/home/runner/work/FS25LogsNew/FS25LogsNew/logs_analyzer.py", line 175, in download_logs
    ftp.login(FTP_USER, FTP_PASS)
  File "/opt/hostedtoolcache/Python/3.9.13/x64/lib/python3.9/ftplib.py", line 412, in login
    resp = self.sendcmd('USER ' + user)
  File "/opt/hostedtoolcache/Python/3.9.13/x64/lib/python3.9/ftplib.py", line 281, in sendcmd
    return self.getresp()
  File "/opt/hostedtoolcache/Python/3.9.13/x64/lib/python3.9/ftplib.py", line 254, in getresp
    raise error_perm(resp)
ftplib.error_perm: 530 no such username

2025-12-04 22:39:33.881604: Błąd FTP: 530 no such username
Traceback (most recent call last):
  File "/home/runner/work/FS25LogsNew/FS25LogsNew/logs_analyzer.py", line 175, in download_logs
    ftp.login(FTP_USER, FTP_PASS)
  File "/opt/hostedtoolcache/Python/3.9.13/x64/lib/python3.9/ftplib.py", line 412, in login
    resp = self.sendcmd('USER ' + user)
  File "/opt/hostedtoolcache/Python/3.9.13/x64/lib/python3.9/ftplib.py", line 281, in sendcmd
    return self.getresp()
  File "/opt/hostedtoolcache/Python/3.9.13/x64/lib/python3.9/ftplib.py", line 254, in getresp
    raise error_perm(resp)
ftplib.error_perm: 530 no such username

2025-12-04 23:22:59.622771: Błąd FTP: 530 no such username
Traceback (most recent call last):
  File "/home/runner/work/FS25LogsNew/FS25LogsNew/logs_analyzer.py", line 175, in download_logs
    ftp.login(FTP_USER, FTP_PASS)
  File "/opt/hostedtoolcache/Python/3.9.13/x64/lib/python3.9/ftplib.py", line 412, in login
    resp = self.sendcmd('USER ' + user)
  File "/opt/hostedtoolcache/Python/3.9.13/x64/lib/python3.9/ftplib.py", line 281, in sendcmd
    return self.getresp()
  File "/opt/hostedtoolcache/Python/3.9.13/x64/lib/python3.9/ftplib.py", line 254, in getresp
    raise error_perm(resp)
ftplib.error_perm: 530 no such username

2025-12-04 23:23:00.044050: Błąd FTP: 530 no such username
Traceback (most recent call last):
  File "/home/runner/work/FS25LogsNew/FS25LogsNew/logs_analyzer.py", line 175, in download_logs
    ftp.login(FTP_USER, FTP_PASS)
  File "/opt/hostedtoolcache/Python/3.9.13/x64/lib/python3.9/ftplib.py", line 412, in login
    resp = self.sendcmd('USER ' + user)
  File "/opt/hostedtoolcache/Python/3.9.13/x64/lib/python3.9/ftplib.py", line 281, in sendcmd
    return self.getresp()
  File "/opt/hostedtoolcache/Python/3.9.13/x64/lib/python3.9/ftplib.py", line 254, in getresp
    raise error_perm(resp)
ftplib.error_perm: 530 no such username

2025-12-04 23:23:00.469705: Błąd FTP: 530 no such username
Traceback (most recent call last):
  File "/home/runner/work/FS25LogsNew/FS25LogsNew/logs_analyzer.py", line 175, in download_logs
    ftp.login(FTP_USER, FTP_PASS)
  File "/opt/hostedtoolcache/Python/3.9.13/x64/lib/python3.9/ftplib.py", line 412, in login
    resp = self.sendcmd('USER ' + user)
  File "/opt/hostedtoolcache/Python/3.9.13/x64/lib/python3.9/ftplib.py", line 281, in sendcmd
    return self.getresp()
  File "/opt/hostedtoolcache/Python/3.9.13/x64/lib/python3.9/ftplib.py", line 254, in getresp
    raise error_perm(resp)
ftplib.error_perm: 530 no such username

2025-12-04 23:37:25.695164: Błąd FTP: 530 no such username
Traceback (most recent call last):
  File "/home/runner/work/FS25LogsNew/FS25LogsNew/logs_analyzer.py", line 175, in download_logs
    ftp.login(FTP_USER, FTP_PASS)
  File "/opt/hostedtoolcache/Python/3.9.13/x64/lib/python3.9/ftplib.py", line 412, in login
    resp = self.sendcmd('USER ' + user)
  File "/opt/hostedtoolcache/Python/3.9.13/x64/lib/python3.9/ftplib.py", line 281, in sendcmd
    return self.getresp()
  File "/opt/hostedtoolcache/Python/3.9.13/x64/lib/python3.9/ftplib.py", line 254, in getresp
    raise error_perm(resp)
ftplib.error_perm: 530 no such username

2025-12-04 23:37:26.238360: Błąd FTP: 530 no such username
Traceback (most recent call last):
  File "/home/runner/work/FS25LogsNew/FS25LogsNew/logs_analyzer.py", line 175, in download_logs
    ftp.login(FTP_USER, FTP_PASS)
  File "/opt/hostedtoolcache/Python/3.9.13/x64/lib/python3.9/ftplib.py", line 412, in login
    resp = self.sendcmd('USER ' + user)
  File "/opt/hostedtoolcache/Python/3.9.13/x64/lib/python3.9/ftplib.py", line 281, in sendcmd
    return self.getresp()
  File "/opt/hostedtoolcache/Python/3.9.13/x64/lib/python3.9/ftplib.py", line 254, in getresp
    raise error_perm(resp)
ftplib.error_perm: 530 no such username

2025-12-04 23:37:26.778102: Błąd FTP: 530 no such username
Traceback (most recent call last):
  File "/home/runner/work/FS25LogsNew/FS25LogsNew/logs_analyzer.py", line 175, in download_logs
    ftp.login(FTP_USER, FTP_PASS)
  File "/opt/hostedtoolcache/Python/3.9.13/x64/lib/python3.9/ftplib.py", line 412, in login
    resp = self.sendcmd('USER ' + user)
  File "/opt/hostedtoolcache/Python/3.9.13/x64/lib/python3.9/ftplib.py", line 281, in sendcmd
    return self.getresp()
  File "/opt/hostedtoolcache/Python/3.9.13/x64/lib/python3.9/ftplib.py", line 254, in getresp
    raise error_perm(resp)
ftplib.error_perm: 530 no such username

2025-12-05 01:53:04.424977: Błąd FTP: 530 no such username
Traceback (most recent call last):
  File "/home/runner/work/FS25LogsNew/FS25LogsNew/logs_analyzer.py", line 175, in download_logs
    ftp.login(FTP_USER, FTP_PASS)
  File "/opt/hostedtoolcache/Python/3.9.13/x64/lib/python3.9/ftplib.py", line 412, in login
    resp = self.sendcmd('USER ' + user)
  File "/opt/hostedtoolcache/Python/3.9.13/x64/lib/python3.9/ftplib.py", line 281, in sendcmd
    return self.getresp()
  File "/opt/hostedtoolcache/Python/3.9.13/x64/lib/python3.9/ftplib.py", line 254, in getresp
    raise error_perm(resp)
ftplib.error_perm: 530 no such username

2025-12-05 01:53:05.042093: Błąd FTP: 530 no such username
Traceback (most recent call last):
  File "/home/runner/work/FS25LogsNew/FS25LogsNew/logs_analyzer.py", line 175, in download_logs
    ftp.login(FTP_USER, FTP_PASS)
  File "/opt/hostedtoolcache/Python/3.9.13/x64/lib/python3.9/ftplib.py", line 412, in login
    resp = self.sendcmd('USER ' + user)
  File "/opt/hostedtoolcache/Python/3.9.13/x64/lib/python3.9/ftplib.py", line 281, in sendcmd
    return self.getresp()
  File "/opt/hostedtoolcache/Python/3.9.13/x64/lib/python3.9/ftplib.py", line 254, in getresp
    raise error_perm(resp)
ftplib.error_perm: 530 no such username

2025-12-05 01:53:05.658583: Błąd FTP: 530 no such username
Traceback (most recent call last):
  File "/home/runner/work/FS25LogsNew/FS25LogsNew/logs_analyzer.py", line 175, in download_logs
    ftp.login(FTP_USER, FTP_PASS)
  File "/opt/hostedtoolcache/Python/3.9.13/x64/lib/python3.9/ftplib.py", line 412, in login
    resp = self.sendcmd('USER ' + user)
  File "/opt/hostedtoolcache/Python/3.9.13/x64/lib/python3.9/ftplib.py", line 281, in sendcmd
    return self.getresp()
  File "/opt/hostedtoolcache/Python/3.9.13/x64/lib/python3.9/ftplib.py", line 254, in getresp
    raise error_perm(resp)
ftplib.error_perm: 530 no such username

2025-12-05 02:22:23.769494: Błąd FTP: 530 no such username
Traceback (most recent call last):
  File "/home/runner/work/FS25LogsNew/FS25LogsNew/logs_analyzer.py", line 175, in download_logs
    ftp.login(FTP_USER, FTP_PASS)
  File "/opt/hostedtoolcache/Python/3.9.13/x64/lib/python3.9/ftplib.py", line 412, in login
    resp = self.sendcmd('USER ' + user)
  File "/opt/hostedtoolcache/Python/3.9.13/x64/lib/python3.9/ftplib.py", line 281, in sendcmd
    return self.getresp()
  File "/opt/hostedtoolcache/Python/3.9.13/x64/lib/python3.9/ftplib.py", line 254, in getresp
    raise error_perm(resp)
ftplib.error_perm: 530 no such username

2025-12-05 02:22:24.383476: Błąd FTP: 530 no such username
Traceback (most recent call last):
  File "/home/runner/work/FS25LogsNew/FS25LogsNew/logs_analyzer.py", line 175, in download_logs
    ftp.login(FTP_USER, FTP_PASS)
  File "/opt/hostedtoolcache/Python/3.9.13/x64/lib/python3.9/ftplib.py", line 412, in login
    resp = self.sendcmd('USER ' + user)
  File "/opt/hostedtoolcache/Python/3.9.13/x64/lib/python3.9/ftplib.py", line 281, in sendcmd
    return self.getresp()
  File "/opt/hostedtoolcache/Python/3.9.13/x64/lib/python3.9/ftplib.py", line 254, in getresp
    raise error_perm(resp)
ftplib.error_perm: 530 no such username

2025-12-05 02:22:25.000097: Błąd FTP: 530 no such username
Traceback (most recent call last):
  File "/home/runner/work/FS25LogsNew/FS25LogsNew/logs_analyzer.py", line 175, in download_logs
    ftp.login(FTP_USER, FTP_PASS)
  File "/opt/hostedtoolcache/Python/3.9.13/x64/lib/python3.9/ftplib.py", line 412, in login
    resp = self.sendcmd('USER ' + user)
  File "/opt/hostedtoolcache/Python/3.9.13/x64/lib/python3.9/ftplib.py", line 281, in sendcmd
    return self.getresp()
  File "/opt/hostedtoolcache/Python/3.9.13/x64/lib/python3.9/ftplib.py", line 254, in getresp
    raise error_perm(resp)
ftplib.error_perm: 530 no such username

2025-12-05 03:21:54.650429: Błąd FTP: 530 no such username
Traceback (most recent call last):
  File "/home/runner/work/FS25LogsNew/FS25LogsNew/logs_analyzer.py", line 175, in download_logs
    ftp.login(FTP_USER, FTP_PASS)
  File "/opt/hostedtoolcache/Python/3.9.13/x64/lib/python3.9/ftplib.py", line 412, in login
    resp = self.sendcmd('USER ' + user)
  File "/opt/hostedtoolcache/Python/3.9.13/x64/lib/python3.9/ftplib.py", line 281, in sendcmd
    return self.getresp()
  File "/opt/hostedtoolcache/Python/3.9.13/x64/lib/python3.9/ftplib.py", line 254, in getresp
    raise error_perm(resp)
ftplib.error_perm: 530 no such username

2025-12-05 03:21:55.085678: Błąd FTP: 530 no such username
Traceback (most recent call last):
  File "/home/runner/work/FS25LogsNew/FS25LogsNew/logs_analyzer.py", line 175, in download_logs
    ftp.login(FTP_USER, FTP_PASS)
  File "/opt/hostedtoolcache/Python/3.9.13/x64/lib/python3.9/ftplib.py", line 412, in login
    resp = self.sendcmd('USER ' + user)
  File "/opt/hostedtoolcache/Python/3.9.13/x64/lib/python3.9/ftplib.py", line 281, in sendcmd
    return self.getresp()
  File "/opt/hostedtoolcache/Python/3.9.13/x64/lib/python3.9/ftplib.py", line 254, in getresp
    raise error_perm(resp)
ftplib.error_perm: 530 no such username

2025-12-05 03:21:55.510630: Błąd FTP: 530 no such username
Traceback (most recent call last):
  File "/home/runner/work/FS25LogsNew/FS25LogsNew/logs_analyzer.py", line 175, in download_logs
    ftp.login(FTP_USER, FTP_PASS)
  File "/opt/hostedtoolcache/Python/3.9.13/x64/lib/python3.9/ftplib.py", line 412, in login
    resp = self.sendcmd('USER ' + user)
  File "/opt/hostedtoolcache/Python/3.9.13/x64/lib/python3.9/ftplib.py", line 281, in sendcmd
    return self.getresp()
  File "/opt/hostedtoolcache/Python/3.9.13/x64/lib/python3.9/ftplib.py", line 254, in getresp
    raise error_perm(resp)
ftplib.error_perm: 530 no such username

2025-12-05 03:37:45.163800: Błąd FTP: 530 no such username
Traceback (most recent call last):
  File "/home/runner/work/FS25LogsNew/FS25LogsNew/logs_analyzer.py", line 175, in download_logs
    ftp.login(FTP_USER, FTP_PASS)
  File "/opt/hostedtoolcache/Python/3.9.13/x64/lib/python3.9/ftplib.py", line 412, in login
    resp = self.sendcmd('USER ' + user)
  File "/opt/hostedtoolcache/Python/3.9.13/x64/lib/python3.9/ftplib.py", line 281, in sendcmd
    return self.getresp()
  File "/opt/hostedtoolcache/Python/3.9.13/x64/lib/python3.9/ftplib.py", line 254, in getresp
    raise error_perm(resp)
ftplib.error_perm: 530 no such username

2025-12-05 03:37:45.733807: Błąd FTP: 530 no such username
Traceback (most recent call last):
  File "/home/runner/work/FS25LogsNew/FS25LogsNew/logs_analyzer.py", line 175, in download_logs
    ftp.login(FTP_USER, FTP_PASS)
  File "/opt/hostedtoolcache/Python/3.9.13/x64/lib/python3.9/ftplib.py", line 412, in login
    resp = self.sendcmd('USER ' + user)
  File "/opt/hostedtoolcache/Python/3.9.13/x64/lib/python3.9/ftplib.py", line 281, in sendcmd
    return self.getresp()
  File "/opt/hostedtoolcache/Python/3.9.13/x64/lib/python3.9/ftplib.py", line 254, in getresp
    raise error_perm(resp)
ftplib.error_perm: 530 no such username

2025-12-05 03:37:46.303454: Błąd FTP: 530 no such username
Traceback (most recent call last):
  File "/home/runner/work/FS25LogsNew/FS25LogsNew/logs_analyzer.py", line 175, in download_logs
    ftp.login(FTP_USER, FTP_PASS)
  File "/opt/hostedtoolcache/Python/3.9.13/x64/lib/python3.9/ftplib.py", line 412, in login
    resp = self.sendcmd('USER ' + user)
  File "/opt/hostedtoolcache/Python/3.9.13/x64/lib/python3.9/ftplib.py", line 281, in sendcmd
    return self.getresp()
  File "/opt/hostedtoolcache/Python/3.9.13/x64/lib/python3.9/ftplib.py", line 254, in getresp
    raise error_perm(resp)
ftplib.error_perm: 530 no such username

2025-12-05 04:32:44.488196: Błąd FTP: 530 no such username
Traceback (most recent call last):
  File "/home/runner/work/FS25LogsNew/FS25LogsNew/logs_analyzer.py", line 175, in download_logs
    ftp.login(FTP_USER, FTP_PASS)
  File "/opt/hostedtoolcache/Python/3.9.13/x64/lib/python3.9/ftplib.py", line 412, in login
    resp = self.sendcmd('USER ' + user)
  File "/opt/hostedtoolcache/Python/3.9.13/x64/lib/python3.9/ftplib.py", line 281, in sendcmd
    return self.getresp()
  File "/opt/hostedtoolcache/Python/3.9.13/x64/lib/python3.9/ftplib.py", line 254, in getresp
    raise error_perm(resp)
ftplib.error_perm: 530 no such username

2025-12-05 04:32:44.851836: Błąd FTP: 530 no such username
Traceback (most recent call last):
  File "/home/runner/work/FS25LogsNew/FS25LogsNew/logs_analyzer.py", line 175, in download_logs
    ftp.login(FTP_USER, FTP_PASS)
  File "/opt/hostedtoolcache/Python/3.9.13/x64/lib/python3.9/ftplib.py", line 412, in login
    resp = self.sendcmd('USER ' + user)
  File "/opt/hostedtoolcache/Python/3.9.13/x64/lib/python3.9/ftplib.py", line 281, in sendcmd
    return self.getresp()
  File "/opt/hostedtoolcache/Python/3.9.13/x64/lib/python3.9/ftplib.py", line 254, in getresp
    raise error_perm(resp)
ftplib.error_perm: 530 no such username

2025-12-05 04:32:45.214393: Błąd FTP: 530 no such username
Traceback (most recent call last):
  File "/home/runner/work/FS25LogsNew/FS25LogsNew/logs_analyzer.py", line 175, in download_logs
    ftp.login(FTP_USER, FTP_PASS)
  File "/opt/hostedtoolcache/Python/3.9.13/x64/lib/python3.9/ftplib.py", line 412, in login
    resp = self.sendcmd('USER ' + user)
  File "/opt/hostedtoolcache/Python/3.9.13/x64/lib/python3.9/ftplib.py", line 281, in sendcmd
    return self.getresp()
  File "/opt/hostedtoolcache/Python/3.9.13/x64/lib/python3.9/ftplib.py", line 254, in getresp
    raise error_perm(resp)
ftplib.error_perm: 530 no such username

2025-12-05 04:47:05.924437: Błąd FTP: 530 no such username
Traceback (most recent call last):
  File "/home/runner/work/FS25LogsNew/FS25LogsNew/logs_analyzer.py", line 175, in download_logs
    ftp.login(FTP_USER, FTP_PASS)
  File "/opt/hostedtoolcache/Python/3.9.13/x64/lib/python3.9/ftplib.py", line 412, in login
    resp = self.sendcmd('USER ' + user)
  File "/opt/hostedtoolcache/Python/3.9.13/x64/lib/python3.9/ftplib.py", line 281, in sendcmd
    return self.getresp()
  File "/opt/hostedtoolcache/Python/3.9.13/x64/lib/python3.9/ftplib.py", line 254, in getresp
    raise error_perm(resp)
ftplib.error_perm: 530 no such username

2025-12-05 04:47:06.541527: Błąd FTP: 530 no such username
Traceback (most recent call last):
  File "/home/runner/work/FS25LogsNew/FS25LogsNew/logs_analyzer.py", line 175, in download_logs
    ftp.login(FTP_USER, FTP_PASS)
  File "/opt/hostedtoolcache/Python/3.9.13/x64/lib/python3.9/ftplib.py", line 412, in login
    resp = self.sendcmd('USER ' + user)
  File "/opt/hostedtoolcache/Python/3.9.13/x64/lib/python3.9/ftplib.py", line 281, in sendcmd
    return self.getresp()
  File "/opt/hostedtoolcache/Python/3.9.13/x64/lib/python3.9/ftplib.py", line 254, in getresp
    raise error_perm(resp)
ftplib.error_perm: 530 no such username

2025-12-05 04:47:07.155219: Błąd FTP: 530 no such username
Traceback (most recent call last):
  File "/home/runner/work/FS25LogsNew/FS25LogsNew/logs_analyzer.py", line 175, in download_logs
    ftp.login(FTP_USER, FTP_PASS)
  File "/opt/hostedtoolcache/Python/3.9.13/x64/lib/python3.9/ftplib.py", line 412, in login
    resp = self.sendcmd('USER ' + user)
  File "/opt/hostedtoolcache/Python/3.9.13/x64/lib/python3.9/ftplib.py", line 281, in sendcmd
    return self.getresp()
  File "/opt/hostedtoolcache/Python/3.9.13/x64/lib/python3.9/ftplib.py", line 254, in getresp
    raise error_perm(resp)
ftplib.error_perm: 530 no such username

2025-12-05 05:24:29.598171: Błąd FTP: 530 no such username
Traceback (most recent call last):
  File "/home/runner/work/FS25LogsNew/FS25LogsNew/logs_analyzer.py", line 175, in download_logs
    ftp.login(FTP_USER, FTP_PASS)
  File "/opt/hostedtoolcache/Python/3.9.13/x64/lib/python3.9/ftplib.py", line 412, in login
    resp = self.sendcmd('USER ' + user)
  File "/opt/hostedtoolcache/Python/3.9.13/x64/lib/python3.9/ftplib.py", line 281, in sendcmd
    return self.getresp()
  File "/opt/hostedtoolcache/Python/3.9.13/x64/lib/python3.9/ftplib.py", line 254, in getresp
    raise error_perm(resp)
ftplib.error_perm: 530 no such username

2025-12-05 05:24:30.153795: Błąd FTP: 530 no such username
Traceback (most recent call last):
  File "/home/runner/work/FS25LogsNew/FS25LogsNew/logs_analyzer.py", line 175, in download_logs
    ftp.login(FTP_USER, FTP_PASS)
  File "/opt/hostedtoolcache/Python/3.9.13/x64/lib/python3.9/ftplib.py", line 412, in login
    resp = self.sendcmd('USER ' + user)
  File "/opt/hostedtoolcache/Python/3.9.13/x64/lib/python3.9/ftplib.py", line 281, in sendcmd
    return self.getresp()
  File "/opt/hostedtoolcache/Python/3.9.13/x64/lib/python3.9/ftplib.py", line 254, in getresp
    raise error_perm(resp)
ftplib.error_perm: 530 no such username

2025-12-05 05:24:30.723656: Błąd FTP: 530 no such username
Traceback (most recent call last):
  File "/home/runner/work/FS25LogsNew/FS25LogsNew/logs_analyzer.py", line 175, in download_logs
    ftp.login(FTP_USER, FTP_PASS)
  File "/opt/hostedtoolcache/Python/3.9.13/x64/lib/python3.9/ftplib.py", line 412, in login
    resp = self.sendcmd('USER ' + user)
  File "/opt/hostedtoolcache/Python/3.9.13/x64/lib/python3.9/ftplib.py", line 281, in sendcmd
    return self.getresp()
  File "/opt/hostedtoolcache/Python/3.9.13/x64/lib/python3.9/ftplib.py", line 254, in getresp
    raise error_perm(resp)
ftplib.error_perm: 530 no such username

2025-12-05 05:42:03.251026: Błąd FTP: 530 no such username
Traceback (most recent call last):
  File "/home/runner/work/FS25LogsNew/FS25LogsNew/logs_analyzer.py", line 175, in download_logs
    ftp.login(FTP_USER, FTP_PASS)
  File "/opt/hostedtoolcache/Python/3.9.13/x64/lib/python3.9/ftplib.py", line 412, in login
    resp = self.sendcmd('USER ' + user)
  File "/opt/hostedtoolcache/Python/3.9.13/x64/lib/python3.9/ftplib.py", line 281, in sendcmd
    return self.getresp()
  File "/opt/hostedtoolcache/Python/3.9.13/x64/lib/python3.9/ftplib.py", line 254, in getresp
    raise error_perm(resp)
ftplib.error_perm: 530 no such username

2025-12-05 05:42:03.755409: Błąd FTP: 530 no such username
Traceback (most recent call last):
  File "/home/runner/work/FS25LogsNew/FS25LogsNew/logs_analyzer.py", line 175, in download_logs
    ftp.login(FTP_USER, FTP_PASS)
  File "/opt/hostedtoolcache/Python/3.9.13/x64/lib/python3.9/ftplib.py", line 412, in login
    resp = self.sendcmd('USER ' + user)
  File "/opt/hostedtoolcache/Python/3.9.13/x64/lib/python3.9/ftplib.py", line 281, in sendcmd
    return self.getresp()
  File "/opt/hostedtoolcache/Python/3.9.13/x64/lib/python3.9/ftplib.py", line 254, in getresp
    raise error_perm(resp)
ftplib.error_perm: 530 no such username

2025-12-05 05:42:04.265056: Błąd FTP: 530 no such username
Traceback (most recent call last):
  File "/home/runner/work/FS25LogsNew/FS25LogsNew/logs_analyzer.py", line 175, in download_logs
    ftp.login(FTP_USER, FTP_PASS)
  File "/opt/hostedtoolcache/Python/3.9.13/x64/lib/python3.9/ftplib.py", line 412, in login
    resp = self.sendcmd('USER ' + user)
  File "/opt/hostedtoolcache/Python/3.9.13/x64/lib/python3.9/ftplib.py", line 281, in sendcmd
    return self.getresp()
  File "/opt/hostedtoolcache/Python/3.9.13/x64/lib/python3.9/ftplib.py", line 254, in getresp
    raise error_perm(resp)
ftplib.error_perm: 530 no such username

2025-12-05 06:37:17.889690: Błąd FTP: 530 no such username
Traceback (most recent call last):
  File "/home/runner/work/FS25LogsNew/FS25LogsNew/logs_analyzer.py", line 175, in download_logs
    ftp.login(FTP_USER, FTP_PASS)
  File "/opt/hostedtoolcache/Python/3.9.13/x64/lib/python3.9/ftplib.py", line 412, in login
    resp = self.sendcmd('USER ' + user)
  File "/opt/hostedtoolcache/Python/3.9.13/x64/lib/python3.9/ftplib.py", line 281, in sendcmd
    return self.getresp()
  File "/opt/hostedtoolcache/Python/3.9.13/x64/lib/python3.9/ftplib.py", line 254, in getresp
    raise error_perm(resp)
ftplib.error_perm: 530 no such username

2025-12-05 06:37:18.506206: Błąd FTP: 530 no such username
Traceback (most recent call last):
  File "/home/runner/work/FS25LogsNew/FS25LogsNew/logs_analyzer.py", line 175, in download_logs
    ftp.login(FTP_USER, FTP_PASS)
  File "/opt/hostedtoolcache/Python/3.9.13/x64/lib/python3.9/ftplib.py", line 412, in login
    resp = self.sendcmd('USER ' + user)
  File "/opt/hostedtoolcache/Python/3.9.13/x64/lib/python3.9/ftplib.py", line 281, in sendcmd
    return self.getresp()
  File "/opt/hostedtoolcache/Python/3.9.13/x64/lib/python3.9/ftplib.py", line 254, in getresp
    raise error_perm(resp)
ftplib.error_perm: 530 no such username

2025-12-05 06:37:19.122253: Błąd FTP: 530 no such username
Traceback (most recent call last):
  File "/home/runner/work/FS25LogsNew/FS25LogsNew/logs_analyzer.py", line 175, in download_logs
    ftp.login(FTP_USER, FTP_PASS)
  File "/opt/hostedtoolcache/Python/3.9.13/x64/lib/python3.9/ftplib.py", line 412, in login
    resp = self.sendcmd('USER ' + user)
  File "/opt/hostedtoolcache/Python/3.9.13/x64/lib/python3.9/ftplib.py", line 281, in sendcmd
    return self.getresp()
  File "/opt/hostedtoolcache/Python/3.9.13/x64/lib/python3.9/ftplib.py", line 254, in getresp
    raise error_perm(resp)
ftplib.error_perm: 530 no such username

2025-12-05 06:51:36.663328: Błąd FTP: 530 no such username
Traceback (most recent call last):
  File "/home/runner/work/FS25LogsNew/FS25LogsNew/logs_analyzer.py", line 175, in download_logs
    ftp.login(FTP_USER, FTP_PASS)
  File "/opt/hostedtoolcache/Python/3.9.13/x64/lib/python3.9/ftplib.py", line 412, in login
    resp = self.sendcmd('USER ' + user)
  File "/opt/hostedtoolcache/Python/3.9.13/x64/lib/python3.9/ftplib.py", line 281, in sendcmd
    return self.getresp()
  File "/opt/hostedtoolcache/Python/3.9.13/x64/lib/python3.9/ftplib.py", line 254, in getresp
    raise error_perm(resp)
ftplib.error_perm: 530 no such username

2025-12-05 06:51:37.235437: Błąd FTP: 530 no such username
Traceback (most recent call last):
  File "/home/runner/work/FS25LogsNew/FS25LogsNew/logs_analyzer.py", line 175, in download_logs
    ftp.login(FTP_USER, FTP_PASS)
  File "/opt/hostedtoolcache/Python/3.9.13/x64/lib/python3.9/ftplib.py", line 412, in login
    resp = self.sendcmd('USER ' + user)
  File "/opt/hostedtoolcache/Python/3.9.13/x64/lib/python3.9/ftplib.py", line 281, in sendcmd
    return self.getresp()
  File "/opt/hostedtoolcache/Python/3.9.13/x64/lib/python3.9/ftplib.py", line 254, in getresp
    raise error_perm(resp)
ftplib.error_perm: 530 no such username

2025-12-05 06:51:37.791601: Błąd FTP: 530 no such username
Traceback (most recent call last):
  File "/home/runner/work/FS25LogsNew/FS25LogsNew/logs_analyzer.py", line 175, in download_logs
    ftp.login(FTP_USER, FTP_PASS)
  File "/opt/hostedtoolcache/Python/3.9.13/x64/lib/python3.9/ftplib.py", line 412, in login
    resp = self.sendcmd('USER ' + user)
  File "/opt/hostedtoolcache/Python/3.9.13/x64/lib/python3.9/ftplib.py", line 281, in sendcmd
    return self.getresp()
  File "/opt/hostedtoolcache/Python/3.9.13/x64/lib/python3.9/ftplib.py", line 254, in getresp
    raise error_perm(resp)
ftplib.error_perm: 530 no such username

2025-12-05 07:24:47.888652: Błąd FTP: 530 no such username
Traceback (most recent call last):
  File "/home/runner/work/FS25LogsNew/FS25LogsNew/logs_analyzer.py", line 175, in download_logs
    ftp.login(FTP_USER, FTP_PASS)
  File "/opt/hostedtoolcache/Python/3.9.13/x64/lib/python3.9/ftplib.py", line 412, in login
    resp = self.sendcmd('USER ' + user)
  File "/opt/hostedtoolcache/Python/3.9.13/x64/lib/python3.9/ftplib.py", line 281, in sendcmd
    return self.getresp()
  File "/opt/hostedtoolcache/Python/3.9.13/x64/lib/python3.9/ftplib.py", line 254, in getresp
    raise error_perm(resp)
ftplib.error_perm: 530 no such username

2025-12-05 07:24:48.458128: Błąd FTP: 530 no such username
Traceback (most recent call last):
  File "/home/runner/work/FS25LogsNew/FS25LogsNew/logs_analyzer.py", line 175, in download_logs
    ftp.login(FTP_USER, FTP_PASS)
  File "/opt/hostedtoolcache/Python/3.9.13/x64/lib/python3.9/ftplib.py", line 412, in login
    resp = self.sendcmd('USER ' + user)
  File "/opt/hostedtoolcache/Python/3.9.13/x64/lib/python3.9/ftplib.py", line 281, in sendcmd
    return self.getresp()
  File "/opt/hostedtoolcache/Python/3.9.13/x64/lib/python3.9/ftplib.py", line 254, in getresp
    raise error_perm(resp)
ftplib.error_perm: 530 no such username

2025-12-05 07:24:49.028074: Błąd FTP: 530 no such username
Traceback (most recent call last):
  File "/home/runner/work/FS25LogsNew/FS25LogsNew/logs_analyzer.py", line 175, in download_logs
    ftp.login(FTP_USER, FTP_PASS)
  File "/opt/hostedtoolcache/Python/3.9.13/x64/lib/python3.9/ftplib.py", line 412, in login
    resp = self.sendcmd('USER ' + user)
  File "/opt/hostedtoolcache/Python/3.9.13/x64/lib/python3.9/ftplib.py", line 281, in sendcmd
    return self.getresp()
  File "/opt/hostedtoolcache/Python/3.9.13/x64/lib/python3.9/ftplib.py", line 254, in getresp
    raise error_perm(resp)
ftplib.error_perm: 530 no such username

2025-12-05 07:38:26.264792: Błąd FTP: 530 no such username
Traceback (most recent call last):
  File "/home/runner/work/FS25LogsNew/FS25LogsNew/logs_analyzer.py", line 175, in download_logs
    ftp.login(FTP_USER, FTP_PASS)
  File "/opt/hostedtoolcache/Python/3.9.13/x64/lib/python3.9/ftplib.py", line 412, in login
    resp = self.sendcmd('USER ' + user)
  File "/opt/hostedtoolcache/Python/3.9.13/x64/lib/python3.9/ftplib.py", line 281, in sendcmd
    return self.getresp()
  File "/opt/hostedtoolcache/Python/3.9.13/x64/lib/python3.9/ftplib.py", line 254, in getresp
    raise error_perm(resp)
ftplib.error_perm: 530 no such username

2025-12-05 07:38:26.624874: Błąd FTP: 530 no such username
Traceback (most recent call last):
  File "/home/runner/work/FS25LogsNew/FS25LogsNew/logs_analyzer.py", line 175, in download_logs
    ftp.login(FTP_USER, FTP_PASS)
  File "/opt/hostedtoolcache/Python/3.9.13/x64/lib/python3.9/ftplib.py", line 412, in login
    resp = self.sendcmd('USER ' + user)
  File "/opt/hostedtoolcache/Python/3.9.13/x64/lib/python3.9/ftplib.py", line 281, in sendcmd
    return self.getresp()
  File "/opt/hostedtoolcache/Python/3.9.13/x64/lib/python3.9/ftplib.py", line 254, in getresp
    raise error_perm(resp)
ftplib.error_perm: 530 no such username

2025-12-05 07:38:26.984047: Błąd FTP: 530 no such username
Traceback (most recent call last):
  File "/home/runner/work/FS25LogsNew/FS25LogsNew/logs_analyzer.py", line 175, in download_logs
    ftp.login(FTP_USER, FTP_PASS)
  File "/opt/hostedtoolcache/Python/3.9.13/x64/lib/python3.9/ftplib.py", line 412, in login
    resp = self.sendcmd('USER ' + user)
  File "/opt/hostedtoolcache/Python/3.9.13/x64/lib/python3.9/ftplib.py", line 281, in sendcmd
    return self.getresp()
  File "/opt/hostedtoolcache/Python/3.9.13/x64/lib/python3.9/ftplib.py", line 254, in getresp
    raise error_perm(resp)
ftplib.error_perm: 530 no such username

2025-12-05 08:32:34.862954: Błąd FTP: 530 no such username
Traceback (most recent call last):
  File "/home/runner/work/FS25LogsNew/FS25LogsNew/logs_analyzer.py", line 175, in download_logs
    ftp.login(FTP_USER, FTP_PASS)
  File "/opt/hostedtoolcache/Python/3.9.13/x64/lib/python3.9/ftplib.py", line 412, in login
    resp = self.sendcmd('USER ' + user)
  File "/opt/hostedtoolcache/Python/3.9.13/x64/lib/python3.9/ftplib.py", line 281, in sendcmd
    return self.getresp()
  File "/opt/hostedtoolcache/Python/3.9.13/x64/lib/python3.9/ftplib.py", line 254, in getresp
    raise error_perm(resp)
ftplib.error_perm: 530 no such username

2025-12-05 08:32:35.223804: Błąd FTP: 530 no such username
Traceback (most recent call last):
  File "/home/runner/work/FS25LogsNew/FS25LogsNew/logs_analyzer.py", line 175, in download_logs
    ftp.login(FTP_USER, FTP_PASS)
  File "/opt/hostedtoolcache/Python/3.9.13/x64/lib/python3.9/ftplib.py", line 412, in login
    resp = self.sendcmd('USER ' + user)
  File "/opt/hostedtoolcache/Python/3.9.13/x64/lib/python3.9/ftplib.py", line 281, in sendcmd
    return self.getresp()
  File "/opt/hostedtoolcache/Python/3.9.13/x64/lib/python3.9/ftplib.py", line 254, in getresp
    raise error_perm(resp)
ftplib.error_perm: 530 no such username

2025-12-05 08:32:35.584915: Błąd FTP: 530 no such username
Traceback (most recent call last):
  File "/home/runner/work/FS25LogsNew/FS25LogsNew/logs_analyzer.py", line 175, in download_logs
    ftp.login(FTP_USER, FTP_PASS)
  File "/opt/hostedtoolcache/Python/3.9.13/x64/lib/python3.9/ftplib.py", line 412, in login
    resp = self.sendcmd('USER ' + user)
  File "/opt/hostedtoolcache/Python/3.9.13/x64/lib/python3.9/ftplib.py", line 281, in sendcmd
    return self.getresp()
  File "/opt/hostedtoolcache/Python/3.9.13/x64/lib/python3.9/ftplib.py", line 254, in getresp
    raise error_perm(resp)
ftplib.error_perm: 530 no such username

2025-12-05 08:46:56.224083: Błąd FTP: 530 no such username
Traceback (most recent call last):
  File "/home/runner/work/FS25LogsNew/FS25LogsNew/logs_analyzer.py", line 175, in download_logs
    ftp.login(FTP_USER, FTP_PASS)
  File "/opt/hostedtoolcache/Python/3.9.13/x64/lib/python3.9/ftplib.py", line 412, in login
    resp = self.sendcmd('USER ' + user)
  File "/opt/hostedtoolcache/Python/3.9.13/x64/lib/python3.9/ftplib.py", line 281, in sendcmd
    return self.getresp()
  File "/opt/hostedtoolcache/Python/3.9.13/x64/lib/python3.9/ftplib.py", line 254, in getresp
    raise error_perm(resp)
ftplib.error_perm: 530 no such username

2025-12-05 08:46:56.584213: Błąd FTP: 530 no such username
Traceback (most recent call last):
  File "/home/runner/work/FS25LogsNew/FS25LogsNew/logs_analyzer.py", line 175, in download_logs
    ftp.login(FTP_USER, FTP_PASS)
  File "/opt/hostedtoolcache/Python/3.9.13/x64/lib/python3.9/ftplib.py", line 412, in login
    resp = self.sendcmd('USER ' + user)
  File "/opt/hostedtoolcache/Python/3.9.13/x64/lib/python3.9/ftplib.py", line 281, in sendcmd
    return self.getresp()
  File "/opt/hostedtoolcache/Python/3.9.13/x64/lib/python3.9/ftplib.py", line 254, in getresp
    raise error_perm(resp)
ftplib.error_perm: 530 no such username

2025-12-05 08:46:56.965833: Błąd FTP: 530 no such username
Traceback (most recent call last):
  File "/home/runner/work/FS25LogsNew/FS25LogsNew/logs_analyzer.py", line 175, in download_logs
    ftp.login(FTP_USER, FTP_PASS)
  File "/opt/hostedtoolcache/Python/3.9.13/x64/lib/python3.9/ftplib.py", line 412, in login
    resp = self.sendcmd('USER ' + user)
  File "/opt/hostedtoolcache/Python/3.9.13/x64/lib/python3.9/ftplib.py", line 281, in sendcmd
    return self.getresp()
  File "/opt/hostedtoolcache/Python/3.9.13/x64/lib/python3.9/ftplib.py", line 254, in getresp
    raise error_perm(resp)
ftplib.error_perm: 530 no such username

2025-12-05 09:26:15.175047: Błąd FTP: 530 no such username
Traceback (most recent call last):
  File "/home/runner/work/FS25LogsNew/FS25LogsNew/logs_analyzer.py", line 175, in download_logs
    ftp.login(FTP_USER, FTP_PASS)
  File "/opt/hostedtoolcache/Python/3.9.13/x64/lib/python3.9/ftplib.py", line 412, in login
    resp = self.sendcmd('USER ' + user)
  File "/opt/hostedtoolcache/Python/3.9.13/x64/lib/python3.9/ftplib.py", line 281, in sendcmd
    return self.getresp()
  File "/opt/hostedtoolcache/Python/3.9.13/x64/lib/python3.9/ftplib.py", line 254, in getresp
    raise error_perm(resp)
ftplib.error_perm: 530 no such username

2025-12-05 09:26:15.791633: Błąd FTP: 530 no such username
Traceback (most recent call last):
  File "/home/runner/work/FS25LogsNew/FS25LogsNew/logs_analyzer.py", line 175, in download_logs
    ftp.login(FTP_USER, FTP_PASS)
  File "/opt/hostedtoolcache/Python/3.9.13/x64/lib/python3.9/ftplib.py", line 412, in login
    resp = self.sendcmd('USER ' + user)
  File "/opt/hostedtoolcache/Python/3.9.13/x64/lib/python3.9/ftplib.py", line 281, in sendcmd
    return self.getresp()
  File "/opt/hostedtoolcache/Python/3.9.13/x64/lib/python3.9/ftplib.py", line 254, in getresp
    raise error_perm(resp)
ftplib.error_perm: 530 no such username

2025-12-05 09:26:16.408208: Błąd FTP: 530 no such username
Traceback (most recent call last):
  File "/home/runner/work/FS25LogsNew/FS25LogsNew/logs_analyzer.py", line 175, in download_logs
    ftp.login(FTP_USER, FTP_PASS)
  File "/opt/hostedtoolcache/Python/3.9.13/x64/lib/python3.9/ftplib.py", line 412, in login
    resp = self.sendcmd('USER ' + user)
  File "/opt/hostedtoolcache/Python/3.9.13/x64/lib/python3.9/ftplib.py", line 281, in sendcmd
    return self.getresp()
  File "/opt/hostedtoolcache/Python/3.9.13/x64/lib/python3.9/ftplib.py", line 254, in getresp
    raise error_perm(resp)
ftplib.error_perm: 530 no such username

2025-12-05 09:40:36.244786: Błąd FTP: 530 no such username
Traceback (most recent call last):
  File "/home/runner/work/FS25LogsNew/FS25LogsNew/logs_analyzer.py", line 175, in download_logs
    ftp.login(FTP_USER, FTP_PASS)
  File "/opt/hostedtoolcache/Python/3.9.13/x64/lib/python3.9/ftplib.py", line 412, in login
    resp = self.sendcmd('USER ' + user)
  File "/opt/hostedtoolcache/Python/3.9.13/x64/lib/python3.9/ftplib.py", line 281, in sendcmd
    return self.getresp()
  File "/opt/hostedtoolcache/Python/3.9.13/x64/lib/python3.9/ftplib.py", line 254, in getresp
    raise error_perm(resp)
ftplib.error_perm: 530 no such username

2025-12-05 09:40:36.787894: Błąd FTP: 530 no such username
Traceback (most recent call last):
  File "/home/runner/work/FS25LogsNew/FS25LogsNew/logs_analyzer.py", line 175, in download_logs
    ftp.login(FTP_USER, FTP_PASS)
  File "/opt/hostedtoolcache/Python/3.9.13/x64/lib/python3.9/ftplib.py", line 412, in login
    resp = self.sendcmd('USER ' + user)
  File "/opt/hostedtoolcache/Python/3.9.13/x64/lib/python3.9/ftplib.py", line 281, in sendcmd
    return self.getresp()
  File "/opt/hostedtoolcache/Python/3.9.13/x64/lib/python3.9/ftplib.py", line 254, in getresp
    raise error_perm(resp)
ftplib.error_perm: 530 no such username

2025-12-05 09:40:37.327278: Błąd FTP: 530 no such username
Traceback (most recent call last):
  File "/home/runner/work/FS25LogsNew/FS25LogsNew/logs_analyzer.py", line 175, in download_logs
    ftp.login(FTP_USER, FTP_PASS)
  File "/opt/hostedtoolcache/Python/3.9.13/x64/lib/python3.9/ftplib.py", line 412, in login
    resp = self.sendcmd('USER ' + user)
  File "/opt/hostedtoolcache/Python/3.9.13/x64/lib/python3.9/ftplib.py", line 281, in sendcmd
    return self.getresp()
  File "/opt/hostedtoolcache/Python/3.9.13/x64/lib/python3.9/ftplib.py", line 254, in getresp
    raise error_perm(resp)
ftplib.error_perm: 530 no such username

2025-12-05 10:26:13.620115: Błąd FTP: 530 no such username
Traceback (most recent call last):
  File "/home/runner/work/FS25LogsNew/FS25LogsNew/logs_analyzer.py", line 175, in download_logs
    ftp.login(FTP_USER, FTP_PASS)
  File "/opt/hostedtoolcache/Python/3.9.13/x64/lib/python3.9/ftplib.py", line 412, in login
    resp = self.sendcmd('USER ' + user)
  File "/opt/hostedtoolcache/Python/3.9.13/x64/lib/python3.9/ftplib.py", line 281, in sendcmd
    return self.getresp()
  File "/opt/hostedtoolcache/Python/3.9.13/x64/lib/python3.9/ftplib.py", line 254, in getresp
    raise error_perm(resp)
ftplib.error_perm: 530 no such username

2025-12-05 10:26:14.161753: Błąd FTP: 530 no such username
Traceback (most recent call last):
  File "/home/runner/work/FS25LogsNew/FS25LogsNew/logs_analyzer.py", line 175, in download_logs
    ftp.login(FTP_USER, FTP_PASS)
  File "/opt/hostedtoolcache/Python/3.9.13/x64/lib/python3.9/ftplib.py", line 412, in login
    resp = self.sendcmd('USER ' + user)
  File "/opt/hostedtoolcache/Python/3.9.13/x64/lib/python3.9/ftplib.py", line 281, in sendcmd
    return self.getresp()
  File "/opt/hostedtoolcache/Python/3.9.13/x64/lib/python3.9/ftplib.py", line 254, in getresp
    raise error_perm(resp)
ftplib.error_perm: 530 no such username

2025-12-05 10:26:14.701102: Błąd FTP: 530 no such username
Traceback (most recent call last):
  File "/home/runner/work/FS25LogsNew/FS25LogsNew/logs_analyzer.py", line 175, in download_logs
    ftp.login(FTP_USER, FTP_PASS)
  File "/opt/hostedtoolcache/Python/3.9.13/x64/lib/python3.9/ftplib.py", line 412, in login
    resp = self.sendcmd('USER ' + user)
  File "/opt/hostedtoolcache/Python/3.9.13/x64/lib/python3.9/ftplib.py", line 281, in sendcmd
    return self.getresp()
  File "/opt/hostedtoolcache/Python/3.9.13/x64/lib/python3.9/ftplib.py", line 254, in getresp
    raise error_perm(resp)
ftplib.error_perm: 530 no such username

2025-12-05 10:43:34.451692: Błąd FTP: 530 no such username
Traceback (most recent call last):
  File "/home/runner/work/FS25LogsNew/FS25LogsNew/logs_analyzer.py", line 175, in download_logs
    ftp.login(FTP_USER, FTP_PASS)
  File "/opt/hostedtoolcache/Python/3.9.13/x64/lib/python3.9/ftplib.py", line 412, in login
    resp = self.sendcmd('USER ' + user)
  File "/opt/hostedtoolcache/Python/3.9.13/x64/lib/python3.9/ftplib.py", line 281, in sendcmd
    return self.getresp()
  File "/opt/hostedtoolcache/Python/3.9.13/x64/lib/python3.9/ftplib.py", line 254, in getresp
    raise error_perm(resp)
ftplib.error_perm: 530 no such username

2025-12-05 10:43:34.826395: Błąd FTP: 530 no such username
Traceback (most recent call last):
  File "/home/runner/work/FS25LogsNew/FS25LogsNew/logs_analyzer.py", line 175, in download_logs
    ftp.login(FTP_USER, FTP_PASS)
  File "/opt/hostedtoolcache/Python/3.9.13/x64/lib/python3.9/ftplib.py", line 412, in login
    resp = self.sendcmd('USER ' + user)
  File "/opt/hostedtoolcache/Python/3.9.13/x64/lib/python3.9/ftplib.py", line 281, in sendcmd
    return self.getresp()
  File "/opt/hostedtoolcache/Python/3.9.13/x64/lib/python3.9/ftplib.py", line 254, in getresp
    raise error_perm(resp)
ftplib.error_perm: 530 no such username

2025-12-05 10:43:35.216938: Błąd FTP: 530 no such username
Traceback (most recent call last):
  File "/home/runner/work/FS25LogsNew/FS25LogsNew/logs_analyzer.py", line 175, in download_logs
    ftp.login(FTP_USER, FTP_PASS)
  File "/opt/hostedtoolcache/Python/3.9.13/x64/lib/python3.9/ftplib.py", line 412, in login
    resp = self.sendcmd('USER ' + user)
  File "/opt/hostedtoolcache/Python/3.9.13/x64/lib/python3.9/ftplib.py", line 281, in sendcmd
    return self.getresp()
  File "/opt/hostedtoolcache/Python/3.9.13/x64/lib/python3.9/ftplib.py", line 254, in getresp
    raise error_perm(resp)
ftplib.error_perm: 530 no such username

2025-12-05 11:21:38.888004: Błąd FTP: 530 no such username
Traceback (most recent call last):
  File "/home/runner/work/FS25LogsNew/FS25LogsNew/logs_analyzer.py", line 175, in download_logs
    ftp.login(FTP_USER, FTP_PASS)
  File "/opt/hostedtoolcache/Python/3.9.13/x64/lib/python3.9/ftplib.py", line 412, in login
    resp = self.sendcmd('USER ' + user)
  File "/opt/hostedtoolcache/Python/3.9.13/x64/lib/python3.9/ftplib.py", line 281, in sendcmd
    return self.getresp()
  File "/opt/hostedtoolcache/Python/3.9.13/x64/lib/python3.9/ftplib.py", line 254, in getresp
    raise error_perm(resp)
ftplib.error_perm: 530 no such username

2025-12-05 11:21:39.513605: Błąd FTP: 530 no such username
Traceback (most recent call last):
  File "/home/runner/work/FS25LogsNew/FS25LogsNew/logs_analyzer.py", line 175, in download_logs
    ftp.login(FTP_USER, FTP_PASS)
  File "/opt/hostedtoolcache/Python/3.9.13/x64/lib/python3.9/ftplib.py", line 412, in login
    resp = self.sendcmd('USER ' + user)
  File "/opt/hostedtoolcache/Python/3.9.13/x64/lib/python3.9/ftplib.py", line 281, in sendcmd
    return self.getresp()
  File "/opt/hostedtoolcache/Python/3.9.13/x64/lib/python3.9/ftplib.py", line 254, in getresp
    raise error_perm(resp)
ftplib.error_perm: 530 no such username

2025-12-05 11:21:40.124436: Błąd FTP: 530 no such username
Traceback (most recent call last):
  File "/home/runner/work/FS25LogsNew/FS25LogsNew/logs_analyzer.py", line 175, in download_logs
    ftp.login(FTP_USER, FTP_PASS)
  File "/opt/hostedtoolcache/Python/3.9.13/x64/lib/python3.9/ftplib.py", line 412, in login
    resp = self.sendcmd('USER ' + user)
  File "/opt/hostedtoolcache/Python/3.9.13/x64/lib/python3.9/ftplib.py", line 281, in sendcmd
    return self.getresp()
  File "/opt/hostedtoolcache/Python/3.9.13/x64/lib/python3.9/ftplib.py", line 254, in getresp
    raise error_perm(resp)
ftplib.error_perm: 530 no such username

2025-12-05 11:36:16.083769: Błąd FTP: 530 no such username
Traceback (most recent call last):
  File "/home/runner/work/FS25LogsNew/FS25LogsNew/logs_analyzer.py", line 175, in download_logs
    ftp.login(FTP_USER, FTP_PASS)
  File "/opt/hostedtoolcache/Python/3.9.13/x64/lib/python3.9/ftplib.py", line 412, in login
    resp = self.sendcmd('USER ' + user)
  File "/opt/hostedtoolcache/Python/3.9.13/x64/lib/python3.9/ftplib.py", line 281, in sendcmd
    return self.getresp()
  File "/opt/hostedtoolcache/Python/3.9.13/x64/lib/python3.9/ftplib.py", line 254, in getresp
    raise error_perm(resp)
ftplib.error_perm: 530 no such username

2025-12-05 11:36:16.518993: Błąd FTP: 530 no such username
Traceback (most recent call last):
  File "/home/runner/work/FS25LogsNew/FS25LogsNew/logs_analyzer.py", line 175, in download_logs
    ftp.login(FTP_USER, FTP_PASS)
  File "/opt/hostedtoolcache/Python/3.9.13/x64/lib/python3.9/ftplib.py", line 412, in login
    resp = self.sendcmd('USER ' + user)
  File "/opt/hostedtoolcache/Python/3.9.13/x64/lib/python3.9/ftplib.py", line 281, in sendcmd
    return self.getresp()
  File "/opt/hostedtoolcache/Python/3.9.13/x64/lib/python3.9/ftplib.py", line 254, in getresp
    raise error_perm(resp)
ftplib.error_perm: 530 no such username

2025-12-05 11:36:16.938145: Błąd FTP: 530 no such username
Traceback (most recent call last):
  File "/home/runner/work/FS25LogsNew/FS25LogsNew/logs_analyzer.py", line 175, in download_logs
    ftp.login(FTP_USER, FTP_PASS)
  File "/opt/hostedtoolcache/Python/3.9.13/x64/lib/python3.9/ftplib.py", line 412, in login
    resp = self.sendcmd('USER ' + user)
  File "/opt/hostedtoolcache/Python/3.9.13/x64/lib/python3.9/ftplib.py", line 281, in sendcmd
    return self.getresp()
  File "/opt/hostedtoolcache/Python/3.9.13/x64/lib/python3.9/ftplib.py", line 254, in getresp
    raise error_perm(resp)
ftplib.error_perm: 530 no such username

2025-12-05 12:49:42.992476: Błąd FTP: 530 no such username
Traceback (most recent call last):
  File "/home/runner/work/FS25LogsNew/FS25LogsNew/logs_analyzer.py", line 175, in download_logs
    ftp.login(FTP_USER, FTP_PASS)
  File "/opt/hostedtoolcache/Python/3.9.13/x64/lib/python3.9/ftplib.py", line 412, in login
    resp = self.sendcmd('USER ' + user)
  File "/opt/hostedtoolcache/Python/3.9.13/x64/lib/python3.9/ftplib.py", line 281, in sendcmd
    return self.getresp()
  File "/opt/hostedtoolcache/Python/3.9.13/x64/lib/python3.9/ftplib.py", line 254, in getresp
    raise error_perm(resp)
ftplib.error_perm: 530 no such username

2025-12-05 12:49:43.609864: Błąd FTP: 530 no such username
Traceback (most recent call last):
  File "/home/runner/work/FS25LogsNew/FS25LogsNew/logs_analyzer.py", line 175, in download_logs
    ftp.login(FTP_USER, FTP_PASS)
  File "/opt/hostedtoolcache/Python/3.9.13/x64/lib/python3.9/ftplib.py", line 412, in login
    resp = self.sendcmd('USER ' + user)
  File "/opt/hostedtoolcache/Python/3.9.13/x64/lib/python3.9/ftplib.py", line 281, in sendcmd
    return self.getresp()
  File "/opt/hostedtoolcache/Python/3.9.13/x64/lib/python3.9/ftplib.py", line 254, in getresp
    raise error_perm(resp)
ftplib.error_perm: 530 no such username

2025-12-05 12:49:44.225669: Błąd FTP: 530 no such username
Traceback (most recent call last):
  File "/home/runner/work/FS25LogsNew/FS25LogsNew/logs_analyzer.py", line 175, in download_logs
    ftp.login(FTP_USER, FTP_PASS)
  File "/opt/hostedtoolcache/Python/3.9.13/x64/lib/python3.9/ftplib.py", line 412, in login
    resp = self.sendcmd('USER ' + user)
  File "/opt/hostedtoolcache/Python/3.9.13/x64/lib/python3.9/ftplib.py", line 281, in sendcmd
    return self.getresp()
  File "/opt/hostedtoolcache/Python/3.9.13/x64/lib/python3.9/ftplib.py", line 254, in getresp
    raise error_perm(resp)
ftplib.error_perm: 530 no such username

2025-12-05 13:06:32.904654: Błąd FTP: 530 no such username
Traceback (most recent call last):
  File "/home/runner/work/FS25LogsNew/FS25LogsNew/logs_analyzer.py", line 175, in download_logs
    ftp.login(FTP_USER, FTP_PASS)
  File "/opt/hostedtoolcache/Python/3.9.13/x64/lib/python3.9/ftplib.py", line 412, in login
    resp = self.sendcmd('USER ' + user)
  File "/opt/hostedtoolcache/Python/3.9.13/x64/lib/python3.9/ftplib.py", line 281, in sendcmd
    return self.getresp()
  File "/opt/hostedtoolcache/Python/3.9.13/x64/lib/python3.9/ftplib.py", line 254, in getresp
    raise error_perm(resp)
ftplib.error_perm: 530 no such username

2025-12-05 13:06:33.459734: Błąd FTP: 530 no such username
Traceback (most recent call last):
  File "/home/runner/work/FS25LogsNew/FS25LogsNew/logs_analyzer.py", line 175, in download_logs
    ftp.login(FTP_USER, FTP_PASS)
  File "/opt/hostedtoolcache/Python/3.9.13/x64/lib/python3.9/ftplib.py", line 412, in login
    resp = self.sendcmd('USER ' + user)
  File "/opt/hostedtoolcache/Python/3.9.13/x64/lib/python3.9/ftplib.py", line 281, in sendcmd
    return self.getresp()
  File "/opt/hostedtoolcache/Python/3.9.13/x64/lib/python3.9/ftplib.py", line 254, in getresp
    raise error_perm(resp)
ftplib.error_perm: 530 no such username

2025-12-05 13:06:34.029183: Błąd FTP: 530 no such username
Traceback (most recent call last):
  File "/home/runner/work/FS25LogsNew/FS25LogsNew/logs_analyzer.py", line 175, in download_logs
    ftp.login(FTP_USER, FTP_PASS)
  File "/opt/hostedtoolcache/Python/3.9.13/x64/lib/python3.9/ftplib.py", line 412, in login
    resp = self.sendcmd('USER ' + user)
  File "/opt/hostedtoolcache/Python/3.9.13/x64/lib/python3.9/ftplib.py", line 281, in sendcmd
    return self.getresp()
  File "/opt/hostedtoolcache/Python/3.9.13/x64/lib/python3.9/ftplib.py", line 254, in getresp
    raise error_perm(resp)
ftplib.error_perm: 530 no such username

2025-12-05 13:35:06.450086: Błąd FTP: 530 no such username
Traceback (most recent call last):
  File "/home/runner/work/FS25LogsNew/FS25LogsNew/logs_analyzer.py", line 175, in download_logs
    ftp.login(FTP_USER, FTP_PASS)
  File "/opt/hostedtoolcache/Python/3.9.13/x64/lib/python3.9/ftplib.py", line 412, in login
    resp = self.sendcmd('USER ' + user)
  File "/opt/hostedtoolcache/Python/3.9.13/x64/lib/python3.9/ftplib.py", line 281, in sendcmd
    return self.getresp()
  File "/opt/hostedtoolcache/Python/3.9.13/x64/lib/python3.9/ftplib.py", line 254, in getresp
    raise error_perm(resp)
ftplib.error_perm: 530 no such username

2025-12-05 13:35:06.926229: Błąd FTP: 530 no such username
Traceback (most recent call last):
  File "/home/runner/work/FS25LogsNew/FS25LogsNew/logs_analyzer.py", line 175, in download_logs
    ftp.login(FTP_USER, FTP_PASS)
  File "/opt/hostedtoolcache/Python/3.9.13/x64/lib/python3.9/ftplib.py", line 412, in login
    resp = self.sendcmd('USER ' + user)
  File "/opt/hostedtoolcache/Python/3.9.13/x64/lib/python3.9/ftplib.py", line 281, in sendcmd
    return self.getresp()
  File "/opt/hostedtoolcache/Python/3.9.13/x64/lib/python3.9/ftplib.py", line 254, in getresp
    raise error_perm(resp)
ftplib.error_perm: 530 no such username

2025-12-05 13:35:07.420025: Błąd FTP: 530 no such username
Traceback (most recent call last):
  File "/home/runner/work/FS25LogsNew/FS25LogsNew/logs_analyzer.py", line 175, in download_logs
    ftp.login(FTP_USER, FTP_PASS)
  File "/opt/hostedtoolcache/Python/3.9.13/x64/lib/python3.9/ftplib.py", line 412, in login
    resp = self.sendcmd('USER ' + user)
  File "/opt/hostedtoolcache/Python/3.9.13/x64/lib/python3.9/ftplib.py", line 281, in sendcmd
    return self.getresp()
  File "/opt/hostedtoolcache/Python/3.9.13/x64/lib/python3.9/ftplib.py", line 254, in getresp
    raise error_perm(resp)
ftplib.error_perm: 530 no such username

2025-12-05 13:47:47.437701: Błąd FTP: 530 no such username
Traceback (most recent call last):
  File "/home/runner/work/FS25LogsNew/FS25LogsNew/logs_analyzer.py", line 175, in download_logs
    ftp.login(FTP_USER, FTP_PASS)
  File "/opt/hostedtoolcache/Python/3.9.13/x64/lib/python3.9/ftplib.py", line 412, in login
    resp = self.sendcmd('USER ' + user)
  File "/opt/hostedtoolcache/Python/3.9.13/x64/lib/python3.9/ftplib.py", line 281, in sendcmd
    return self.getresp()
  File "/opt/hostedtoolcache/Python/3.9.13/x64/lib/python3.9/ftplib.py", line 254, in getresp
    raise error_perm(resp)
ftplib.error_perm: 530 no such username

2025-12-05 13:47:47.873426: Błąd FTP: 530 no such username
Traceback (most recent call last):
  File "/home/runner/work/FS25LogsNew/FS25LogsNew/logs_analyzer.py", line 175, in download_logs
    ftp.login(FTP_USER, FTP_PASS)
  File "/opt/hostedtoolcache/Python/3.9.13/x64/lib/python3.9/ftplib.py", line 412, in login
    resp = self.sendcmd('USER ' + user)
  File "/opt/hostedtoolcache/Python/3.9.13/x64/lib/python3.9/ftplib.py", line 281, in sendcmd
    return self.getresp()
  File "/opt/hostedtoolcache/Python/3.9.13/x64/lib/python3.9/ftplib.py", line 254, in getresp
    raise error_perm(resp)
ftplib.error_perm: 530 no such username

2025-12-05 13:47:48.308068: Błąd FTP: 530 no such username
Traceback (most recent call last):
  File "/home/runner/work/FS25LogsNew/FS25LogsNew/logs_analyzer.py", line 175, in download_logs
    ftp.login(FTP_USER, FTP_PASS)
  File "/opt/hostedtoolcache/Python/3.9.13/x64/lib/python3.9/ftplib.py", line 412, in login
    resp = self.sendcmd('USER ' + user)
  File "/opt/hostedtoolcache/Python/3.9.13/x64/lib/python3.9/ftplib.py", line 281, in sendcmd
    return self.getresp()
  File "/opt/hostedtoolcache/Python/3.9.13/x64/lib/python3.9/ftplib.py", line 254, in getresp
    raise error_perm(resp)
ftplib.error_perm: 530 no such username

2025-12-05 14:25:04.493323: Błąd FTP: 530 no such username
Traceback (most recent call last):
  File "/home/runner/work/FS25LogsNew/FS25LogsNew/logs_analyzer.py", line 175, in download_logs
    ftp.login(FTP_USER, FTP_PASS)
  File "/opt/hostedtoolcache/Python/3.9.13/x64/lib/python3.9/ftplib.py", line 412, in login
    resp = self.sendcmd('USER ' + user)
  File "/opt/hostedtoolcache/Python/3.9.13/x64/lib/python3.9/ftplib.py", line 281, in sendcmd
    return self.getresp()
  File "/opt/hostedtoolcache/Python/3.9.13/x64/lib/python3.9/ftplib.py", line 254, in getresp
    raise error_perm(resp)
ftplib.error_perm: 530 no such username

2025-12-05 14:25:04.992000: Błąd FTP: 530 no such username
Traceback (most recent call last):
  File "/home/runner/work/FS25LogsNew/FS25LogsNew/logs_analyzer.py", line 175, in download_logs
    ftp.login(FTP_USER, FTP_PASS)
  File "/opt/hostedtoolcache/Python/3.9.13/x64/lib/python3.9/ftplib.py", line 412, in login
    resp = self.sendcmd('USER ' + user)
  File "/opt/hostedtoolcache/Python/3.9.13/x64/lib/python3.9/ftplib.py", line 281, in sendcmd
    return self.getresp()
  File "/opt/hostedtoolcache/Python/3.9.13/x64/lib/python3.9/ftplib.py", line 254, in getresp
    raise error_perm(resp)
ftplib.error_perm: 530 no such username

2025-12-05 14:25:05.511229: Błąd FTP: 530 no such username
Traceback (most recent call last):
  File "/home/runner/work/FS25LogsNew/FS25LogsNew/logs_analyzer.py", line 175, in download_logs
    ftp.login(FTP_USER, FTP_PASS)
  File "/opt/hostedtoolcache/Python/3.9.13/x64/lib/python3.9/ftplib.py", line 412, in login
    resp = self.sendcmd('USER ' + user)
  File "/opt/hostedtoolcache/Python/3.9.13/x64/lib/python3.9/ftplib.py", line 281, in sendcmd
    return self.getresp()
  File "/opt/hostedtoolcache/Python/3.9.13/x64/lib/python3.9/ftplib.py", line 254, in getresp
    raise error_perm(resp)
ftplib.error_perm: 530 no such username

